   1              	
   2              	 .file "IfxPsi5.c"
   3              	 .file "IfxPsi5.c"
   4              	.section .text,"ax",@progbits
   5              	.Ltext0:
   6              	 .section .text.IfxPsi5_disableModule,"ax",@progbits
   7              	 .align 1
   8              	 .global IfxPsi5_disableModule
  10              	IfxPsi5_disableModule:
  11              	.LFB366:
  12              	 .file 1 "../Libraries/iLLD/TC4xx/Tricore/Psi5/Std/IfxPsi5.c"
   1:../Libraries/iLLD/TC4xx/Tricore/Psi5/Std/IfxPsi5.c **** /**
   2:../Libraries/iLLD/TC4xx/Tricore/Psi5/Std/IfxPsi5.c ****  * \file IfxPsi5.c
   3:../Libraries/iLLD/TC4xx/Tricore/Psi5/Std/IfxPsi5.c ****  * \brief PSI5  basic functionality
   4:../Libraries/iLLD/TC4xx/Tricore/Psi5/Std/IfxPsi5.c ****  *
   5:../Libraries/iLLD/TC4xx/Tricore/Psi5/Std/IfxPsi5.c ****  * \version iLLD-TC4-v2.7.0
   6:../Libraries/iLLD/TC4xx/Tricore/Psi5/Std/IfxPsi5.c ****  * \copyright Copyright (c) 2026 Infineon Technologies AG. All rights reserved.
   7:../Libraries/iLLD/TC4xx/Tricore/Psi5/Std/IfxPsi5.c ****  *
   8:../Libraries/iLLD/TC4xx/Tricore/Psi5/Std/IfxPsi5.c ****  *
   9:../Libraries/iLLD/TC4xx/Tricore/Psi5/Std/IfxPsi5.c ****  *
  10:../Libraries/iLLD/TC4xx/Tricore/Psi5/Std/IfxPsi5.c ****  *                                 IMPORTANT NOTICE
  11:../Libraries/iLLD/TC4xx/Tricore/Psi5/Std/IfxPsi5.c ****  *
  12:../Libraries/iLLD/TC4xx/Tricore/Psi5/Std/IfxPsi5.c ****  * Infineon Technologies AG (Infineon) licenses this file to you under the
  13:../Libraries/iLLD/TC4xx/Tricore/Psi5/Std/IfxPsi5.c ****  * Infineon Automotive SW Lab License v2025-01 (IFASLL). You may not use
  14:../Libraries/iLLD/TC4xx/Tricore/Psi5/Std/IfxPsi5.c ****  * this file except in compliance with IFASLL.
  15:../Libraries/iLLD/TC4xx/Tricore/Psi5/Std/IfxPsi5.c ****  *
  16:../Libraries/iLLD/TC4xx/Tricore/Psi5/Std/IfxPsi5.c ****  * The full license text is contained in IFASLL202501.pdf delivered with this SW.
  17:../Libraries/iLLD/TC4xx/Tricore/Psi5/Std/IfxPsi5.c ****  * Unless required by applicable law or agreed to in writing, software distributed
  18:../Libraries/iLLD/TC4xx/Tricore/Psi5/Std/IfxPsi5.c ****  * under this license is distributed "AS IS" without any warranty or liability of any
  19:../Libraries/iLLD/TC4xx/Tricore/Psi5/Std/IfxPsi5.c ****  * kind and Infineon hereby expressly disclaims any warranties or representations,
  20:../Libraries/iLLD/TC4xx/Tricore/Psi5/Std/IfxPsi5.c ****  * whether express, implied, statutory or otherwise, including but not limited to
  21:../Libraries/iLLD/TC4xx/Tricore/Psi5/Std/IfxPsi5.c ****  * warranties of workmanship, merchantability, fitness for a particular purpose,
  22:../Libraries/iLLD/TC4xx/Tricore/Psi5/Std/IfxPsi5.c ****  * defects in the licensed items, or non-infringement of third parties'
  23:../Libraries/iLLD/TC4xx/Tricore/Psi5/Std/IfxPsi5.c ****  * intellectual property rights. See the full license text for the specific
  24:../Libraries/iLLD/TC4xx/Tricore/Psi5/Std/IfxPsi5.c ****  * language governing permissions and limitations under IFASLL.
  25:../Libraries/iLLD/TC4xx/Tricore/Psi5/Std/IfxPsi5.c ****  *
  26:../Libraries/iLLD/TC4xx/Tricore/Psi5/Std/IfxPsi5.c ****  *
  27:../Libraries/iLLD/TC4xx/Tricore/Psi5/Std/IfxPsi5.c ****  */
  28:../Libraries/iLLD/TC4xx/Tricore/Psi5/Std/IfxPsi5.c **** 
  29:../Libraries/iLLD/TC4xx/Tricore/Psi5/Std/IfxPsi5.c **** /******************************************************************************/
  30:../Libraries/iLLD/TC4xx/Tricore/Psi5/Std/IfxPsi5.c **** /*----------------------------------Includes----------------------------------*/
  31:../Libraries/iLLD/TC4xx/Tricore/Psi5/Std/IfxPsi5.c **** /******************************************************************************/
  32:../Libraries/iLLD/TC4xx/Tricore/Psi5/Std/IfxPsi5.c **** 
  33:../Libraries/iLLD/TC4xx/Tricore/Psi5/Std/IfxPsi5.c **** #include "Ifx_Cfg.h"
  34:../Libraries/iLLD/TC4xx/Tricore/Psi5/Std/IfxPsi5.c **** #if defined (__TASKING__)
  35:../Libraries/iLLD/TC4xx/Tricore/Psi5/Std/IfxPsi5.c **** #pragma warning 508		/* To suppress empty file warning */
  36:../Libraries/iLLD/TC4xx/Tricore/Psi5/Std/IfxPsi5.c **** #endif
  37:../Libraries/iLLD/TC4xx/Tricore/Psi5/Std/IfxPsi5.c **** #if defined (__ghs__)
  38:../Libraries/iLLD/TC4xx/Tricore/Psi5/Std/IfxPsi5.c **** #pragma diag_suppress 96		/* To suppress empty file warning */
  39:../Libraries/iLLD/TC4xx/Tricore/Psi5/Std/IfxPsi5.c **** #endif
  40:../Libraries/iLLD/TC4xx/Tricore/Psi5/Std/IfxPsi5.c **** 
  41:../Libraries/iLLD/TC4xx/Tricore/Psi5/Std/IfxPsi5.c **** #if !defined(DEVICE_TC45X) && !defined(DEVICE_TC4EX) && !defined(DEVICE_TC4PX)
  42:../Libraries/iLLD/TC4xx/Tricore/Psi5/Std/IfxPsi5.c **** #include "IfxPsi5.h"
  43:../Libraries/iLLD/TC4xx/Tricore/Psi5/Std/IfxPsi5.c **** 
  44:../Libraries/iLLD/TC4xx/Tricore/Psi5/Std/IfxPsi5.c **** /******************************************************************************/
  45:../Libraries/iLLD/TC4xx/Tricore/Psi5/Std/IfxPsi5.c **** /*-------------------------Function Implementations---------------------------*/
  46:../Libraries/iLLD/TC4xx/Tricore/Psi5/Std/IfxPsi5.c **** /******************************************************************************/
  47:../Libraries/iLLD/TC4xx/Tricore/Psi5/Std/IfxPsi5.c **** 
  48:../Libraries/iLLD/TC4xx/Tricore/Psi5/Std/IfxPsi5.c **** void IfxPsi5_disableModule(Ifx_PSI5 *psi5)
  49:../Libraries/iLLD/TC4xx/Tricore/Psi5/Std/IfxPsi5.c **** {
  13              	 .loc 1 49 1
  14              	.LVL0:
  15 0000 40AE     	 mov.aa %a14,%SP
  16              	.LCFI0:
  50:../Libraries/iLLD/TC4xx/Tricore/Psi5/Std/IfxPsi5.c **** #if (IFX_PROT_ENABLED == 1U)
  51:../Libraries/iLLD/TC4xx/Tricore/Psi5/Std/IfxPsi5.c ****     IfxApProt_setState((Ifx_PROT_PROT *)&psi5->PROTE, IfxApProt_State_config);
  52:../Libraries/iLLD/TC4xx/Tricore/Psi5/Std/IfxPsi5.c **** #endif
  53:../Libraries/iLLD/TC4xx/Tricore/Psi5/Std/IfxPsi5.c ****     psi5->CLC.B.DISR = 1;
  17              	 .loc 1 53 5
  18              	 .loc 1 53 22 is_stmt 0
  19 0002 5442     	 ld.w %d2,[%a4]0
  20 0004 B7120120 	 insert %d2,%d2,1,0,1
  21 0008 7442     	 st.w [%a4]0,%d2
  54:../Libraries/iLLD/TC4xx/Tricore/Psi5/Std/IfxPsi5.c **** #if (IFX_PROT_ENABLED == 1U)
  55:../Libraries/iLLD/TC4xx/Tricore/Psi5/Std/IfxPsi5.c ****     IfxApProt_setState((Ifx_PROT_PROT *)&psi5->PROTE, IfxApProt_State_run);
  56:../Libraries/iLLD/TC4xx/Tricore/Psi5/Std/IfxPsi5.c **** #endif
  57:../Libraries/iLLD/TC4xx/Tricore/Psi5/Std/IfxPsi5.c **** }
  22              	 .loc 1 57 1
  23 000a 0090     	 ret 
  24              	.LFE366:
  26              	 .global IfxPsi5_disableModule_end
  27              	IfxPsi5_disableModule_end:
  28              	 .section .text.IfxPsi5_enableInterrupt,"ax",@progbits
  29              	 .align 1
  30              	 .global IfxPsi5_enableInterrupt
  32              	IfxPsi5_enableInterrupt:
  33              	.LFB367:
  58:../Libraries/iLLD/TC4xx/Tricore/Psi5/Std/IfxPsi5.c **** 
  59:../Libraries/iLLD/TC4xx/Tricore/Psi5/Std/IfxPsi5.c **** 
  60:../Libraries/iLLD/TC4xx/Tricore/Psi5/Std/IfxPsi5.c **** void IfxPsi5_enableInterrupt(Ifx_PSI5 *psi5, IfxPsi5_ChannelId channel, IfxPsi5_InterruptSource int
  61:../Libraries/iLLD/TC4xx/Tricore/Psi5/Std/IfxPsi5.c **** {
  34              	 .loc 1 61 1 is_stmt 1
  35              	.LVL1:
  36 0000 40AE     	 mov.aa %a14,%SP
  37              	.LCFI1:
  62:../Libraries/iLLD/TC4xx/Tricore/Psi5/Std/IfxPsi5.c **** #if (IFX_PROT_ENABLED == 1U)
  63:../Libraries/iLLD/TC4xx/Tricore/Psi5/Std/IfxPsi5.c ****     IfxApProt_setState((Ifx_PROT_PROT *)&psi5->PROTE, IfxApProt_State_config);
  64:../Libraries/iLLD/TC4xx/Tricore/Psi5/Std/IfxPsi5.c **** #endif
  65:../Libraries/iLLD/TC4xx/Tricore/Psi5/Std/IfxPsi5.c **** 
  66:../Libraries/iLLD/TC4xx/Tricore/Psi5/Std/IfxPsi5.c ****     if (interruptSource < IfxPsi5_InterruptSource_wsi0)
  38              	 .loc 1 66 5
  39              	 .loc 1 66 8 is_stmt 0
  40 0002 8B15A122 	 ge.u %d2,%d5,17
  41 0006 DF020080 	 jnz %d2,.L3
  67:../Libraries/iLLD/TC4xx/Tricore/Psi5/Std/IfxPsi5.c ****     {
  68:../Libraries/iLLD/TC4xx/Tricore/Psi5/Std/IfxPsi5.c ****         psi5->INTENA[channel].U = psi5->INTENA[channel].U | (enabled << interruptSource);
  42              	 .loc 1 68 9 is_stmt 1
  43              	 .loc 1 68 56 is_stmt 0
  44 000a 1BF40C20 	 addi %d2,%d4,207
  45 000e 0622     	 sh %d2,2
  46 0010 01420046 	 addsc.a %a4,%a4,%d2,0
  47              	.LVL2:
  48 0014 5444     	 ld.w %d4,[%a4]0
  49              	.LVL3:
  50              	 .loc 1 68 70
  51 0016 0F560020 	 sh %d2,%d6,%d5
  52              	 .loc 1 68 59
  53 001a A642     	 or %d2,%d4
  54              	 .loc 1 68 33
  55 001c 7442     	 st.w [%a4]0,%d2
  56 001e 0090     	 ret 
  57              	.LVL4:
  58              	.L3:
  69:../Libraries/iLLD/TC4xx/Tricore/Psi5/Std/IfxPsi5.c ****     }
  70:../Libraries/iLLD/TC4xx/Tricore/Psi5/Std/IfxPsi5.c ****     else
  71:../Libraries/iLLD/TC4xx/Tricore/Psi5/Std/IfxPsi5.c ****     {
  72:../Libraries/iLLD/TC4xx/Tricore/Psi5/Std/IfxPsi5.c ****         psi5->INTENB[channel].U = psi5->INTENB[channel].U | (enabled << (interruptSource - IfxPsi5_
  59              	 .loc 1 72 9 is_stmt 1
  60              	 .loc 1 72 56 is_stmt 0
  61 0020 1B340D20 	 addi %d2,%d4,211
  62 0024 0622     	 sh %d2,2
  63 0026 01420046 	 addsc.a %a4,%a4,%d2,0
  64              	.LVL5:
  65 002a 5444     	 ld.w %d4,[%a4]0
  66              	.LVL6:
  67              	 .loc 1 72 90
  68 002c 1BF5FE2F 	 addi %d2,%d5,-17
  69              	 .loc 1 72 70
  70 0030 0F260020 	 sh %d2,%d6,%d2
  71              	 .loc 1 72 59
  72 0034 A642     	 or %d2,%d4
  73              	 .loc 1 72 33
  74 0036 7442     	 st.w [%a4]0,%d2
  73:../Libraries/iLLD/TC4xx/Tricore/Psi5/Std/IfxPsi5.c ****     }
  74:../Libraries/iLLD/TC4xx/Tricore/Psi5/Std/IfxPsi5.c **** 
  75:../Libraries/iLLD/TC4xx/Tricore/Psi5/Std/IfxPsi5.c **** #if (IFX_PROT_ENABLED == 1U)
  76:../Libraries/iLLD/TC4xx/Tricore/Psi5/Std/IfxPsi5.c ****     IfxApProt_setState((Ifx_PROT_PROT *)&psi5->PROTE, IfxApProt_State_run);
  77:../Libraries/iLLD/TC4xx/Tricore/Psi5/Std/IfxPsi5.c **** #endif
  78:../Libraries/iLLD/TC4xx/Tricore/Psi5/Std/IfxPsi5.c **** }
  75              	 .loc 1 78 1
  76 0038 0090     	 ret 
  77              	.LFE367:
  79              	 .global IfxPsi5_enableInterrupt_end
  80              	IfxPsi5_enableInterrupt_end:
  81              	 .section .text.IfxPsi5_resetModule,"ax",@progbits
  82              	 .align 1
  83              	 .global IfxPsi5_resetModule
  85              	IfxPsi5_resetModule:
  86              	.LFB368:
  79:../Libraries/iLLD/TC4xx/Tricore/Psi5/Std/IfxPsi5.c **** 
  80:../Libraries/iLLD/TC4xx/Tricore/Psi5/Std/IfxPsi5.c **** 
  81:../Libraries/iLLD/TC4xx/Tricore/Psi5/Std/IfxPsi5.c **** void IfxPsi5_resetModule(Ifx_PSI5 *psi5)
  82:../Libraries/iLLD/TC4xx/Tricore/Psi5/Std/IfxPsi5.c **** {
  87              	 .loc 1 82 1 is_stmt 1
  88              	.LVL7:
  89 0000 40AE     	 mov.aa %a14,%SP
  90              	.LCFI2:
  83:../Libraries/iLLD/TC4xx/Tricore/Psi5/Std/IfxPsi5.c **** #if (IFX_PROT_ENABLED == 1U)
  84:../Libraries/iLLD/TC4xx/Tricore/Psi5/Std/IfxPsi5.c ****     IfxApProt_setState((Ifx_PROT_PROT *)&psi5->PROTE, IfxApProt_State_config);
  85:../Libraries/iLLD/TC4xx/Tricore/Psi5/Std/IfxPsi5.c **** #endif
  86:../Libraries/iLLD/TC4xx/Tricore/Psi5/Std/IfxPsi5.c **** 
  87:../Libraries/iLLD/TC4xx/Tricore/Psi5/Std/IfxPsi5.c ****     psi5->RST.CTRLA.B.KRST = 1;          /* Only if both Kernel reset bits are set a reset is execu
  91              	 .loc 1 87 5
  92              	 .loc 1 87 28 is_stmt 0
  93 0002 D9420C00 	 lea %a2,[%a4]12
  94 0006 19420C00 	 ld.w %d2,[%a4]12
  95 000a B7120120 	 insert %d2,%d2,1,0,1
  96 000e 7422     	 st.w [%a2]0,%d2
  88:../Libraries/iLLD/TC4xx/Tricore/Psi5/Std/IfxPsi5.c ****     psi5->RST.CTRLB.B.KRST = 1;
  97              	 .loc 1 88 5 is_stmt 1
  98              	 .loc 1 88 28 is_stmt 0
  99 0010 D9421000 	 lea %a2,[%a4]16
 100 0014 19421000 	 ld.w %d2,[%a4]16
 101 0018 B7120120 	 insert %d2,%d2,1,0,1
 102 001c 7422     	 st.w [%a2]0,%d2
  89:../Libraries/iLLD/TC4xx/Tricore/Psi5/Std/IfxPsi5.c **** 
  90:../Libraries/iLLD/TC4xx/Tricore/Psi5/Std/IfxPsi5.c **** #if (IFX_PROT_ENABLED == 1U)
  91:../Libraries/iLLD/TC4xx/Tricore/Psi5/Std/IfxPsi5.c ****     IfxApProt_setState((Ifx_PROT_PROT *)&psi5->PROTE, IfxApProt_State_run);
  92:../Libraries/iLLD/TC4xx/Tricore/Psi5/Std/IfxPsi5.c **** #endif
  93:../Libraries/iLLD/TC4xx/Tricore/Psi5/Std/IfxPsi5.c **** 
  94:../Libraries/iLLD/TC4xx/Tricore/Psi5/Std/IfxPsi5.c ****     while (0 == psi5->RST.STAT.B.KRST)  /* Wait until reset is executed */
 103              	 .loc 1 94 5 is_stmt 1
 104              	.L6:
  95:../Libraries/iLLD/TC4xx/Tricore/Psi5/Std/IfxPsi5.c ****     {}
 105              	 .loc 1 95 6 discriminator 1
  94:../Libraries/iLLD/TC4xx/Tricore/Psi5/Std/IfxPsi5.c ****     {}
 106              	 .loc 1 94 14 discriminator 1
  94:../Libraries/iLLD/TC4xx/Tricore/Psi5/Std/IfxPsi5.c ****     {}
 107              	 .loc 1 94 33 is_stmt 0 discriminator 1
 108 001e 19421400 	 ld.w %d2,[%a4]20
  94:../Libraries/iLLD/TC4xx/Tricore/Psi5/Std/IfxPsi5.c ****     {}
 109              	 .loc 1 94 14 discriminator 1
 110 0022 6F020000 	 jz.t %d2,0,.L6
  96:../Libraries/iLLD/TC4xx/Tricore/Psi5/Std/IfxPsi5.c **** 
  97:../Libraries/iLLD/TC4xx/Tricore/Psi5/Std/IfxPsi5.c **** #if (IFX_PROT_ENABLED == 1U)
  98:../Libraries/iLLD/TC4xx/Tricore/Psi5/Std/IfxPsi5.c ****     IfxApProt_setState((Ifx_PROT_PROT *)&psi5->PROTE, IfxApProt_State_config);
  99:../Libraries/iLLD/TC4xx/Tricore/Psi5/Std/IfxPsi5.c **** #endif
 100:../Libraries/iLLD/TC4xx/Tricore/Psi5/Std/IfxPsi5.c ****     psi5->RST.CTRLB.B.STATCLR = 1;       /* Clear Kernel reset status bit */
 111              	 .loc 1 100 5 is_stmt 1
 112              	 .loc 1 100 31 is_stmt 0
 113 0026 D9421000 	 lea %a2,[%a4]16
 114 002a 19421000 	 ld.w %d2,[%a4]16
 115 002e B712812F 	 insert %d2,%d2,1,31,1
 116 0032 7422     	 st.w [%a2]0,%d2
 101:../Libraries/iLLD/TC4xx/Tricore/Psi5/Std/IfxPsi5.c **** 
 102:../Libraries/iLLD/TC4xx/Tricore/Psi5/Std/IfxPsi5.c ****     while (psi5->RST.STAT.B.KRST == 1)   /* Wait until KRST is cleared, only after this reset seque
 117              	 .loc 1 102 5 is_stmt 1
 118              	.L7:
 103:../Libraries/iLLD/TC4xx/Tricore/Psi5/Std/IfxPsi5.c ****     {}
 119              	 .loc 1 103 6 discriminator 1
 102:../Libraries/iLLD/TC4xx/Tricore/Psi5/Std/IfxPsi5.c ****     {}
 120              	 .loc 1 102 34 discriminator 1
 102:../Libraries/iLLD/TC4xx/Tricore/Psi5/Std/IfxPsi5.c ****     {}
 121              	 .loc 1 102 28 is_stmt 0 discriminator 1
 122 0034 19421400 	 ld.w %d2,[%a4]20
 102:../Libraries/iLLD/TC4xx/Tricore/Psi5/Std/IfxPsi5.c ****     {}
 123              	 .loc 1 102 34 discriminator 1
 124 0038 6F020080 	 jnz.t %d2,0,.L7
 104:../Libraries/iLLD/TC4xx/Tricore/Psi5/Std/IfxPsi5.c **** 
 105:../Libraries/iLLD/TC4xx/Tricore/Psi5/Std/IfxPsi5.c **** #if (IFX_PROT_ENABLED == 1U)
 106:../Libraries/iLLD/TC4xx/Tricore/Psi5/Std/IfxPsi5.c ****     IfxApProt_setState((Ifx_PROT_PROT *)&psi5->PROTE, IfxApProt_State_run);
 107:../Libraries/iLLD/TC4xx/Tricore/Psi5/Std/IfxPsi5.c **** #endif
 108:../Libraries/iLLD/TC4xx/Tricore/Psi5/Std/IfxPsi5.c **** }
 125              	 .loc 1 108 1
 126 003c 0090     	 ret 
 127              	.LFE368:
 129              	 .global IfxPsi5_resetModule_end
 130              	IfxPsi5_resetModule_end:
 131              	 .section .text.IfxPsi5_enableModule,"ax",@progbits
 132              	 .align 1
 133              	 .global IfxPsi5_enableModule
 135              	IfxPsi5_enableModule:
 136              	.LFB369:
 109:../Libraries/iLLD/TC4xx/Tricore/Psi5/Std/IfxPsi5.c **** 
 110:../Libraries/iLLD/TC4xx/Tricore/Psi5/Std/IfxPsi5.c **** 
 111:../Libraries/iLLD/TC4xx/Tricore/Psi5/Std/IfxPsi5.c **** void IfxPsi5_enableModule(Ifx_PSI5 *psi5)
 112:../Libraries/iLLD/TC4xx/Tricore/Psi5/Std/IfxPsi5.c **** {
 137              	 .loc 1 112 1 is_stmt 1
 138              	.LVL8:
 139 0000 40AE     	 mov.aa %a14,%SP
 140              	.LCFI3:
 113:../Libraries/iLLD/TC4xx/Tricore/Psi5/Std/IfxPsi5.c **** #if (IFX_PROT_ENABLED == 1U)
 114:../Libraries/iLLD/TC4xx/Tricore/Psi5/Std/IfxPsi5.c ****     IfxApProt_setState((Ifx_PROT_PROT *)&psi5->PROTE, IfxApProt_State_config);
 115:../Libraries/iLLD/TC4xx/Tricore/Psi5/Std/IfxPsi5.c **** #endif
 116:../Libraries/iLLD/TC4xx/Tricore/Psi5/Std/IfxPsi5.c ****     psi5->CLC.B.DISR = 0;
 141              	 .loc 1 116 5
 142              	 .loc 1 116 22 is_stmt 0
 143 0002 5442     	 ld.w %d2,[%a4]0
 144 0004 8F12C021 	 andn %d2,%d2,~(-2)
 145 0008 7442     	 st.w [%a4]0,%d2
 117:../Libraries/iLLD/TC4xx/Tricore/Psi5/Std/IfxPsi5.c **** #if (IFX_PROT_ENABLED == 1U)
 118:../Libraries/iLLD/TC4xx/Tricore/Psi5/Std/IfxPsi5.c ****     IfxApProt_setState((Ifx_PROT_PROT *)&psi5->PROTE, IfxApProt_State_run);
 119:../Libraries/iLLD/TC4xx/Tricore/Psi5/Std/IfxPsi5.c **** #endif
 120:../Libraries/iLLD/TC4xx/Tricore/Psi5/Std/IfxPsi5.c **** 
 121:../Libraries/iLLD/TC4xx/Tricore/Psi5/Std/IfxPsi5.c ****     if (psi5->CLC.U)
 146              	 .loc 1 121 5 is_stmt 1
 147              	 .loc 1 121 18 is_stmt 0
 148 000a 5442     	 ld.w %d2,[%a4]0
 122:../Libraries/iLLD/TC4xx/Tricore/Psi5/Std/IfxPsi5.c ****     {}
 149              	 .loc 1 122 6 is_stmt 1
 123:../Libraries/iLLD/TC4xx/Tricore/Psi5/Std/IfxPsi5.c **** }
 150              	 .loc 1 123 1 is_stmt 0
 151 000c 0090     	 ret 
 152              	.LFE369:
 154              	 .global IfxPsi5_enableModule_end
 155              	IfxPsi5_enableModule_end:
 156              	 .section .text.IfxPsi5_initApConfig,"ax",@progbits
 157              	 .align 1
 158              	 .global IfxPsi5_initApConfig
 160              	IfxPsi5_initApConfig:
 161              	.LFB370:
 124:../Libraries/iLLD/TC4xx/Tricore/Psi5/Std/IfxPsi5.c **** 
 125:../Libraries/iLLD/TC4xx/Tricore/Psi5/Std/IfxPsi5.c **** 
 126:../Libraries/iLLD/TC4xx/Tricore/Psi5/Std/IfxPsi5.c **** void IfxPsi5_initApConfig(IfxPsi5_ApConfig *config)
 127:../Libraries/iLLD/TC4xx/Tricore/Psi5/Std/IfxPsi5.c **** {
 162              	 .loc 1 127 1 is_stmt 1
 163              	.LVL9:
 164 0000 40AE     	 mov.aa %a14,%SP
 165              	.LCFI4:
 166 0002 404C     	 mov.aa %a12,%a4
 128:../Libraries/iLLD/TC4xx/Tricore/Psi5/Std/IfxPsi5.c ****     IfxApProt_initConfig(&config->proteConfig);
 167              	 .loc 1 128 5
 168 0004 6D000000 	 call IfxApProt_initConfig
 169              	.LVL10:
 129:../Libraries/iLLD/TC4xx/Tricore/Psi5/Std/IfxPsi5.c ****     IfxApProt_initConfig(&config->protseConfig);
 170              	 .loc 1 129 5
 171 0008 D9C41400 	 lea %a4,[%a12]20
 172 000c 6D000000 	 call IfxApProt_initConfig
 173              	.LVL11:
 130:../Libraries/iLLD/TC4xx/Tricore/Psi5/Std/IfxPsi5.c ****     IfxApApu_initConfig(&config->apuConfig);
 174              	 .loc 1 130 5
 175 0010 D9C42800 	 lea %a4,[%a12]40
 176 0014 6D000000 	 call IfxApApu_initConfig
 177              	.LVL12:
 131:../Libraries/iLLD/TC4xx/Tricore/Psi5/Std/IfxPsi5.c **** }
 178              	 .loc 1 131 1 is_stmt 0
 179 0018 0090     	 ret 
 180              	.LFE370:
 182              	 .global IfxPsi5_initApConfig_end
 183              	IfxPsi5_initApConfig_end:
 184              	 .section .text.IfxPsi5_initAp,"ax",@progbits
 185              	 .align 1
 186              	 .global IfxPsi5_initAp
 188              	IfxPsi5_initAp:
 189              	.LFB371:
 132:../Libraries/iLLD/TC4xx/Tricore/Psi5/Std/IfxPsi5.c **** 
 133:../Libraries/iLLD/TC4xx/Tricore/Psi5/Std/IfxPsi5.c **** 
 134:../Libraries/iLLD/TC4xx/Tricore/Psi5/Std/IfxPsi5.c **** void IfxPsi5_initAp(Ifx_PSI5 *psi5, IfxPsi5_ApConfig *config)
 135:../Libraries/iLLD/TC4xx/Tricore/Psi5/Std/IfxPsi5.c **** {
 190              	 .loc 1 135 1 is_stmt 1
 191              	.LVL13:
 192 0000 40AE     	 mov.aa %a14,%SP
 193              	.LCFI5:
 194 0002 404C     	 mov.aa %a12,%a4
 195 0004 405D     	 mov.aa %a13,%a5
 136:../Libraries/iLLD/TC4xx/Tricore/Psi5/Std/IfxPsi5.c ****     /* Initialize the PROTs */
 137:../Libraries/iLLD/TC4xx/Tricore/Psi5/Std/IfxPsi5.c ****     IfxApProt_init((Ifx_PROT_PROT *)&psi5->PROTE, &config->proteConfig);
 196              	 .loc 1 137 5
 197 0006 D9442000 	 lea %a4,[%a4]32
 198              	.LVL14:
 199 000a 6D000000 	 call IfxApProt_init
 200              	.LVL15:
 138:../Libraries/iLLD/TC4xx/Tricore/Psi5/Std/IfxPsi5.c ****     IfxApProt_init((Ifx_PROT_PROT *)&psi5->PROTSE, &config->protseConfig);
 201              	 .loc 1 138 5
 202              	 .loc 1 138 37 is_stmt 0
 203 000e 80C2     	 mov.d %d2,%a12
 204 0010 1B420280 	 addi %d8,%d2,36
 205              	 .loc 1 138 5
 206 0014 D9D51400 	 lea %a5,[%a13]20
 207 0018 6084     	 mov.a %a4,%d8
 208 001a 6D000000 	 call IfxApProt_init
 209              	.LVL16:
 139:../Libraries/iLLD/TC4xx/Tricore/Psi5/Std/IfxPsi5.c **** 
 140:../Libraries/iLLD/TC4xx/Tricore/Psi5/Std/IfxPsi5.c ****     /* Change the state to CONFIG, Configure APU and set PROT state back to RUN */
 141:../Libraries/iLLD/TC4xx/Tricore/Psi5/Std/IfxPsi5.c ****     /* Initialize the APU */
 142:../Libraries/iLLD/TC4xx/Tricore/Psi5/Std/IfxPsi5.c ****     IfxApProt_setState((Ifx_PROT_PROT *)&psi5->PROTSE, IfxApProt_State_config);
 210              	 .loc 1 142 5 is_stmt 1
 211 001e 8214     	 mov %d4,1
 212 0020 6084     	 mov.a %a4,%d8
 213 0022 6D000000 	 call IfxApProt_setState
 214              	.LVL17:
 143:../Libraries/iLLD/TC4xx/Tricore/Psi5/Std/IfxPsi5.c ****     IfxApApu_init((Ifx_ACCEN_ACCEN *)&psi5->ACCEN, &config->apuConfig);
 215              	 .loc 1 143 5
 216 0026 D9D52800 	 lea %a5,[%a13]40
 217 002a D9C40010 	 lea %a4,[%a12]64
 218 002e 6D000000 	 call IfxApApu_init
 219              	.LVL18:
 144:../Libraries/iLLD/TC4xx/Tricore/Psi5/Std/IfxPsi5.c ****     IfxApProt_setState((Ifx_PROT_PROT *)&psi5->PROTSE, IfxApProt_State_run);
 220              	 .loc 1 144 5
 221 0032 8244     	 mov %d4,4
 222 0034 6084     	 mov.a %a4,%d8
 223 0036 6D000000 	 call IfxApProt_setState
 224              	.LVL19:
 145:../Libraries/iLLD/TC4xx/Tricore/Psi5/Std/IfxPsi5.c **** }
 225              	 .loc 1 145 1 is_stmt 0
 226 003a 0090     	 ret 
 227              	.LFE371:
 229              	 .global IfxPsi5_initAp_end
 230              	IfxPsi5_initAp_end:
 231              	 .section .text.IfxPsi5_configureAccessToPsi5,"ax",@progbits
 232              	 .align 1
 233              	 .global IfxPsi5_configureAccessToPsi5
 235              	IfxPsi5_configureAccessToPsi5:
 236              	.LFB372:
 146:../Libraries/iLLD/TC4xx/Tricore/Psi5/Std/IfxPsi5.c **** 
 147:../Libraries/iLLD/TC4xx/Tricore/Psi5/Std/IfxPsi5.c **** 
 148:../Libraries/iLLD/TC4xx/Tricore/Psi5/Std/IfxPsi5.c **** void IfxPsi5_configureAccessToPsi5(IfxApApu_ApuConfig *apConfig)
 149:../Libraries/iLLD/TC4xx/Tricore/Psi5/Std/IfxPsi5.c **** {
 237              	 .loc 1 149 1 is_stmt 1
 238              	.LVL20:
 239 0000 40AE     	 mov.aa %a14,%SP
 240              	.LCFI6:
 150:../Libraries/iLLD/TC4xx/Tricore/Psi5/Std/IfxPsi5.c ****     IfxApApu_init((Ifx_ACCEN_ACCEN *)&MODULE_PSI5.ACCEN, apConfig);
 241              	 .loc 1 150 5
 242 0002 4045     	 mov.aa %a5,%a4
 243 0004 9100444F 	 movh.a %a4,62528
 244              	.LVL21:
 245 0008 D9440015 	 lea %a4,[%a4]20544
 246 000c 6D000000 	 call IfxApApu_init
 247              	.LVL22:
 151:../Libraries/iLLD/TC4xx/Tricore/Psi5/Std/IfxPsi5.c **** }
 248              	 .loc 1 151 1 is_stmt 0
 249 0010 0090     	 ret 
 250              	.LFE372:
 252              	 .global IfxPsi5_configureAccessToPsi5_end
 253              	IfxPsi5_configureAccessToPsi5_end:
 254              	 .section .text.IfxPsi5_enableChannel,"ax",@progbits
 255              	 .align 1
 256              	 .global IfxPsi5_enableChannel
 258              	IfxPsi5_enableChannel:
 259              	.LFB373:
 152:../Libraries/iLLD/TC4xx/Tricore/Psi5/Std/IfxPsi5.c **** 
 153:../Libraries/iLLD/TC4xx/Tricore/Psi5/Std/IfxPsi5.c **** 
 154:../Libraries/iLLD/TC4xx/Tricore/Psi5/Std/IfxPsi5.c **** void IfxPsi5_enableChannel(Ifx_PSI5 *psi5, IfxPsi5_ChannelId channelId)
 155:../Libraries/iLLD/TC4xx/Tricore/Psi5/Std/IfxPsi5.c **** {
 260              	 .loc 1 155 1 is_stmt 1
 261              	.LVL23:
 262 0000 40AE     	 mov.aa %a14,%SP
 263              	.LCFI7:
 156:../Libraries/iLLD/TC4xx/Tricore/Psi5/Std/IfxPsi5.c **** #if (IFX_PROT_ENABLED == 1U)
 157:../Libraries/iLLD/TC4xx/Tricore/Psi5/Std/IfxPsi5.c ****     IfxApProt_setState((Ifx_PROT_PROT *)&MODULE_PSI5.PROTE, IfxApProt_State_config);
 158:../Libraries/iLLD/TC4xx/Tricore/Psi5/Std/IfxPsi5.c **** #endif
 159:../Libraries/iLLD/TC4xx/Tricore/Psi5/Std/IfxPsi5.c **** 
 160:../Libraries/iLLD/TC4xx/Tricore/Psi5/Std/IfxPsi5.c ****     psi5->GCR.U |= (IFXPSI5_ENABLE_CHANNEL << channelId);
 264              	 .loc 1 160 5
 265              	 .loc 1 160 17 is_stmt 0
 266 0002 D9420020 	 lea %a2,[%a4]128
 267 0006 19430020 	 ld.w %d3,[%a4]128
 268              	 .loc 1 160 44
 269 000a 7B100020 	 movh %d2,1
 270 000e 0F420020 	 sh %d2,%d2,%d4
 271              	 .loc 1 160 17
 272 0012 A632     	 or %d2,%d3
 273 0014 7422     	 st.w [%a2]0,%d2
 161:../Libraries/iLLD/TC4xx/Tricore/Psi5/Std/IfxPsi5.c **** 
 162:../Libraries/iLLD/TC4xx/Tricore/Psi5/Std/IfxPsi5.c **** #if (IFX_PROT_ENABLED == 1U)
 163:../Libraries/iLLD/TC4xx/Tricore/Psi5/Std/IfxPsi5.c ****     IfxApProt_setState((Ifx_PROT_PROT *)&MODULE_PSI5.PROTE, IfxApProt_State_run);
 164:../Libraries/iLLD/TC4xx/Tricore/Psi5/Std/IfxPsi5.c **** #endif
 165:../Libraries/iLLD/TC4xx/Tricore/Psi5/Std/IfxPsi5.c **** }
 274              	 .loc 1 165 1
 275 0016 0090     	 ret 
 276              	.LFE373:
 278              	 .global IfxPsi5_enableChannel_end
 279              	IfxPsi5_enableChannel_end:
 392              	.Letext0:
 393              	 .file 2 "../Libraries/Infra/Sfr/TC4Dx/Ifx_TypesReg.h"
 394              	 .file 3 "../Libraries/Infra/Sfr/TC4Dx/IfxPsi5_regdef.h"
 395              	 .file 4 "../Libraries/iLLD/TC4xx/Tricore/_Impl/TC4Dx/IfxPsi5_cfg_TC4Dx.h"
 396              	 .file 5 "../Libraries/iLLD/TC4xx/CpuGeneric/_Impl/TC4Dx/IfxAp_cfg_TC4Dx.h"
 397              	 .file 6 "../Libraries/iLLD/TC4xx/CpuGeneric/Ap/IfxProt_regdef.h"
 398              	 .file 7 "../Libraries/iLLD/TC4xx/CpuGeneric/Ap/Std/IfxApProt.h"
 399              	 .file 8 "../Libraries/iLLD/TC4xx/CpuGeneric/Ap/IfxAccen_regdef.h"
 400              	 .file 9 "../Libraries/iLLD/TC4xx/CpuGeneric/Ap/Std/IfxApApu.h"
 401              	 .file 10 "../Libraries/iLLD/TC4xx/Tricore/Psi5/Std/IfxPsi5.h"
 27743 0000 00000000 	 .word IfxPsi5_disableModule
 27744 0004 00000000 	 .word IfxPsi5_disableModule_end
 27745 0008 04001044 	 .word 0x44100004
 27746 000c 00001000 	 .word 0x00100000
 27747 0010 00000000 	 .word 0x00000000
 27748 0014 C0000000 	 .word 0x000000c0
 27749 0018 00000000 	 .word IfxPsi5_enableInterrupt
 27750 001c 00000000 	 .word IfxPsi5_enableInterrupt_end
 27751 0020 F4001444 	 .word 0x441400f4
 27752 0024 70001000 	 .word 0x00100070
 27753 0028 00000000 	 .word 0x00000000
 27754 002c C0000000 	 .word 0x000000c0
 27755 0030 00000000 	 .word IfxPsi5_resetModule
 27756 0034 00000000 	 .word IfxPsi5_resetModule_end
 27757 0038 04001444 	 .word 0x44140004
 27758 003c 00001000 	 .word 0x00100000
 27759 0040 00000000 	 .word 0x00000000
 27760 0044 C0000000 	 .word 0x000000c0
 27761 0048 00000000 	 .word IfxPsi5_enableModule
 27762 004c 00000000 	 .word IfxPsi5_enableModule_end
 27763 0050 04001044 	 .word 0x44100004
 27764 0054 00001000 	 .word 0x00100000
 27765 0058 00000000 	 .word 0x00000000
 27766 005c C0000000 	 .word 0x000000c0
 27767 0060 00000000 	 .word IfxPsi5_initApConfig
 27768 0064 00000000 	 .word IfxPsi5_initApConfig_end
 27769 0068 00001054 	 .word 0x54100000
 27770 006c 00001000 	 .word 0x00100000
 27771 0070 00000000 	 .word 0x00000000
 27772 0074 40000200 	 .word 0x00020040
 27773 0078 00000000 	 .word IfxPsi5_initAp
 27774 007c 00000000 	 .word IfxPsi5_initAp_end
 27775 0080 14013074 	 .word 0x74300114
 27776 0084 00003000 	 .word 0x00300000
 27777 0088 00000000 	 .word 0x00000000
 27778 008c 40000200 	 .word 0x00020040
 27779 0090 00000000 	 .word IfxPsi5_configureAccessToPsi5
 27780 0094 00000000 	 .word IfxPsi5_configureAccessToPsi5_end
 27781 0098 00003044 	 .word 0x44300000
 27782 009c 00001000 	 .word 0x00100000
 27783 00a0 00000000 	 .word 0x00000000
 27784 00a4 40000200 	 .word 0x00020040
 27785 00a8 00000000 	 .word IfxPsi5_enableChannel
 27786 00ac 00000000 	 .word IfxPsi5_enableChannel_end
 27787 00b0 1C001444 	 .word 0x4414001c
 27788 00b4 10001000 	 .word 0x00100010
 27789 00b8 00000000 	 .word 0x00000000
 27790 00bc C0000000 	 .word 0x000000c0
DEFINED SYMBOLS
                            *ABS*:00000000 IfxPsi5.c
                            *ABS*:00000000 IfxPsi5.c
    {standard input}:10     .text.IfxPsi5_disableModule:00000000 IfxPsi5_disableModule
    {standard input}:27     .text.IfxPsi5_disableModule:0000000c IfxPsi5_disableModule_end
    {standard input}:32     .text.IfxPsi5_enableInterrupt:00000000 IfxPsi5_enableInterrupt
    {standard input}:80     .text.IfxPsi5_enableInterrupt:0000003a IfxPsi5_enableInterrupt_end
    {standard input}:85     .text.IfxPsi5_resetModule:00000000 IfxPsi5_resetModule
    {standard input}:130    .text.IfxPsi5_resetModule:0000003e IfxPsi5_resetModule_end
    {standard input}:135    .text.IfxPsi5_enableModule:00000000 IfxPsi5_enableModule
    {standard input}:155    .text.IfxPsi5_enableModule:0000000e IfxPsi5_enableModule_end
    {standard input}:160    .text.IfxPsi5_initApConfig:00000000 IfxPsi5_initApConfig
    {standard input}:183    .text.IfxPsi5_initApConfig:0000001a IfxPsi5_initApConfig_end
    {standard input}:188    .text.IfxPsi5_initAp:00000000 IfxPsi5_initAp
    {standard input}:230    .text.IfxPsi5_initAp:0000003c IfxPsi5_initAp_end
    {standard input}:235    .text.IfxPsi5_configureAccessToPsi5:00000000 IfxPsi5_configureAccessToPsi5
    {standard input}:253    .text.IfxPsi5_configureAccessToPsi5:00000012 IfxPsi5_configureAccessToPsi5_end
    {standard input}:258    .text.IfxPsi5_enableChannel:00000000 IfxPsi5_enableChannel
    {standard input}:279    .text.IfxPsi5_enableChannel:00000018 IfxPsi5_enableChannel_end

UNDEFINED SYMBOLS
IfxApProt_initConfig
IfxApApu_initConfig
IfxApProt_init
IfxApProt_setState
IfxApApu_init
