<p>/home/epl05/EMProject/fs_electrical_machines/modelica/Modelica.Electrical.Analog.Examples.Resistor/Resistor -port=33863 -logFormat=xmltcp -startTime=0 -stopTime=5 -stepSize=0.01 -tolerance=1e-06 -s=dassl -outputFormat=mat -variableFilter=.* -r=/home/epl05/EMProject/fs_electrical_machines/modelica/Modelica.Electrical.Analog.Examples.Resistor/Resistor_res.mat -w -lv=LOG_STDOUT,LOG_ASSERT,LOG_STATS -inputPath=/home/epl05/EMProject/fs_electrical_machines/modelica/Modelica.Electrical.Analog.Examples.Resistor -outputPath=/home/epl05/EMProject/fs_electrical_machines/modelica/Modelica.Electrical.Analog.Examples.Resistor</p>
LOG_SUCCESS		| info	 | <p>The initialization finished successfully without homotopy method.</p>
LOG_STATS		| info	 | <p>### STATISTICS ###</p>
|		| |	 | | <p>timer</p>
|		| |	 | | | <p> 0.000726629s          reading init.xml</p>
|		| |	 | | | <p>  9.2609e-05s          reading info.xml</p>
|		| |	 | | | <p> 0.000146038s [  0.5%] pre-initialization</p>
|		| |	 | | | <p>  0.00392047s [ 13.8%] initialization</p>
|		| |	 | | | <p>  3.4431e-05s [  0.1%] steps</p>
|		| |	 | | | <p> 0.000781251s [  2.7%] solver (excl. callbacks)</p>
|		| |	 | | | <p>  0.00263344s [  9.2%] creating output-file</p>
|		| |	 | | | <p> 0.000801433s [  2.8%] event-handling</p>
|		| |	 | | | <p> 0.000975943s [  3.4%] overhead</p>
|		| |	 | | | <p>   0.0191963s [ 67.4%] simulation</p>
|		| |	 | | | <p>   0.0284893s [100.0%] total</p>
|		| |	 | | <p>events</p>
|		| |	 | | | <p>    0 state events</p>
|		| |	 | | | <p>    0 time events</p>
|		| |	 | | <p>solver: euler</p>
|		| |	 | | | <p>  500 steps taken</p>
|		| |	 | | | <p>  500 calls of functionODE</p>
|		| |	 | | | <p>    0 evaluations of jacobian</p>
|		| |	 | | | <p>    0 error test failures</p>
|		| |	 | | | <p>    0 convergence test failures</p>
|		| |	 | | | <p>0s time of jacobian evaluation</p>
LOG_SUCCESS		| info	 | <p>The simulation finished successfully.</p>
