   1              	
   2              	 .file "IfxCbs_PinMap_TC4Dx_BGA436_COM.c"
   3              	 .file "IfxCbs_PinMap_TC4Dx_BGA436_COM.c"
   4              	.section .text,"ax",@progbits
   5              	.Ltext0:
   6              	 .global IfxCbs_Tgo_Out_pinTable
   7              	 .section .data.IfxCbs_Tgo_Out_pinTable,"aw"
   8              	 .align 2
  11              	IfxCbs_Tgo_Out_pinTable:
  12 0000 00000000 	 .word IfxCbs_TGO0_P20_0_OUT
  13 0004 00000000 	 .word IfxCbs_TGO1_P20_1_OUT
  14 0008 00000000 	 .word IfxCbs_TGO2_P21_6_OUT
  15 000c 00000000 	 .word IfxCbs_TGO3_P21_7_OUT
  16 0010 00000000 	 .word IfxCbs_TGO4_P32_6_OUT
  17 0014 00000000 	 .word IfxCbs_TGO5_P32_7_OUT
  18 0018 00000000 	 .word IfxCbs_TGO6_P33_14_OUT
  19 001c 00000000 	 .word IfxCbs_TGO7_P33_15_OUT
  20              	 .global IfxCbs_Tgi_In_pinTable
  21              	 .section .data.IfxCbs_Tgi_In_pinTable,"aw"
  22              	 .align 2
  25              	IfxCbs_Tgi_In_pinTable:
  26 0000 00000000 	 .word IfxCbs_TGI0_P20_0_IN
  27 0004 00000000 	 .word IfxCbs_TGI1_P20_1_IN
  28 0008 00000000 	 .word IfxCbs_TGI2_P21_6_IN
  29 000c 00000000 	 .word IfxCbs_TGI3_P21_7_IN
  30 0010 00000000 	 .word IfxCbs_TGI4_P32_6_IN
  31 0014 00000000 	 .word IfxCbs_TGI5_P32_7_IN
  32 0018 00000000 	 .word IfxCbs_TGI6_P33_14_IN
  33 001c 00000000 	 .word IfxCbs_TGI7_P33_15_IN
  34              	 .global IfxCbs_TGO7_P33_15_OUT
  35              	 .section .rodata.IfxCbs_TGO7_P33_15_OUT,"a"
  36              	 .align 2
  39              	IfxCbs_TGO7_P33_15_OUT:
  40 0000 000018FA 	 .word -99090432
  41 0004 07000000 	 .word 7
  42 0008 002404F0 	 .word -268164096
  43 000c 0F       	 .byte 15
  44 000d 000000   	 .zero 3
  45 0010 01000000 	 .word 1
  46              	 .global IfxCbs_TGO6_P33_14_OUT
  47              	 .section .rodata.IfxCbs_TGO6_P33_14_OUT,"a"
  48              	 .align 2
  51              	IfxCbs_TGO6_P33_14_OUT:
  52 0000 000018FA 	 .word -99090432
  53 0004 06000000 	 .word 6
  54 0008 002404F0 	 .word -268164096
  55 000c 0E       	 .byte 14
  56 000d 000000   	 .zero 3
  57 0010 01000000 	 .word 1
  58              	 .global IfxCbs_TGO5_P32_7_OUT
  59              	 .section .rodata.IfxCbs_TGO5_P32_7_OUT,"a"
  60              	 .align 2
  63              	IfxCbs_TGO5_P32_7_OUT:
  64 0000 000018FA 	 .word -99090432
  65 0004 05000000 	 .word 5
  66 0008 002004F0 	 .word -268165120
  67 000c 07       	 .byte 7
  68 000d 000000   	 .zero 3
  69 0010 01000000 	 .word 1
  70              	 .global IfxCbs_TGO4_P32_6_OUT
  71              	 .section .rodata.IfxCbs_TGO4_P32_6_OUT,"a"
  72              	 .align 2
  75              	IfxCbs_TGO4_P32_6_OUT:
  76 0000 000018FA 	 .word -99090432
  77 0004 04000000 	 .word 4
  78 0008 002004F0 	 .word -268165120
  79 000c 06       	 .byte 6
  80 000d 000000   	 .zero 3
  81 0010 01000000 	 .word 1
  82              	 .global IfxCbs_TGO3_P21_7_OUT
  83              	 .section .rodata.IfxCbs_TGO3_P21_7_OUT,"a"
  84              	 .align 2
  87              	IfxCbs_TGO3_P21_7_OUT:
  88 0000 000018FA 	 .word -99090432
  89 0004 03000000 	 .word 3
  90 0008 00F403F0 	 .word -268176384
  91 000c 07       	 .byte 7
  92 000d 000000   	 .zero 3
  93 0010 01000000 	 .word 1
  94              	 .global IfxCbs_TGO2_P21_6_OUT
  95              	 .section .rodata.IfxCbs_TGO2_P21_6_OUT,"a"
  96              	 .align 2
  99              	IfxCbs_TGO2_P21_6_OUT:
 100 0000 000018FA 	 .word -99090432
 101 0004 02000000 	 .word 2
 102 0008 00F403F0 	 .word -268176384
 103 000c 06       	 .byte 6
 104 000d 000000   	 .zero 3
 105 0010 01000000 	 .word 1
 106              	 .global IfxCbs_TGO1_P20_1_OUT
 107              	 .section .rodata.IfxCbs_TGO1_P20_1_OUT,"a"
 108              	 .align 2
 111              	IfxCbs_TGO1_P20_1_OUT:
 112 0000 000018FA 	 .word -99090432
 113 0004 01000000 	 .word 1
 114 0008 00F003F0 	 .word -268177408
 115 000c 01       	 .byte 1
 116 000d 000000   	 .zero 3
 117 0010 01000000 	 .word 1
 118              	 .global IfxCbs_TGO0_P20_0_OUT
 119              	 .section .rodata.IfxCbs_TGO0_P20_0_OUT,"a"
 120              	 .align 2
 123              	IfxCbs_TGO0_P20_0_OUT:
 124 0000 000018FA 	 .word -99090432
 125 0004 00000000 	 .word 0
 126 0008 00F003F0 	 .word -268177408
 127 000c 00       	 .byte 0
 128 000d 000000   	 .zero 3
 129 0010 01000000 	 .word 1
 130              	 .global IfxCbs_TGI7_P33_15_IN
 131              	 .section .rodata.IfxCbs_TGI7_P33_15_IN,"a"
 132              	 .align 2
 135              	IfxCbs_TGI7_P33_15_IN:
 136 0000 000018FA 	 .word -99090432
 137 0004 07000000 	 .word 7
 138 0008 002404F0 	 .word -268164096
 139 000c 0F       	 .byte 15
 140 000d 000000   	 .zero 3
 141 0010 00000000 	 .word 0
 142              	 .global IfxCbs_TGI6_P33_14_IN
 143              	 .section .rodata.IfxCbs_TGI6_P33_14_IN,"a"
 144              	 .align 2
 147              	IfxCbs_TGI6_P33_14_IN:
 148 0000 000018FA 	 .word -99090432
 149 0004 06000000 	 .word 6
 150 0008 002404F0 	 .word -268164096
 151 000c 0E       	 .byte 14
 152 000d 000000   	 .zero 3
 153 0010 00000000 	 .word 0
 154              	 .global IfxCbs_TGI5_P32_7_IN
 155              	 .section .rodata.IfxCbs_TGI5_P32_7_IN,"a"
 156              	 .align 2
 159              	IfxCbs_TGI5_P32_7_IN:
 160 0000 000018FA 	 .word -99090432
 161 0004 05000000 	 .word 5
 162 0008 002004F0 	 .word -268165120
 163 000c 07       	 .byte 7
 164 000d 000000   	 .zero 3
 165 0010 00000000 	 .word 0
 166              	 .global IfxCbs_TGI4_P32_6_IN
 167              	 .section .rodata.IfxCbs_TGI4_P32_6_IN,"a"
 168              	 .align 2
 171              	IfxCbs_TGI4_P32_6_IN:
 172 0000 000018FA 	 .word -99090432
 173 0004 04000000 	 .word 4
 174 0008 002004F0 	 .word -268165120
 175 000c 06       	 .byte 6
 176 000d 000000   	 .zero 3
 177 0010 00000000 	 .word 0
 178              	 .global IfxCbs_TGI3_P21_7_IN
 179              	 .section .rodata.IfxCbs_TGI3_P21_7_IN,"a"
 180              	 .align 2
 183              	IfxCbs_TGI3_P21_7_IN:
 184 0000 000018FA 	 .word -99090432
 185 0004 03000000 	 .word 3
 186 0008 00F403F0 	 .word -268176384
 187 000c 07       	 .byte 7
 188 000d 000000   	 .zero 3
 189 0010 00000000 	 .word 0
 190              	 .global IfxCbs_TGI2_P21_6_IN
 191              	 .section .rodata.IfxCbs_TGI2_P21_6_IN,"a"
 192              	 .align 2
 195              	IfxCbs_TGI2_P21_6_IN:
 196 0000 000018FA 	 .word -99090432
 197 0004 02000000 	 .word 2
 198 0008 00F403F0 	 .word -268176384
 199 000c 06       	 .byte 6
 200 000d 000000   	 .zero 3
 201 0010 00000000 	 .word 0
 202              	 .global IfxCbs_TGI1_P20_1_IN
 203              	 .section .rodata.IfxCbs_TGI1_P20_1_IN,"a"
 204              	 .align 2
 207              	IfxCbs_TGI1_P20_1_IN:
 208 0000 000018FA 	 .word -99090432
 209 0004 01000000 	 .word 1
 210 0008 00F003F0 	 .word -268177408
 211 000c 01       	 .byte 1
 212 000d 000000   	 .zero 3
 213 0010 00000000 	 .word 0
 214              	 .global IfxCbs_TGI0_P20_0_IN
 215              	 .section .rodata.IfxCbs_TGI0_P20_0_IN,"a"
 216              	 .align 2
 219              	IfxCbs_TGI0_P20_0_IN:
 220 0000 000018FA 	 .word -99090432
 221 0004 00000000 	 .word 0
 222 0008 00F003F0 	 .word -268177408
 223 000c 00       	 .byte 0
 224 000d 000000   	 .zero 3
 225 0010 00000000 	 .word 0
 226              	.section .text,"ax",@progbits
 227              	.Letext0:
 228              	 .file 1 "../Libraries/iLLD/TC4xx/Tricore/_PinMap/IfxCbs_PinMap.h"
 229              	 .file 2 "../Libraries/Infra/Sfr/TC4Dx/Ifx_TypesReg.h"
 230              	 .file 3 "../Libraries/Infra/Sfr/TC4Dx/IfxCbs_regdef.h"
 231              	 .file 4 "../Libraries/Infra/Platform/Compilers/Platform_Types.h"
 232              	 .file 5 "../Libraries/Infra/Platform/Compilers/Ifx_Types.h"
 233              	 .file 6 "../Libraries/Infra/Sfr/TC4Dx/IfxPort_regdef.h"
 234              	 .file 7 "../Libraries/iLLD/TC4xx/CpuGeneric/Port/Std/IfxPort.h"
 235              	 .file 8 "../Libraries/iLLD/TC4xx/Tricore/_PinMap/TC4Dx/IfxCbs_PinMap_TC4Dx_BGA436_COM.h"
 236              	 .file 9 "../Libraries/iLLD/TC4xx/Tricore/_PinMap/TC4Dx/IfxCbs_PinMap_TC4Dx_BGA436_COM.c"
DEFINED SYMBOLS
                            *ABS*:00000000 IfxCbs_PinMap_TC4Dx_BGA436_COM.c
                            *ABS*:00000000 IfxCbs_PinMap_TC4Dx_BGA436_COM.c
    {standard input}:11     .data.IfxCbs_Tgo_Out_pinTable:00000000 IfxCbs_Tgo_Out_pinTable
    {standard input}:123    .rodata.IfxCbs_TGO0_P20_0_OUT:00000000 IfxCbs_TGO0_P20_0_OUT
    {standard input}:111    .rodata.IfxCbs_TGO1_P20_1_OUT:00000000 IfxCbs_TGO1_P20_1_OUT
    {standard input}:99     .rodata.IfxCbs_TGO2_P21_6_OUT:00000000 IfxCbs_TGO2_P21_6_OUT
    {standard input}:87     .rodata.IfxCbs_TGO3_P21_7_OUT:00000000 IfxCbs_TGO3_P21_7_OUT
    {standard input}:75     .rodata.IfxCbs_TGO4_P32_6_OUT:00000000 IfxCbs_TGO4_P32_6_OUT
    {standard input}:63     .rodata.IfxCbs_TGO5_P32_7_OUT:00000000 IfxCbs_TGO5_P32_7_OUT
    {standard input}:51     .rodata.IfxCbs_TGO6_P33_14_OUT:00000000 IfxCbs_TGO6_P33_14_OUT
    {standard input}:39     .rodata.IfxCbs_TGO7_P33_15_OUT:00000000 IfxCbs_TGO7_P33_15_OUT
    {standard input}:25     .data.IfxCbs_Tgi_In_pinTable:00000000 IfxCbs_Tgi_In_pinTable
    {standard input}:219    .rodata.IfxCbs_TGI0_P20_0_IN:00000000 IfxCbs_TGI0_P20_0_IN
    {standard input}:207    .rodata.IfxCbs_TGI1_P20_1_IN:00000000 IfxCbs_TGI1_P20_1_IN
    {standard input}:195    .rodata.IfxCbs_TGI2_P21_6_IN:00000000 IfxCbs_TGI2_P21_6_IN
    {standard input}:183    .rodata.IfxCbs_TGI3_P21_7_IN:00000000 IfxCbs_TGI3_P21_7_IN
    {standard input}:171    .rodata.IfxCbs_TGI4_P32_6_IN:00000000 IfxCbs_TGI4_P32_6_IN
    {standard input}:159    .rodata.IfxCbs_TGI5_P32_7_IN:00000000 IfxCbs_TGI5_P32_7_IN
    {standard input}:147    .rodata.IfxCbs_TGI6_P33_14_IN:00000000 IfxCbs_TGI6_P33_14_IN
    {standard input}:135    .rodata.IfxCbs_TGI7_P33_15_IN:00000000 IfxCbs_TGI7_P33_15_IN

NO UNDEFINED SYMBOLS
