   1              	
   2              	 .file "IfxI2c_PinMap_TC4Dx_BGA436_COM.c"
   3              	 .file "IfxI2c_PinMap_TC4Dx_BGA436_COM.c"
   4              	.section .text,"ax",@progbits
   5              	.Ltext0:
   6              	 .global IfxI2c_Sda_InOut_pinTable
   7              	 .section .data.IfxI2c_Sda_InOut_pinTable,"aw"
   8              	 .align 2
  11              	IfxI2c_Sda_InOut_pinTable:
  12 0000 00000000 	 .word IfxI2c0_SDA_P02_4_INOUT
  13 0004 00000000 	 .word IfxI2c0_SDA_P13_2_INOUT
  14 0008 00000000 	 .word IfxI2c0_SDA_P15_5_INOUT
  15 000c 00000000 	 .word IfxI2c0_SDA_P32_6_INOUT
  16 0010 00000000 	 .word IfxI2c0_SDA_P16_10_INOUT
  17 0014 00000000 	 .word IfxI2c0_SDA_P13_5_INOUT
  18 0018 00000000 	 .word 0
  19 001c 00000000 	 .word IfxI2c1_SDA_P13_12_INOUT
  20 0020 00000000 	 .word IfxI2c1_SDA_P15_10_INOUT
  21 0024 00000000 	 .word IfxI2c1_SDA_P34_2_INOUT
  22 0028 00000000 	 .word IfxI2c1_SDA_P16_11_INOUT
  23 002c 00000000 	 .word IfxI2c1_SDAF_P13_12_INOUT
  24 0030 00000000 	 .word IfxI2c2_SDA_P03_11_INOUT
  25 0034 00000000 	 .word IfxI2c2_SDA_P04_4_INOUT
  26 0038 00000000 	 .word IfxI2c2_SDA_P04_8_INOUT
  27 003c 00000000 	 .word IfxI2c2_SDA_P16_12_INOUT
  28 0040 00000000 	 .word IfxI2c2_SDA_P35_2_INOUT
  29 0044 00000000 	 .word 0
  30              	 .global IfxI2c_Scl_InOut_pinTable
  31              	 .section .data.IfxI2c_Scl_InOut_pinTable,"aw"
  32              	 .align 2
  35              	IfxI2c_Scl_InOut_pinTable:
  36 0000 00000000 	 .word IfxI2c0_SCL_P02_5_INOUT
  37 0004 00000000 	 .word IfxI2c0_SCL_P13_1_INOUT
  38 0008 00000000 	 .word IfxI2c0_SCL_P15_4_INOUT
  39 000c 00000000 	 .word IfxI2c0_SCL_P32_4_INOUT
  40 0010 00000000 	 .word IfxI2c0_SCL_P16_9_INOUT
  41 0014 00000000 	 .word IfxI2c0_SCL_P13_4_INOUT
  42 0018 00000000 	 .word 0
  43 001c 00000000 	 .word IfxI2c1_SCL_P13_9_INOUT
  44 0020 00000000 	 .word IfxI2c1_SCL_P15_11_INOUT
  45 0024 00000000 	 .word IfxI2c1_SCL_P34_3_INOUT
  46 0028 00000000 	 .word IfxI2c1_SCL_P16_14_INOUT
  47 002c 00000000 	 .word IfxI2c1_SCL_P13_13_INOUT
  48 0030 00000000 	 .word IfxI2c2_SCL_P03_12_INOUT
  49 0034 00000000 	 .word IfxI2c2_SCL_P04_5_INOUT
  50 0038 00000000 	 .word IfxI2c2_SCL_P04_9_INOUT
  51 003c 00000000 	 .word IfxI2c2_SCL_P16_13_INOUT
  52 0040 00000000 	 .word IfxI2c2_SCL_P35_4_INOUT
  53 0044 00000000 	 .word 0
  54              	 .global IfxI2c2_SDA_P35_2_INOUT
  55              	 .section .rodata.IfxI2c2_SDA_P35_2_INOUT,"a"
  56              	 .align 2
  59              	IfxI2c2_SDA_P35_2_INOUT:
  60 0000 000050F4 	 .word -196083712
  61 0004 002C04F0 	 .word -268162048
  62 0008 02       	 .byte 2
  63 0009 000000   	 .zero 3
  64 000c 04000000 	 .word 4
  65 0010 21000000 	 .word 33
  66              	 .global IfxI2c2_SDA_P16_12_INOUT
  67              	 .section .rodata.IfxI2c2_SDA_P16_12_INOUT,"a"
  68              	 .align 2
  71              	IfxI2c2_SDA_P16_12_INOUT:
  72 0000 000050F4 	 .word -196083712
  73 0004 00E003F0 	 .word -268181504
  74 0008 0C       	 .byte 12
  75 0009 000000   	 .zero 3
  76 000c 03000000 	 .word 3
  77 0010 E1000000 	 .word 225
  78              	 .global IfxI2c2_SDA_P04_8_INOUT
  79              	 .section .rodata.IfxI2c2_SDA_P04_8_INOUT,"a"
  80              	 .align 2
  83              	IfxI2c2_SDA_P04_8_INOUT:
  84 0000 000050F4 	 .word -196083712
  85 0004 00B003F0 	 .word -268193792
  86 0008 08       	 .byte 8
  87 0009 000000   	 .zero 3
  88 000c 02000000 	 .word 2
  89 0010 81000000 	 .word 129
  90              	 .global IfxI2c2_SDA_P04_4_INOUT
  91              	 .section .rodata.IfxI2c2_SDA_P04_4_INOUT,"a"
  92              	 .align 2
  95              	IfxI2c2_SDA_P04_4_INOUT:
  96 0000 000050F4 	 .word -196083712
  97 0004 00B003F0 	 .word -268193792
  98 0008 04       	 .byte 4
  99 0009 000000   	 .zero 3
 100 000c 01000000 	 .word 1
 101 0010 81000000 	 .word 129
 102              	 .global IfxI2c2_SDA_P03_11_INOUT
 103              	 .section .rodata.IfxI2c2_SDA_P03_11_INOUT,"a"
 104              	 .align 2
 107              	IfxI2c2_SDA_P03_11_INOUT:
 108 0000 000050F4 	 .word -196083712
 109 0004 00AC03F0 	 .word -268194816
 110 0008 0B       	 .byte 11
 111 0009 000000   	 .zero 3
 112 000c 00000000 	 .word 0
 113 0010 21000000 	 .word 33
 114              	 .global IfxI2c2_SCL_P35_4_INOUT
 115              	 .section .rodata.IfxI2c2_SCL_P35_4_INOUT,"a"
 116              	 .align 2
 119              	IfxI2c2_SCL_P35_4_INOUT:
 120 0000 000050F4 	 .word -196083712
 121 0004 002C04F0 	 .word -268162048
 122 0008 04       	 .byte 4
 123 0009 000000   	 .zero 3
 124 000c 04000000 	 .word 4
 125 0010 21000000 	 .word 33
 126              	 .global IfxI2c2_SCL_P16_13_INOUT
 127              	 .section .rodata.IfxI2c2_SCL_P16_13_INOUT,"a"
 128              	 .align 2
 131              	IfxI2c2_SCL_P16_13_INOUT:
 132 0000 000050F4 	 .word -196083712
 133 0004 00E003F0 	 .word -268181504
 134 0008 0D       	 .byte 13
 135 0009 000000   	 .zero 3
 136 000c 03000000 	 .word 3
 137 0010 E1000000 	 .word 225
 138              	 .global IfxI2c2_SCL_P04_9_INOUT
 139              	 .section .rodata.IfxI2c2_SCL_P04_9_INOUT,"a"
 140              	 .align 2
 143              	IfxI2c2_SCL_P04_9_INOUT:
 144 0000 000050F4 	 .word -196083712
 145 0004 00B003F0 	 .word -268193792
 146 0008 09       	 .byte 9
 147 0009 000000   	 .zero 3
 148 000c 02000000 	 .word 2
 149 0010 81000000 	 .word 129
 150              	 .global IfxI2c2_SCL_P04_5_INOUT
 151              	 .section .rodata.IfxI2c2_SCL_P04_5_INOUT,"a"
 152              	 .align 2
 155              	IfxI2c2_SCL_P04_5_INOUT:
 156 0000 000050F4 	 .word -196083712
 157 0004 00B003F0 	 .word -268193792
 158 0008 05       	 .byte 5
 159 0009 000000   	 .zero 3
 160 000c 01000000 	 .word 1
 161 0010 81000000 	 .word 129
 162              	 .global IfxI2c2_SCL_P03_12_INOUT
 163              	 .section .rodata.IfxI2c2_SCL_P03_12_INOUT,"a"
 164              	 .align 2
 167              	IfxI2c2_SCL_P03_12_INOUT:
 168 0000 000050F4 	 .word -196083712
 169 0004 00AC03F0 	 .word -268194816
 170 0008 0C       	 .byte 12
 171 0009 000000   	 .zero 3
 172 000c 00000000 	 .word 0
 173 0010 21000000 	 .word 33
 174              	 .global IfxI2c1_SDA_P34_2_INOUT
 175              	 .section .rodata.IfxI2c1_SDA_P34_2_INOUT,"a"
 176              	 .align 2
 179              	IfxI2c1_SDA_P34_2_INOUT:
 180 0000 00004EF4 	 .word -196214784
 181 0004 002804F0 	 .word -268163072
 182 0008 02       	 .byte 2
 183 0009 000000   	 .zero 3
 184 000c 03000000 	 .word 3
 185 0010 81000000 	 .word 129
 186              	 .global IfxI2c1_SDA_P16_11_INOUT
 187              	 .section .rodata.IfxI2c1_SDA_P16_11_INOUT,"a"
 188              	 .align 2
 191              	IfxI2c1_SDA_P16_11_INOUT:
 192 0000 00004EF4 	 .word -196214784
 193 0004 00E003F0 	 .word -268181504
 194 0008 0B       	 .byte 11
 195 0009 000000   	 .zero 3
 196 000c 04000000 	 .word 4
 197 0010 E1000000 	 .word 225
 198              	 .global IfxI2c1_SDA_P15_10_INOUT
 199              	 .section .rodata.IfxI2c1_SDA_P15_10_INOUT,"a"
 200              	 .align 2
 203              	IfxI2c1_SDA_P15_10_INOUT:
 204 0000 00004EF4 	 .word -196214784
 205 0004 00DC03F0 	 .word -268182528
 206 0008 0A       	 .byte 10
 207 0009 000000   	 .zero 3
 208 000c 02000000 	 .word 2
 209 0010 61000000 	 .word 97
 210              	 .global IfxI2c1_SDA_P13_12_INOUT
 211              	 .section .rodata.IfxI2c1_SDA_P13_12_INOUT,"a"
 212              	 .align 2
 215              	IfxI2c1_SDA_P13_12_INOUT:
 216 0000 00004EF4 	 .word -196214784
 217 0004 00D403F0 	 .word -268184576
 218 0008 0C       	 .byte 12
 219 0009 000000   	 .zero 3
 220 000c 01000000 	 .word 1
 221 0010 61000000 	 .word 97
 222              	 .global IfxI2c1_SDAF_P13_12_INOUT
 223              	 .section .rodata.IfxI2c1_SDAF_P13_12_INOUT,"a"
 224              	 .align 2
 227              	IfxI2c1_SDAF_P13_12_INOUT:
 228 0000 00004EF4 	 .word -196214784
 229 0004 00D403F0 	 .word -268184576
 230 0008 0C       	 .byte 12
 231 0009 000000   	 .zero 3
 232 000c 05000000 	 .word 5
 233 0010 81000000 	 .word 129
 234              	 .global IfxI2c1_SCL_P34_3_INOUT
 235              	 .section .rodata.IfxI2c1_SCL_P34_3_INOUT,"a"
 236              	 .align 2
 239              	IfxI2c1_SCL_P34_3_INOUT:
 240 0000 00004EF4 	 .word -196214784
 241 0004 002804F0 	 .word -268163072
 242 0008 03       	 .byte 3
 243 0009 000000   	 .zero 3
 244 000c 03000000 	 .word 3
 245 0010 81000000 	 .word 129
 246              	 .global IfxI2c1_SCL_P16_14_INOUT
 247              	 .section .rodata.IfxI2c1_SCL_P16_14_INOUT,"a"
 248              	 .align 2
 251              	IfxI2c1_SCL_P16_14_INOUT:
 252 0000 00004EF4 	 .word -196214784
 253 0004 00E003F0 	 .word -268181504
 254 0008 0E       	 .byte 14
 255 0009 000000   	 .zero 3
 256 000c 04000000 	 .word 4
 257 0010 E1000000 	 .word 225
 258              	 .global IfxI2c1_SCL_P15_11_INOUT
 259              	 .section .rodata.IfxI2c1_SCL_P15_11_INOUT,"a"
 260              	 .align 2
 263              	IfxI2c1_SCL_P15_11_INOUT:
 264 0000 00004EF4 	 .word -196214784
 265 0004 00DC03F0 	 .word -268182528
 266 0008 0B       	 .byte 11
 267 0009 000000   	 .zero 3
 268 000c 02000000 	 .word 2
 269 0010 61000000 	 .word 97
 270              	 .global IfxI2c1_SCL_P13_9_INOUT
 271              	 .section .rodata.IfxI2c1_SCL_P13_9_INOUT,"a"
 272              	 .align 2
 275              	IfxI2c1_SCL_P13_9_INOUT:
 276 0000 00004EF4 	 .word -196214784
 277 0004 00D403F0 	 .word -268184576
 278 0008 09       	 .byte 9
 279 0009 000000   	 .zero 3
 280 000c 01000000 	 .word 1
 281 0010 61000000 	 .word 97
 282              	 .global IfxI2c1_SCL_P13_13_INOUT
 283              	 .section .rodata.IfxI2c1_SCL_P13_13_INOUT,"a"
 284              	 .align 2
 287              	IfxI2c1_SCL_P13_13_INOUT:
 288 0000 00004EF4 	 .word -196214784
 289 0004 00D403F0 	 .word -268184576
 290 0008 0D       	 .byte 13
 291 0009 000000   	 .zero 3
 292 000c 05000000 	 .word 5
 293 0010 81000000 	 .word 129
 294              	 .global IfxI2c0_SDA_P32_6_INOUT
 295              	 .section .rodata.IfxI2c0_SDA_P32_6_INOUT,"a"
 296              	 .align 2
 299              	IfxI2c0_SDA_P32_6_INOUT:
 300 0000 00004CF4 	 .word -196345856
 301 0004 002004F0 	 .word -268165120
 302 0008 06       	 .byte 6
 303 0009 000000   	 .zero 3
 304 000c 03000000 	 .word 3
 305 0010 81000000 	 .word 129
 306              	 .global IfxI2c0_SDA_P16_10_INOUT
 307              	 .section .rodata.IfxI2c0_SDA_P16_10_INOUT,"a"
 308              	 .align 2
 311              	IfxI2c0_SDA_P16_10_INOUT:
 312 0000 00004CF4 	 .word -196345856
 313 0004 00E003F0 	 .word -268181504
 314 0008 0A       	 .byte 10
 315 0009 000000   	 .zero 3
 316 000c 04000000 	 .word 4
 317 0010 E1000000 	 .word 225
 318              	 .global IfxI2c0_SDA_P15_5_INOUT
 319              	 .section .rodata.IfxI2c0_SDA_P15_5_INOUT,"a"
 320              	 .align 2
 323              	IfxI2c0_SDA_P15_5_INOUT:
 324 0000 00004CF4 	 .word -196345856
 325 0004 00DC03F0 	 .word -268182528
 326 0008 05       	 .byte 5
 327 0009 000000   	 .zero 3
 328 000c 02000000 	 .word 2
 329 0010 61000000 	 .word 97
 330              	 .global IfxI2c0_SDA_P13_5_INOUT
 331              	 .section .rodata.IfxI2c0_SDA_P13_5_INOUT,"a"
 332              	 .align 2
 335              	IfxI2c0_SDA_P13_5_INOUT:
 336 0000 00004CF4 	 .word -196345856
 337 0004 00D403F0 	 .word -268184576
 338 0008 05       	 .byte 5
 339 0009 000000   	 .zero 3
 340 000c 05000000 	 .word 5
 341 0010 61000000 	 .word 97
 342              	 .global IfxI2c0_SDA_P13_2_INOUT
 343              	 .section .rodata.IfxI2c0_SDA_P13_2_INOUT,"a"
 344              	 .align 2
 347              	IfxI2c0_SDA_P13_2_INOUT:
 348 0000 00004CF4 	 .word -196345856
 349 0004 00D403F0 	 .word -268184576
 350 0008 02       	 .byte 2
 351 0009 000000   	 .zero 3
 352 000c 01000000 	 .word 1
 353 0010 61000000 	 .word 97
 354              	 .global IfxI2c0_SDA_P02_4_INOUT
 355              	 .section .rodata.IfxI2c0_SDA_P02_4_INOUT,"a"
 356              	 .align 2
 359              	IfxI2c0_SDA_P02_4_INOUT:
 360 0000 00004CF4 	 .word -196345856
 361 0004 00A803F0 	 .word -268195840
 362 0008 04       	 .byte 4
 363 0009 000000   	 .zero 3
 364 000c 00000000 	 .word 0
 365 0010 51000000 	 .word 81
 366              	 .global IfxI2c0_SCL_P32_4_INOUT
 367              	 .section .rodata.IfxI2c0_SCL_P32_4_INOUT,"a"
 368              	 .align 2
 371              	IfxI2c0_SCL_P32_4_INOUT:
 372 0000 00004CF4 	 .word -196345856
 373 0004 002004F0 	 .word -268165120
 374 0008 04       	 .byte 4
 375 0009 000000   	 .zero 3
 376 000c 03000000 	 .word 3
 377 0010 81000000 	 .word 129
 378              	 .global IfxI2c0_SCL_P16_9_INOUT
 379              	 .section .rodata.IfxI2c0_SCL_P16_9_INOUT,"a"
 380              	 .align 2
 383              	IfxI2c0_SCL_P16_9_INOUT:
 384 0000 00004CF4 	 .word -196345856
 385 0004 00E003F0 	 .word -268181504
 386 0008 09       	 .byte 9
 387 0009 000000   	 .zero 3
 388 000c 04000000 	 .word 4
 389 0010 E1000000 	 .word 225
 390              	 .global IfxI2c0_SCL_P15_4_INOUT
 391              	 .section .rodata.IfxI2c0_SCL_P15_4_INOUT,"a"
 392              	 .align 2
 395              	IfxI2c0_SCL_P15_4_INOUT:
 396 0000 00004CF4 	 .word -196345856
 397 0004 00DC03F0 	 .word -268182528
 398 0008 04       	 .byte 4
 399 0009 000000   	 .zero 3
 400 000c 02000000 	 .word 2
 401 0010 61000000 	 .word 97
 402              	 .global IfxI2c0_SCL_P13_4_INOUT
 403              	 .section .rodata.IfxI2c0_SCL_P13_4_INOUT,"a"
 404              	 .align 2
 407              	IfxI2c0_SCL_P13_4_INOUT:
 408 0000 00004CF4 	 .word -196345856
 409 0004 00D403F0 	 .word -268184576
 410 0008 04       	 .byte 4
 411 0009 000000   	 .zero 3
 412 000c 05000000 	 .word 5
 413 0010 61000000 	 .word 97
 414              	 .global IfxI2c0_SCL_P13_1_INOUT
 415              	 .section .rodata.IfxI2c0_SCL_P13_1_INOUT,"a"
 416              	 .align 2
 419              	IfxI2c0_SCL_P13_1_INOUT:
 420 0000 00004CF4 	 .word -196345856
 421 0004 00D403F0 	 .word -268184576
 422 0008 01       	 .byte 1
 423 0009 000000   	 .zero 3
 424 000c 01000000 	 .word 1
 425 0010 61000000 	 .word 97
 426              	 .global IfxI2c0_SCL_P02_5_INOUT
 427              	 .section .rodata.IfxI2c0_SCL_P02_5_INOUT,"a"
 428              	 .align 2
 431              	IfxI2c0_SCL_P02_5_INOUT:
 432 0000 00004CF4 	 .word -196345856
 433 0004 00A803F0 	 .word -268195840
 434 0008 05       	 .byte 5
 435 0009 000000   	 .zero 3
 436 000c 00000000 	 .word 0
 437 0010 51000000 	 .word 81
 438              	.section .text,"ax",@progbits
 439              	.Letext0:
 440              	 .file 1 "../Libraries/Infra/Sfr/TC4Dx/Ifx_TypesReg.h"
 441              	 .file 2 "../Libraries/Infra/Sfr/TC4Dx/IfxI2c_regdef.h"
 442              	 .file 3 "../Libraries/Infra/Platform/Compilers/Platform_Types.h"
 443              	 .file 4 "../Libraries/Infra/Platform/Compilers/Ifx_Types.h"
 444              	 .file 5 "../Libraries/Infra/Sfr/TC4Dx/IfxPort_regdef.h"
 445              	 .file 6 "../Libraries/iLLD/TC4xx/CpuGeneric/Port/Std/IfxPort.h"
 446              	 .file 7 "../Libraries/iLLD/TC4xx/Tricore/_PinMap/IfxI2c_PinMap.h"
 447              	 .file 8 "../Libraries/iLLD/TC4xx/Tricore/_PinMap/TC4Dx/IfxI2c_PinMap_TC4Dx_BGA436_COM.h"
 448              	 .file 9 "../Libraries/iLLD/TC4xx/Tricore/_PinMap/TC4Dx/IfxI2c_PinMap_TC4Dx_BGA436_COM.c"
DEFINED SYMBOLS
                            *ABS*:00000000 IfxI2c_PinMap_TC4Dx_BGA436_COM.c
                            *ABS*:00000000 IfxI2c_PinMap_TC4Dx_BGA436_COM.c
    {standard input}:11     .data.IfxI2c_Sda_InOut_pinTable:00000000 IfxI2c_Sda_InOut_pinTable
    {standard input}:359    .rodata.IfxI2c0_SDA_P02_4_INOUT:00000000 IfxI2c0_SDA_P02_4_INOUT
    {standard input}:347    .rodata.IfxI2c0_SDA_P13_2_INOUT:00000000 IfxI2c0_SDA_P13_2_INOUT
    {standard input}:323    .rodata.IfxI2c0_SDA_P15_5_INOUT:00000000 IfxI2c0_SDA_P15_5_INOUT
    {standard input}:299    .rodata.IfxI2c0_SDA_P32_6_INOUT:00000000 IfxI2c0_SDA_P32_6_INOUT
    {standard input}:311    .rodata.IfxI2c0_SDA_P16_10_INOUT:00000000 IfxI2c0_SDA_P16_10_INOUT
    {standard input}:335    .rodata.IfxI2c0_SDA_P13_5_INOUT:00000000 IfxI2c0_SDA_P13_5_INOUT
    {standard input}:215    .rodata.IfxI2c1_SDA_P13_12_INOUT:00000000 IfxI2c1_SDA_P13_12_INOUT
    {standard input}:203    .rodata.IfxI2c1_SDA_P15_10_INOUT:00000000 IfxI2c1_SDA_P15_10_INOUT
    {standard input}:179    .rodata.IfxI2c1_SDA_P34_2_INOUT:00000000 IfxI2c1_SDA_P34_2_INOUT
    {standard input}:191    .rodata.IfxI2c1_SDA_P16_11_INOUT:00000000 IfxI2c1_SDA_P16_11_INOUT
    {standard input}:227    .rodata.IfxI2c1_SDAF_P13_12_INOUT:00000000 IfxI2c1_SDAF_P13_12_INOUT
    {standard input}:107    .rodata.IfxI2c2_SDA_P03_11_INOUT:00000000 IfxI2c2_SDA_P03_11_INOUT
    {standard input}:95     .rodata.IfxI2c2_SDA_P04_4_INOUT:00000000 IfxI2c2_SDA_P04_4_INOUT
    {standard input}:83     .rodata.IfxI2c2_SDA_P04_8_INOUT:00000000 IfxI2c2_SDA_P04_8_INOUT
    {standard input}:71     .rodata.IfxI2c2_SDA_P16_12_INOUT:00000000 IfxI2c2_SDA_P16_12_INOUT
    {standard input}:59     .rodata.IfxI2c2_SDA_P35_2_INOUT:00000000 IfxI2c2_SDA_P35_2_INOUT
    {standard input}:35     .data.IfxI2c_Scl_InOut_pinTable:00000000 IfxI2c_Scl_InOut_pinTable
    {standard input}:431    .rodata.IfxI2c0_SCL_P02_5_INOUT:00000000 IfxI2c0_SCL_P02_5_INOUT
    {standard input}:419    .rodata.IfxI2c0_SCL_P13_1_INOUT:00000000 IfxI2c0_SCL_P13_1_INOUT
    {standard input}:395    .rodata.IfxI2c0_SCL_P15_4_INOUT:00000000 IfxI2c0_SCL_P15_4_INOUT
    {standard input}:371    .rodata.IfxI2c0_SCL_P32_4_INOUT:00000000 IfxI2c0_SCL_P32_4_INOUT
    {standard input}:383    .rodata.IfxI2c0_SCL_P16_9_INOUT:00000000 IfxI2c0_SCL_P16_9_INOUT
    {standard input}:407    .rodata.IfxI2c0_SCL_P13_4_INOUT:00000000 IfxI2c0_SCL_P13_4_INOUT
    {standard input}:275    .rodata.IfxI2c1_SCL_P13_9_INOUT:00000000 IfxI2c1_SCL_P13_9_INOUT
    {standard input}:263    .rodata.IfxI2c1_SCL_P15_11_INOUT:00000000 IfxI2c1_SCL_P15_11_INOUT
    {standard input}:239    .rodata.IfxI2c1_SCL_P34_3_INOUT:00000000 IfxI2c1_SCL_P34_3_INOUT
    {standard input}:251    .rodata.IfxI2c1_SCL_P16_14_INOUT:00000000 IfxI2c1_SCL_P16_14_INOUT
    {standard input}:287    .rodata.IfxI2c1_SCL_P13_13_INOUT:00000000 IfxI2c1_SCL_P13_13_INOUT
    {standard input}:167    .rodata.IfxI2c2_SCL_P03_12_INOUT:00000000 IfxI2c2_SCL_P03_12_INOUT
    {standard input}:155    .rodata.IfxI2c2_SCL_P04_5_INOUT:00000000 IfxI2c2_SCL_P04_5_INOUT
    {standard input}:143    .rodata.IfxI2c2_SCL_P04_9_INOUT:00000000 IfxI2c2_SCL_P04_9_INOUT
    {standard input}:131    .rodata.IfxI2c2_SCL_P16_13_INOUT:00000000 IfxI2c2_SCL_P16_13_INOUT
    {standard input}:119    .rodata.IfxI2c2_SCL_P35_4_INOUT:00000000 IfxI2c2_SCL_P35_4_INOUT

NO UNDEFINED SYMBOLS
