   1              	
   2              	 .file "IfxPsi5_PinMap_TC4Dx_BGA436_COM.c"
   3              	 .file "IfxPsi5_PinMap_TC4Dx_BGA436_COM.c"
   4              	.section .text,"ax",@progbits
   5              	.Ltext0:
   6              	 .global IfxPsi5_Tx_Out_pinTable
   7              	 .section .data.IfxPsi5_Tx_Out_pinTable,"aw"
   8              	 .align 2
  11              	IfxPsi5_Tx_Out_pinTable:
  12 0000 00000000 	 .word IfxPsi5_TX0_P00_2_OUT
  13 0004 00000000 	 .word IfxPsi5_TX0_P02_2_OUT
  14 0008 00000000 	 .word IfxPsi5_TX0_P33_2_OUT
  15 000c 00000000 	 .word IfxPsi5_TX1_P00_4_OUT
  16 0010 00000000 	 .word IfxPsi5_TX1_P02_6_OUT
  17 0014 00000000 	 .word IfxPsi5_TX1_P33_4_OUT
  18              	 .global IfxPsi5_Rx_In_pinTable
  19              	 .section .data.IfxPsi5_Rx_In_pinTable,"aw"
  20              	 .align 2
  23              	IfxPsi5_Rx_In_pinTable:
  24 0000 00000000 	 .word IfxPsi5_RX0A_P00_1_IN
  25 0004 00000000 	 .word IfxPsi5_RX0B_P02_3_IN
  26 0008 00000000 	 .word IfxPsi5_RX0C_P33_1_IN
  27 000c 00000000 	 .word IfxPsi5_RX1A_P00_3_IN
  28 0010 00000000 	 .word IfxPsi5_RX1B_P02_5_IN
  29 0014 00000000 	 .word IfxPsi5_RX1C_P33_3_IN
  30              	 .global IfxPsi5_TX1_P33_4_OUT
  31              	 .section .rodata.IfxPsi5_TX1_P33_4_OUT,"a"
  32              	 .align 2
  35              	IfxPsi5_TX1_P33_4_OUT:
  36 0000 005040F4 	 .word -197111808
  37 0004 01000000 	 .word 1
  38 0008 002404F0 	 .word -268164096
  39 000c 04       	 .byte 4
  40 000d 000000   	 .zero 3
  41 0010 41000000 	 .word 65
  42              	 .global IfxPsi5_TX1_P02_6_OUT
  43              	 .section .rodata.IfxPsi5_TX1_P02_6_OUT,"a"
  44              	 .align 2
  47              	IfxPsi5_TX1_P02_6_OUT:
  48 0000 005040F4 	 .word -197111808
  49 0004 01000000 	 .word 1
  50 0008 00A803F0 	 .word -268195840
  51 000c 06       	 .byte 6
  52 000d 000000   	 .zero 3
  53 0010 41000000 	 .word 65
  54              	 .global IfxPsi5_TX1_P00_4_OUT
  55              	 .section .rodata.IfxPsi5_TX1_P00_4_OUT,"a"
  56              	 .align 2
  59              	IfxPsi5_TX1_P00_4_OUT:
  60 0000 005040F4 	 .word -197111808
  61 0004 01000000 	 .word 1
  62 0008 00A003F0 	 .word -268197888
  63 000c 04       	 .byte 4
  64 000d 000000   	 .zero 3
  65 0010 41000000 	 .word 65
  66              	 .global IfxPsi5_TX0_P33_2_OUT
  67              	 .section .rodata.IfxPsi5_TX0_P33_2_OUT,"a"
  68              	 .align 2
  71              	IfxPsi5_TX0_P33_2_OUT:
  72 0000 005040F4 	 .word -197111808
  73 0004 00000000 	 .word 0
  74 0008 002404F0 	 .word -268164096
  75 000c 02       	 .byte 2
  76 000d 000000   	 .zero 3
  77 0010 41000000 	 .word 65
  78              	 .global IfxPsi5_TX0_P02_2_OUT
  79              	 .section .rodata.IfxPsi5_TX0_P02_2_OUT,"a"
  80              	 .align 2
  83              	IfxPsi5_TX0_P02_2_OUT:
  84 0000 005040F4 	 .word -197111808
  85 0004 00000000 	 .word 0
  86 0008 00A803F0 	 .word -268195840
  87 000c 02       	 .byte 2
  88 000d 000000   	 .zero 3
  89 0010 41000000 	 .word 65
  90              	 .global IfxPsi5_TX0_P00_2_OUT
  91              	 .section .rodata.IfxPsi5_TX0_P00_2_OUT,"a"
  92              	 .align 2
  95              	IfxPsi5_TX0_P00_2_OUT:
  96 0000 005040F4 	 .word -197111808
  97 0004 00000000 	 .word 0
  98 0008 00A003F0 	 .word -268197888
  99 000c 02       	 .byte 2
 100 000d 000000   	 .zero 3
 101 0010 41000000 	 .word 65
 102              	 .global IfxPsi5_RX1C_P33_3_IN
 103              	 .section .rodata.IfxPsi5_RX1C_P33_3_IN,"a"
 104              	 .align 2
 107              	IfxPsi5_RX1C_P33_3_IN:
 108 0000 005040F4 	 .word -197111808
 109 0004 01000000 	 .word 1
 110 0008 002404F0 	 .word -268164096
 111 000c 03       	 .byte 3
 112 000d 000000   	 .zero 3
 113 0010 02000000 	 .word 2
 114              	 .global IfxPsi5_RX1B_P02_5_IN
 115              	 .section .rodata.IfxPsi5_RX1B_P02_5_IN,"a"
 116              	 .align 2
 119              	IfxPsi5_RX1B_P02_5_IN:
 120 0000 005040F4 	 .word -197111808
 121 0004 01000000 	 .word 1
 122 0008 00A803F0 	 .word -268195840
 123 000c 05       	 .byte 5
 124 000d 000000   	 .zero 3
 125 0010 01000000 	 .word 1
 126              	 .global IfxPsi5_RX1A_P00_3_IN
 127              	 .section .rodata.IfxPsi5_RX1A_P00_3_IN,"a"
 128              	 .align 2
 131              	IfxPsi5_RX1A_P00_3_IN:
 132 0000 005040F4 	 .word -197111808
 133 0004 01000000 	 .word 1
 134 0008 00A003F0 	 .word -268197888
 135 000c 03       	 .byte 3
 136 000d 000000   	 .zero 3
 137 0010 00000000 	 .word 0
 138              	 .global IfxPsi5_RX0C_P33_1_IN
 139              	 .section .rodata.IfxPsi5_RX0C_P33_1_IN,"a"
 140              	 .align 2
 143              	IfxPsi5_RX0C_P33_1_IN:
 144 0000 005040F4 	 .word -197111808
 145 0004 00000000 	 .word 0
 146 0008 002404F0 	 .word -268164096
 147 000c 01       	 .byte 1
 148 000d 000000   	 .zero 3
 149 0010 02000000 	 .word 2
 150              	 .global IfxPsi5_RX0B_P02_3_IN
 151              	 .section .rodata.IfxPsi5_RX0B_P02_3_IN,"a"
 152              	 .align 2
 155              	IfxPsi5_RX0B_P02_3_IN:
 156 0000 005040F4 	 .word -197111808
 157 0004 00000000 	 .word 0
 158 0008 00A803F0 	 .word -268195840
 159 000c 03       	 .byte 3
 160 000d 000000   	 .zero 3
 161 0010 01000000 	 .word 1
 162              	 .global IfxPsi5_RX0A_P00_1_IN
 163              	 .section .rodata.IfxPsi5_RX0A_P00_1_IN,"a"
 164              	 .align 2
 167              	IfxPsi5_RX0A_P00_1_IN:
 168 0000 005040F4 	 .word -197111808
 169 0004 00000000 	 .word 0
 170 0008 00A003F0 	 .word -268197888
 171 000c 01       	 .byte 1
 172 000d 000000   	 .zero 3
 173 0010 00000000 	 .word 0
 174              	.section .text,"ax",@progbits
 175              	.Letext0:
 176              	 .file 1 "../Libraries/Infra/Platform/Compilers/Platform_Types.h"
 177              	 .file 2 "../Libraries/Infra/Platform/Compilers/Ifx_Types.h"
 178              	 .file 3 "../Libraries/Infra/Sfr/TC4Dx/Ifx_TypesReg.h"
 179              	 .file 4 "../Libraries/Infra/Sfr/TC4Dx/IfxPsi5_regdef.h"
 180              	 .file 5 "../Libraries/iLLD/TC4xx/Tricore/_Impl/TC4Dx/IfxPsi5_cfg_TC4Dx.h"
 181              	 .file 6 "../Libraries/Infra/Sfr/TC4Dx/IfxPort_regdef.h"
 182              	 .file 7 "../Libraries/iLLD/TC4xx/CpuGeneric/Port/Std/IfxPort.h"
 183              	 .file 8 "../Libraries/iLLD/TC4xx/Tricore/_PinMap/IfxPsi5_PinMap.h"
 184              	 .file 9 "../Libraries/iLLD/TC4xx/Tricore/_PinMap/TC4Dx/IfxPsi5_PinMap_TC4Dx_BGA436_COM.h"
 185              	 .file 10 "../Libraries/iLLD/TC4xx/Tricore/_PinMap/TC4Dx/IfxPsi5_PinMap_TC4Dx_BGA436_COM.c"
DEFINED SYMBOLS
                            *ABS*:00000000 IfxPsi5_PinMap_TC4Dx_BGA436_COM.c
                            *ABS*:00000000 IfxPsi5_PinMap_TC4Dx_BGA436_COM.c
    {standard input}:11     .data.IfxPsi5_Tx_Out_pinTable:00000000 IfxPsi5_Tx_Out_pinTable
    {standard input}:95     .rodata.IfxPsi5_TX0_P00_2_OUT:00000000 IfxPsi5_TX0_P00_2_OUT
    {standard input}:83     .rodata.IfxPsi5_TX0_P02_2_OUT:00000000 IfxPsi5_TX0_P02_2_OUT
    {standard input}:71     .rodata.IfxPsi5_TX0_P33_2_OUT:00000000 IfxPsi5_TX0_P33_2_OUT
    {standard input}:59     .rodata.IfxPsi5_TX1_P00_4_OUT:00000000 IfxPsi5_TX1_P00_4_OUT
    {standard input}:47     .rodata.IfxPsi5_TX1_P02_6_OUT:00000000 IfxPsi5_TX1_P02_6_OUT
    {standard input}:35     .rodata.IfxPsi5_TX1_P33_4_OUT:00000000 IfxPsi5_TX1_P33_4_OUT
    {standard input}:23     .data.IfxPsi5_Rx_In_pinTable:00000000 IfxPsi5_Rx_In_pinTable
    {standard input}:167    .rodata.IfxPsi5_RX0A_P00_1_IN:00000000 IfxPsi5_RX0A_P00_1_IN
    {standard input}:155    .rodata.IfxPsi5_RX0B_P02_3_IN:00000000 IfxPsi5_RX0B_P02_3_IN
    {standard input}:143    .rodata.IfxPsi5_RX0C_P33_1_IN:00000000 IfxPsi5_RX0C_P33_1_IN
    {standard input}:131    .rodata.IfxPsi5_RX1A_P00_3_IN:00000000 IfxPsi5_RX1A_P00_3_IN
    {standard input}:119    .rodata.IfxPsi5_RX1B_P02_5_IN:00000000 IfxPsi5_RX1B_P02_5_IN
    {standard input}:107    .rodata.IfxPsi5_RX1C_P33_3_IN:00000000 IfxPsi5_RX1C_P33_3_IN

NO UNDEFINED SYMBOLS
