   1              	
   2              	 .file "IfxSent_PinMap_TC4Dx_BGA436_COM.c"
   3              	 .file "IfxSent_PinMap_TC4Dx_BGA436_COM.c"
   4              	.section .text,"ax",@progbits
   5              	.Ltext0:
   6              	 .global IfxSent_Spc_Out_pinTable
   7              	 .section .data.IfxSent_Spc_Out_pinTable,"aw"
   8              	 .align 2
  11              	IfxSent_Spc_Out_pinTable:
  12 0000 00000000 	 .word IfxSent_SPC0_P00_1_OUT
  13 0004 00000000 	 .word IfxSent_SPC0_P21_4_OUT
  14 0008 00000000 	 .word 0
  15 000c 00000000 	 .word IfxSent_SPC1_P00_3_OUT
  16 0010 00000000 	 .word IfxSent_SPC1_P21_5_OUT
  17 0014 00000000 	 .word 0
  18 0018 00000000 	 .word IfxSent_SPC2_P00_5_OUT
  19 001c 00000000 	 .word IfxSent_SPC2_P21_2_OUT
  20 0020 00000000 	 .word 0
  21 0024 00000000 	 .word IfxSent_SPC3_P00_7_OUT
  22 0028 00000000 	 .word IfxSent_SPC3_P20_3_OUT
  23 002c 00000000 	 .word 0
  24 0030 00000000 	 .word IfxSent_SPC4_P00_9_OUT
  25 0034 00000000 	 .word IfxSent_SPC4_P01_8_OUT
  26 0038 00000000 	 .word IfxSent_SPC4_P04_1_OUT
  27 003c 00000000 	 .word IfxSent_SPC5_P32_5_OUT
  28 0040 00000000 	 .word 0
  29 0044 00000000 	 .word 0
  30 0048 00000000 	 .word IfxSent_SPC6_P03_8_OUT
  31 004c 00000000 	 .word IfxSent_SPC6_P32_7_OUT
  32 0050 00000000 	 .word 0
  33 0054 00000000 	 .word IfxSent_SPC7_P02_12_OUT
  34 0058 00000000 	 .word IfxSent_SPC7_P04_0_OUT
  35 005c 00000000 	 .word 0
  36 0060 00000000 	 .word IfxSent_SPC8_P04_8_OUT
  37 0064 00000000 	 .word IfxSent_SPC8_P33_3_OUT
  38 0068 00000000 	 .word 0
  39 006c 00000000 	 .word IfxSent_SPC9_P33_1_OUT
  40 0070 00000000 	 .word 0
  41 0074 00000000 	 .word 0
  42 0078 00000000 	 .word IfxSent_SPC10_P02_9_OUT
  43 007c 00000000 	 .word IfxSent_SPC10_P35_0_OUT
  44 0080 00000000 	 .word 0
  45 0084 00000000 	 .word IfxSent_SPC11_P02_11_OUT
  46 0088 00000000 	 .word IfxSent_SPC11_P03_9_OUT
  47 008c 00000000 	 .word IfxSent_SPC11_P04_7_OUT
  48 0090 00000000 	 .word IfxSent_SPC12_P33_6_OUT
  49 0094 00000000 	 .word IfxSent_SPC12_P34_1_OUT
  50 0098 00000000 	 .word 0
  51 009c 00000000 	 .word IfxSent_SPC13_P34_5_OUT
  52 00a0 00000000 	 .word 0
  53 00a4 00000000 	 .word 0
  54 00a8 00000000 	 .word IfxSent_SPC14_P31_7_OUT
  55 00ac 00000000 	 .word 0
  56 00b0 00000000 	 .word 0
  57 00b4 00000000 	 .word IfxSent_SPC0_P02_7_OUT
  58 00b8 00000000 	 .word IfxSent_SPC0_P20_7_OUT
  59 00bc 00000000 	 .word 0
  60 00c0 00000000 	 .word IfxSent_SPC1_P00_4_OUT
  61 00c4 00000000 	 .word IfxSent_SPC1_P20_0_OUT
  62 00c8 00000000 	 .word 0
  63 00cc 00000000 	 .word IfxSent_SPC2_P00_6_OUT
  64 00d0 00000000 	 .word IfxSent_SPC2_P21_3_OUT
  65 00d4 00000000 	 .word 0
  66 00d8 00000000 	 .word IfxSent_SPC3_P00_8_OUT
  67 00dc 00000000 	 .word IfxSent_SPC3_P20_6_OUT
  68 00e0 00000000 	 .word 0
  69 00e4 00000000 	 .word IfxSent_SPC4_P00_10_OUT
  70 00e8 00000000 	 .word IfxSent_SPC4_P01_10_OUT
  71 00ec 00000000 	 .word 0
  72 00f0 00000000 	 .word IfxSent_SPC5_P32_6_OUT
  73 00f4 00000000 	 .word 0
  74 00f8 00000000 	 .word 0
  75 00fc 00000000 	 .word IfxSent_SPC6_P01_11_OUT
  76 0100 00000000 	 .word 0
  77 0104 00000000 	 .word 0
  78 0108 00000000 	 .word IfxSent_SPC7_P04_3_OUT
  79 010c 00000000 	 .word IfxSent_SPC7_P33_4_OUT
  80 0110 00000000 	 .word 0
  81 0114 00000000 	 .word IfxSent_SPC8_P33_2_OUT
  82 0118 00000000 	 .word 0
  83 011c 00000000 	 .word 0
  84 0120 00000000 	 .word IfxSent_SPC9_P33_0_OUT
  85 0124 00000000 	 .word 0
  86 0128 00000000 	 .word 0
  87 012c 00000000 	 .word IfxSent_SPC10_P02_10_OUT
  88 0130 00000000 	 .word 0
  89 0134 00000000 	 .word 0
  90 0138 00000000 	 .word IfxSent_SPC11_P33_7_OUT
  91 013c 00000000 	 .word IfxSent_SPC11_P35_1_OUT
  92 0140 00000000 	 .word 0
  93 0144 00000000 	 .word IfxSent_SPC12_P04_9_OUT
  94 0148 00000000 	 .word IfxSent_SPC12_P35_2_OUT
  95 014c 00000000 	 .word 0
  96 0150 00000000 	 .word IfxSent_SPC13_P31_6_OUT
  97 0154 00000000 	 .word 0
  98 0158 00000000 	 .word 0
  99 015c 00000000 	 .word IfxSent_SPC14_P33_15_OUT
 100 0160 00000000 	 .word IfxSent_SPC14_P35_5_OUT
 101 0164 00000000 	 .word 0
 102              	 .global IfxSent_Sent_In_pinTable
 103              	 .section .data.IfxSent_Sent_In_pinTable,"aw"
 104              	 .align 2
 107              	IfxSent_Sent_In_pinTable:
 108 0000 00000000 	 .word IfxSent_SENT0A_P40_0_IN
 109 0004 00000000 	 .word IfxSent_SENT0B_P00_1_IN
 110 0008 00000000 	 .word IfxSent_SENT0C_P02_8_IN
 111 000c 00000000 	 .word IfxSent_SENT0D_P21_4_IN
 112 0010 00000000 	 .word IfxSent_SENT1A_P40_2_IN
 113 0014 00000000 	 .word IfxSent_SENT1B_P00_3_IN
 114 0018 00000000 	 .word IfxSent_SENT1C_P02_7_IN
 115 001c 00000000 	 .word IfxSent_SENT1D_P21_5_IN
 116 0020 00000000 	 .word IfxSent_SENT2A_P40_4_IN
 117 0024 00000000 	 .word IfxSent_SENT2B_P00_5_IN
 118 0028 00000000 	 .word IfxSent_SENT2C_P02_13_IN
 119 002c 00000000 	 .word IfxSent_SENT2D_P21_2_IN
 120 0030 00000000 	 .word IfxSent_SENT3A_P40_6_IN
 121 0034 00000000 	 .word IfxSent_SENT3B_P00_7_IN
 122 0038 00000000 	 .word IfxSent_SENT3C_P01_1_IN
 123 003c 00000000 	 .word IfxSent_SENT3D_P20_3_IN
 124 0040 00000000 	 .word IfxSent_SENT4A_P40_8_IN
 125 0044 00000000 	 .word IfxSent_SENT4B_P00_9_IN
 126 0048 00000000 	 .word IfxSent_SENT4C_P01_8_IN
 127 004c 00000000 	 .word IfxSent_SENT4D_P04_1_IN
 128 0050 00000000 	 .word IfxSent_SENT5A_P40_10_IN
 129 0054 00000000 	 .word IfxSent_SENT5B_P00_11_IN
 130 0058 00000000 	 .word IfxSent_SENT5C_P32_5_IN
 131 005c 00000000 	 .word IfxSent_SENT5D_P15_2_IN
 132 0060 00000000 	 .word IfxSent_SENT6A_P40_12_IN
 133 0064 00000000 	 .word IfxSent_SENT6B_P02_4_IN
 134 0068 00000000 	 .word IfxSent_SENT6C_P32_7_IN
 135 006c 00000000 	 .word IfxSent_SENT6D_P03_8_IN
 136 0070 00000000 	 .word IfxSent_SENT7A_P40_14_IN
 137 0074 00000000 	 .word IfxSent_SENT7B_P02_2_IN
 138 0078 00000000 	 .word IfxSent_SENT7C_P02_12_IN
 139 007c 00000000 	 .word IfxSent_SENT7D_P04_0_IN
 140 0080 00000000 	 .word 0
 141 0084 00000000 	 .word IfxSent_SENT8B_P33_3_IN
 142 0088 00000000 	 .word IfxSent_SENT8C_P10_10_IN
 143 008c 00000000 	 .word IfxSent_SENT8D_P04_8_IN
 144 0090 00000000 	 .word 0
 145 0094 00000000 	 .word IfxSent_SENT9B_P33_1_IN
 146 0098 00000000 	 .word IfxSent_SENT9C_P10_13_IN
 147 009c 00000000 	 .word IfxSent_SENT9D_P14_1_IN
 148 00a0 00000000 	 .word 0
 149 00a4 00000000 	 .word IfxSent_SENT10B_P02_9_IN
 150 00a8 00000000 	 .word IfxSent_SENT10C_P10_1_IN
 151 00ac 00000000 	 .word IfxSent_SENT10D_P35_0_IN
 152 00b0 00000000 	 .word 0
 153 00b4 00000000 	 .word IfxSent_SENT11B_P02_11_IN
 154 00b8 00000000 	 .word IfxSent_SENT11C_P04_7_IN
 155 00bc 00000000 	 .word IfxSent_SENT11D_P03_9_IN
 156 00c0 00000000 	 .word 0
 157 00c4 00000000 	 .word IfxSent_SENT12B_P33_6_IN
 158 00c8 00000000 	 .word IfxSent_SENT12C_P35_2_IN
 159 00cc 00000000 	 .word IfxSent_SENT12D_P34_1_IN
 160 00d0 00000000 	 .word IfxSent_SENT13A_P01_4_IN
 161 00d4 00000000 	 .word IfxSent_SENT13B_P10_0_IN
 162 00d8 00000000 	 .word IfxSent_SENT13C_P34_5_IN
 163 00dc 00000000 	 .word 0
 164 00e0 00000000 	 .word IfxSent_SENT14A_P02_1_IN
 165 00e4 00000000 	 .word IfxSent_SENT14B_P34_2_IN
 166 00e8 00000000 	 .word IfxSent_SENT14C_P31_7_IN
 167 00ec 00000000 	 .word 0
 168 00f0 00000000 	 .word IfxSent_SENT0A_P40_1_IN
 169 00f4 00000000 	 .word IfxSent_SENT0B_P00_2_IN
 170 00f8 00000000 	 .word IfxSent_SENT0C_P02_6_IN
 171 00fc 00000000 	 .word IfxSent_SENT0D_P20_7_IN
 172 0100 00000000 	 .word IfxSent_SENT1A_P40_3_IN
 173 0104 00000000 	 .word IfxSent_SENT1B_P00_4_IN
 174 0108 00000000 	 .word IfxSent_SENT1C_P02_5_IN
 175 010c 00000000 	 .word IfxSent_SENT1D_P20_0_IN
 176 0110 00000000 	 .word IfxSent_SENT2A_P40_5_IN
 177 0114 00000000 	 .word IfxSent_SENT2B_P00_6_IN
 178 0118 00000000 	 .word IfxSent_SENT2C_P33_5_IN
 179 011c 00000000 	 .word IfxSent_SENT2D_P21_3_IN
 180 0120 00000000 	 .word IfxSent_SENT3A_P40_7_IN
 181 0124 00000000 	 .word IfxSent_SENT3B_P00_8_IN
 182 0128 00000000 	 .word IfxSent_SENT3C_P01_9_IN
 183 012c 00000000 	 .word IfxSent_SENT3D_P20_6_IN
 184 0130 00000000 	 .word IfxSent_SENT4A_P40_9_IN
 185 0134 00000000 	 .word IfxSent_SENT4B_P00_10_IN
 186 0138 00000000 	 .word IfxSent_SENT4C_P01_10_IN
 187 013c 00000000 	 .word 0
 188 0140 00000000 	 .word IfxSent_SENT5A_P40_11_IN
 189 0144 00000000 	 .word IfxSent_SENT5B_P00_12_IN
 190 0148 00000000 	 .word IfxSent_SENT5C_P32_6_IN
 191 014c 00000000 	 .word IfxSent_SENT5D_P15_4_IN
 192 0150 00000000 	 .word IfxSent_SENT6A_P40_13_IN
 193 0154 00000000 	 .word IfxSent_SENT6B_P02_3_IN
 194 0158 00000000 	 .word IfxSent_SENT6C_P01_11_IN
 195 015c 00000000 	 .word 0
 196 0160 00000000 	 .word 0
 197 0164 00000000 	 .word IfxSent_SENT7B_P33_4_IN
 198 0168 00000000 	 .word IfxSent_SENT7C_P10_9_IN
 199 016c 00000000 	 .word IfxSent_SENT7D_P04_3_IN
 200 0170 00000000 	 .word 0
 201 0174 00000000 	 .word IfxSent_SENT8B_P33_2_IN
 202 0178 00000000 	 .word IfxSent_SENT8C_P10_14_IN
 203 017c 00000000 	 .word IfxSent_SENT8D_P14_0_IN
 204 0180 00000000 	 .word 0
 205 0184 00000000 	 .word IfxSent_SENT9B_P33_0_IN
 206 0188 00000000 	 .word IfxSent_SENT9C_P10_11_IN
 207 018c 00000000 	 .word 0
 208 0190 00000000 	 .word 0
 209 0194 00000000 	 .word IfxSent_SENT10B_P02_10_IN
 210 0198 00000000 	 .word IfxSent_SENT10C_P10_0_IN
 211 019c 00000000 	 .word 0
 212 01a0 00000000 	 .word 0
 213 01a4 00000000 	 .word IfxSent_SENT11B_P33_7_IN
 214 01a8 00000000 	 .word IfxSent_SENT11C_P35_1_IN
 215 01ac 00000000 	 .word IfxSent_SENT11D_P04_4_IN
 216 01b0 00000000 	 .word IfxSent_SENT12A_P01_3_IN
 217 01b4 00000000 	 .word IfxSent_SENT12B_P10_6_IN
 218 01b8 00000000 	 .word IfxSent_SENT12C_P04_9_IN
 219 01bc 00000000 	 .word 0
 220 01c0 00000000 	 .word IfxSent_SENT13A_P01_5_IN
 221 01c4 00000000 	 .word IfxSent_SENT13B_P34_4_IN
 222 01c8 00000000 	 .word 0
 223 01cc 00000000 	 .word IfxSent_SENT13D_P31_6_IN
 224 01d0 00000000 	 .word IfxSent_SENT14A_P10_8_IN
 225 01d4 00000000 	 .word IfxSent_SENT14B_P34_3_IN
 226 01d8 00000000 	 .word IfxSent_SENT14C_P35_5_IN
 227 01dc 00000000 	 .word IfxSent_SENT14D_P33_15_IN
 228              	 .global IfxSent_SPC9_P33_1_OUT
 229              	 .section .rodata.IfxSent_SPC9_P33_1_OUT,"a"
 230              	 .align 2
 233              	IfxSent_SPC9_P33_1_OUT:
 234 0000 003040F4 	 .word -197120000
 235 0004 09000000 	 .word 9
 236 0008 002404F0 	 .word -268164096
 237 000c 01       	 .byte 1
 238 000d 000000   	 .zero 3
 239 0010 71000000 	 .word 113
 240              	 .global IfxSent_SPC9_P33_0_OUT
 241              	 .section .rodata.IfxSent_SPC9_P33_0_OUT,"a"
 242              	 .align 2
 245              	IfxSent_SPC9_P33_0_OUT:
 246 0000 004040F4 	 .word -197115904
 247 0004 09000000 	 .word 9
 248 0008 002404F0 	 .word -268164096
 249 000c 00       	 .byte 0
 250 000d 000000   	 .zero 3
 251 0010 31000000 	 .word 49
 252              	 .global IfxSent_SPC8_P33_3_OUT
 253              	 .section .rodata.IfxSent_SPC8_P33_3_OUT,"a"
 254              	 .align 2
 257              	IfxSent_SPC8_P33_3_OUT:
 258 0000 003040F4 	 .word -197120000
 259 0004 08000000 	 .word 8
 260 0008 002404F0 	 .word -268164096
 261 000c 03       	 .byte 3
 262 000d 000000   	 .zero 3
 263 0010 81000000 	 .word 129
 264              	 .global IfxSent_SPC8_P33_2_OUT
 265              	 .section .rodata.IfxSent_SPC8_P33_2_OUT,"a"
 266              	 .align 2
 269              	IfxSent_SPC8_P33_2_OUT:
 270 0000 004040F4 	 .word -197115904
 271 0004 08000000 	 .word 8
 272 0008 002404F0 	 .word -268164096
 273 000c 02       	 .byte 2
 274 000d 000000   	 .zero 3
 275 0010 81000000 	 .word 129
 276              	 .global IfxSent_SPC8_P04_8_OUT
 277              	 .section .rodata.IfxSent_SPC8_P04_8_OUT,"a"
 278              	 .align 2
 281              	IfxSent_SPC8_P04_8_OUT:
 282 0000 003040F4 	 .word -197120000
 283 0004 08000000 	 .word 8
 284 0008 00B003F0 	 .word -268193792
 285 000c 08       	 .byte 8
 286 000d 000000   	 .zero 3
 287 0010 31000000 	 .word 49
 288              	 .global IfxSent_SPC7_P33_4_OUT
 289              	 .section .rodata.IfxSent_SPC7_P33_4_OUT,"a"
 290              	 .align 2
 293              	IfxSent_SPC7_P33_4_OUT:
 294 0000 004040F4 	 .word -197115904
 295 0004 07000000 	 .word 7
 296 0008 002404F0 	 .word -268164096
 297 000c 04       	 .byte 4
 298 000d 000000   	 .zero 3
 299 0010 81000000 	 .word 129
 300              	 .global IfxSent_SPC7_P04_3_OUT
 301              	 .section .rodata.IfxSent_SPC7_P04_3_OUT,"a"
 302              	 .align 2
 305              	IfxSent_SPC7_P04_3_OUT:
 306 0000 004040F4 	 .word -197115904
 307 0004 07000000 	 .word 7
 308 0008 00B003F0 	 .word -268193792
 309 000c 03       	 .byte 3
 310 000d 000000   	 .zero 3
 311 0010 31000000 	 .word 49
 312              	 .global IfxSent_SPC7_P04_0_OUT
 313              	 .section .rodata.IfxSent_SPC7_P04_0_OUT,"a"
 314              	 .align 2
 317              	IfxSent_SPC7_P04_0_OUT:
 318 0000 003040F4 	 .word -197120000
 319 0004 07000000 	 .word 7
 320 0008 00B003F0 	 .word -268193792
 321 000c 00       	 .byte 0
 322 000d 000000   	 .zero 3
 323 0010 31000000 	 .word 49
 324              	 .global IfxSent_SPC7_P02_12_OUT
 325              	 .section .rodata.IfxSent_SPC7_P02_12_OUT,"a"
 326              	 .align 2
 329              	IfxSent_SPC7_P02_12_OUT:
 330 0000 003040F4 	 .word -197120000
 331 0004 07000000 	 .word 7
 332 0008 00A803F0 	 .word -268195840
 333 000c 0C       	 .byte 12
 334 000d 000000   	 .zero 3
 335 0010 61000000 	 .word 97
 336              	 .global IfxSent_SPC6_P32_7_OUT
 337              	 .section .rodata.IfxSent_SPC6_P32_7_OUT,"a"
 338              	 .align 2
 341              	IfxSent_SPC6_P32_7_OUT:
 342 0000 003040F4 	 .word -197120000
 343 0004 06000000 	 .word 6
 344 0008 002004F0 	 .word -268165120
 345 000c 07       	 .byte 7
 346 000d 000000   	 .zero 3
 347 0010 31000000 	 .word 49
 348              	 .global IfxSent_SPC6_P03_8_OUT
 349              	 .section .rodata.IfxSent_SPC6_P03_8_OUT,"a"
 350              	 .align 2
 353              	IfxSent_SPC6_P03_8_OUT:
 354 0000 003040F4 	 .word -197120000
 355 0004 06000000 	 .word 6
 356 0008 00AC03F0 	 .word -268194816
 357 000c 08       	 .byte 8
 358 000d 000000   	 .zero 3
 359 0010 61000000 	 .word 97
 360              	 .global IfxSent_SPC6_P01_11_OUT
 361              	 .section .rodata.IfxSent_SPC6_P01_11_OUT,"a"
 362              	 .align 2
 365              	IfxSent_SPC6_P01_11_OUT:
 366 0000 004040F4 	 .word -197115904
 367 0004 06000000 	 .word 6
 368 0008 00A403F0 	 .word -268196864
 369 000c 0B       	 .byte 11
 370 000d 000000   	 .zero 3
 371 0010 31000000 	 .word 49
 372              	 .global IfxSent_SPC5_P32_6_OUT
 373              	 .section .rodata.IfxSent_SPC5_P32_6_OUT,"a"
 374              	 .align 2
 377              	IfxSent_SPC5_P32_6_OUT:
 378 0000 004040F4 	 .word -197115904
 379 0004 05000000 	 .word 5
 380 0008 002004F0 	 .word -268165120
 381 000c 06       	 .byte 6
 382 000d 000000   	 .zero 3
 383 0010 31000000 	 .word 49
 384              	 .global IfxSent_SPC5_P32_5_OUT
 385              	 .section .rodata.IfxSent_SPC5_P32_5_OUT,"a"
 386              	 .align 2
 389              	IfxSent_SPC5_P32_5_OUT:
 390 0000 003040F4 	 .word -197120000
 391 0004 05000000 	 .word 5
 392 0008 002004F0 	 .word -268165120
 393 000c 05       	 .byte 5
 394 000d 000000   	 .zero 3
 395 0010 31000000 	 .word 49
 396              	 .global IfxSent_SPC4_P04_1_OUT
 397              	 .section .rodata.IfxSent_SPC4_P04_1_OUT,"a"
 398              	 .align 2
 401              	IfxSent_SPC4_P04_1_OUT:
 402 0000 003040F4 	 .word -197120000
 403 0004 04000000 	 .word 4
 404 0008 00B003F0 	 .word -268193792
 405 000c 01       	 .byte 1
 406 000d 000000   	 .zero 3
 407 0010 31000000 	 .word 49
 408              	 .global IfxSent_SPC4_P01_8_OUT
 409              	 .section .rodata.IfxSent_SPC4_P01_8_OUT,"a"
 410              	 .align 2
 413              	IfxSent_SPC4_P01_8_OUT:
 414 0000 003040F4 	 .word -197120000
 415 0004 04000000 	 .word 4
 416 0008 00A403F0 	 .word -268196864
 417 000c 08       	 .byte 8
 418 000d 000000   	 .zero 3
 419 0010 21000000 	 .word 33
 420              	 .global IfxSent_SPC4_P01_10_OUT
 421              	 .section .rodata.IfxSent_SPC4_P01_10_OUT,"a"
 422              	 .align 2
 425              	IfxSent_SPC4_P01_10_OUT:
 426 0000 004040F4 	 .word -197115904
 427 0004 04000000 	 .word 4
 428 0008 00A403F0 	 .word -268196864
 429 000c 0A       	 .byte 10
 430 000d 000000   	 .zero 3
 431 0010 31000000 	 .word 49
 432              	 .global IfxSent_SPC4_P00_9_OUT
 433              	 .section .rodata.IfxSent_SPC4_P00_9_OUT,"a"
 434              	 .align 2
 437              	IfxSent_SPC4_P00_9_OUT:
 438 0000 003040F4 	 .word -197120000
 439 0004 04000000 	 .word 4
 440 0008 00A003F0 	 .word -268197888
 441 000c 09       	 .byte 9
 442 000d 000000   	 .zero 3
 443 0010 61000000 	 .word 97
 444              	 .global IfxSent_SPC4_P00_10_OUT
 445              	 .section .rodata.IfxSent_SPC4_P00_10_OUT,"a"
 446              	 .align 2
 449              	IfxSent_SPC4_P00_10_OUT:
 450 0000 004040F4 	 .word -197115904
 451 0004 04000000 	 .word 4
 452 0008 00A003F0 	 .word -268197888
 453 000c 0A       	 .byte 10
 454 000d 000000   	 .zero 3
 455 0010 61000000 	 .word 97
 456              	 .global IfxSent_SPC3_P20_6_OUT
 457              	 .section .rodata.IfxSent_SPC3_P20_6_OUT,"a"
 458              	 .align 2
 461              	IfxSent_SPC3_P20_6_OUT:
 462 0000 004040F4 	 .word -197115904
 463 0004 03000000 	 .word 3
 464 0008 00F003F0 	 .word -268177408
 465 000c 06       	 .byte 6
 466 000d 000000   	 .zero 3
 467 0010 61000000 	 .word 97
 468              	 .global IfxSent_SPC3_P20_3_OUT
 469              	 .section .rodata.IfxSent_SPC3_P20_3_OUT,"a"
 470              	 .align 2
 473              	IfxSent_SPC3_P20_3_OUT:
 474 0000 003040F4 	 .word -197120000
 475 0004 03000000 	 .word 3
 476 0008 00F003F0 	 .word -268177408
 477 000c 03       	 .byte 3
 478 000d 000000   	 .zero 3
 479 0010 81000000 	 .word 129
 480              	 .global IfxSent_SPC3_P00_8_OUT
 481              	 .section .rodata.IfxSent_SPC3_P00_8_OUT,"a"
 482              	 .align 2
 485              	IfxSent_SPC3_P00_8_OUT:
 486 0000 004040F4 	 .word -197115904
 487 0004 03000000 	 .word 3
 488 0008 00A003F0 	 .word -268197888
 489 000c 08       	 .byte 8
 490 000d 000000   	 .zero 3
 491 0010 61000000 	 .word 97
 492              	 .global IfxSent_SPC3_P00_7_OUT
 493              	 .section .rodata.IfxSent_SPC3_P00_7_OUT,"a"
 494              	 .align 2
 497              	IfxSent_SPC3_P00_7_OUT:
 498 0000 003040F4 	 .word -197120000
 499 0004 03000000 	 .word 3
 500 0008 00A003F0 	 .word -268197888
 501 000c 07       	 .byte 7
 502 000d 000000   	 .zero 3
 503 0010 61000000 	 .word 97
 504              	 .global IfxSent_SPC2_P21_3_OUT
 505              	 .section .rodata.IfxSent_SPC2_P21_3_OUT,"a"
 506              	 .align 2
 509              	IfxSent_SPC2_P21_3_OUT:
 510 0000 004040F4 	 .word -197115904
 511 0004 02000000 	 .word 2
 512 0008 00F403F0 	 .word -268176384
 513 000c 03       	 .byte 3
 514 000d 000000   	 .zero 3
 515 0010 41000000 	 .word 65
 516              	 .global IfxSent_SPC2_P21_2_OUT
 517              	 .section .rodata.IfxSent_SPC2_P21_2_OUT,"a"
 518              	 .align 2
 521              	IfxSent_SPC2_P21_2_OUT:
 522 0000 003040F4 	 .word -197120000
 523 0004 02000000 	 .word 2
 524 0008 00F403F0 	 .word -268176384
 525 000c 02       	 .byte 2
 526 000d 000000   	 .zero 3
 527 0010 41000000 	 .word 65
 528              	 .global IfxSent_SPC2_P00_6_OUT
 529              	 .section .rodata.IfxSent_SPC2_P00_6_OUT,"a"
 530              	 .align 2
 533              	IfxSent_SPC2_P00_6_OUT:
 534 0000 004040F4 	 .word -197115904
 535 0004 02000000 	 .word 2
 536 0008 00A003F0 	 .word -268197888
 537 000c 06       	 .byte 6
 538 000d 000000   	 .zero 3
 539 0010 61000000 	 .word 97
 540              	 .global IfxSent_SPC2_P00_5_OUT
 541              	 .section .rodata.IfxSent_SPC2_P00_5_OUT,"a"
 542              	 .align 2
 545              	IfxSent_SPC2_P00_5_OUT:
 546 0000 003040F4 	 .word -197120000
 547 0004 02000000 	 .word 2
 548 0008 00A003F0 	 .word -268197888
 549 000c 05       	 .byte 5
 550 000d 000000   	 .zero 3
 551 0010 61000000 	 .word 97
 552              	 .global IfxSent_SPC1_P21_5_OUT
 553              	 .section .rodata.IfxSent_SPC1_P21_5_OUT,"a"
 554              	 .align 2
 557              	IfxSent_SPC1_P21_5_OUT:
 558 0000 003040F4 	 .word -197120000
 559 0004 01000000 	 .word 1
 560 0008 00F403F0 	 .word -268176384
 561 000c 05       	 .byte 5
 562 000d 000000   	 .zero 3
 563 0010 41000000 	 .word 65
 564              	 .global IfxSent_SPC1_P20_0_OUT
 565              	 .section .rodata.IfxSent_SPC1_P20_0_OUT,"a"
 566              	 .align 2
 569              	IfxSent_SPC1_P20_0_OUT:
 570 0000 004040F4 	 .word -197115904
 571 0004 01000000 	 .word 1
 572 0008 00F003F0 	 .word -268177408
 573 000c 00       	 .byte 0
 574 000d 000000   	 .zero 3
 575 0010 41000000 	 .word 65
 576              	 .global IfxSent_SPC1_P00_4_OUT
 577              	 .section .rodata.IfxSent_SPC1_P00_4_OUT,"a"
 578              	 .align 2
 581              	IfxSent_SPC1_P00_4_OUT:
 582 0000 004040F4 	 .word -197115904
 583 0004 01000000 	 .word 1
 584 0008 00A003F0 	 .word -268197888
 585 000c 04       	 .byte 4
 586 000d 000000   	 .zero 3
 587 0010 61000000 	 .word 97
 588              	 .global IfxSent_SPC1_P00_3_OUT
 589              	 .section .rodata.IfxSent_SPC1_P00_3_OUT,"a"
 590              	 .align 2
 593              	IfxSent_SPC1_P00_3_OUT:
 594 0000 003040F4 	 .word -197120000
 595 0004 01000000 	 .word 1
 596 0008 00A003F0 	 .word -268197888
 597 000c 03       	 .byte 3
 598 000d 000000   	 .zero 3
 599 0010 41000000 	 .word 65
 600              	 .global IfxSent_SPC14_P35_5_OUT
 601              	 .section .rodata.IfxSent_SPC14_P35_5_OUT,"a"
 602              	 .align 2
 605              	IfxSent_SPC14_P35_5_OUT:
 606 0000 004040F4 	 .word -197115904
 607 0004 0E000000 	 .word 14
 608 0008 002C04F0 	 .word -268162048
 609 000c 05       	 .byte 5
 610 000d 000000   	 .zero 3
 611 0010 31000000 	 .word 49
 612              	 .global IfxSent_SPC14_P33_15_OUT
 613              	 .section .rodata.IfxSent_SPC14_P33_15_OUT,"a"
 614              	 .align 2
 617              	IfxSent_SPC14_P33_15_OUT:
 618 0000 004040F4 	 .word -197115904
 619 0004 0E000000 	 .word 14
 620 0008 002404F0 	 .word -268164096
 621 000c 0F       	 .byte 15
 622 000d 000000   	 .zero 3
 623 0010 81000000 	 .word 129
 624              	 .global IfxSent_SPC14_P31_7_OUT
 625              	 .section .rodata.IfxSent_SPC14_P31_7_OUT,"a"
 626              	 .align 2
 629              	IfxSent_SPC14_P31_7_OUT:
 630 0000 003040F4 	 .word -197120000
 631 0004 0E000000 	 .word 14
 632 0008 001C04F0 	 .word -268166144
 633 000c 07       	 .byte 7
 634 000d 000000   	 .zero 3
 635 0010 21000000 	 .word 33
 636              	 .global IfxSent_SPC13_P34_5_OUT
 637              	 .section .rodata.IfxSent_SPC13_P34_5_OUT,"a"
 638              	 .align 2
 641              	IfxSent_SPC13_P34_5_OUT:
 642 0000 003040F4 	 .word -197120000
 643 0004 0D000000 	 .word 13
 644 0008 002804F0 	 .word -268163072
 645 000c 05       	 .byte 5
 646 000d 000000   	 .zero 3
 647 0010 71000000 	 .word 113
 648              	 .global IfxSent_SPC13_P31_6_OUT
 649              	 .section .rodata.IfxSent_SPC13_P31_6_OUT,"a"
 650              	 .align 2
 653              	IfxSent_SPC13_P31_6_OUT:
 654 0000 004040F4 	 .word -197115904
 655 0004 0D000000 	 .word 13
 656 0008 001C04F0 	 .word -268166144
 657 000c 06       	 .byte 6
 658 000d 000000   	 .zero 3
 659 0010 21000000 	 .word 33
 660              	 .global IfxSent_SPC12_P35_2_OUT
 661              	 .section .rodata.IfxSent_SPC12_P35_2_OUT,"a"
 662              	 .align 2
 665              	IfxSent_SPC12_P35_2_OUT:
 666 0000 004040F4 	 .word -197115904
 667 0004 0C000000 	 .word 12
 668 0008 002C04F0 	 .word -268162048
 669 000c 02       	 .byte 2
 670 000d 000000   	 .zero 3
 671 0010 31000000 	 .word 49
 672              	 .global IfxSent_SPC12_P34_1_OUT
 673              	 .section .rodata.IfxSent_SPC12_P34_1_OUT,"a"
 674              	 .align 2
 677              	IfxSent_SPC12_P34_1_OUT:
 678 0000 003040F4 	 .word -197120000
 679 0004 0C000000 	 .word 12
 680 0008 002804F0 	 .word -268163072
 681 000c 01       	 .byte 1
 682 000d 000000   	 .zero 3
 683 0010 71000000 	 .word 113
 684              	 .global IfxSent_SPC12_P33_6_OUT
 685              	 .section .rodata.IfxSent_SPC12_P33_6_OUT,"a"
 686              	 .align 2
 689              	IfxSent_SPC12_P33_6_OUT:
 690 0000 003040F4 	 .word -197120000
 691 0004 0C000000 	 .word 12
 692 0008 002404F0 	 .word -268164096
 693 000c 06       	 .byte 6
 694 000d 000000   	 .zero 3
 695 0010 81000000 	 .word 129
 696              	 .global IfxSent_SPC12_P04_9_OUT
 697              	 .section .rodata.IfxSent_SPC12_P04_9_OUT,"a"
 698              	 .align 2
 701              	IfxSent_SPC12_P04_9_OUT:
 702 0000 004040F4 	 .word -197115904
 703 0004 0C000000 	 .word 12
 704 0008 00B003F0 	 .word -268193792
 705 000c 09       	 .byte 9
 706 000d 000000   	 .zero 3
 707 0010 31000000 	 .word 49
 708              	 .global IfxSent_SPC11_P35_1_OUT
 709              	 .section .rodata.IfxSent_SPC11_P35_1_OUT,"a"
 710              	 .align 2
 713              	IfxSent_SPC11_P35_1_OUT:
 714 0000 004040F4 	 .word -197115904
 715 0004 0B000000 	 .word 11
 716 0008 002C04F0 	 .word -268162048
 717 000c 01       	 .byte 1
 718 000d 000000   	 .zero 3
 719 0010 31000000 	 .word 49
 720              	 .global IfxSent_SPC11_P33_7_OUT
 721              	 .section .rodata.IfxSent_SPC11_P33_7_OUT,"a"
 722              	 .align 2
 725              	IfxSent_SPC11_P33_7_OUT:
 726 0000 004040F4 	 .word -197115904
 727 0004 0B000000 	 .word 11
 728 0008 002404F0 	 .word -268164096
 729 000c 07       	 .byte 7
 730 000d 000000   	 .zero 3
 731 0010 81000000 	 .word 129
 732              	 .global IfxSent_SPC11_P04_7_OUT
 733              	 .section .rodata.IfxSent_SPC11_P04_7_OUT,"a"
 734              	 .align 2
 737              	IfxSent_SPC11_P04_7_OUT:
 738 0000 003040F4 	 .word -197120000
 739 0004 0B000000 	 .word 11
 740 0008 00B003F0 	 .word -268193792
 741 000c 07       	 .byte 7
 742 000d 000000   	 .zero 3
 743 0010 31000000 	 .word 49
 744              	 .global IfxSent_SPC11_P03_9_OUT
 745              	 .section .rodata.IfxSent_SPC11_P03_9_OUT,"a"
 746              	 .align 2
 749              	IfxSent_SPC11_P03_9_OUT:
 750 0000 003040F4 	 .word -197120000
 751 0004 0B000000 	 .word 11
 752 0008 00AC03F0 	 .word -268194816
 753 000c 09       	 .byte 9
 754 000d 000000   	 .zero 3
 755 0010 61000000 	 .word 97
 756              	 .global IfxSent_SPC11_P02_11_OUT
 757              	 .section .rodata.IfxSent_SPC11_P02_11_OUT,"a"
 758              	 .align 2
 761              	IfxSent_SPC11_P02_11_OUT:
 762 0000 003040F4 	 .word -197120000
 763 0004 0B000000 	 .word 11
 764 0008 00A803F0 	 .word -268195840
 765 000c 0B       	 .byte 11
 766 000d 000000   	 .zero 3
 767 0010 61000000 	 .word 97
 768              	 .global IfxSent_SPC10_P35_0_OUT
 769              	 .section .rodata.IfxSent_SPC10_P35_0_OUT,"a"
 770              	 .align 2
 773              	IfxSent_SPC10_P35_0_OUT:
 774 0000 003040F4 	 .word -197120000
 775 0004 0A000000 	 .word 10
 776 0008 002C04F0 	 .word -268162048
 777 000c 00       	 .byte 0
 778 000d 000000   	 .zero 3
 779 0010 31000000 	 .word 49
 780              	 .global IfxSent_SPC10_P02_9_OUT
 781              	 .section .rodata.IfxSent_SPC10_P02_9_OUT,"a"
 782              	 .align 2
 785              	IfxSent_SPC10_P02_9_OUT:
 786 0000 003040F4 	 .word -197120000
 787 0004 0A000000 	 .word 10
 788 0008 00A803F0 	 .word -268195840
 789 000c 09       	 .byte 9
 790 000d 000000   	 .zero 3
 791 0010 61000000 	 .word 97
 792              	 .global IfxSent_SPC10_P02_10_OUT
 793              	 .section .rodata.IfxSent_SPC10_P02_10_OUT,"a"
 794              	 .align 2
 797              	IfxSent_SPC10_P02_10_OUT:
 798 0000 004040F4 	 .word -197115904
 799 0004 0A000000 	 .word 10
 800 0008 00A803F0 	 .word -268195840
 801 000c 0A       	 .byte 10
 802 000d 000000   	 .zero 3
 803 0010 61000000 	 .word 97
 804              	 .global IfxSent_SPC0_P21_4_OUT
 805              	 .section .rodata.IfxSent_SPC0_P21_4_OUT,"a"
 806              	 .align 2
 809              	IfxSent_SPC0_P21_4_OUT:
 810 0000 003040F4 	 .word -197120000
 811 0004 00000000 	 .word 0
 812 0008 00F403F0 	 .word -268176384
 813 000c 04       	 .byte 4
 814 000d 000000   	 .zero 3
 815 0010 41000000 	 .word 65
 816              	 .global IfxSent_SPC0_P20_7_OUT
 817              	 .section .rodata.IfxSent_SPC0_P20_7_OUT,"a"
 818              	 .align 2
 821              	IfxSent_SPC0_P20_7_OUT:
 822 0000 004040F4 	 .word -197115904
 823 0004 00000000 	 .word 0
 824 0008 00F003F0 	 .word -268177408
 825 000c 07       	 .byte 7
 826 000d 000000   	 .zero 3
 827 0010 61000000 	 .word 97
 828              	 .global IfxSent_SPC0_P02_7_OUT
 829              	 .section .rodata.IfxSent_SPC0_P02_7_OUT,"a"
 830              	 .align 2
 833              	IfxSent_SPC0_P02_7_OUT:
 834 0000 004040F4 	 .word -197115904
 835 0004 00000000 	 .word 0
 836 0008 00A803F0 	 .word -268195840
 837 000c 07       	 .byte 7
 838 000d 000000   	 .zero 3
 839 0010 61000000 	 .word 97
 840              	 .global IfxSent_SPC0_P00_1_OUT
 841              	 .section .rodata.IfxSent_SPC0_P00_1_OUT,"a"
 842              	 .align 2
 845              	IfxSent_SPC0_P00_1_OUT:
 846 0000 003040F4 	 .word -197120000
 847 0004 00000000 	 .word 0
 848 0008 00A003F0 	 .word -268197888
 849 000c 01       	 .byte 1
 850 000d 000000   	 .zero 3
 851 0010 31000000 	 .word 49
 852              	 .global IfxSent_SENT9D_P14_1_IN
 853              	 .section .rodata.IfxSent_SENT9D_P14_1_IN,"a"
 854              	 .align 2
 857              	IfxSent_SENT9D_P14_1_IN:
 858 0000 003040F4 	 .word -197120000
 859 0004 09000000 	 .word 9
 860 0008 00D803F0 	 .word -268183552
 861 000c 01       	 .byte 1
 862 000d 000000   	 .zero 3
 863 0010 03000000 	 .word 3
 864              	 .global IfxSent_SENT9C_P10_13_IN
 865              	 .section .rodata.IfxSent_SENT9C_P10_13_IN,"a"
 866              	 .align 2
 869              	IfxSent_SENT9C_P10_13_IN:
 870 0000 003040F4 	 .word -197120000
 871 0004 09000000 	 .word 9
 872 0008 00C803F0 	 .word -268187648
 873 000c 0D       	 .byte 13
 874 000d 000000   	 .zero 3
 875 0010 02000000 	 .word 2
 876              	 .global IfxSent_SENT9C_P10_11_IN
 877              	 .section .rodata.IfxSent_SENT9C_P10_11_IN,"a"
 878              	 .align 2
 881              	IfxSent_SENT9C_P10_11_IN:
 882 0000 004040F4 	 .word -197115904
 883 0004 09000000 	 .word 9
 884 0008 00C803F0 	 .word -268187648
 885 000c 0B       	 .byte 11
 886 000d 000000   	 .zero 3
 887 0010 02000000 	 .word 2
 888              	 .global IfxSent_SENT9B_P33_1_IN
 889              	 .section .rodata.IfxSent_SENT9B_P33_1_IN,"a"
 890              	 .align 2
 893              	IfxSent_SENT9B_P33_1_IN:
 894 0000 003040F4 	 .word -197120000
 895 0004 09000000 	 .word 9
 896 0008 002404F0 	 .word -268164096
 897 000c 01       	 .byte 1
 898 000d 000000   	 .zero 3
 899 0010 01000000 	 .word 1
 900              	 .global IfxSent_SENT9B_P33_0_IN
 901              	 .section .rodata.IfxSent_SENT9B_P33_0_IN,"a"
 902              	 .align 2
 905              	IfxSent_SENT9B_P33_0_IN:
 906 0000 004040F4 	 .word -197115904
 907 0004 09000000 	 .word 9
 908 0008 002404F0 	 .word -268164096
 909 000c 00       	 .byte 0
 910 000d 000000   	 .zero 3
 911 0010 01000000 	 .word 1
 912              	 .global IfxSent_SENT8D_P14_0_IN
 913              	 .section .rodata.IfxSent_SENT8D_P14_0_IN,"a"
 914              	 .align 2
 917              	IfxSent_SENT8D_P14_0_IN:
 918 0000 004040F4 	 .word -197115904
 919 0004 08000000 	 .word 8
 920 0008 00D803F0 	 .word -268183552
 921 000c 00       	 .byte 0
 922 000d 000000   	 .zero 3
 923 0010 03000000 	 .word 3
 924              	 .global IfxSent_SENT8D_P04_8_IN
 925              	 .section .rodata.IfxSent_SENT8D_P04_8_IN,"a"
 926              	 .align 2
 929              	IfxSent_SENT8D_P04_8_IN:
 930 0000 003040F4 	 .word -197120000
 931 0004 08000000 	 .word 8
 932 0008 00B003F0 	 .word -268193792
 933 000c 08       	 .byte 8
 934 000d 000000   	 .zero 3
 935 0010 03000000 	 .word 3
 936              	 .global IfxSent_SENT8C_P10_14_IN
 937              	 .section .rodata.IfxSent_SENT8C_P10_14_IN,"a"
 938              	 .align 2
 941              	IfxSent_SENT8C_P10_14_IN:
 942 0000 004040F4 	 .word -197115904
 943 0004 08000000 	 .word 8
 944 0008 00C803F0 	 .word -268187648
 945 000c 0E       	 .byte 14
 946 000d 000000   	 .zero 3
 947 0010 02000000 	 .word 2
 948              	 .global IfxSent_SENT8C_P10_10_IN
 949              	 .section .rodata.IfxSent_SENT8C_P10_10_IN,"a"
 950              	 .align 2
 953              	IfxSent_SENT8C_P10_10_IN:
 954 0000 003040F4 	 .word -197120000
 955 0004 08000000 	 .word 8
 956 0008 00C803F0 	 .word -268187648
 957 000c 0A       	 .byte 10
 958 000d 000000   	 .zero 3
 959 0010 02000000 	 .word 2
 960              	 .global IfxSent_SENT8B_P33_3_IN
 961              	 .section .rodata.IfxSent_SENT8B_P33_3_IN,"a"
 962              	 .align 2
 965              	IfxSent_SENT8B_P33_3_IN:
 966 0000 003040F4 	 .word -197120000
 967 0004 08000000 	 .word 8
 968 0008 002404F0 	 .word -268164096
 969 000c 03       	 .byte 3
 970 000d 000000   	 .zero 3
 971 0010 01000000 	 .word 1
 972              	 .global IfxSent_SENT8B_P33_2_IN
 973              	 .section .rodata.IfxSent_SENT8B_P33_2_IN,"a"
 974              	 .align 2
 977              	IfxSent_SENT8B_P33_2_IN:
 978 0000 004040F4 	 .word -197115904
 979 0004 08000000 	 .word 8
 980 0008 002404F0 	 .word -268164096
 981 000c 02       	 .byte 2
 982 000d 000000   	 .zero 3
 983 0010 01000000 	 .word 1
 984              	 .global IfxSent_SENT7D_P04_3_IN
 985              	 .section .rodata.IfxSent_SENT7D_P04_3_IN,"a"
 986              	 .align 2
 989              	IfxSent_SENT7D_P04_3_IN:
 990 0000 004040F4 	 .word -197115904
 991 0004 07000000 	 .word 7
 992 0008 00B003F0 	 .word -268193792
 993 000c 03       	 .byte 3
 994 000d 000000   	 .zero 3
 995 0010 03000000 	 .word 3
 996              	 .global IfxSent_SENT7D_P04_0_IN
 997              	 .section .rodata.IfxSent_SENT7D_P04_0_IN,"a"
 998              	 .align 2
 1001              	IfxSent_SENT7D_P04_0_IN:
 1002 0000 003040F4 	 .word -197120000
 1003 0004 07000000 	 .word 7
 1004 0008 00B003F0 	 .word -268193792
 1005 000c 00       	 .byte 0
 1006 000d 000000   	 .zero 3
 1007 0010 03000000 	 .word 3
 1008              	 .global IfxSent_SENT7C_P10_9_IN
 1009              	 .section .rodata.IfxSent_SENT7C_P10_9_IN,"a"
 1010              	 .align 2
 1013              	IfxSent_SENT7C_P10_9_IN:
 1014 0000 004040F4 	 .word -197115904
 1015 0004 07000000 	 .word 7
 1016 0008 00C803F0 	 .word -268187648
 1017 000c 09       	 .byte 9
 1018 000d 000000   	 .zero 3
 1019 0010 02000000 	 .word 2
 1020              	 .global IfxSent_SENT7C_P02_12_IN
 1021              	 .section .rodata.IfxSent_SENT7C_P02_12_IN,"a"
 1022              	 .align 2
 1025              	IfxSent_SENT7C_P02_12_IN:
 1026 0000 003040F4 	 .word -197120000
 1027 0004 07000000 	 .word 7
 1028 0008 00A803F0 	 .word -268195840
 1029 000c 0C       	 .byte 12
 1030 000d 000000   	 .zero 3
 1031 0010 02000000 	 .word 2
 1032              	 .global IfxSent_SENT7B_P33_4_IN
 1033              	 .section .rodata.IfxSent_SENT7B_P33_4_IN,"a"
 1034              	 .align 2
 1037              	IfxSent_SENT7B_P33_4_IN:
 1038 0000 004040F4 	 .word -197115904
 1039 0004 07000000 	 .word 7
 1040 0008 002404F0 	 .word -268164096
 1041 000c 04       	 .byte 4
 1042 000d 000000   	 .zero 3
 1043 0010 01000000 	 .word 1
 1044              	 .global IfxSent_SENT7B_P02_2_IN
 1045              	 .section .rodata.IfxSent_SENT7B_P02_2_IN,"a"
 1046              	 .align 2
 1049              	IfxSent_SENT7B_P02_2_IN:
 1050 0000 003040F4 	 .word -197120000
 1051 0004 07000000 	 .word 7
 1052 0008 00A803F0 	 .word -268195840
 1053 000c 02       	 .byte 2
 1054 000d 000000   	 .zero 3
 1055 0010 01000000 	 .word 1
 1056              	 .global IfxSent_SENT7A_P40_14_IN
 1057              	 .section .rodata.IfxSent_SENT7A_P40_14_IN,"a"
 1058              	 .align 2
 1061              	IfxSent_SENT7A_P40_14_IN:
 1062 0000 003040F4 	 .word -197120000
 1063 0004 07000000 	 .word 7
 1064 0008 004004F0 	 .word -268156928
 1065 000c 0E       	 .byte 14
 1066 000d 000000   	 .zero 3
 1067 0010 00000000 	 .word 0
 1068              	 .global IfxSent_SENT6D_P03_8_IN
 1069              	 .section .rodata.IfxSent_SENT6D_P03_8_IN,"a"
 1070              	 .align 2
 1073              	IfxSent_SENT6D_P03_8_IN:
 1074 0000 003040F4 	 .word -197120000
 1075 0004 06000000 	 .word 6
 1076 0008 00AC03F0 	 .word -268194816
 1077 000c 08       	 .byte 8
 1078 000d 000000   	 .zero 3
 1079 0010 03000000 	 .word 3
 1080              	 .global IfxSent_SENT6C_P32_7_IN
 1081              	 .section .rodata.IfxSent_SENT6C_P32_7_IN,"a"
 1082              	 .align 2
 1085              	IfxSent_SENT6C_P32_7_IN:
 1086 0000 003040F4 	 .word -197120000
 1087 0004 06000000 	 .word 6
 1088 0008 002004F0 	 .word -268165120
 1089 000c 07       	 .byte 7
 1090 000d 000000   	 .zero 3
 1091 0010 02000000 	 .word 2
 1092              	 .global IfxSent_SENT6C_P01_11_IN
 1093              	 .section .rodata.IfxSent_SENT6C_P01_11_IN,"a"
 1094              	 .align 2
 1097              	IfxSent_SENT6C_P01_11_IN:
 1098 0000 004040F4 	 .word -197115904
 1099 0004 06000000 	 .word 6
 1100 0008 00A403F0 	 .word -268196864
 1101 000c 0B       	 .byte 11
 1102 000d 000000   	 .zero 3
 1103 0010 02000000 	 .word 2
 1104              	 .global IfxSent_SENT6B_P02_4_IN
 1105              	 .section .rodata.IfxSent_SENT6B_P02_4_IN,"a"
 1106              	 .align 2
 1109              	IfxSent_SENT6B_P02_4_IN:
 1110 0000 003040F4 	 .word -197120000
 1111 0004 06000000 	 .word 6
 1112 0008 00A803F0 	 .word -268195840
 1113 000c 04       	 .byte 4
 1114 000d 000000   	 .zero 3
 1115 0010 01000000 	 .word 1
 1116              	 .global IfxSent_SENT6B_P02_3_IN
 1117              	 .section .rodata.IfxSent_SENT6B_P02_3_IN,"a"
 1118              	 .align 2
 1121              	IfxSent_SENT6B_P02_3_IN:
 1122 0000 004040F4 	 .word -197115904
 1123 0004 06000000 	 .word 6
 1124 0008 00A803F0 	 .word -268195840
 1125 000c 03       	 .byte 3
 1126 000d 000000   	 .zero 3
 1127 0010 01000000 	 .word 1
 1128              	 .global IfxSent_SENT6A_P40_13_IN
 1129              	 .section .rodata.IfxSent_SENT6A_P40_13_IN,"a"
 1130              	 .align 2
 1133              	IfxSent_SENT6A_P40_13_IN:
 1134 0000 004040F4 	 .word -197115904
 1135 0004 06000000 	 .word 6
 1136 0008 004004F0 	 .word -268156928
 1137 000c 0D       	 .byte 13
 1138 000d 000000   	 .zero 3
 1139 0010 00000000 	 .word 0
 1140              	 .global IfxSent_SENT6A_P40_12_IN
 1141              	 .section .rodata.IfxSent_SENT6A_P40_12_IN,"a"
 1142              	 .align 2
 1145              	IfxSent_SENT6A_P40_12_IN:
 1146 0000 003040F4 	 .word -197120000
 1147 0004 06000000 	 .word 6
 1148 0008 004004F0 	 .word -268156928
 1149 000c 0C       	 .byte 12
 1150 000d 000000   	 .zero 3
 1151 0010 00000000 	 .word 0
 1152              	 .global IfxSent_SENT5D_P15_4_IN
 1153              	 .section .rodata.IfxSent_SENT5D_P15_4_IN,"a"
 1154              	 .align 2
 1157              	IfxSent_SENT5D_P15_4_IN:
 1158 0000 004040F4 	 .word -197115904
 1159 0004 05000000 	 .word 5
 1160 0008 00DC03F0 	 .word -268182528
 1161 000c 04       	 .byte 4
 1162 000d 000000   	 .zero 3
 1163 0010 03000000 	 .word 3
 1164              	 .global IfxSent_SENT5D_P15_2_IN
 1165              	 .section .rodata.IfxSent_SENT5D_P15_2_IN,"a"
 1166              	 .align 2
 1169              	IfxSent_SENT5D_P15_2_IN:
 1170 0000 003040F4 	 .word -197120000
 1171 0004 05000000 	 .word 5
 1172 0008 00DC03F0 	 .word -268182528
 1173 000c 02       	 .byte 2
 1174 000d 000000   	 .zero 3
 1175 0010 03000000 	 .word 3
 1176              	 .global IfxSent_SENT5C_P32_6_IN
 1177              	 .section .rodata.IfxSent_SENT5C_P32_6_IN,"a"
 1178              	 .align 2
 1181              	IfxSent_SENT5C_P32_6_IN:
 1182 0000 004040F4 	 .word -197115904
 1183 0004 05000000 	 .word 5
 1184 0008 002004F0 	 .word -268165120
 1185 000c 06       	 .byte 6
 1186 000d 000000   	 .zero 3
 1187 0010 02000000 	 .word 2
 1188              	 .global IfxSent_SENT5C_P32_5_IN
 1189              	 .section .rodata.IfxSent_SENT5C_P32_5_IN,"a"
 1190              	 .align 2
 1193              	IfxSent_SENT5C_P32_5_IN:
 1194 0000 003040F4 	 .word -197120000
 1195 0004 05000000 	 .word 5
 1196 0008 002004F0 	 .word -268165120
 1197 000c 05       	 .byte 5
 1198 000d 000000   	 .zero 3
 1199 0010 02000000 	 .word 2
 1200              	 .global IfxSent_SENT5B_P00_12_IN
 1201              	 .section .rodata.IfxSent_SENT5B_P00_12_IN,"a"
 1202              	 .align 2
 1205              	IfxSent_SENT5B_P00_12_IN:
 1206 0000 004040F4 	 .word -197115904
 1207 0004 05000000 	 .word 5
 1208 0008 00A003F0 	 .word -268197888
 1209 000c 0C       	 .byte 12
 1210 000d 000000   	 .zero 3
 1211 0010 01000000 	 .word 1
 1212              	 .global IfxSent_SENT5B_P00_11_IN
 1213              	 .section .rodata.IfxSent_SENT5B_P00_11_IN,"a"
 1214              	 .align 2
 1217              	IfxSent_SENT5B_P00_11_IN:
 1218 0000 003040F4 	 .word -197120000
 1219 0004 05000000 	 .word 5
 1220 0008 00A003F0 	 .word -268197888
 1221 000c 0B       	 .byte 11
 1222 000d 000000   	 .zero 3
 1223 0010 01000000 	 .word 1
 1224              	 .global IfxSent_SENT5A_P40_11_IN
 1225              	 .section .rodata.IfxSent_SENT5A_P40_11_IN,"a"
 1226              	 .align 2
 1229              	IfxSent_SENT5A_P40_11_IN:
 1230 0000 004040F4 	 .word -197115904
 1231 0004 05000000 	 .word 5
 1232 0008 004004F0 	 .word -268156928
 1233 000c 0B       	 .byte 11
 1234 000d 000000   	 .zero 3
 1235 0010 00000000 	 .word 0
 1236              	 .global IfxSent_SENT5A_P40_10_IN
 1237              	 .section .rodata.IfxSent_SENT5A_P40_10_IN,"a"
 1238              	 .align 2
 1241              	IfxSent_SENT5A_P40_10_IN:
 1242 0000 003040F4 	 .word -197120000
 1243 0004 05000000 	 .word 5
 1244 0008 004004F0 	 .word -268156928
 1245 000c 0A       	 .byte 10
 1246 000d 000000   	 .zero 3
 1247 0010 00000000 	 .word 0
 1248              	 .global IfxSent_SENT4D_P04_1_IN
 1249              	 .section .rodata.IfxSent_SENT4D_P04_1_IN,"a"
 1250              	 .align 2
 1253              	IfxSent_SENT4D_P04_1_IN:
 1254 0000 003040F4 	 .word -197120000
 1255 0004 04000000 	 .word 4
 1256 0008 00B003F0 	 .word -268193792
 1257 000c 01       	 .byte 1
 1258 000d 000000   	 .zero 3
 1259 0010 03000000 	 .word 3
 1260              	 .global IfxSent_SENT4C_P01_8_IN
 1261              	 .section .rodata.IfxSent_SENT4C_P01_8_IN,"a"
 1262              	 .align 2
 1265              	IfxSent_SENT4C_P01_8_IN:
 1266 0000 003040F4 	 .word -197120000
 1267 0004 04000000 	 .word 4
 1268 0008 00A403F0 	 .word -268196864
 1269 000c 08       	 .byte 8
 1270 000d 000000   	 .zero 3
 1271 0010 02000000 	 .word 2
 1272              	 .global IfxSent_SENT4C_P01_10_IN
 1273              	 .section .rodata.IfxSent_SENT4C_P01_10_IN,"a"
 1274              	 .align 2
 1277              	IfxSent_SENT4C_P01_10_IN:
 1278 0000 004040F4 	 .word -197115904
 1279 0004 04000000 	 .word 4
 1280 0008 00A403F0 	 .word -268196864
 1281 000c 0A       	 .byte 10
 1282 000d 000000   	 .zero 3
 1283 0010 02000000 	 .word 2
 1284              	 .global IfxSent_SENT4B_P00_9_IN
 1285              	 .section .rodata.IfxSent_SENT4B_P00_9_IN,"a"
 1286              	 .align 2
 1289              	IfxSent_SENT4B_P00_9_IN:
 1290 0000 003040F4 	 .word -197120000
 1291 0004 04000000 	 .word 4
 1292 0008 00A003F0 	 .word -268197888
 1293 000c 09       	 .byte 9
 1294 000d 000000   	 .zero 3
 1295 0010 01000000 	 .word 1
 1296              	 .global IfxSent_SENT4B_P00_10_IN
 1297              	 .section .rodata.IfxSent_SENT4B_P00_10_IN,"a"
 1298              	 .align 2
 1301              	IfxSent_SENT4B_P00_10_IN:
 1302 0000 004040F4 	 .word -197115904
 1303 0004 04000000 	 .word 4
 1304 0008 00A003F0 	 .word -268197888
 1305 000c 0A       	 .byte 10
 1306 000d 000000   	 .zero 3
 1307 0010 01000000 	 .word 1
 1308              	 .global IfxSent_SENT4A_P40_9_IN
 1309              	 .section .rodata.IfxSent_SENT4A_P40_9_IN,"a"
 1310              	 .align 2
 1313              	IfxSent_SENT4A_P40_9_IN:
 1314 0000 004040F4 	 .word -197115904
 1315 0004 04000000 	 .word 4
 1316 0008 004004F0 	 .word -268156928
 1317 000c 09       	 .byte 9
 1318 000d 000000   	 .zero 3
 1319 0010 00000000 	 .word 0
 1320              	 .global IfxSent_SENT4A_P40_8_IN
 1321              	 .section .rodata.IfxSent_SENT4A_P40_8_IN,"a"
 1322              	 .align 2
 1325              	IfxSent_SENT4A_P40_8_IN:
 1326 0000 003040F4 	 .word -197120000
 1327 0004 04000000 	 .word 4
 1328 0008 004004F0 	 .word -268156928
 1329 000c 08       	 .byte 8
 1330 000d 000000   	 .zero 3
 1331 0010 00000000 	 .word 0
 1332              	 .global IfxSent_SENT3D_P20_6_IN
 1333              	 .section .rodata.IfxSent_SENT3D_P20_6_IN,"a"
 1334              	 .align 2
 1337              	IfxSent_SENT3D_P20_6_IN:
 1338 0000 004040F4 	 .word -197115904
 1339 0004 03000000 	 .word 3
 1340 0008 00F003F0 	 .word -268177408
 1341 000c 06       	 .byte 6
 1342 000d 000000   	 .zero 3
 1343 0010 03000000 	 .word 3
 1344              	 .global IfxSent_SENT3D_P20_3_IN
 1345              	 .section .rodata.IfxSent_SENT3D_P20_3_IN,"a"
 1346              	 .align 2
 1349              	IfxSent_SENT3D_P20_3_IN:
 1350 0000 003040F4 	 .word -197120000
 1351 0004 03000000 	 .word 3
 1352 0008 00F003F0 	 .word -268177408
 1353 000c 03       	 .byte 3
 1354 000d 000000   	 .zero 3
 1355 0010 03000000 	 .word 3
 1356              	 .global IfxSent_SENT3C_P01_9_IN
 1357              	 .section .rodata.IfxSent_SENT3C_P01_9_IN,"a"
 1358              	 .align 2
 1361              	IfxSent_SENT3C_P01_9_IN:
 1362 0000 004040F4 	 .word -197115904
 1363 0004 03000000 	 .word 3
 1364 0008 00A403F0 	 .word -268196864
 1365 000c 09       	 .byte 9
 1366 000d 000000   	 .zero 3
 1367 0010 02000000 	 .word 2
 1368              	 .global IfxSent_SENT3C_P01_1_IN
 1369              	 .section .rodata.IfxSent_SENT3C_P01_1_IN,"a"
 1370              	 .align 2
 1373              	IfxSent_SENT3C_P01_1_IN:
 1374 0000 003040F4 	 .word -197120000
 1375 0004 03000000 	 .word 3
 1376 0008 00A403F0 	 .word -268196864
 1377 000c 01       	 .byte 1
 1378 000d 000000   	 .zero 3
 1379 0010 02000000 	 .word 2
 1380              	 .global IfxSent_SENT3B_P00_8_IN
 1381              	 .section .rodata.IfxSent_SENT3B_P00_8_IN,"a"
 1382              	 .align 2
 1385              	IfxSent_SENT3B_P00_8_IN:
 1386 0000 004040F4 	 .word -197115904
 1387 0004 03000000 	 .word 3
 1388 0008 00A003F0 	 .word -268197888
 1389 000c 08       	 .byte 8
 1390 000d 000000   	 .zero 3
 1391 0010 01000000 	 .word 1
 1392              	 .global IfxSent_SENT3B_P00_7_IN
 1393              	 .section .rodata.IfxSent_SENT3B_P00_7_IN,"a"
 1394              	 .align 2
 1397              	IfxSent_SENT3B_P00_7_IN:
 1398 0000 003040F4 	 .word -197120000
 1399 0004 03000000 	 .word 3
 1400 0008 00A003F0 	 .word -268197888
 1401 000c 07       	 .byte 7
 1402 000d 000000   	 .zero 3
 1403 0010 01000000 	 .word 1
 1404              	 .global IfxSent_SENT3A_P40_7_IN
 1405              	 .section .rodata.IfxSent_SENT3A_P40_7_IN,"a"
 1406              	 .align 2
 1409              	IfxSent_SENT3A_P40_7_IN:
 1410 0000 004040F4 	 .word -197115904
 1411 0004 03000000 	 .word 3
 1412 0008 004004F0 	 .word -268156928
 1413 000c 07       	 .byte 7
 1414 000d 000000   	 .zero 3
 1415 0010 00000000 	 .word 0
 1416              	 .global IfxSent_SENT3A_P40_6_IN
 1417              	 .section .rodata.IfxSent_SENT3A_P40_6_IN,"a"
 1418              	 .align 2
 1421              	IfxSent_SENT3A_P40_6_IN:
 1422 0000 003040F4 	 .word -197120000
 1423 0004 03000000 	 .word 3
 1424 0008 004004F0 	 .word -268156928
 1425 000c 06       	 .byte 6
 1426 000d 000000   	 .zero 3
 1427 0010 00000000 	 .word 0
 1428              	 .global IfxSent_SENT2D_P21_3_IN
 1429              	 .section .rodata.IfxSent_SENT2D_P21_3_IN,"a"
 1430              	 .align 2
 1433              	IfxSent_SENT2D_P21_3_IN:
 1434 0000 004040F4 	 .word -197115904
 1435 0004 02000000 	 .word 2
 1436 0008 00F403F0 	 .word -268176384
 1437 000c 03       	 .byte 3
 1438 000d 000000   	 .zero 3
 1439 0010 03000000 	 .word 3
 1440              	 .global IfxSent_SENT2D_P21_2_IN
 1441              	 .section .rodata.IfxSent_SENT2D_P21_2_IN,"a"
 1442              	 .align 2
 1445              	IfxSent_SENT2D_P21_2_IN:
 1446 0000 003040F4 	 .word -197120000
 1447 0004 02000000 	 .word 2
 1448 0008 00F403F0 	 .word -268176384
 1449 000c 02       	 .byte 2
 1450 000d 000000   	 .zero 3
 1451 0010 03000000 	 .word 3
 1452              	 .global IfxSent_SENT2C_P33_5_IN
 1453              	 .section .rodata.IfxSent_SENT2C_P33_5_IN,"a"
 1454              	 .align 2
 1457              	IfxSent_SENT2C_P33_5_IN:
 1458 0000 004040F4 	 .word -197115904
 1459 0004 02000000 	 .word 2
 1460 0008 002404F0 	 .word -268164096
 1461 000c 05       	 .byte 5
 1462 000d 000000   	 .zero 3
 1463 0010 02000000 	 .word 2
 1464              	 .global IfxSent_SENT2C_P02_13_IN
 1465              	 .section .rodata.IfxSent_SENT2C_P02_13_IN,"a"
 1466              	 .align 2
 1469              	IfxSent_SENT2C_P02_13_IN:
 1470 0000 003040F4 	 .word -197120000
 1471 0004 02000000 	 .word 2
 1472 0008 00A803F0 	 .word -268195840
 1473 000c 0D       	 .byte 13
 1474 000d 000000   	 .zero 3
 1475 0010 02000000 	 .word 2
 1476              	 .global IfxSent_SENT2B_P00_6_IN
 1477              	 .section .rodata.IfxSent_SENT2B_P00_6_IN,"a"
 1478              	 .align 2
 1481              	IfxSent_SENT2B_P00_6_IN:
 1482 0000 004040F4 	 .word -197115904
 1483 0004 02000000 	 .word 2
 1484 0008 00A003F0 	 .word -268197888
 1485 000c 06       	 .byte 6
 1486 000d 000000   	 .zero 3
 1487 0010 01000000 	 .word 1
 1488              	 .global IfxSent_SENT2B_P00_5_IN
 1489              	 .section .rodata.IfxSent_SENT2B_P00_5_IN,"a"
 1490              	 .align 2
 1493              	IfxSent_SENT2B_P00_5_IN:
 1494 0000 003040F4 	 .word -197120000
 1495 0004 02000000 	 .word 2
 1496 0008 00A003F0 	 .word -268197888
 1497 000c 05       	 .byte 5
 1498 000d 000000   	 .zero 3
 1499 0010 01000000 	 .word 1
 1500              	 .global IfxSent_SENT2A_P40_5_IN
 1501              	 .section .rodata.IfxSent_SENT2A_P40_5_IN,"a"
 1502              	 .align 2
 1505              	IfxSent_SENT2A_P40_5_IN:
 1506 0000 004040F4 	 .word -197115904
 1507 0004 02000000 	 .word 2
 1508 0008 004004F0 	 .word -268156928
 1509 000c 05       	 .byte 5
 1510 000d 000000   	 .zero 3
 1511 0010 00000000 	 .word 0
 1512              	 .global IfxSent_SENT2A_P40_4_IN
 1513              	 .section .rodata.IfxSent_SENT2A_P40_4_IN,"a"
 1514              	 .align 2
 1517              	IfxSent_SENT2A_P40_4_IN:
 1518 0000 003040F4 	 .word -197120000
 1519 0004 02000000 	 .word 2
 1520 0008 004004F0 	 .word -268156928
 1521 000c 04       	 .byte 4
 1522 000d 000000   	 .zero 3
 1523 0010 00000000 	 .word 0
 1524              	 .global IfxSent_SENT1D_P21_5_IN
 1525              	 .section .rodata.IfxSent_SENT1D_P21_5_IN,"a"
 1526              	 .align 2
 1529              	IfxSent_SENT1D_P21_5_IN:
 1530 0000 003040F4 	 .word -197120000
 1531 0004 01000000 	 .word 1
 1532 0008 00F403F0 	 .word -268176384
 1533 000c 05       	 .byte 5
 1534 000d 000000   	 .zero 3
 1535 0010 03000000 	 .word 3
 1536              	 .global IfxSent_SENT1D_P20_0_IN
 1537              	 .section .rodata.IfxSent_SENT1D_P20_0_IN,"a"
 1538              	 .align 2
 1541              	IfxSent_SENT1D_P20_0_IN:
 1542 0000 004040F4 	 .word -197115904
 1543 0004 01000000 	 .word 1
 1544 0008 00F003F0 	 .word -268177408
 1545 000c 00       	 .byte 0
 1546 000d 000000   	 .zero 3
 1547 0010 03000000 	 .word 3
 1548              	 .global IfxSent_SENT1C_P02_7_IN
 1549              	 .section .rodata.IfxSent_SENT1C_P02_7_IN,"a"
 1550              	 .align 2
 1553              	IfxSent_SENT1C_P02_7_IN:
 1554 0000 003040F4 	 .word -197120000
 1555 0004 01000000 	 .word 1
 1556 0008 00A803F0 	 .word -268195840
 1557 000c 07       	 .byte 7
 1558 000d 000000   	 .zero 3
 1559 0010 02000000 	 .word 2
 1560              	 .global IfxSent_SENT1C_P02_5_IN
 1561              	 .section .rodata.IfxSent_SENT1C_P02_5_IN,"a"
 1562              	 .align 2
 1565              	IfxSent_SENT1C_P02_5_IN:
 1566 0000 004040F4 	 .word -197115904
 1567 0004 01000000 	 .word 1
 1568 0008 00A803F0 	 .word -268195840
 1569 000c 05       	 .byte 5
 1570 000d 000000   	 .zero 3
 1571 0010 02000000 	 .word 2
 1572              	 .global IfxSent_SENT1B_P00_4_IN
 1573              	 .section .rodata.IfxSent_SENT1B_P00_4_IN,"a"
 1574              	 .align 2
 1577              	IfxSent_SENT1B_P00_4_IN:
 1578 0000 004040F4 	 .word -197115904
 1579 0004 01000000 	 .word 1
 1580 0008 00A003F0 	 .word -268197888
 1581 000c 04       	 .byte 4
 1582 000d 000000   	 .zero 3
 1583 0010 01000000 	 .word 1
 1584              	 .global IfxSent_SENT1B_P00_3_IN
 1585              	 .section .rodata.IfxSent_SENT1B_P00_3_IN,"a"
 1586              	 .align 2
 1589              	IfxSent_SENT1B_P00_3_IN:
 1590 0000 003040F4 	 .word -197120000
 1591 0004 01000000 	 .word 1
 1592 0008 00A003F0 	 .word -268197888
 1593 000c 03       	 .byte 3
 1594 000d 000000   	 .zero 3
 1595 0010 01000000 	 .word 1
 1596              	 .global IfxSent_SENT1A_P40_3_IN
 1597              	 .section .rodata.IfxSent_SENT1A_P40_3_IN,"a"
 1598              	 .align 2
 1601              	IfxSent_SENT1A_P40_3_IN:
 1602 0000 004040F4 	 .word -197115904
 1603 0004 01000000 	 .word 1
 1604 0008 004004F0 	 .word -268156928
 1605 000c 03       	 .byte 3
 1606 000d 000000   	 .zero 3
 1607 0010 00000000 	 .word 0
 1608              	 .global IfxSent_SENT1A_P40_2_IN
 1609              	 .section .rodata.IfxSent_SENT1A_P40_2_IN,"a"
 1610              	 .align 2
 1613              	IfxSent_SENT1A_P40_2_IN:
 1614 0000 003040F4 	 .word -197120000
 1615 0004 01000000 	 .word 1
 1616 0008 004004F0 	 .word -268156928
 1617 000c 02       	 .byte 2
 1618 000d 000000   	 .zero 3
 1619 0010 00000000 	 .word 0
 1620              	 .global IfxSent_SENT14D_P33_15_IN
 1621              	 .section .rodata.IfxSent_SENT14D_P33_15_IN,"a"
 1622              	 .align 2
 1625              	IfxSent_SENT14D_P33_15_IN:
 1626 0000 004040F4 	 .word -197115904
 1627 0004 0E000000 	 .word 14
 1628 0008 002404F0 	 .word -268164096
 1629 000c 0F       	 .byte 15
 1630 000d 000000   	 .zero 3
 1631 0010 03000000 	 .word 3
 1632              	 .global IfxSent_SENT14C_P35_5_IN
 1633              	 .section .rodata.IfxSent_SENT14C_P35_5_IN,"a"
 1634              	 .align 2
 1637              	IfxSent_SENT14C_P35_5_IN:
 1638 0000 004040F4 	 .word -197115904
 1639 0004 0E000000 	 .word 14
 1640 0008 002C04F0 	 .word -268162048
 1641 000c 05       	 .byte 5
 1642 000d 000000   	 .zero 3
 1643 0010 02000000 	 .word 2
 1644              	 .global IfxSent_SENT14C_P31_7_IN
 1645              	 .section .rodata.IfxSent_SENT14C_P31_7_IN,"a"
 1646              	 .align 2
 1649              	IfxSent_SENT14C_P31_7_IN:
 1650 0000 003040F4 	 .word -197120000
 1651 0004 0E000000 	 .word 14
 1652 0008 001C04F0 	 .word -268166144
 1653 000c 07       	 .byte 7
 1654 000d 000000   	 .zero 3
 1655 0010 02000000 	 .word 2
 1656              	 .global IfxSent_SENT14B_P34_3_IN
 1657              	 .section .rodata.IfxSent_SENT14B_P34_3_IN,"a"
 1658              	 .align 2
 1661              	IfxSent_SENT14B_P34_3_IN:
 1662 0000 004040F4 	 .word -197115904
 1663 0004 0E000000 	 .word 14
 1664 0008 002804F0 	 .word -268163072
 1665 000c 03       	 .byte 3
 1666 000d 000000   	 .zero 3
 1667 0010 01000000 	 .word 1
 1668              	 .global IfxSent_SENT14B_P34_2_IN
 1669              	 .section .rodata.IfxSent_SENT14B_P34_2_IN,"a"
 1670              	 .align 2
 1673              	IfxSent_SENT14B_P34_2_IN:
 1674 0000 003040F4 	 .word -197120000
 1675 0004 0E000000 	 .word 14
 1676 0008 002804F0 	 .word -268163072
 1677 000c 02       	 .byte 2
 1678 000d 000000   	 .zero 3
 1679 0010 01000000 	 .word 1
 1680              	 .global IfxSent_SENT14A_P10_8_IN
 1681              	 .section .rodata.IfxSent_SENT14A_P10_8_IN,"a"
 1682              	 .align 2
 1685              	IfxSent_SENT14A_P10_8_IN:
 1686 0000 004040F4 	 .word -197115904
 1687 0004 0E000000 	 .word 14
 1688 0008 00C803F0 	 .word -268187648
 1689 000c 08       	 .byte 8
 1690 000d 000000   	 .zero 3
 1691 0010 00000000 	 .word 0
 1692              	 .global IfxSent_SENT14A_P02_1_IN
 1693              	 .section .rodata.IfxSent_SENT14A_P02_1_IN,"a"
 1694              	 .align 2
 1697              	IfxSent_SENT14A_P02_1_IN:
 1698 0000 003040F4 	 .word -197120000
 1699 0004 0E000000 	 .word 14
 1700 0008 00A803F0 	 .word -268195840
 1701 000c 01       	 .byte 1
 1702 000d 000000   	 .zero 3
 1703 0010 00000000 	 .word 0
 1704              	 .global IfxSent_SENT13D_P31_6_IN
 1705              	 .section .rodata.IfxSent_SENT13D_P31_6_IN,"a"
 1706              	 .align 2
 1709              	IfxSent_SENT13D_P31_6_IN:
 1710 0000 004040F4 	 .word -197115904
 1711 0004 0D000000 	 .word 13
 1712 0008 001C04F0 	 .word -268166144
 1713 000c 06       	 .byte 6
 1714 000d 000000   	 .zero 3
 1715 0010 03000000 	 .word 3
 1716              	 .global IfxSent_SENT13C_P34_5_IN
 1717              	 .section .rodata.IfxSent_SENT13C_P34_5_IN,"a"
 1718              	 .align 2
 1721              	IfxSent_SENT13C_P34_5_IN:
 1722 0000 003040F4 	 .word -197120000
 1723 0004 0D000000 	 .word 13
 1724 0008 002804F0 	 .word -268163072
 1725 000c 05       	 .byte 5
 1726 000d 000000   	 .zero 3
 1727 0010 02000000 	 .word 2
 1728              	 .global IfxSent_SENT13B_P34_4_IN
 1729              	 .section .rodata.IfxSent_SENT13B_P34_4_IN,"a"
 1730              	 .align 2
 1733              	IfxSent_SENT13B_P34_4_IN:
 1734 0000 004040F4 	 .word -197115904
 1735 0004 0D000000 	 .word 13
 1736 0008 002804F0 	 .word -268163072
 1737 000c 04       	 .byte 4
 1738 000d 000000   	 .zero 3
 1739 0010 01000000 	 .word 1
 1740              	 .global IfxSent_SENT13B_P10_0_IN
 1741              	 .section .rodata.IfxSent_SENT13B_P10_0_IN,"a"
 1742              	 .align 2
 1745              	IfxSent_SENT13B_P10_0_IN:
 1746 0000 003040F4 	 .word -197120000
 1747 0004 0D000000 	 .word 13
 1748 0008 00C803F0 	 .word -268187648
 1749 000c 00       	 .byte 0
 1750 000d 000000   	 .zero 3
 1751 0010 01000000 	 .word 1
 1752              	 .global IfxSent_SENT13A_P01_5_IN
 1753              	 .section .rodata.IfxSent_SENT13A_P01_5_IN,"a"
 1754              	 .align 2
 1757              	IfxSent_SENT13A_P01_5_IN:
 1758 0000 004040F4 	 .word -197115904
 1759 0004 0D000000 	 .word 13
 1760 0008 00A403F0 	 .word -268196864
 1761 000c 05       	 .byte 5
 1762 000d 000000   	 .zero 3
 1763 0010 00000000 	 .word 0
 1764              	 .global IfxSent_SENT13A_P01_4_IN
 1765              	 .section .rodata.IfxSent_SENT13A_P01_4_IN,"a"
 1766              	 .align 2
 1769              	IfxSent_SENT13A_P01_4_IN:
 1770 0000 003040F4 	 .word -197120000
 1771 0004 0D000000 	 .word 13
 1772 0008 00A403F0 	 .word -268196864
 1773 000c 04       	 .byte 4
 1774 000d 000000   	 .zero 3
 1775 0010 00000000 	 .word 0
 1776              	 .global IfxSent_SENT12D_P34_1_IN
 1777              	 .section .rodata.IfxSent_SENT12D_P34_1_IN,"a"
 1778              	 .align 2
 1781              	IfxSent_SENT12D_P34_1_IN:
 1782 0000 003040F4 	 .word -197120000
 1783 0004 0C000000 	 .word 12
 1784 0008 002804F0 	 .word -268163072
 1785 000c 01       	 .byte 1
 1786 000d 000000   	 .zero 3
 1787 0010 03000000 	 .word 3
 1788              	 .global IfxSent_SENT12C_P35_2_IN
 1789              	 .section .rodata.IfxSent_SENT12C_P35_2_IN,"a"
 1790              	 .align 2
 1793              	IfxSent_SENT12C_P35_2_IN:
 1794 0000 003040F4 	 .word -197120000
 1795 0004 0C000000 	 .word 12
 1796 0008 002C04F0 	 .word -268162048
 1797 000c 02       	 .byte 2
 1798 000d 000000   	 .zero 3
 1799 0010 02000000 	 .word 2
 1800              	 .global IfxSent_SENT12C_P04_9_IN
 1801              	 .section .rodata.IfxSent_SENT12C_P04_9_IN,"a"
 1802              	 .align 2
 1805              	IfxSent_SENT12C_P04_9_IN:
 1806 0000 004040F4 	 .word -197115904
 1807 0004 0C000000 	 .word 12
 1808 0008 00B003F0 	 .word -268193792
 1809 000c 09       	 .byte 9
 1810 000d 000000   	 .zero 3
 1811 0010 02000000 	 .word 2
 1812              	 .global IfxSent_SENT12B_P33_6_IN
 1813              	 .section .rodata.IfxSent_SENT12B_P33_6_IN,"a"
 1814              	 .align 2
 1817              	IfxSent_SENT12B_P33_6_IN:
 1818 0000 003040F4 	 .word -197120000
 1819 0004 0C000000 	 .word 12
 1820 0008 002404F0 	 .word -268164096
 1821 000c 06       	 .byte 6
 1822 000d 000000   	 .zero 3
 1823 0010 01000000 	 .word 1
 1824              	 .global IfxSent_SENT12B_P10_6_IN
 1825              	 .section .rodata.IfxSent_SENT12B_P10_6_IN,"a"
 1826              	 .align 2
 1829              	IfxSent_SENT12B_P10_6_IN:
 1830 0000 004040F4 	 .word -197115904
 1831 0004 0C000000 	 .word 12
 1832 0008 00C803F0 	 .word -268187648
 1833 000c 06       	 .byte 6
 1834 000d 000000   	 .zero 3
 1835 0010 01000000 	 .word 1
 1836              	 .global IfxSent_SENT12A_P01_3_IN
 1837              	 .section .rodata.IfxSent_SENT12A_P01_3_IN,"a"
 1838              	 .align 2
 1841              	IfxSent_SENT12A_P01_3_IN:
 1842 0000 004040F4 	 .word -197115904
 1843 0004 0C000000 	 .word 12
 1844 0008 00A403F0 	 .word -268196864
 1845 000c 03       	 .byte 3
 1846 000d 000000   	 .zero 3
 1847 0010 00000000 	 .word 0
 1848              	 .global IfxSent_SENT11D_P04_4_IN
 1849              	 .section .rodata.IfxSent_SENT11D_P04_4_IN,"a"
 1850              	 .align 2
 1853              	IfxSent_SENT11D_P04_4_IN:
 1854 0000 004040F4 	 .word -197115904
 1855 0004 0B000000 	 .word 11
 1856 0008 00B003F0 	 .word -268193792
 1857 000c 04       	 .byte 4
 1858 000d 000000   	 .zero 3
 1859 0010 03000000 	 .word 3
 1860              	 .global IfxSent_SENT11D_P03_9_IN
 1861              	 .section .rodata.IfxSent_SENT11D_P03_9_IN,"a"
 1862              	 .align 2
 1865              	IfxSent_SENT11D_P03_9_IN:
 1866 0000 003040F4 	 .word -197120000
 1867 0004 0B000000 	 .word 11
 1868 0008 00AC03F0 	 .word -268194816
 1869 000c 09       	 .byte 9
 1870 000d 000000   	 .zero 3
 1871 0010 03000000 	 .word 3
 1872              	 .global IfxSent_SENT11C_P35_1_IN
 1873              	 .section .rodata.IfxSent_SENT11C_P35_1_IN,"a"
 1874              	 .align 2
 1877              	IfxSent_SENT11C_P35_1_IN:
 1878 0000 004040F4 	 .word -197115904
 1879 0004 0B000000 	 .word 11
 1880 0008 002C04F0 	 .word -268162048
 1881 000c 01       	 .byte 1
 1882 000d 000000   	 .zero 3
 1883 0010 02000000 	 .word 2
 1884              	 .global IfxSent_SENT11C_P04_7_IN
 1885              	 .section .rodata.IfxSent_SENT11C_P04_7_IN,"a"
 1886              	 .align 2
 1889              	IfxSent_SENT11C_P04_7_IN:
 1890 0000 003040F4 	 .word -197120000
 1891 0004 0B000000 	 .word 11
 1892 0008 00B003F0 	 .word -268193792
 1893 000c 07       	 .byte 7
 1894 000d 000000   	 .zero 3
 1895 0010 02000000 	 .word 2
 1896              	 .global IfxSent_SENT11B_P33_7_IN
 1897              	 .section .rodata.IfxSent_SENT11B_P33_7_IN,"a"
 1898              	 .align 2
 1901              	IfxSent_SENT11B_P33_7_IN:
 1902 0000 004040F4 	 .word -197115904
 1903 0004 0B000000 	 .word 11
 1904 0008 002404F0 	 .word -268164096
 1905 000c 07       	 .byte 7
 1906 000d 000000   	 .zero 3
 1907 0010 01000000 	 .word 1
 1908              	 .global IfxSent_SENT11B_P02_11_IN
 1909              	 .section .rodata.IfxSent_SENT11B_P02_11_IN,"a"
 1910              	 .align 2
 1913              	IfxSent_SENT11B_P02_11_IN:
 1914 0000 003040F4 	 .word -197120000
 1915 0004 0B000000 	 .word 11
 1916 0008 00A803F0 	 .word -268195840
 1917 000c 0B       	 .byte 11
 1918 000d 000000   	 .zero 3
 1919 0010 01000000 	 .word 1
 1920              	 .global IfxSent_SENT10D_P35_0_IN
 1921              	 .section .rodata.IfxSent_SENT10D_P35_0_IN,"a"
 1922              	 .align 2
 1925              	IfxSent_SENT10D_P35_0_IN:
 1926 0000 003040F4 	 .word -197120000
 1927 0004 0A000000 	 .word 10
 1928 0008 002C04F0 	 .word -268162048
 1929 000c 00       	 .byte 0
 1930 000d 000000   	 .zero 3
 1931 0010 03000000 	 .word 3
 1932              	 .global IfxSent_SENT10C_P10_1_IN
 1933              	 .section .rodata.IfxSent_SENT10C_P10_1_IN,"a"
 1934              	 .align 2
 1937              	IfxSent_SENT10C_P10_1_IN:
 1938 0000 003040F4 	 .word -197120000
 1939 0004 0A000000 	 .word 10
 1940 0008 00C803F0 	 .word -268187648
 1941 000c 01       	 .byte 1
 1942 000d 000000   	 .zero 3
 1943 0010 02000000 	 .word 2
 1944              	 .global IfxSent_SENT10C_P10_0_IN
 1945              	 .section .rodata.IfxSent_SENT10C_P10_0_IN,"a"
 1946              	 .align 2
 1949              	IfxSent_SENT10C_P10_0_IN:
 1950 0000 004040F4 	 .word -197115904
 1951 0004 0A000000 	 .word 10
 1952 0008 00C803F0 	 .word -268187648
 1953 000c 00       	 .byte 0
 1954 000d 000000   	 .zero 3
 1955 0010 02000000 	 .word 2
 1956              	 .global IfxSent_SENT10B_P02_9_IN
 1957              	 .section .rodata.IfxSent_SENT10B_P02_9_IN,"a"
 1958              	 .align 2
 1961              	IfxSent_SENT10B_P02_9_IN:
 1962 0000 003040F4 	 .word -197120000
 1963 0004 0A000000 	 .word 10
 1964 0008 00A803F0 	 .word -268195840
 1965 000c 09       	 .byte 9
 1966 000d 000000   	 .zero 3
 1967 0010 01000000 	 .word 1
 1968              	 .global IfxSent_SENT10B_P02_10_IN
 1969              	 .section .rodata.IfxSent_SENT10B_P02_10_IN,"a"
 1970              	 .align 2
 1973              	IfxSent_SENT10B_P02_10_IN:
 1974 0000 004040F4 	 .word -197115904
 1975 0004 0A000000 	 .word 10
 1976 0008 00A803F0 	 .word -268195840
 1977 000c 0A       	 .byte 10
 1978 000d 000000   	 .zero 3
 1979 0010 01000000 	 .word 1
 1980              	 .global IfxSent_SENT0D_P21_4_IN
 1981              	 .section .rodata.IfxSent_SENT0D_P21_4_IN,"a"
 1982              	 .align 2
 1985              	IfxSent_SENT0D_P21_4_IN:
 1986 0000 003040F4 	 .word -197120000
 1987 0004 00000000 	 .word 0
 1988 0008 00F403F0 	 .word -268176384
 1989 000c 04       	 .byte 4
 1990 000d 000000   	 .zero 3
 1991 0010 03000000 	 .word 3
 1992              	 .global IfxSent_SENT0D_P20_7_IN
 1993              	 .section .rodata.IfxSent_SENT0D_P20_7_IN,"a"
 1994              	 .align 2
 1997              	IfxSent_SENT0D_P20_7_IN:
 1998 0000 004040F4 	 .word -197115904
 1999 0004 00000000 	 .word 0
 2000 0008 00F003F0 	 .word -268177408
 2001 000c 07       	 .byte 7
 2002 000d 000000   	 .zero 3
 2003 0010 03000000 	 .word 3
 2004              	 .global IfxSent_SENT0C_P02_8_IN
 2005              	 .section .rodata.IfxSent_SENT0C_P02_8_IN,"a"
 2006              	 .align 2
 2009              	IfxSent_SENT0C_P02_8_IN:
 2010 0000 003040F4 	 .word -197120000
 2011 0004 00000000 	 .word 0
 2012 0008 00A803F0 	 .word -268195840
 2013 000c 08       	 .byte 8
 2014 000d 000000   	 .zero 3
 2015 0010 02000000 	 .word 2
 2016              	 .global IfxSent_SENT0C_P02_6_IN
 2017              	 .section .rodata.IfxSent_SENT0C_P02_6_IN,"a"
 2018              	 .align 2
 2021              	IfxSent_SENT0C_P02_6_IN:
 2022 0000 004040F4 	 .word -197115904
 2023 0004 00000000 	 .word 0
 2024 0008 00A803F0 	 .word -268195840
 2025 000c 06       	 .byte 6
 2026 000d 000000   	 .zero 3
 2027 0010 02000000 	 .word 2
 2028              	 .global IfxSent_SENT0B_P00_2_IN
 2029              	 .section .rodata.IfxSent_SENT0B_P00_2_IN,"a"
 2030              	 .align 2
 2033              	IfxSent_SENT0B_P00_2_IN:
 2034 0000 004040F4 	 .word -197115904
 2035 0004 00000000 	 .word 0
 2036 0008 00A003F0 	 .word -268197888
 2037 000c 02       	 .byte 2
 2038 000d 000000   	 .zero 3
 2039 0010 01000000 	 .word 1
 2040              	 .global IfxSent_SENT0B_P00_1_IN
 2041              	 .section .rodata.IfxSent_SENT0B_P00_1_IN,"a"
 2042              	 .align 2
 2045              	IfxSent_SENT0B_P00_1_IN:
 2046 0000 003040F4 	 .word -197120000
 2047 0004 00000000 	 .word 0
 2048 0008 00A003F0 	 .word -268197888
 2049 000c 01       	 .byte 1
 2050 000d 000000   	 .zero 3
 2051 0010 01000000 	 .word 1
 2052              	 .global IfxSent_SENT0A_P40_1_IN
 2053              	 .section .rodata.IfxSent_SENT0A_P40_1_IN,"a"
 2054              	 .align 2
 2057              	IfxSent_SENT0A_P40_1_IN:
 2058 0000 004040F4 	 .word -197115904
 2059 0004 00000000 	 .word 0
 2060 0008 004004F0 	 .word -268156928
 2061 000c 01       	 .byte 1
 2062 000d 000000   	 .zero 3
 2063 0010 00000000 	 .word 0
 2064              	 .global IfxSent_SENT0A_P40_0_IN
 2065              	 .section .rodata.IfxSent_SENT0A_P40_0_IN,"a"
 2066              	 .align 2
 2069              	IfxSent_SENT0A_P40_0_IN:
 2070 0000 003040F4 	 .word -197120000
 2071 0004 00000000 	 .word 0
 2072 0008 004004F0 	 .word -268156928
 2073 000c 00       	 .byte 0
 2074 000d 000000   	 .zero 3
 2075 0010 00000000 	 .word 0
 2076              	.section .text,"ax",@progbits
 2077              	.Letext0:
 2078              	 .file 1 "../Libraries/Infra/Platform/Compilers/Platform_Types.h"
 2079              	 .file 2 "../Libraries/Infra/Platform/Compilers/Ifx_Types.h"
 2080              	 .file 3 "../Libraries/Infra/Sfr/TC4Dx/Ifx_TypesReg.h"
 2081              	 .file 4 "../Libraries/Infra/Sfr/TC4Dx/IfxSent_regdef.h"
 2082              	 .file 5 "../Libraries/iLLD/TC4xx/Tricore/_Impl/TC4Dx/IfxSent_cfg_TC4Dx.h"
 2083              	 .file 6 "../Libraries/Infra/Sfr/TC4Dx/IfxPort_regdef.h"
 2084              	 .file 7 "../Libraries/iLLD/TC4xx/CpuGeneric/Port/Std/IfxPort.h"
 2085              	 .file 8 "../Libraries/iLLD/TC4xx/Tricore/_PinMap/IfxSent_PinMap.h"
 2086              	 .file 9 "../Libraries/iLLD/TC4xx/Tricore/_PinMap/TC4Dx/IfxSent_PinMap_TC4Dx_BGA436_COM.h"
 2087              	 .file 10 "../Libraries/iLLD/TC4xx/Tricore/_PinMap/TC4Dx/IfxSent_PinMap_TC4Dx_BGA436_COM.c"
DEFINED SYMBOLS
                            *ABS*:00000000 IfxSent_PinMap_TC4Dx_BGA436_COM.c
                            *ABS*:00000000 IfxSent_PinMap_TC4Dx_BGA436_COM.c
    {standard input}:11     .data.IfxSent_Spc_Out_pinTable:00000000 IfxSent_Spc_Out_pinTable
    {standard input}:845    .rodata.IfxSent_SPC0_P00_1_OUT:00000000 IfxSent_SPC0_P00_1_OUT
    {standard input}:809    .rodata.IfxSent_SPC0_P21_4_OUT:00000000 IfxSent_SPC0_P21_4_OUT
    {standard input}:593    .rodata.IfxSent_SPC1_P00_3_OUT:00000000 IfxSent_SPC1_P00_3_OUT
    {standard input}:557    .rodata.IfxSent_SPC1_P21_5_OUT:00000000 IfxSent_SPC1_P21_5_OUT
    {standard input}:545    .rodata.IfxSent_SPC2_P00_5_OUT:00000000 IfxSent_SPC2_P00_5_OUT
    {standard input}:521    .rodata.IfxSent_SPC2_P21_2_OUT:00000000 IfxSent_SPC2_P21_2_OUT
    {standard input}:497    .rodata.IfxSent_SPC3_P00_7_OUT:00000000 IfxSent_SPC3_P00_7_OUT
    {standard input}:473    .rodata.IfxSent_SPC3_P20_3_OUT:00000000 IfxSent_SPC3_P20_3_OUT
    {standard input}:437    .rodata.IfxSent_SPC4_P00_9_OUT:00000000 IfxSent_SPC4_P00_9_OUT
    {standard input}:413    .rodata.IfxSent_SPC4_P01_8_OUT:00000000 IfxSent_SPC4_P01_8_OUT
    {standard input}:401    .rodata.IfxSent_SPC4_P04_1_OUT:00000000 IfxSent_SPC4_P04_1_OUT
    {standard input}:389    .rodata.IfxSent_SPC5_P32_5_OUT:00000000 IfxSent_SPC5_P32_5_OUT
    {standard input}:353    .rodata.IfxSent_SPC6_P03_8_OUT:00000000 IfxSent_SPC6_P03_8_OUT
    {standard input}:341    .rodata.IfxSent_SPC6_P32_7_OUT:00000000 IfxSent_SPC6_P32_7_OUT
    {standard input}:329    .rodata.IfxSent_SPC7_P02_12_OUT:00000000 IfxSent_SPC7_P02_12_OUT
    {standard input}:317    .rodata.IfxSent_SPC7_P04_0_OUT:00000000 IfxSent_SPC7_P04_0_OUT
    {standard input}:281    .rodata.IfxSent_SPC8_P04_8_OUT:00000000 IfxSent_SPC8_P04_8_OUT
    {standard input}:257    .rodata.IfxSent_SPC8_P33_3_OUT:00000000 IfxSent_SPC8_P33_3_OUT
    {standard input}:233    .rodata.IfxSent_SPC9_P33_1_OUT:00000000 IfxSent_SPC9_P33_1_OUT
    {standard input}:785    .rodata.IfxSent_SPC10_P02_9_OUT:00000000 IfxSent_SPC10_P02_9_OUT
    {standard input}:773    .rodata.IfxSent_SPC10_P35_0_OUT:00000000 IfxSent_SPC10_P35_0_OUT
    {standard input}:761    .rodata.IfxSent_SPC11_P02_11_OUT:00000000 IfxSent_SPC11_P02_11_OUT
    {standard input}:749    .rodata.IfxSent_SPC11_P03_9_OUT:00000000 IfxSent_SPC11_P03_9_OUT
    {standard input}:737    .rodata.IfxSent_SPC11_P04_7_OUT:00000000 IfxSent_SPC11_P04_7_OUT
    {standard input}:689    .rodata.IfxSent_SPC12_P33_6_OUT:00000000 IfxSent_SPC12_P33_6_OUT
    {standard input}:677    .rodata.IfxSent_SPC12_P34_1_OUT:00000000 IfxSent_SPC12_P34_1_OUT
    {standard input}:641    .rodata.IfxSent_SPC13_P34_5_OUT:00000000 IfxSent_SPC13_P34_5_OUT
    {standard input}:629    .rodata.IfxSent_SPC14_P31_7_OUT:00000000 IfxSent_SPC14_P31_7_OUT
    {standard input}:833    .rodata.IfxSent_SPC0_P02_7_OUT:00000000 IfxSent_SPC0_P02_7_OUT
    {standard input}:821    .rodata.IfxSent_SPC0_P20_7_OUT:00000000 IfxSent_SPC0_P20_7_OUT
    {standard input}:581    .rodata.IfxSent_SPC1_P00_4_OUT:00000000 IfxSent_SPC1_P00_4_OUT
    {standard input}:569    .rodata.IfxSent_SPC1_P20_0_OUT:00000000 IfxSent_SPC1_P20_0_OUT
    {standard input}:533    .rodata.IfxSent_SPC2_P00_6_OUT:00000000 IfxSent_SPC2_P00_6_OUT
    {standard input}:509    .rodata.IfxSent_SPC2_P21_3_OUT:00000000 IfxSent_SPC2_P21_3_OUT
    {standard input}:485    .rodata.IfxSent_SPC3_P00_8_OUT:00000000 IfxSent_SPC3_P00_8_OUT
    {standard input}:461    .rodata.IfxSent_SPC3_P20_6_OUT:00000000 IfxSent_SPC3_P20_6_OUT
    {standard input}:449    .rodata.IfxSent_SPC4_P00_10_OUT:00000000 IfxSent_SPC4_P00_10_OUT
    {standard input}:425    .rodata.IfxSent_SPC4_P01_10_OUT:00000000 IfxSent_SPC4_P01_10_OUT
    {standard input}:377    .rodata.IfxSent_SPC5_P32_6_OUT:00000000 IfxSent_SPC5_P32_6_OUT
    {standard input}:365    .rodata.IfxSent_SPC6_P01_11_OUT:00000000 IfxSent_SPC6_P01_11_OUT
    {standard input}:305    .rodata.IfxSent_SPC7_P04_3_OUT:00000000 IfxSent_SPC7_P04_3_OUT
    {standard input}:293    .rodata.IfxSent_SPC7_P33_4_OUT:00000000 IfxSent_SPC7_P33_4_OUT
    {standard input}:269    .rodata.IfxSent_SPC8_P33_2_OUT:00000000 IfxSent_SPC8_P33_2_OUT
    {standard input}:245    .rodata.IfxSent_SPC9_P33_0_OUT:00000000 IfxSent_SPC9_P33_0_OUT
    {standard input}:797    .rodata.IfxSent_SPC10_P02_10_OUT:00000000 IfxSent_SPC10_P02_10_OUT
    {standard input}:725    .rodata.IfxSent_SPC11_P33_7_OUT:00000000 IfxSent_SPC11_P33_7_OUT
    {standard input}:713    .rodata.IfxSent_SPC11_P35_1_OUT:00000000 IfxSent_SPC11_P35_1_OUT
    {standard input}:701    .rodata.IfxSent_SPC12_P04_9_OUT:00000000 IfxSent_SPC12_P04_9_OUT
    {standard input}:665    .rodata.IfxSent_SPC12_P35_2_OUT:00000000 IfxSent_SPC12_P35_2_OUT
    {standard input}:653    .rodata.IfxSent_SPC13_P31_6_OUT:00000000 IfxSent_SPC13_P31_6_OUT
    {standard input}:617    .rodata.IfxSent_SPC14_P33_15_OUT:00000000 IfxSent_SPC14_P33_15_OUT
    {standard input}:605    .rodata.IfxSent_SPC14_P35_5_OUT:00000000 IfxSent_SPC14_P35_5_OUT
    {standard input}:107    .data.IfxSent_Sent_In_pinTable:00000000 IfxSent_Sent_In_pinTable
    {standard input}:2069   .rodata.IfxSent_SENT0A_P40_0_IN:00000000 IfxSent_SENT0A_P40_0_IN
    {standard input}:2045   .rodata.IfxSent_SENT0B_P00_1_IN:00000000 IfxSent_SENT0B_P00_1_IN
    {standard input}:2009   .rodata.IfxSent_SENT0C_P02_8_IN:00000000 IfxSent_SENT0C_P02_8_IN
    {standard input}:1985   .rodata.IfxSent_SENT0D_P21_4_IN:00000000 IfxSent_SENT0D_P21_4_IN
    {standard input}:1613   .rodata.IfxSent_SENT1A_P40_2_IN:00000000 IfxSent_SENT1A_P40_2_IN
    {standard input}:1589   .rodata.IfxSent_SENT1B_P00_3_IN:00000000 IfxSent_SENT1B_P00_3_IN
    {standard input}:1553   .rodata.IfxSent_SENT1C_P02_7_IN:00000000 IfxSent_SENT1C_P02_7_IN
    {standard input}:1529   .rodata.IfxSent_SENT1D_P21_5_IN:00000000 IfxSent_SENT1D_P21_5_IN
    {standard input}:1517   .rodata.IfxSent_SENT2A_P40_4_IN:00000000 IfxSent_SENT2A_P40_4_IN
    {standard input}:1493   .rodata.IfxSent_SENT2B_P00_5_IN:00000000 IfxSent_SENT2B_P00_5_IN
    {standard input}:1469   .rodata.IfxSent_SENT2C_P02_13_IN:00000000 IfxSent_SENT2C_P02_13_IN
    {standard input}:1445   .rodata.IfxSent_SENT2D_P21_2_IN:00000000 IfxSent_SENT2D_P21_2_IN
    {standard input}:1421   .rodata.IfxSent_SENT3A_P40_6_IN:00000000 IfxSent_SENT3A_P40_6_IN
    {standard input}:1397   .rodata.IfxSent_SENT3B_P00_7_IN:00000000 IfxSent_SENT3B_P00_7_IN
    {standard input}:1373   .rodata.IfxSent_SENT3C_P01_1_IN:00000000 IfxSent_SENT3C_P01_1_IN
    {standard input}:1349   .rodata.IfxSent_SENT3D_P20_3_IN:00000000 IfxSent_SENT3D_P20_3_IN
    {standard input}:1325   .rodata.IfxSent_SENT4A_P40_8_IN:00000000 IfxSent_SENT4A_P40_8_IN
    {standard input}:1289   .rodata.IfxSent_SENT4B_P00_9_IN:00000000 IfxSent_SENT4B_P00_9_IN
    {standard input}:1265   .rodata.IfxSent_SENT4C_P01_8_IN:00000000 IfxSent_SENT4C_P01_8_IN
    {standard input}:1253   .rodata.IfxSent_SENT4D_P04_1_IN:00000000 IfxSent_SENT4D_P04_1_IN
    {standard input}:1241   .rodata.IfxSent_SENT5A_P40_10_IN:00000000 IfxSent_SENT5A_P40_10_IN
    {standard input}:1217   .rodata.IfxSent_SENT5B_P00_11_IN:00000000 IfxSent_SENT5B_P00_11_IN
    {standard input}:1193   .rodata.IfxSent_SENT5C_P32_5_IN:00000000 IfxSent_SENT5C_P32_5_IN
    {standard input}:1169   .rodata.IfxSent_SENT5D_P15_2_IN:00000000 IfxSent_SENT5D_P15_2_IN
    {standard input}:1145   .rodata.IfxSent_SENT6A_P40_12_IN:00000000 IfxSent_SENT6A_P40_12_IN
    {standard input}:1109   .rodata.IfxSent_SENT6B_P02_4_IN:00000000 IfxSent_SENT6B_P02_4_IN
    {standard input}:1085   .rodata.IfxSent_SENT6C_P32_7_IN:00000000 IfxSent_SENT6C_P32_7_IN
    {standard input}:1073   .rodata.IfxSent_SENT6D_P03_8_IN:00000000 IfxSent_SENT6D_P03_8_IN
    {standard input}:1061   .rodata.IfxSent_SENT7A_P40_14_IN:00000000 IfxSent_SENT7A_P40_14_IN
    {standard input}:1049   .rodata.IfxSent_SENT7B_P02_2_IN:00000000 IfxSent_SENT7B_P02_2_IN
    {standard input}:1025   .rodata.IfxSent_SENT7C_P02_12_IN:00000000 IfxSent_SENT7C_P02_12_IN
    {standard input}:1001   .rodata.IfxSent_SENT7D_P04_0_IN:00000000 IfxSent_SENT7D_P04_0_IN
    {standard input}:965    .rodata.IfxSent_SENT8B_P33_3_IN:00000000 IfxSent_SENT8B_P33_3_IN
    {standard input}:953    .rodata.IfxSent_SENT8C_P10_10_IN:00000000 IfxSent_SENT8C_P10_10_IN
    {standard input}:929    .rodata.IfxSent_SENT8D_P04_8_IN:00000000 IfxSent_SENT8D_P04_8_IN
    {standard input}:893    .rodata.IfxSent_SENT9B_P33_1_IN:00000000 IfxSent_SENT9B_P33_1_IN
    {standard input}:869    .rodata.IfxSent_SENT9C_P10_13_IN:00000000 IfxSent_SENT9C_P10_13_IN
    {standard input}:857    .rodata.IfxSent_SENT9D_P14_1_IN:00000000 IfxSent_SENT9D_P14_1_IN
    {standard input}:1961   .rodata.IfxSent_SENT10B_P02_9_IN:00000000 IfxSent_SENT10B_P02_9_IN
    {standard input}:1937   .rodata.IfxSent_SENT10C_P10_1_IN:00000000 IfxSent_SENT10C_P10_1_IN
    {standard input}:1925   .rodata.IfxSent_SENT10D_P35_0_IN:00000000 IfxSent_SENT10D_P35_0_IN
    {standard input}:1913   .rodata.IfxSent_SENT11B_P02_11_IN:00000000 IfxSent_SENT11B_P02_11_IN
    {standard input}:1889   .rodata.IfxSent_SENT11C_P04_7_IN:00000000 IfxSent_SENT11C_P04_7_IN
    {standard input}:1865   .rodata.IfxSent_SENT11D_P03_9_IN:00000000 IfxSent_SENT11D_P03_9_IN
    {standard input}:1817   .rodata.IfxSent_SENT12B_P33_6_IN:00000000 IfxSent_SENT12B_P33_6_IN
    {standard input}:1793   .rodata.IfxSent_SENT12C_P35_2_IN:00000000 IfxSent_SENT12C_P35_2_IN
    {standard input}:1781   .rodata.IfxSent_SENT12D_P34_1_IN:00000000 IfxSent_SENT12D_P34_1_IN
    {standard input}:1769   .rodata.IfxSent_SENT13A_P01_4_IN:00000000 IfxSent_SENT13A_P01_4_IN
    {standard input}:1745   .rodata.IfxSent_SENT13B_P10_0_IN:00000000 IfxSent_SENT13B_P10_0_IN
    {standard input}:1721   .rodata.IfxSent_SENT13C_P34_5_IN:00000000 IfxSent_SENT13C_P34_5_IN
    {standard input}:1697   .rodata.IfxSent_SENT14A_P02_1_IN:00000000 IfxSent_SENT14A_P02_1_IN
    {standard input}:1673   .rodata.IfxSent_SENT14B_P34_2_IN:00000000 IfxSent_SENT14B_P34_2_IN
    {standard input}:1649   .rodata.IfxSent_SENT14C_P31_7_IN:00000000 IfxSent_SENT14C_P31_7_IN
    {standard input}:2057   .rodata.IfxSent_SENT0A_P40_1_IN:00000000 IfxSent_SENT0A_P40_1_IN
    {standard input}:2033   .rodata.IfxSent_SENT0B_P00_2_IN:00000000 IfxSent_SENT0B_P00_2_IN
    {standard input}:2021   .rodata.IfxSent_SENT0C_P02_6_IN:00000000 IfxSent_SENT0C_P02_6_IN
    {standard input}:1997   .rodata.IfxSent_SENT0D_P20_7_IN:00000000 IfxSent_SENT0D_P20_7_IN
    {standard input}:1601   .rodata.IfxSent_SENT1A_P40_3_IN:00000000 IfxSent_SENT1A_P40_3_IN
    {standard input}:1577   .rodata.IfxSent_SENT1B_P00_4_IN:00000000 IfxSent_SENT1B_P00_4_IN
    {standard input}:1565   .rodata.IfxSent_SENT1C_P02_5_IN:00000000 IfxSent_SENT1C_P02_5_IN
    {standard input}:1541   .rodata.IfxSent_SENT1D_P20_0_IN:00000000 IfxSent_SENT1D_P20_0_IN
    {standard input}:1505   .rodata.IfxSent_SENT2A_P40_5_IN:00000000 IfxSent_SENT2A_P40_5_IN
    {standard input}:1481   .rodata.IfxSent_SENT2B_P00_6_IN:00000000 IfxSent_SENT2B_P00_6_IN
    {standard input}:1457   .rodata.IfxSent_SENT2C_P33_5_IN:00000000 IfxSent_SENT2C_P33_5_IN
    {standard input}:1433   .rodata.IfxSent_SENT2D_P21_3_IN:00000000 IfxSent_SENT2D_P21_3_IN
    {standard input}:1409   .rodata.IfxSent_SENT3A_P40_7_IN:00000000 IfxSent_SENT3A_P40_7_IN
    {standard input}:1385   .rodata.IfxSent_SENT3B_P00_8_IN:00000000 IfxSent_SENT3B_P00_8_IN
    {standard input}:1361   .rodata.IfxSent_SENT3C_P01_9_IN:00000000 IfxSent_SENT3C_P01_9_IN
    {standard input}:1337   .rodata.IfxSent_SENT3D_P20_6_IN:00000000 IfxSent_SENT3D_P20_6_IN
    {standard input}:1313   .rodata.IfxSent_SENT4A_P40_9_IN:00000000 IfxSent_SENT4A_P40_9_IN
    {standard input}:1301   .rodata.IfxSent_SENT4B_P00_10_IN:00000000 IfxSent_SENT4B_P00_10_IN
    {standard input}:1277   .rodata.IfxSent_SENT4C_P01_10_IN:00000000 IfxSent_SENT4C_P01_10_IN
    {standard input}:1229   .rodata.IfxSent_SENT5A_P40_11_IN:00000000 IfxSent_SENT5A_P40_11_IN
    {standard input}:1205   .rodata.IfxSent_SENT5B_P00_12_IN:00000000 IfxSent_SENT5B_P00_12_IN
    {standard input}:1181   .rodata.IfxSent_SENT5C_P32_6_IN:00000000 IfxSent_SENT5C_P32_6_IN
    {standard input}:1157   .rodata.IfxSent_SENT5D_P15_4_IN:00000000 IfxSent_SENT5D_P15_4_IN
    {standard input}:1133   .rodata.IfxSent_SENT6A_P40_13_IN:00000000 IfxSent_SENT6A_P40_13_IN
    {standard input}:1121   .rodata.IfxSent_SENT6B_P02_3_IN:00000000 IfxSent_SENT6B_P02_3_IN
    {standard input}:1097   .rodata.IfxSent_SENT6C_P01_11_IN:00000000 IfxSent_SENT6C_P01_11_IN
    {standard input}:1037   .rodata.IfxSent_SENT7B_P33_4_IN:00000000 IfxSent_SENT7B_P33_4_IN
    {standard input}:1013   .rodata.IfxSent_SENT7C_P10_9_IN:00000000 IfxSent_SENT7C_P10_9_IN
    {standard input}:989    .rodata.IfxSent_SENT7D_P04_3_IN:00000000 IfxSent_SENT7D_P04_3_IN
    {standard input}:977    .rodata.IfxSent_SENT8B_P33_2_IN:00000000 IfxSent_SENT8B_P33_2_IN
    {standard input}:941    .rodata.IfxSent_SENT8C_P10_14_IN:00000000 IfxSent_SENT8C_P10_14_IN
    {standard input}:917    .rodata.IfxSent_SENT8D_P14_0_IN:00000000 IfxSent_SENT8D_P14_0_IN
    {standard input}:905    .rodata.IfxSent_SENT9B_P33_0_IN:00000000 IfxSent_SENT9B_P33_0_IN
    {standard input}:881    .rodata.IfxSent_SENT9C_P10_11_IN:00000000 IfxSent_SENT9C_P10_11_IN
    {standard input}:1973   .rodata.IfxSent_SENT10B_P02_10_IN:00000000 IfxSent_SENT10B_P02_10_IN
    {standard input}:1949   .rodata.IfxSent_SENT10C_P10_0_IN:00000000 IfxSent_SENT10C_P10_0_IN
    {standard input}:1901   .rodata.IfxSent_SENT11B_P33_7_IN:00000000 IfxSent_SENT11B_P33_7_IN
    {standard input}:1877   .rodata.IfxSent_SENT11C_P35_1_IN:00000000 IfxSent_SENT11C_P35_1_IN
    {standard input}:1853   .rodata.IfxSent_SENT11D_P04_4_IN:00000000 IfxSent_SENT11D_P04_4_IN
    {standard input}:1841   .rodata.IfxSent_SENT12A_P01_3_IN:00000000 IfxSent_SENT12A_P01_3_IN
    {standard input}:1829   .rodata.IfxSent_SENT12B_P10_6_IN:00000000 IfxSent_SENT12B_P10_6_IN
    {standard input}:1805   .rodata.IfxSent_SENT12C_P04_9_IN:00000000 IfxSent_SENT12C_P04_9_IN
    {standard input}:1757   .rodata.IfxSent_SENT13A_P01_5_IN:00000000 IfxSent_SENT13A_P01_5_IN
    {standard input}:1733   .rodata.IfxSent_SENT13B_P34_4_IN:00000000 IfxSent_SENT13B_P34_4_IN
    {standard input}:1709   .rodata.IfxSent_SENT13D_P31_6_IN:00000000 IfxSent_SENT13D_P31_6_IN
    {standard input}:1685   .rodata.IfxSent_SENT14A_P10_8_IN:00000000 IfxSent_SENT14A_P10_8_IN
    {standard input}:1661   .rodata.IfxSent_SENT14B_P34_3_IN:00000000 IfxSent_SENT14B_P34_3_IN
    {standard input}:1637   .rodata.IfxSent_SENT14C_P35_5_IN:00000000 IfxSent_SENT14C_P35_5_IN
    {standard input}:1625   .rodata.IfxSent_SENT14D_P33_15_IN:00000000 IfxSent_SENT14D_P33_15_IN

NO UNDEFINED SYMBOLS
