<p>/home/epl05/EMProject/fs_electrical_machines/modelica/Modelica.Mechanics.MultiBody.Examples.Elementary.DoublePendulum/DoublePendulum -port=36639 -logFormat=xmltcp -startTime=0 -stopTime=3 -stepSize=0.006 -tolerance=1e-06 -s=dassl -outputFormat=mat -variableFilter=.* -r=/home/epl05/EMProject/fs_electrical_machines/modelica/Modelica.Mechanics.MultiBody.Examples.Elementary.DoublePendulum/DoublePendulum_res.mat -w -lv=LOG_STDOUT,LOG_ASSERT,LOG_STATS -inputPath=/home/epl05/EMProject/fs_electrical_machines/modelica/Modelica.Mechanics.MultiBody.Examples.Elementary.DoublePendulum -outputPath=/home/epl05/EMProject/fs_electrical_machines/modelica/Modelica.Mechanics.MultiBody.Examples.Elementary.DoublePendulum</p>
LOG_SUCCESS		| info	 | <p>The initialization finished successfully without homotopy method.</p>
LOG_STATS		| info	 | <p>### STATISTICS ###</p>
|		| |	 | | <p>timer</p>
|		| |	 | | | <p>   0.0327173s          reading init.xml</p>
|		| |	 | | | <p>  0.00584034s          reading info.xml</p>
|		| |	 | | | <p>   0.0014022s [  1.8%] pre-initialization</p>
|		| |	 | | | <p>   0.0041698s [  5.4%] initialization</p>
|		| |	 | | | <p>  5.6991e-05s [  0.1%] steps</p>
|		| |	 | | | <p>  0.00701572s [  9.1%] solver (excl. callbacks)</p>
|		| |	 | | | <p>  0.00660377s [  8.6%] creating output-file</p>
|		| |	 | | | <p>  0.00101275s [  1.3%] event-handling</p>
|		| |	 | | | <p>  0.00130603s [  1.7%] overhead</p>
|		| |	 | | | <p>   0.0552535s [ 71.9%] simulation</p>
|		| |	 | | | <p>   0.0768208s [100.0%] total</p>
|		| |	 | | <p>events</p>
|		| |	 | | | <p>    0 state events</p>
|		| |	 | | | <p>    0 time events</p>
|		| |	 | | <p>solver: dassl</p>
|		| |	 | | | <p>  718 steps taken</p>
|		| |	 | | | <p>  941 calls of functionODE</p>
|		| |	 | | | <p>   36 evaluations of jacobian</p>
|		| |	 | | | <p>   11 error test failures</p>
|		| |	 | | | <p>    0 convergence test failures</p>
|		| |	 | | | <p>0.00373525s time of jacobian evaluation</p>
LOG_SUCCESS		| info	 | <p>The simulation finished successfully.</p>
