   1              	
   2              	 .file "Ifx_LutAtan2F32_Table.c"
   3              	 .file "Ifx_LutAtan2F32_Table.c"
   4              	.section .text,"ax",@progbits
   5              	.Ltext0:
   6              	 .global Ifx_g_LutAtan2F32_table
   7              	 .section .rodata.Ifx_g_LutAtan2F32_table,"a"
   8              	 .align 2
  11              	Ifx_g_LutAtan2F32_table:
  12 0000 00000000 	 .word 0
  13 0004 FBFF7F3A 	 .word 981467131
  14 0008 EBFFFF3A 	 .word 989855723
  15 000c DCFF3F3B 	 .word 994050012
  16 0010 ABFF7F3B 	 .word 998244267
  17 0014 ADFF9F3B 	 .word 1000341421
  18 0018 70FFBF3B 	 .word 1002438512
  19 001c 1BFFDF3B 	 .word 1004535579
  20 0020 ABFEFF3B 	 .word 1006632619
  21 0024 0DFF0F3C 	 .word 1007681293
  22 0028 B3FE1F3C 	 .word 1008729779
  23 002c 44FE2F3C 	 .word 1009778244
  24 0030 C0FD3F3C 	 .word 1010826688
  25 0034 24FD4F3C 	 .word 1011875108
  26 0038 6DFC5F3C 	 .word 1012923501
  27 003c 9BFB6F3C 	 .word 1013971867
  28 0040 ABFA7F3C 	 .word 1015020203
  29 0044 CDFC873C 	 .word 1015545037
  30 0048 34FC8F3C 	 .word 1016069172
  31 004c 89FB973C 	 .word 1016593289
  32 0050 CBFA9F3C 	 .word 1017117387
  33 0054 F9F9A73C 	 .word 1017641465
  34 0058 12F9AF3C 	 .word 1018165522
  35 005c 15F8B73C 	 .word 1018689557
  36 0060 01F7BF3C 	 .word 1019213569
  37 0064 D5F5C73C 	 .word 1019737557
  38 0068 90F4CF3C 	 .word 1020261520
  39 006c 31F3D73C 	 .word 1020785457
  40 0070 B7F1DF3C 	 .word 1021309367
  41 0074 21F0E73C 	 .word 1021833249
  42 0078 6EEEEF3C 	 .word 1022357102
  43 007c 9EECF73C 	 .word 1022880926
  44 0080 AEEAFF3C 	 .word 1023404718
  45 0084 4FF4033D 	 .word 1023669327
  46 0088 37F3073D 	 .word 1023931191
  47 008c 0EF20B3D 	 .word 1024193038
  48 0090 D3F00F3D 	 .word 1024454867
  49 0094 86EF133D 	 .word 1024716678
  50 0098 27EE173D 	 .word 1024978471
  51 009c B5EC1B3D 	 .word 1025240245
  52 00a0 30EB1F3D 	 .word 1025502000
  53 00a4 96E9233D 	 .word 1025763734
  54 00a8 E8E7273D 	 .word 1026025448
  55 00ac 25E62B3D 	 .word 1026287141
  56 00b0 4DE42F3D 	 .word 1026548813
  57 00b4 5FE2333D 	 .word 1026810463
  58 00b8 5AE0373D 	 .word 1027072090
  59 00bc 3FDE3B3D 	 .word 1027333695
  60 00c0 0CDC3F3D 	 .word 1027595276
  61 00c4 C1D9433D 	 .word 1027856833
  62 00c8 5ED7473D 	 .word 1028118366
  63 00cc E2D44B3D 	 .word 1028379874
  64 00d0 4DD24F3D 	 .word 1028641357
  65 00d4 9DCF533D 	 .word 1028902813
  66 00d8 D4CC573D 	 .word 1029164244
  67 00dc EFC95B3D 	 .word 1029425647
  68 00e0 F0C65F3D 	 .word 1029687024
  69 00e4 D4C3633D 	 .word 1029948372
  70 00e8 9CC0673D 	 .word 1030209692
  71 00ec 47BD6B3D 	 .word 1030470983
  72 00f0 D5B96F3D 	 .word 1030732245
  73 00f4 45B6733D 	 .word 1030993477
  74 00f8 97B2773D 	 .word 1031254679
  75 00fc CAAE7B3D 	 .word 1031515850
  76 0100 DEAA7F3D 	 .word 1031776990
  77 0104 69D3813D 	 .word 1031918441
  78 0108 53D1833D 	 .word 1032048979
  79 010c 2CCF853D 	 .word 1032179500
  80 0110 F5CC873D 	 .word 1032310005
  81 0114 ADCA893D 	 .word 1032440493
  82 0118 54C88B3D 	 .word 1032570964
  83 011c EAC58D3D 	 .word 1032701418
  84 0120 6EC38F3D 	 .word 1032831854
  85 0124 E0C0913D 	 .word 1032962272
  86 0128 40BE933D 	 .word 1033092672
  87 012c 8EBB953D 	 .word 1033223054
  88 0130 CAB8973D 	 .word 1033353418
  89 0134 F2B5993D 	 .word 1033483762
  90 0138 08B39B3D 	 .word 1033614088
  91 013c 0AB09D3D 	 .word 1033744394
  92 0140 F8AC9F3D 	 .word 1033874680
  93 0144 D3A9A13D 	 .word 1034004947
  94 0148 9AA6A33D 	 .word 1034135194
  95 014c 4DA3A53D 	 .word 1034265421
  96 0150 EB9FA73D 	 .word 1034395627
  97 0154 759CA93D 	 .word 1034525813
  98 0158 E998AB3D 	 .word 1034655977
  99 015c 4995AD3D 	 .word 1034786121
 100 0160 9291AF3D 	 .word 1034916242
 101 0164 C78DB13D 	 .word 1035046343
 102 0168 E589B33D 	 .word 1035176421
 103 016c ED85B53D 	 .word 1035306477
 104 0170 DF81B73D 	 .word 1035436511
 105 0174 BA7DB93D 	 .word 1035566522
 106 0178 7E79BB3D 	 .word 1035696510
 107 017c 2B75BD3D 	 .word 1035826475
 108 0180 C170BF3D 	 .word 1035956417
 109 0184 3F6CC13D 	 .word 1036086335
 110 0188 A667C33D 	 .word 1036216230
 111 018c F462C53D 	 .word 1036346100
 112 0190 2A5EC73D 	 .word 1036475946
 113 0194 4859C93D 	 .word 1036605768
 114 0198 4C54CB3D 	 .word 1036735564
 115 019c 384FCD3D 	 .word 1036865336
 116 01a0 0B4ACF3D 	 .word 1036995083
 117 01a4 C444D13D 	 .word 1037124804
 118 01a8 633FD33D 	 .word 1037254499
 119 01ac E839D53D 	 .word 1037384168
 120 01b0 5434D73D 	 .word 1037513812
 121 01b4 A42ED93D 	 .word 1037643428
 122 01b8 DB28DB3D 	 .word 1037773019
 123 01bc F622DD3D 	 .word 1037902582
 124 01c0 F61CDF3D 	 .word 1038032118
 125 01c4 DB16E13D 	 .word 1038161627
 126 01c8 A410E33D 	 .word 1038291108
 127 01cc 510AE53D 	 .word 1038420561
 128 01d0 E303E73D 	 .word 1038549987
 129 01d4 58FDE83D 	 .word 1038679384
 130 01d8 B1F6EA3D 	 .word 1038808753
 131 01dc EDEFEC3D 	 .word 1038938093
 132 01e0 0CE9EE3D 	 .word 1039067404
 133 01e4 0DE2F03D 	 .word 1039196685
 134 01e8 F2DAF23D 	 .word 1039325938
 135 01ec B8D3F43D 	 .word 1039455160
 136 01f0 61CCF63D 	 .word 1039584353
 137 01f4 ECC4F83D 	 .word 1039713516
 138 01f8 58BDFA3D 	 .word 1039842648
 139 01fc A6B5FC3D 	 .word 1039971750
 140 0200 D5ADFE3D 	 .word 1040100821
 141 0204 F252003E 	 .word 1040208626
 142 0208 EB4E013E 	 .word 1040273131
 143 020c D34A023E 	 .word 1040337619
 144 0210 AC46033E 	 .word 1040402092
 145 0214 7542043E 	 .word 1040466549
 146 0218 2E3E053E 	 .word 1040530990
 147 021c D639063E 	 .word 1040595414
 148 0220 6E35073E 	 .word 1040659822
 149 0224 F630083E 	 .word 1040724214
 150 0228 6D2C093E 	 .word 1040788589
 151 022c D4270A3E 	 .word 1040852948
 152 0230 2A230B3E 	 .word 1040917290
 153 0234 6F1E0C3E 	 .word 1040981615
 154 0238 A3190D3E 	 .word 1041045923
 155 023c C6140E3E 	 .word 1041110214
 156 0240 D80F0F3E 	 .word 1041174488
 157 0244 D80A103E 	 .word 1041238744
 158 0248 C705113E 	 .word 1041302983
 159 024c A500123E 	 .word 1041367205
 160 0250 71FB123E 	 .word 1041431409
 161 0254 2BF6133E 	 .word 1041495595
 162 0258 D3F0143E 	 .word 1041559763
 163 025c 69EB153E 	 .word 1041623913
 164 0260 EEE5163E 	 .word 1041688046
 165 0264 60E0173E 	 .word 1041752160
 166 0268 BFDA183E 	 .word 1041816255
 167 026c 0DD5193E 	 .word 1041880333
 168 0270 47CF1A3E 	 .word 1041944391
 169 0274 70C91B3E 	 .word 1042008432
 170 0278 85C31C3E 	 .word 1042072453
 171 027c 88BD1D3E 	 .word 1042136456
 172 0280 77B71E3E 	 .word 1042200439
 173 0284 54B11F3E 	 .word 1042264404
 174 0288 1DAB203E 	 .word 1042328349
 175 028c D3A4213E 	 .word 1042392275
 176 0290 769E223E 	 .word 1042456182
 177 0294 0598233E 	 .word 1042520069
 178 0298 8191243E 	 .word 1042583937
 179 029c E98A253E 	 .word 1042647785
 180 02a0 3D84263E 	 .word 1042711613
 181 02a4 7E7D273E 	 .word 1042775422
 182 02a8 AA76283E 	 .word 1042839210
 183 02ac C26F293E 	 .word 1042902978
 184 02b0 C6682A3E 	 .word 1042966726
 185 02b4 B5612B3E 	 .word 1043030453
 186 02b8 905A2C3E 	 .word 1043094160
 187 02bc 57532D3E 	 .word 1043157847
 188 02c0 094C2E3E 	 .word 1043221513
 189 02c4 A6442F3E 	 .word 1043285158
 190 02c8 2E3D303E 	 .word 1043348782
 191 02cc A235313E 	 .word 1043412386
 192 02d0 002E323E 	 .word 1043475968
 193 02d4 4926333E 	 .word 1043539529
 194 02d8 7D1E343E 	 .word 1043603069
 195 02dc 9B16353E 	 .word 1043666587
 196 02e0 A40E363E 	 .word 1043730084
 197 02e4 9806373E 	 .word 1043793560
 198 02e8 75FE373E 	 .word 1043857013
 199 02ec 3DF6383E 	 .word 1043920445
 200 02f0 EFED393E 	 .word 1043983855
 201 02f4 8BE53A3E 	 .word 1044047243
 202 02f8 11DD3B3E 	 .word 1044110609
 203 02fc 81D43C3E 	 .word 1044173953
 204 0300 DACB3D3E 	 .word 1044237274
 205 0304 1DC33E3E 	 .word 1044300573
 206 0308 4ABA3F3E 	 .word 1044363850
 207 030c 60B1403E 	 .word 1044427104
 208 0310 5FA8413E 	 .word 1044490335
 209 0314 489F423E 	 .word 1044553544
 210 0318 1996433E 	 .word 1044616729
 211 031c D48C443E 	 .word 1044679892
 212 0320 7783453E 	 .word 1044743031
 213 0324 037A463E 	 .word 1044806147
 214 0328 7870473E 	 .word 1044869240
 215 032c D666483E 	 .word 1044932310
 216 0330 1C5D493E 	 .word 1044995356
 217 0334 4A534A3E 	 .word 1045058378
 218 0338 61494B3E 	 .word 1045121377
 219 033c 603F4C3E 	 .word 1045184352
 220 0340 47354D3E 	 .word 1045247303
 221 0344 60C84E3E 	 .word 1045350496
 222 0348 CD204F3E 	 .word 1045373133
 223 034c 6C16503E 	 .word 1045436012
 224 0350 F30B513E 	 .word 1045498867
 225 0354 6101523E 	 .word 1045561697
 226 0358 B7F6523E 	 .word 1045624503
 227 035c F4EB533E 	 .word 1045687284
 228 0360 19E1543E 	 .word 1045750041
 229 0364 25D6553E 	 .word 1045812773
 230 0368 18CB563E 	 .word 1045875480
 231 036c F2BF573E 	 .word 1045938162
 232 0370 B3B4583E 	 .word 1046000819
 233 0374 5BA9593E 	 .word 1046063451
 234 0378 E99D5A3E 	 .word 1046126057
 235 037c 5F925B3E 	 .word 1046188639
 236 0380 BB865C3E 	 .word 1046251195
 237 0384 FD7A5D3E 	 .word 1046313725
 238 0388 266F5E3E 	 .word 1046376230
 239 038c 35635F3E 	 .word 1046438709
 240 0390 2A57603E 	 .word 1046501162
 241 0394 064B613E 	 .word 1046563590
 242 0398 C73E623E 	 .word 1046625991
 243 039c 6F32633E 	 .word 1046688367
 244 03a0 FC25643E 	 .word 1046750716
 245 03a4 6F19653E 	 .word 1046813039
 246 03a8 C80C663E 	 .word 1046875336
 247 03ac 0700673E 	 .word 1046937607
 248 03b0 2AF3673E 	 .word 1046999850
 249 03b4 34E6683E 	 .word 1047062068
 250 03b8 22D9693E 	 .word 1047124258
 251 03bc F6CB6A3E 	 .word 1047186422
 252 03c0 AFBE6B3E 	 .word 1047248559
 253 03c4 4DB16C3E 	 .word 1047310669
 254 03c8 D0A36D3E 	 .word 1047372752
 255 03cc 38966E3E 	 .word 1047434808
 256 03d0 84886F3E 	 .word 1047496836
 257 03d4 B57A703E 	 .word 1047558837
 258 03d8 CB6C713E 	 .word 1047620811
 259 03dc C65E723E 	 .word 1047682758
 260 03e0 A450733E 	 .word 1047744676
 261 03e4 6842743E 	 .word 1047806568
 262 03e8 0F34753E 	 .word 1047868431
 263 03ec 9B25763E 	 .word 1047930267
 264 03f0 0A17773E 	 .word 1047992074
 265 03f4 5E08783E 	 .word 1048053854
 266 03f8 95F9783E 	 .word 1048115605
 267 03fc B1EA793E 	 .word 1048177329
 268 0400 B0DB7A3E 	 .word 1048239024
 269 0404 93CC7B3E 	 .word 1048300691
 270 0408 59BD7C3E 	 .word 1048362329
 271 040c 03AE7D3E 	 .word 1048423939
 272 0410 909E7E3E 	 .word 1048485520
 273 0414 008F7F3E 	 .word 1048547072
 274 0418 AA3F803E 	 .word 1048592298
 275 041c C6B7803E 	 .word 1048623046
 276 0420 D32F813E 	 .word 1048653779
 277 0424 D1A7813E 	 .word 1048684497
 278 0428 C11F823E 	 .word 1048715201
 279 042c A297823E 	 .word 1048745890
 280 0430 750F833E 	 .word 1048776565
 281 0434 3987833E 	 .word 1048807225
 282 0438 EEFE833E 	 .word 1048837870
 283 043c 9576843E 	 .word 1048868501
 284 0440 2DEE843E 	 .word 1048899117
 285 0444 B665853E 	 .word 1048929718
 286 0448 30DD853E 	 .word 1048960304
 287 044c 9B54863E 	 .word 1048990875
 288 0450 F7CB863E 	 .word 1049021431
 289 0454 4443873E 	 .word 1049051972
 290 0458 83BA873E 	 .word 1049082499
 291 045c B231883E 	 .word 1049113010
 292 0460 D2A8883E 	 .word 1049143506
 293 0464 E31F893E 	 .word 1049173987
 294 0468 E496893E 	 .word 1049204452
 295 046c D70D8A3E 	 .word 1049234903
 296 0470 BA848A3E 	 .word 1049265338
 297 0474 8EFB8A3E 	 .word 1049295758
 298 0478 52728B3E 	 .word 1049326162
 299 047c 07E98B3E 	 .word 1049356551
 300 0480 AD5F8C3E 	 .word 1049386925
 301 0484 43D68C3E 	 .word 1049417283
 302 0488 CA4C8D3E 	 .word 1049447626
 303 048c 41C38D3E 	 .word 1049477953
 304 0490 A9398E3E 	 .word 1049508265
 305 0494 01B08E3E 	 .word 1049538561
 306 0498 4A268F3E 	 .word 1049568842
 307 049c 829C8F3E 	 .word 1049599106
 308 04a0 AB12903E 	 .word 1049629355
 309 04a4 C488903E 	 .word 1049659588
 310 04a8 CEFE903E 	 .word 1049689806
 311 04ac C874913E 	 .word 1049720008
 312 04b0 B1EA913E 	 .word 1049750193
 313 04b4 8B60923E 	 .word 1049780363
 314 04b8 55D6923E 	 .word 1049810517
 315 04bc 0F4C933E 	 .word 1049840655
 316 04c0 B9C1933E 	 .word 1049870777
 317 04c4 5337943E 	 .word 1049900883
 318 04c8 DDAC943E 	 .word 1049930973
 319 04cc 5622953E 	 .word 1049961046
 320 04d0 C097953E 	 .word 1049991104
 321 04d4 190D963E 	 .word 1050021145
 322 04d8 6282963E 	 .word 1050051170
 323 04dc 9BF7963E 	 .word 1050081179
 324 04e0 C46C973E 	 .word 1050111172
 325 04e4 DCE1973E 	 .word 1050141148
 326 04e8 E456983E 	 .word 1050171108
 327 04ec DBCB983E 	 .word 1050201051
 328 04f0 C240993E 	 .word 1050230978
 329 04f4 99B5993E 	 .word 1050260889
 330 04f8 5F2A9A3E 	 .word 1050290783
 331 04fc 159F9A3E 	 .word 1050320661
 332 0500 BA139B3E 	 .word 1050350522
 333 0504 4E889B3E 	 .word 1050380366
 334 0508 D2FC9B3E 	 .word 1050410194
 335 050c 45719C3E 	 .word 1050440005
 336 0510 A7E59C3E 	 .word 1050469799
 337 0514 F9599D3E 	 .word 1050499577
 338 0518 3ACE9D3E 	 .word 1050529338
 339 051c 6A429E3E 	 .word 1050559082
 340 0520 89B69E3E 	 .word 1050588809
 341 0524 982A9F3E 	 .word 1050618520
 342 0528 959E9F3E 	 .word 1050648213
 343 052c 8212A03E 	 .word 1050677890
 344 0530 5D86A03E 	 .word 1050707549
 345 0534 28FAA03E 	 .word 1050737192
 346 0538 E26DA13E 	 .word 1050766818
 347 053c 8AE1A13E 	 .word 1050796426
 348 0540 2255A23E 	 .word 1050826018
 349 0544 A8C8A23E 	 .word 1050855592
 350 0548 1D3CA33E 	 .word 1050885149
 351 054c 81AFA33E 	 .word 1050914689
 352 0550 D422A43E 	 .word 1050944212
 353 0554 1696A43E 	 .word 1050973718
 354 0558 4609A53E 	 .word 1051003206
 355 055c 657CA53E 	 .word 1051032677
 356 0560 73EFA53E 	 .word 1051062131
 357 0564 6F62A63E 	 .word 1051091567
 358 0568 5AD5A63E 	 .word 1051120986
 359 056c 3448A73E 	 .word 1051150388
 360 0570 FCBAA73E 	 .word 1051179772
 361 0574 B22DA83E 	 .word 1051209138
 362 0578 57A0A83E 	 .word 1051238487
 363 057c EB12A93E 	 .word 1051267819
 364 0580 6D85A93E 	 .word 1051297133
 365 0584 DDF7A93E 	 .word 1051326429
 366 0588 3C6AAA3E 	 .word 1051355708
 367 058c 89DCAA3E 	 .word 1051384969
 368 0590 C44EAB3E 	 .word 1051414212
 369 0594 EEC0AB3E 	 .word 1051443438
 370 0598 0633AC3E 	 .word 1051472646
 371 059c 0CA5AC3E 	 .word 1051501836
 372 05a0 0117AD3E 	 .word 1051531009
 373 05a4 E388AD3E 	 .word 1051560163
 374 05a8 B4FAAD3E 	 .word 1051589300
 375 05ac 736CAE3E 	 .word 1051618419
 376 05b0 20DEAE3E 	 .word 1051647520
 377 05b4 BB4FAF3E 	 .word 1051676603
 378 05b8 44C1AF3E 	 .word 1051705668
 379 05bc BB32B03E 	 .word 1051734715
 380 05c0 20A4B03E 	 .word 1051763744
 381 05c4 7315B13E 	 .word 1051792755
 382 05c8 B486B13E 	 .word 1051821748
 383 05cc E3F7B13E 	 .word 1051850723
 384 05d0 0069B23E 	 .word 1051879680
 385 05d4 0ADAB23E 	 .word 1051908618
 386 05d8 034BB33E 	 .word 1051937539
 387 05dc E9BBB33E 	 .word 1051966441
 388 05e0 BD2CB43E 	 .word 1051995325
 389 05e4 7F9DB43E 	 .word 1052024191
 390 05e8 2E0EB53E 	 .word 1052053038
 391 05ec CB7EB53E 	 .word 1052081867
 392 05f0 56EFB53E 	 .word 1052110678
 393 05f4 CF5FB63E 	 .word 1052139471
 394 05f8 35D0B63E 	 .word 1052168245
 395 05fc 8940B73E 	 .word 1052197001
 396 0600 CAB0B73E 	 .word 1052225738
 397 0604 F920B83E 	 .word 1052254457
 398 0608 1591B83E 	 .word 1052283157
 399 060c 1F01B93E 	 .word 1052311839
 400 0610 1771B93E 	 .word 1052340503
 401 0614 FCE0B93E 	 .word 1052369148
 402 0618 CE50BA3E 	 .word 1052397774
 403 061c 8DC0BA3E 	 .word 1052426381
 404 0620 3B30BB3E 	 .word 1052454971
 405 0624 D59FBB3E 	 .word 1052483541
 406 0628 5D0FBC3E 	 .word 1052512093
 407 062c D27EBC3E 	 .word 1052540626
 408 0630 34EEBC3E 	 .word 1052569140
 409 0634 845DBD3E 	 .word 1052597636
 410 0638 C1CCBD3E 	 .word 1052626113
 411 063c EB3BBE3E 	 .word 1052654571
 412 0640 02ABBE3E 	 .word 1052683010
 413 0644 071ABF3E 	 .word 1052711431
 414 0648 F988BF3E 	 .word 1052739833
 415 064c D7F7BF3E 	 .word 1052768215
 416 0650 A366C03E 	 .word 1052796579
 417 0654 5CD5C03E 	 .word 1052824924
 418 0658 0244C13E 	 .word 1052853250
 419 065c 96B2C13E 	 .word 1052881558
 420 0660 1621C23E 	 .word 1052909846
 421 0664 838FC23E 	 .word 1052938115
 422 0668 DDFDC23E 	 .word 1052966365
 423 066c 246CC33E 	 .word 1052994596
 424 0670 58DAC33E 	 .word 1053022808
 425 0674 7948C43E 	 .word 1053051001
 426 0678 87B6C43E 	 .word 1053079175
 427 067c 8224C53E 	 .word 1053107330
 428 0680 6A92C53E 	 .word 1053135466
 429 0684 3E00C63E 	 .word 1053163582
 430 0688 006EC63E 	 .word 1053191680
 431 068c AEDBC63E 	 .word 1053219758
 432 0690 4949C73E 	 .word 1053247817
 433 0694 D0B6C73E 	 .word 1053275856
 434 0698 4524C83E 	 .word 1053303877
 435 069c A691C83E 	 .word 1053331878
 436 06a0 F4FEC83E 	 .word 1053359860
 437 06a4 2E6CC93E 	 .word 1053387822
 438 06a8 56D9C93E 	 .word 1053415766
 439 06ac 6A46CA3E 	 .word 1053443690
 440 06b0 6AB3CA3E 	 .word 1053471594
 441 06b4 5720CB3E 	 .word 1053499479
 442 06b8 318DCB3E 	 .word 1053527345
 443 06bc F7F9CB3E 	 .word 1053555191
 444 06c0 AA66CC3E 	 .word 1053583018
 445 06c4 4AD3CC3E 	 .word 1053610826
 446 06c8 D63FCD3E 	 .word 1053638614
 447 06cc 4EACCD3E 	 .word 1053666382
 448 06d0 B318CE3E 	 .word 1053694131
 449 06d4 0485CE3E 	 .word 1053721860
 450 06d8 42F1CE3E 	 .word 1053749570
 451 06dc 6C5DCF3E 	 .word 1053777260
 452 06e0 83C9CF3E 	 .word 1053804931
 453 06e4 8635D03E 	 .word 1053832582
 454 06e8 76A1D03E 	 .word 1053860214
 455 06ec 520DD13E 	 .word 1053887826
 456 06f0 1A79D13E 	 .word 1053915418
 457 06f4 CFE4D13E 	 .word 1053942991
 458 06f8 6F50D23E 	 .word 1053970543
 459 06fc FDBBD23E 	 .word 1053998077
 460 0700 7627D33E 	 .word 1054025590
 461 0704 DC92D33E 	 .word 1054053084
 462 0708 2EFED33E 	 .word 1054080558
 463 070c 6C69D43E 	 .word 1054108012
 464 0710 97D4D43E 	 .word 1054135447
 465 0714 AD3FD53E 	 .word 1054162861
 466 0718 B0AAD53E 	 .word 1054190256
 467 071c 9F15D63E 	 .word 1054217631
 468 0720 7B80D63E 	 .word 1054244987
 469 0724 42EBD63E 	 .word 1054272322
 470 0728 F655D73E 	 .word 1054299638
 471 072c 95C0D73E 	 .word 1054326933
 472 0730 212BD83E 	 .word 1054354209
 473 0734 9995D83E 	 .word 1054381465
 474 0738 FDFFD83E 	 .word 1054408701
 475 073c 4D6AD93E 	 .word 1054435917
 476 0740 89D4D93E 	 .word 1054463113
 477 0744 B13EDA3E 	 .word 1054490289
 478 0748 C5A8DA3E 	 .word 1054517445
 479 074c C512DB3E 	 .word 1054544581
 480 0750 B17CDB3E 	 .word 1054571697
 481 0754 8AE6DB3E 	 .word 1054598794
 482 0758 4E50DC3E 	 .word 1054625870
 483 075c FEB9DC3E 	 .word 1054652926
 484 0760 9A23DD3E 	 .word 1054679962
 485 0764 228DDD3E 	 .word 1054706978
 486 0768 96F6DD3E 	 .word 1054733974
 487 076c F55FDE3E 	 .word 1054760949
 488 0770 41C9DE3E 	 .word 1054787905
 489 0774 7832DF3E 	 .word 1054814840
 490 0778 9C9BDF3E 	 .word 1054841756
 491 077c AB04E03E 	 .word 1054868651
 492 0780 A66DE03E 	 .word 1054895526
 493 0784 8DD6E03E 	 .word 1054922381
 494 0788 603FE13E 	 .word 1054949216
 495 078c 1FA8E13E 	 .word 1054976031
 496 0790 C910E23E 	 .word 1055002825
 497 0794 5F79E23E 	 .word 1055029599
 498 0798 E1E1E23E 	 .word 1055056353
 499 079c 4F4AE33E 	 .word 1055083087
 500 07a0 A8B2E33E 	 .word 1055109800
 501 07a4 EE1AE43E 	 .word 1055136494
 502 07a8 1F83E43E 	 .word 1055163167
 503 07ac 3BEBE43E 	 .word 1055189819
 504 07b0 4453E53E 	 .word 1055216452
 505 07b4 38BBE53E 	 .word 1055243064
 506 07b8 1723E63E 	 .word 1055269655
 507 07bc E38AE63E 	 .word 1055296227
 508 07c0 9AF2E63E 	 .word 1055322778
 509 07c4 3D5AE73E 	 .word 1055349309
 510 07c8 CBC1E73E 	 .word 1055375819
 511 07cc 4529E83E 	 .word 1055402309
 512 07d0 AB90E83E 	 .word 1055428779
 513 07d4 FDF7E83E 	 .word 1055455229
 514 07d8 3A5FE93E 	 .word 1055481658
 515 07dc 62C6E93E 	 .word 1055508066
 516 07e0 762DEA3E 	 .word 1055534454
 517 07e4 7694EA3E 	 .word 1055560822
 518 07e8 61FBEA3E 	 .word 1055587169
 519 07ec 3862EB3E 	 .word 1055613496
 520 07f0 FBC8EB3E 	 .word 1055639803
 521 07f4 A92FEC3E 	 .word 1055666089
 522 07f8 4296EC3E 	 .word 1055692354
 523 07fc C8FCEC3E 	 .word 1055718600
 524 0800 3863ED3E 	 .word 1055744824
 525 0804 94C9ED3E 	 .word 1055771028
 526 0808 DC2FEE3E 	 .word 1055797212
 527 080c 0F96EE3E 	 .word 1055823375
 528 0810 2EFCEE3E 	 .word 1055849518
 529 0814 3862EF3E 	 .word 1055875640
 530 0818 2EC8EF3E 	 .word 1055901742
 531 081c 0F2EF03E 	 .word 1055927823
 532 0820 DB93F03E 	 .word 1055953883
 533 0824 93F9F03E 	 .word 1055979923
 534 0828 375FF13E 	 .word 1056005943
 535 082c C6C4F13E 	 .word 1056031942
 536 0830 402AF23E 	 .word 1056057920
 537 0834 A68FF23E 	 .word 1056083878
 538 0838 F7F4F23E 	 .word 1056109815
 539 083c 345AF33E 	 .word 1056135732
 540 0840 5CBFF33E 	 .word 1056161628
 541 0844 6F24F43E 	 .word 1056187503
 542 0848 6E89F43E 	 .word 1056213358
 543 084c 59EEF43E 	 .word 1056239193
 544 0850 2E53F53E 	 .word 1056265006
 545 0854 EFB7F53E 	 .word 1056290799
 546 0858 9C1CF63E 	 .word 1056316572
 547 085c 3381F63E 	 .word 1056342323
 548 0860 B7E5F63E 	 .word 1056368055
 549 0864 254AF73E 	 .word 1056393765
 550 0868 7FAEF73E 	 .word 1056419455
 551 086c C412F83E 	 .word 1056445124
 552 0870 F576F83E 	 .word 1056470773
 553 0874 11DBF83E 	 .word 1056496401
 554 0878 183FF93E 	 .word 1056522008
 555 087c 0AA3F93E 	 .word 1056547594
 556 0880 E806FA3E 	 .word 1056573160
 557 0884 B26AFA3E 	 .word 1056598706
 558 0888 66CEFA3E 	 .word 1056624230
 559 088c 0632FB3E 	 .word 1056649734
 560 0890 9195FB3E 	 .word 1056675217
 561 0894 07F9FB3E 	 .word 1056700679
 562 0898 695CFC3E 	 .word 1056726121
 563 089c B6BFFC3E 	 .word 1056751542
 564 08a0 EF22FD3E 	 .word 1056776943
 565 08a4 1286FD3E 	 .word 1056802322
 566 08a8 21E9FD3E 	 .word 1056827681
 567 08ac 1B4CFE3E 	 .word 1056853019
 568 08b0 01AFFE3E 	 .word 1056878337
 569 08b4 D111FF3E 	 .word 1056903633
 570 08b8 8D74FF3E 	 .word 1056928909
 571 08bc 35D7FF3E 	 .word 1056954165
 572 08c0 E41C003F 	 .word 1056972004
 573 08c4 234E003F 	 .word 1056984611
 574 08c8 577F003F 	 .word 1056997207
 575 08cc 81B0003F 	 .word 1057009793
 576 08d0 A1E1003F 	 .word 1057022369
 577 08d4 B612013F 	 .word 1057034934
 578 08d8 C143013F 	 .word 1057047489
 579 08dc C274013F 	 .word 1057060034
 580 08e0 B8A5013F 	 .word 1057072568
 581 08e4 A4D6013F 	 .word 1057085092
 582 08e8 8607023F 	 .word 1057097606
 583 08ec 5D38023F 	 .word 1057110109
 584 08f0 2A69023F 	 .word 1057122602
 585 08f4 EC99023F 	 .word 1057135084
 586 08f8 A4CA023F 	 .word 1057147556
 587 08fc 51FB023F 	 .word 1057160017
 588 0900 F52B033F 	 .word 1057172469
 589 0904 8D5C033F 	 .word 1057184909
 590 0908 1C8D033F 	 .word 1057197340
 591 090c A0BD033F 	 .word 1057209760
 592 0910 1AEE033F 	 .word 1057222170
 593 0914 891E043F 	 .word 1057234569
 594 0918 EE4E043F 	 .word 1057246958
 595 091c 487F043F 	 .word 1057259336
 596 0920 98AF043F 	 .word 1057271704
 597 0924 DEDF043F 	 .word 1057284062
 598 0928 1910053F 	 .word 1057296409
 599 092c 4A40053F 	 .word 1057308746
 600 0930 7170053F 	 .word 1057321073
 601 0934 8DA0053F 	 .word 1057333389
 602 0938 9FD0053F 	 .word 1057345695
 603 093c A600063F 	 .word 1057357990
 604 0940 A330063F 	 .word 1057370275
 605 0944 9560063F 	 .word 1057382549
 606 0948 7E90063F 	 .word 1057394814
 607 094c 5BC0063F 	 .word 1057407067
 608 0950 2FF0063F 	 .word 1057419311
 609 0954 F81F073F 	 .word 1057431544
 610 0958 B64F073F 	 .word 1057443766
 611 095c 6B7F073F 	 .word 1057455979
 612 0960 14AF073F 	 .word 1057468180
 613 0964 B4DE073F 	 .word 1057480372
 614 0968 490E083F 	 .word 1057492553
 615 096c D33D083F 	 .word 1057504723
 616 0970 546D083F 	 .word 1057516884
 617 0974 CA9C083F 	 .word 1057529034
 618 0978 35CC083F 	 .word 1057541173
 619 097c 96FB083F 	 .word 1057553302
 620 0980 ED2A093F 	 .word 1057565421
 621 0984 395A093F 	 .word 1057577529
 622 0988 7B89093F 	 .word 1057589627
 623 098c B3B8093F 	 .word 1057601715
 624 0990 E0E7093F 	 .word 1057613792
 625 0994 03170A3F 	 .word 1057625859
 626 0998 1B460A3F 	 .word 1057637915
 627 099c 29750A3F 	 .word 1057649961
 628 09a0 2DA40A3F 	 .word 1057661997
 629 09a4 26D30A3F 	 .word 1057674022
 630 09a8 15020B3F 	 .word 1057686037
 631 09ac F9300B3F 	 .word 1057698041
 632 09b0 D35F0B3F 	 .word 1057710035
 633 09b4 A38E0B3F 	 .word 1057722019
 634 09b8 69BD0B3F 	 .word 1057733993
 635 09bc 24EC0B3F 	 .word 1057745956
 636 09c0 D41A0C3F 	 .word 1057757908
 637 09c4 7B490C3F 	 .word 1057769851
 638 09c8 16780C3F 	 .word 1057781782
 639 09cc A8A60C3F 	 .word 1057793704
 640 09d0 2FD50C3F 	 .word 1057805615
 641 09d4 AC030D3F 	 .word 1057817516
 642 09d8 1E320D3F 	 .word 1057829406
 643 09dc 87600D3F 	 .word 1057841287
 644 09e0 E48E0D3F 	 .word 1057853156
 645 09e4 38BD0D3F 	 .word 1057865016
 646 09e8 81EB0D3F 	 .word 1057876865
 647 09ec BF190E3F 	 .word 1057888703
 648 09f0 F4470E3F 	 .word 1057900532
 649 09f4 1E760E3F 	 .word 1057912350
 650 09f8 3DA40E3F 	 .word 1057924157
 651 09fc 52D20E3F 	 .word 1057935954
 652 0a00 5D000F3F 	 .word 1057947741
 653 0a04 5E2E0F3F 	 .word 1057959518
 654 0a08 545C0F3F 	 .word 1057971284
 655 0a0c 408A0F3F 	 .word 1057983040
 656 0a10 22B80F3F 	 .word 1057994786
 657 0a14 F9E50F3F 	 .word 1058006521
 658 0a18 C613103F 	 .word 1058018246
 659 0a1c 8841103F 	 .word 1058029960
 660 0a20 416F103F 	 .word 1058041665
 661 0a24 EF9C103F 	 .word 1058053359
 662 0a28 92CA103F 	 .word 1058065042
 663 0a2c 2BF8103F 	 .word 1058076715
 664 0a30 BA25113F 	 .word 1058088378
 665 0a34 3F53113F 	 .word 1058100031
 666 0a38 B980113F 	 .word 1058111673
 667 0a3c 29AE113F 	 .word 1058123305
 668 0a40 8FDB113F 	 .word 1058134927
 669 0a44 EA08123F 	 .word 1058146538
 670 0a48 3C36123F 	 .word 1058158140
 671 0a4c 8263123F 	 .word 1058169730
 672 0a50 BF90123F 	 .word 1058181311
 673 0a54 F1BD123F 	 .word 1058192881
 674 0a58 19EB123F 	 .word 1058204441
 675 0a5c 3718133F 	 .word 1058215991
 676 0a60 4A45133F 	 .word 1058227530
 677 0a64 5372133F 	 .word 1058239059
 678 0a68 529F133F 	 .word 1058250578
 679 0a6c 46CC133F 	 .word 1058262086
 680 0a70 31F9133F 	 .word 1058273585
 681 0a74 1126143F 	 .word 1058285073
 682 0a78 E652143F 	 .word 1058296550
 683 0a7c B27F143F 	 .word 1058308018
 684 0a80 73AC143F 	 .word 1058319475
 685 0a84 2AD9143F 	 .word 1058330922
 686 0a88 D605153F 	 .word 1058342358
 687 0a8c 7932153F 	 .word 1058353785
 688 0a90 115F153F 	 .word 1058365201
 689 0a94 9F8B153F 	 .word 1058376607
 690 0a98 22B8153F 	 .word 1058388002
 691 0a9c 9CE4153F 	 .word 1058399388
 692 0aa0 0B11163F 	 .word 1058410763
 693 0aa4 703D163F 	 .word 1058422128
 694 0aa8 CB69163F 	 .word 1058433483
 695 0aac 1B96163F 	 .word 1058444827
 696 0ab0 61C2163F 	 .word 1058456161
 697 0ab4 9DEE163F 	 .word 1058467485
 698 0ab8 CF1A173F 	 .word 1058478799
 699 0abc F746173F 	 .word 1058490103
 700 0ac0 1473173F 	 .word 1058501396
 701 0ac4 279F173F 	 .word 1058512679
 702 0ac8 30CB173F 	 .word 1058523952
 703 0acc 2FF7173F 	 .word 1058535215
 704 0ad0 2423183F 	 .word 1058546468
 705 0ad4 0E4F183F 	 .word 1058557710
 706 0ad8 EE7A183F 	 .word 1058568942
 707 0adc C4A6183F 	 .word 1058580164
 708 0ae0 90D2183F 	 .word 1058591376
 709 0ae4 52FE183F 	 .word 1058602578
 710 0ae8 092A193F 	 .word 1058613769
 711 0aec B755193F 	 .word 1058624951
 712 0af0 5A81193F 	 .word 1058636122
 713 0af4 F3AC193F 	 .word 1058647283
 714 0af8 82D8193F 	 .word 1058658434
 715 0afc 06041A3F 	 .word 1058669574
 716 0b00 812F1A3F 	 .word 1058680705
 717 0b04 F15A1A3F 	 .word 1058691825
 718 0b08 58861A3F 	 .word 1058702936
 719 0b0c B4B11A3F 	 .word 1058714036
 720 0b10 06DD1A3F 	 .word 1058725126
 721 0b14 4E081B3F 	 .word 1058736206
 722 0b18 8B331B3F 	 .word 1058747275
 723 0b1c BF5E1B3F 	 .word 1058758335
 724 0b20 E8891B3F 	 .word 1058769384
 725 0b24 08B51B3F 	 .word 1058780424
 726 0b28 1DE01B3F 	 .word 1058791453
 727 0b2c 280B1C3F 	 .word 1058802472
 728 0b30 32361C3F 	 .word 1058813490
 729 0b34 20611C3F 	 .word 1058824480
 730 0b38 0D8C1C3F 	 .word 1058835469
 731 0b3c F0B61C3F 	 .word 1058846448
 732 0b40 C9E11C3F 	 .word 1058857417
 733 0b44 980C1D3F 	 .word 1058868376
 734 0b48 5C371D3F 	 .word 1058879324
 735 0b4c 17621D3F 	 .word 1058890263
 736 0b50 C78C1D3F 	 .word 1058901191
 737 0b54 6EB71D3F 	 .word 1058912110
 738 0b58 0AE21D3F 	 .word 1058923018
 739 0b5c 9C0C1E3F 	 .word 1058933916
 740 0b60 25371E3F 	 .word 1058944805
 741 0b64 A3611E3F 	 .word 1058955683
 742 0b68 178C1E3F 	 .word 1058966551
 743 0b6c 81B61E3F 	 .word 1058977409
 744 0b70 E1E01E3F 	 .word 1058988257
 745 0b74 370B1F3F 	 .word 1058999095
 746 0b78 84351F3F 	 .word 1059009924
 747 0b7c C65F1F3F 	 .word 1059020742
 748 0b80 FE891F3F 	 .word 1059031550
 749 0b84 2CB41F3F 	 .word 1059042348
 750 0b88 50DE1F3F 	 .word 1059053136
 751 0b8c 6A08203F 	 .word 1059063914
 752 0b90 7A32203F 	 .word 1059074682
 753 0b94 805C203F 	 .word 1059085440
 754 0b98 7D86203F 	 .word 1059096189
 755 0b9c 6FB0203F 	 .word 1059106927
 756 0ba0 57DA203F 	 .word 1059117655
 757 0ba4 3504213F 	 .word 1059128373
 758 0ba8 0A2E213F 	 .word 1059139082
 759 0bac D457213F 	 .word 1059149780
 760 0bb0 9481213F 	 .word 1059160468
 761 0bb4 4BAB213F 	 .word 1059171147
 762 0bb8 F8D4213F 	 .word 1059181816
 763 0bbc 9AFE213F 	 .word 1059192474
 764 0bc0 3328223F 	 .word 1059203123
 765 0bc4 C251223F 	 .word 1059213762
 766 0bc8 477B223F 	 .word 1059224391
 767 0bcc C2A4223F 	 .word 1059235010
 768 0bd0 33CE223F 	 .word 1059245619
 769 0bd4 9AF7223F 	 .word 1059256218
 770 0bd8 F720233F 	 .word 1059266807
 771 0bdc 4A4A233F 	 .word 1059277386
 772 0be0 9473233F 	 .word 1059287956
 773 0be4 D49C233F 	 .word 1059298516
 774 0be8 09C6233F 	 .word 1059309065
 775 0bec 35EF233F 	 .word 1059319605
 776 0bf0 5718243F 	 .word 1059330135
 777 0bf4 7041243F 	 .word 1059340656
 778 0bf8 7E6A243F 	 .word 1059351166
 779 0bfc 8293243F 	 .word 1059361666
 780 0c00 7DBC243F 	 .word 1059372157
 781 0c04 6EE5243F 	 .word 1059382638
 782 0c08 550E253F 	 .word 1059393109
 783 0c0c 3237253F 	 .word 1059403570
 784 0c10 0660253F 	 .word 1059414022
 785 0c14 CF88253F 	 .word 1059424463
 786 0c18 8FB1253F 	 .word 1059434895
 787 0c1c 45DA253F 	 .word 1059445317
 788 0c20 F102263F 	 .word 1059455729
 789 0c24 932B263F 	 .word 1059466131
 790 0c28 2C54263F 	 .word 1059476524
 791 0c2c BB7C263F 	 .word 1059486907
 792 0c30 40A5263F 	 .word 1059497280
 793 0c34 BBCD263F 	 .word 1059507643
 794 0c38 2DF6263F 	 .word 1059517997
 795 0c3c 951E273F 	 .word 1059528341
 796 0c40 F346273F 	 .word 1059538675
 797 0c44 476F273F 	 .word 1059548999
 798 0c48 9297273F 	 .word 1059559314
 799 0c4c D3BF273F 	 .word 1059569619
 800 0c50 0AE8273F 	 .word 1059579914
 801 0c54 3710283F 	 .word 1059590199
 802 0c58 5B38283F 	 .word 1059600475
 803 0c5c 7560283F 	 .word 1059610741
 804 0c60 8588283F 	 .word 1059620997
 805 0c64 8CB0283F 	 .word 1059631244
 806 0c68 89D8283F 	 .word 1059641481
 807 0c6c 7C00293F 	 .word 1059651708
 808 0c70 6628293F 	 .word 1059661926
 809 0c74 4650293F 	 .word 1059672134
 810 0c78 1C78293F 	 .word 1059682332
 811 0c7c E99F293F 	 .word 1059692521
 812 0c80 ACC7293F 	 .word 1059702700
 813 0c84 65EF293F 	 .word 1059712869
 814 0c88 15172A3F 	 .word 1059723029
 815 0c8c BB3E2A3F 	 .word 1059733179
 816 0c90 58662A3F 	 .word 1059743320
 817 0c94 EA8D2A3F 	 .word 1059753450
 818 0c98 74B52A3F 	 .word 1059763572
 819 0c9c F3DC2A3F 	 .word 1059773683
 820 0ca0 69042B3F 	 .word 1059783785
 821 0ca4 D62B2B3F 	 .word 1059793878
 822 0ca8 39532B3F 	 .word 1059803961
 823 0cac 927A2B3F 	 .word 1059814034
 824 0cb0 E2A12B3F 	 .word 1059824098
 825 0cb4 28C92B3F 	 .word 1059834152
 826 0cb8 64F02B3F 	 .word 1059844196
 827 0cbc 97172C3F 	 .word 1059854231
 828 0cc0 C13E2C3F 	 .word 1059864257
 829 0cc4 E1652C3F 	 .word 1059874273
 830 0cc8 F78C2C3F 	 .word 1059884279
 831 0ccc 04B42C3F 	 .word 1059894276
 832 0cd0 08DB2C3F 	 .word 1059904264
 833 0cd4 02022D3F 	 .word 1059914242
 834 0cd8 F2282D3F 	 .word 1059924210
 835 0cdc D94F2D3F 	 .word 1059934169
 836 0ce0 B6762D3F 	 .word 1059944118
 837 0ce4 8A9D2D3F 	 .word 1059954058
 838 0ce8 54C42D3F 	 .word 1059963988
 839 0cec 15EB2D3F 	 .word 1059973909
 840 0cf0 CD112E3F 	 .word 1059983821
 841 0cf4 7B382E3F 	 .word 1059993723
 842 0cf8 1F5F2E3F 	 .word 1060003615
 843 0cfc BB852E3F 	 .word 1060013499
 844 0d00 4CAC2E3F 	 .word 1060023372
 845 0d04 D4D22E3F 	 .word 1060033236
 846 0d08 53F92E3F 	 .word 1060043091
 847 0d0c C91F2F3F 	 .word 1060052937
 848 0d10 35462F3F 	 .word 1060062773
 849 0d14 976C2F3F 	 .word 1060072599
 850 0d18 F0922F3F 	 .word 1060082416
 851 0d1c 40B92F3F 	 .word 1060092224
 852 0d20 87DF2F3F 	 .word 1060102023
 853 0d24 C405303F 	 .word 1060111812
 854 0d28 F72B303F 	 .word 1060121591
 855 0d2c 2152303F 	 .word 1060131361
 856 0d30 4278303F 	 .word 1060141122
 857 0d34 5A9E303F 	 .word 1060150874
 858 0d38 68C4303F 	 .word 1060160616
 859 0d3c 6DEA303F 	 .word 1060170349
 860 0d40 6910313F 	 .word 1060180073
 861 0d44 5B36313F 	 .word 1060189787
 862 0d48 445C313F 	 .word 1060199492
 863 0d4c 2382313F 	 .word 1060209187
 864 0d50 FAA7313F 	 .word 1060218874
 865 0d54 C7CD313F 	 .word 1060228551
 866 0d58 8AF3313F 	 .word 1060238218
 867 0d5c 4519323F 	 .word 1060247877
 868 0d60 F63E323F 	 .word 1060257526
 869 0d64 9E64323F 	 .word 1060267166
 870 0d68 3C8A323F 	 .word 1060276796
 871 0d6c D2AF323F 	 .word 1060286418
 872 0d70 5ED5323F 	 .word 1060296030
 873 0d74 E1FA323F 	 .word 1060305633
 874 0d78 5A20333F 	 .word 1060315226
 875 0d7c CB45333F 	 .word 1060324811
 876 0d80 326B333F 	 .word 1060334386
 877 0d84 9090333F 	 .word 1060343952
 878 0d88 E5B5333F 	 .word 1060353509
 879 0d8c 30DB333F 	 .word 1060363056
 880 0d90 7200343F 	 .word 1060372594
 881 0d94 AC25343F 	 .word 1060382124
 882 0d98 DC4A343F 	 .word 1060391644
 883 0d9c 0270343F 	 .word 1060401154
 884 0da0 2095343F 	 .word 1060410656
 885 0da4 35BA343F 	 .word 1060420149
 886 0da8 40DF343F 	 .word 1060429632
 887 0dac 4204353F 	 .word 1060439106
 888 0db0 3B29353F 	 .word 1060448571
 889 0db4 2B4E353F 	 .word 1060458027
 890 0db8 1273353F 	 .word 1060467474
 891 0dbc F097353F 	 .word 1060476912
 892 0dc0 C5BC353F 	 .word 1060486341
 893 0dc4 90E1353F 	 .word 1060495760
 894 0dc8 5306363F 	 .word 1060505171
 895 0dcc 0C2B363F 	 .word 1060514572
 896 0dd0 BC4F363F 	 .word 1060523964
 897 0dd4 6374363F 	 .word 1060533347
 898 0dd8 0299363F 	 .word 1060542722
 899 0ddc 97BD363F 	 .word 1060552087
 900 0de0 23E2363F 	 .word 1060561443
 901 0de4 A606373F 	 .word 1060570790
 902 0de8 202B373F 	 .word 1060580128
 903 0dec 914F373F 	 .word 1060589457
 904 0df0 F973373F 	 .word 1060598777
 905 0df4 5798373F 	 .word 1060608087
 906 0df8 ADBC373F 	 .word 1060617389
 907 0dfc FAE0373F 	 .word 1060626682
 908 0e00 3E05383F 	 .word 1060635966
 909 0e04 7929383F 	 .word 1060645241
 910 0e08 AB4D383F 	 .word 1060654507
 911 0e0c D471383F 	 .word 1060663764
 912 0e10 F495383F 	 .word 1060673012
 913 0e14 0BBA383F 	 .word 1060682251
 914 0e18 19DE383F 	 .word 1060691481
 915 0e1c 1F02393F 	 .word 1060700703
 916 0e20 1B26393F 	 .word 1060709915
 917 0e24 0E4A393F 	 .word 1060719118
 918 0e28 F96D393F 	 .word 1060728313
 919 0e2c DA91393F 	 .word 1060737498
 920 0e30 B3B5393F 	 .word 1060746675
 921 0e34 83D9393F 	 .word 1060755843
 922 0e38 49FD393F 	 .word 1060765001
 923 0e3c 07213A3F 	 .word 1060774151
 924 0e40 BC443A3F 	 .word 1060783292
 925 0e44 69683A3F 	 .word 1060792425
 926 0e48 0C8C3A3F 	 .word 1060801548
 927 0e4c A7AF3A3F 	 .word 1060810663
 928 0e50 38D33A3F 	 .word 1060819768
 929 0e54 C1F63A3F 	 .word 1060828865
 930 0e58 411A3B3F 	 .word 1060837953
 931 0e5c B83D3B3F 	 .word 1060847032
 932 0e60 27613B3F 	 .word 1060856103
 933 0e64 8D843B3F 	 .word 1060865165
 934 0e68 E9A73B3F 	 .word 1060874217
 935 0e6c 3DCB3B3F 	 .word 1060883261
 936 0e70 89EE3B3F 	 .word 1060892297
 937 0e74 CB113C3F 	 .word 1060901323
 938 0e78 05353C3F 	 .word 1060910341
 939 0e7c 36583C3F 	 .word 1060919350
 940 0e80 5E7B3C3F 	 .word 1060928350
 941 0e84 7D9E3C3F 	 .word 1060937341
 942 0e88 94C13C3F 	 .word 1060946324
 943 0e8c A2E43C3F 	 .word 1060955298
 944 0e90 A7073D3F 	 .word 1060964263
 945 0e94 A42A3D3F 	 .word 1060973220
 946 0e98 984D3D3F 	 .word 1060982168
 947 0e9c 83703D3F 	 .word 1060991107
 948 0ea0 65933D3F 	 .word 1061000037
 949 0ea4 3FB63D3F 	 .word 1061008959
 950 0ea8 10D93D3F 	 .word 1061017872
 951 0eac D9FB3D3F 	 .word 1061026777
 952 0eb0 991E3E3F 	 .word 1061035673
 953 0eb4 50413E3F 	 .word 1061044560
 954 0eb8 FE633E3F 	 .word 1061053438
 955 0ebc A4863E3F 	 .word 1061062308
 956 0ec0 41A93E3F 	 .word 1061071169
 957 0ec4 D6CB3E3F 	 .word 1061080022
 958 0ec8 62EE3E3F 	 .word 1061088866
 959 0ecc E5103F3F 	 .word 1061097701
 960 0ed0 60333F3F 	 .word 1061106528
 961 0ed4 D2553F3F 	 .word 1061115346
 962 0ed8 3C783F3F 	 .word 1061124156
 963 0edc 9D9A3F3F 	 .word 1061132957
 964 0ee0 F5BC3F3F 	 .word 1061141749
 965 0ee4 45DF3F3F 	 .word 1061150533
 966 0ee8 8D01403F 	 .word 1061159309
 967 0eec CC23403F 	 .word 1061168076
 968 0ef0 0246403F 	 .word 1061176834
 969 0ef4 3068403F 	 .word 1061185584
 970 0ef8 558A403F 	 .word 1061194325
 971 0efc 72AC403F 	 .word 1061203058
 972 0f00 86CE403F 	 .word 1061211782
 973 0f04 91F0403F 	 .word 1061220497
 974 0f08 9512413F 	 .word 1061229205
 975 0f0c 8F34413F 	 .word 1061237903
 976 0f10 8256413F 	 .word 1061246594
 977 0f14 6B78413F 	 .word 1061255275
 978 0f18 4D9A413F 	 .word 1061263949
 979 0f1c 26BC413F 	 .word 1061272614
 980 0f20 F6DD413F 	 .word 1061281270
 981 0f24 BEFF413F 	 .word 1061289918
 982 0f28 7E21423F 	 .word 1061298558
 983 0f2c 3543423F 	 .word 1061307189
 984 0f30 E464423F 	 .word 1061315812
 985 0f34 8A86423F 	 .word 1061324426
 986 0f38 28A8423F 	 .word 1061333032
 987 0f3c BEC9423F 	 .word 1061341630
 988 0f40 4BEB423F 	 .word 1061350219
 989 0f44 D00C433F 	 .word 1061358800
 990 0f48 4C2E433F 	 .word 1061367372
 991 0f4c C04F433F 	 .word 1061375936
 992 0f50 2C71433F 	 .word 1061384492
 993 0f54 8F92433F 	 .word 1061393039
 994 0f58 EAB3433F 	 .word 1061401578
 995 0f5c 3DD5433F 	 .word 1061410109
 996 0f60 87F6433F 	 .word 1061418631
 997 0f64 C917443F 	 .word 1061427145
 998 0f68 0339443F 	 .word 1061435651
 999 0f6c 355A443F 	 .word 1061444149
 1000 0f70 5E7B443F 	 .word 1061452638
 1001 0f74 7F9C443F 	 .word 1061461119
 1002 0f78 97BD443F 	 .word 1061469591
 1003 0f7c A8DE443F 	 .word 1061478056
 1004 0f80 B0FF443F 	 .word 1061486512
 1005 0f84 B020453F 	 .word 1061494960
 1006 0f88 A741453F 	 .word 1061503399
 1007 0f8c 9762453F 	 .word 1061511831
 1008 0f90 7E83453F 	 .word 1061520254
 1009 0f94 5DA4453F 	 .word 1061528669
 1010 0f98 34C5453F 	 .word 1061537076
 1011 0f9c 02E6453F 	 .word 1061545474
 1012 0fa0 C906463F 	 .word 1061553865
 1013 0fa4 8727463F 	 .word 1061562247
 1014 0fa8 3D48463F 	 .word 1061570621
 1015 0fac EB68463F 	 .word 1061578987
 1016 0fb0 9089463F 	 .word 1061587344
 1017 0fb4 2EAA463F 	 .word 1061595694
 1018 0fb8 C3CA463F 	 .word 1061604035
 1019 0fbc 50EB463F 	 .word 1061612368
 1020 0fc0 D50B473F 	 .word 1061620693
 1021 0fc4 522C473F 	 .word 1061629010
 1022 0fc8 C74C473F 	 .word 1061637319
 1023 0fcc 346D473F 	 .word 1061645620
 1024 0fd0 988D473F 	 .word 1061653912
 1025 0fd4 F5AD473F 	 .word 1061662197
 1026 0fd8 49CE473F 	 .word 1061670473
 1027 0fdc 96EE473F 	 .word 1061678742
 1028 0fe0 DA0E483F 	 .word 1061687002
 1029 0fe4 162F483F 	 .word 1061695254
 1030 0fe8 4A4F483F 	 .word 1061703498
 1031 0fec 766F483F 	 .word 1061711734
 1032 0ff0 9B8F483F 	 .word 1061719963
 1033 0ff4 B7AF483F 	 .word 1061728183
 1034 0ff8 CBCF483F 	 .word 1061736395
 1035 0ffc D7EF483F 	 .word 1061744599
 1036 1000 DB0F493F 	 .word 1061752795
 1037              	 .global Ifx_g_LutAtan2F32_FxpAngle_table
 1038              	 .section .rodata.Ifx_g_LutAtan2F32_FxpAngle_table,"a"
 1039              	 .align 2
 1042              	Ifx_g_LutAtan2F32_FxpAngle_table:
 1043 0000 00000000 	 .word 0
 1044 0004 00000000 	 .word 0
 1045 0008 01000000 	 .word 1
 1046 000c 01000000 	 .word 1
 1047 0010 02000000 	 .word 2
 1048 0014 03000000 	 .word 3
 1049 0018 03000000 	 .word 3
 1050 001c 04000000 	 .word 4
 1051 0020 05000000 	 .word 5
 1052 0024 05000000 	 .word 5
 1053 0028 06000000 	 .word 6
 1054 002c 07000000 	 .word 7
 1055 0030 07000000 	 .word 7
 1056 0034 08000000 	 .word 8
 1057 0038 08000000 	 .word 8
 1058 003c 09000000 	 .word 9
 1059 0040 0A000000 	 .word 10
 1060 0044 0A000000 	 .word 10
 1061 0048 0B000000 	 .word 11
 1062 004c 0C000000 	 .word 12
 1063 0050 0C000000 	 .word 12
 1064 0054 0D000000 	 .word 13
 1065 0058 0E000000 	 .word 14
 1066 005c 0E000000 	 .word 14
 1067 0060 0F000000 	 .word 15
 1068 0064 0F000000 	 .word 15
 1069 0068 10000000 	 .word 16
 1070 006c 11000000 	 .word 17
 1071 0070 11000000 	 .word 17
 1072 0074 12000000 	 .word 18
 1073 0078 13000000 	 .word 19
 1074 007c 13000000 	 .word 19
 1075 0080 14000000 	 .word 20
 1076 0084 15000000 	 .word 21
 1077 0088 15000000 	 .word 21
 1078 008c 16000000 	 .word 22
 1079 0090 16000000 	 .word 22
 1080 0094 17000000 	 .word 23
 1081 0098 18000000 	 .word 24
 1082 009c 18000000 	 .word 24
 1083 00a0 19000000 	 .word 25
 1084 00a4 1A000000 	 .word 26
 1085 00a8 1A000000 	 .word 26
 1086 00ac 1B000000 	 .word 27
 1087 00b0 1B000000 	 .word 27
 1088 00b4 1C000000 	 .word 28
 1089 00b8 1D000000 	 .word 29
 1090 00bc 1D000000 	 .word 29
 1091 00c0 1E000000 	 .word 30
 1092 00c4 1F000000 	 .word 31
 1093 00c8 1F000000 	 .word 31
 1094 00cc 20000000 	 .word 32
 1095 00d0 21000000 	 .word 33
 1096 00d4 21000000 	 .word 33
 1097 00d8 22000000 	 .word 34
 1098 00dc 22000000 	 .word 34
 1099 00e0 23000000 	 .word 35
 1100 00e4 24000000 	 .word 36
 1101 00e8 24000000 	 .word 36
 1102 00ec 25000000 	 .word 37
 1103 00f0 26000000 	 .word 38
 1104 00f4 26000000 	 .word 38
 1105 00f8 27000000 	 .word 39
 1106 00fc 28000000 	 .word 40
 1107 0100 28000000 	 .word 40
 1108 0104 29000000 	 .word 41
 1109 0108 29000000 	 .word 41
 1110 010c 2A000000 	 .word 42
 1111 0110 2B000000 	 .word 43
 1112 0114 2B000000 	 .word 43
 1113 0118 2C000000 	 .word 44
 1114 011c 2D000000 	 .word 45
 1115 0120 2D000000 	 .word 45
 1116 0124 2E000000 	 .word 46
 1117 0128 2F000000 	 .word 47
 1118 012c 2F000000 	 .word 47
 1119 0130 30000000 	 .word 48
 1120 0134 30000000 	 .word 48
 1121 0138 31000000 	 .word 49
 1122 013c 32000000 	 .word 50
 1123 0140 32000000 	 .word 50
 1124 0144 33000000 	 .word 51
 1125 0148 34000000 	 .word 52
 1126 014c 34000000 	 .word 52
 1127 0150 35000000 	 .word 53
 1128 0154 35000000 	 .word 53
 1129 0158 36000000 	 .word 54
 1130 015c 37000000 	 .word 55
 1131 0160 37000000 	 .word 55
 1132 0164 38000000 	 .word 56
 1133 0168 39000000 	 .word 57
 1134 016c 39000000 	 .word 57
 1135 0170 3A000000 	 .word 58
 1136 0174 3B000000 	 .word 59
 1137 0178 3B000000 	 .word 59
 1138 017c 3C000000 	 .word 60
 1139 0180 3C000000 	 .word 60
 1140 0184 3D000000 	 .word 61
 1141 0188 3E000000 	 .word 62
 1142 018c 3E000000 	 .word 62
 1143 0190 3F000000 	 .word 63
 1144 0194 40000000 	 .word 64
 1145 0198 40000000 	 .word 64
 1146 019c 41000000 	 .word 65
 1147 01a0 41000000 	 .word 65
 1148 01a4 42000000 	 .word 66
 1149 01a8 43000000 	 .word 67
 1150 01ac 43000000 	 .word 67
 1151 01b0 44000000 	 .word 68
 1152 01b4 45000000 	 .word 69
 1153 01b8 45000000 	 .word 69
 1154 01bc 46000000 	 .word 70
 1155 01c0 47000000 	 .word 71
 1156 01c4 47000000 	 .word 71
 1157 01c8 48000000 	 .word 72
 1158 01cc 48000000 	 .word 72
 1159 01d0 49000000 	 .word 73
 1160 01d4 4A000000 	 .word 74
 1161 01d8 4A000000 	 .word 74
 1162 01dc 4B000000 	 .word 75
 1163 01e0 4C000000 	 .word 76
 1164 01e4 4C000000 	 .word 76
 1165 01e8 4D000000 	 .word 77
 1166 01ec 4D000000 	 .word 77
 1167 01f0 4E000000 	 .word 78
 1168 01f4 4F000000 	 .word 79
 1169 01f8 4F000000 	 .word 79
 1170 01fc 50000000 	 .word 80
 1171 0200 51000000 	 .word 81
 1172 0204 51000000 	 .word 81
 1173 0208 52000000 	 .word 82
 1174 020c 52000000 	 .word 82
 1175 0210 53000000 	 .word 83
 1176 0214 54000000 	 .word 84
 1177 0218 54000000 	 .word 84
 1178 021c 55000000 	 .word 85
 1179 0220 56000000 	 .word 86
 1180 0224 56000000 	 .word 86
 1181 0228 57000000 	 .word 87
 1182 022c 57000000 	 .word 87
 1183 0230 58000000 	 .word 88
 1184 0234 59000000 	 .word 89
 1185 0238 59000000 	 .word 89
 1186 023c 5A000000 	 .word 90
 1187 0240 5B000000 	 .word 91
 1188 0244 5B000000 	 .word 91
 1189 0248 5C000000 	 .word 92
 1190 024c 5C000000 	 .word 92
 1191 0250 5D000000 	 .word 93
 1192 0254 5E000000 	 .word 94
 1193 0258 5E000000 	 .word 94
 1194 025c 5F000000 	 .word 95
 1195 0260 60000000 	 .word 96
 1196 0264 60000000 	 .word 96
 1197 0268 61000000 	 .word 97
 1198 026c 61000000 	 .word 97
 1199 0270 62000000 	 .word 98
 1200 0274 63000000 	 .word 99
 1201 0278 63000000 	 .word 99
 1202 027c 64000000 	 .word 100
 1203 0280 65000000 	 .word 101
 1204 0284 65000000 	 .word 101
 1205 0288 66000000 	 .word 102
 1206 028c 66000000 	 .word 102
 1207 0290 67000000 	 .word 103
 1208 0294 68000000 	 .word 104
 1209 0298 68000000 	 .word 104
 1210 029c 69000000 	 .word 105
 1211 02a0 6A000000 	 .word 106
 1212 02a4 6A000000 	 .word 106
 1213 02a8 6B000000 	 .word 107
 1214 02ac 6B000000 	 .word 107
 1215 02b0 6C000000 	 .word 108
 1216 02b4 6D000000 	 .word 109
 1217 02b8 6D000000 	 .word 109
 1218 02bc 6E000000 	 .word 110
 1219 02c0 6E000000 	 .word 110
 1220 02c4 6F000000 	 .word 111
 1221 02c8 70000000 	 .word 112
 1222 02cc 70000000 	 .word 112
 1223 02d0 71000000 	 .word 113
 1224 02d4 72000000 	 .word 114
 1225 02d8 72000000 	 .word 114
 1226 02dc 73000000 	 .word 115
 1227 02e0 73000000 	 .word 115
 1228 02e4 74000000 	 .word 116
 1229 02e8 75000000 	 .word 117
 1230 02ec 75000000 	 .word 117
 1231 02f0 76000000 	 .word 118
 1232 02f4 76000000 	 .word 118
 1233 02f8 77000000 	 .word 119
 1234 02fc 78000000 	 .word 120
 1235 0300 78000000 	 .word 120
 1236 0304 79000000 	 .word 121
 1237 0308 7A000000 	 .word 122
 1238 030c 7A000000 	 .word 122
 1239 0310 7B000000 	 .word 123
 1240 0314 7B000000 	 .word 123
 1241 0318 7C000000 	 .word 124
 1242 031c 7D000000 	 .word 125
 1243 0320 7D000000 	 .word 125
 1244 0324 7E000000 	 .word 126
 1245 0328 7E000000 	 .word 126
 1246 032c 7F000000 	 .word 127
 1247 0330 80000000 	 .word 128
 1248 0334 80000000 	 .word 128
 1249 0338 81000000 	 .word 129
 1250 033c 82000000 	 .word 130
 1251 0340 82000000 	 .word 130
 1252 0344 83000000 	 .word 131
 1253 0348 83000000 	 .word 131
 1254 034c 84000000 	 .word 132
 1255 0350 85000000 	 .word 133
 1256 0354 85000000 	 .word 133
 1257 0358 86000000 	 .word 134
 1258 035c 86000000 	 .word 134
 1259 0360 87000000 	 .word 135
 1260 0364 88000000 	 .word 136
 1261 0368 88000000 	 .word 136
 1262 036c 89000000 	 .word 137
 1263 0370 89000000 	 .word 137
 1264 0374 8A000000 	 .word 138
 1265 0378 8B000000 	 .word 139
 1266 037c 8B000000 	 .word 139
 1267 0380 8C000000 	 .word 140
 1268 0384 8C000000 	 .word 140
 1269 0388 8D000000 	 .word 141
 1270 038c 8E000000 	 .word 142
 1271 0390 8E000000 	 .word 142
 1272 0394 8F000000 	 .word 143
 1273 0398 90000000 	 .word 144
 1274 039c 90000000 	 .word 144
 1275 03a0 91000000 	 .word 145
 1276 03a4 91000000 	 .word 145
 1277 03a8 92000000 	 .word 146
 1278 03ac 93000000 	 .word 147
 1279 03b0 93000000 	 .word 147
 1280 03b4 94000000 	 .word 148
 1281 03b8 94000000 	 .word 148
 1282 03bc 95000000 	 .word 149
 1283 03c0 96000000 	 .word 150
 1284 03c4 96000000 	 .word 150
 1285 03c8 97000000 	 .word 151
 1286 03cc 97000000 	 .word 151
 1287 03d0 98000000 	 .word 152
 1288 03d4 99000000 	 .word 153
 1289 03d8 99000000 	 .word 153
 1290 03dc 9A000000 	 .word 154
 1291 03e0 9A000000 	 .word 154
 1292 03e4 9B000000 	 .word 155
 1293 03e8 9C000000 	 .word 156
 1294 03ec 9C000000 	 .word 156
 1295 03f0 9D000000 	 .word 157
 1296 03f4 9D000000 	 .word 157
 1297 03f8 9E000000 	 .word 158
 1298 03fc 9F000000 	 .word 159
 1299 0400 9F000000 	 .word 159
 1300 0404 A0000000 	 .word 160
 1301 0408 A0000000 	 .word 160
 1302 040c A1000000 	 .word 161
 1303 0410 A2000000 	 .word 162
 1304 0414 A2000000 	 .word 162
 1305 0418 A3000000 	 .word 163
 1306 041c A3000000 	 .word 163
 1307 0420 A4000000 	 .word 164
 1308 0424 A5000000 	 .word 165
 1309 0428 A5000000 	 .word 165
 1310 042c A6000000 	 .word 166
 1311 0430 A6000000 	 .word 166
 1312 0434 A7000000 	 .word 167
 1313 0438 A8000000 	 .word 168
 1314 043c A8000000 	 .word 168
 1315 0440 A9000000 	 .word 169
 1316 0444 A9000000 	 .word 169
 1317 0448 AA000000 	 .word 170
 1318 044c AB000000 	 .word 171
 1319 0450 AB000000 	 .word 171
 1320 0454 AC000000 	 .word 172
 1321 0458 AC000000 	 .word 172
 1322 045c AD000000 	 .word 173
 1323 0460 AE000000 	 .word 174
 1324 0464 AE000000 	 .word 174
 1325 0468 AF000000 	 .word 175
 1326 046c AF000000 	 .word 175
 1327 0470 B0000000 	 .word 176
 1328 0474 B0000000 	 .word 176
 1329 0478 B1000000 	 .word 177
 1330 047c B2000000 	 .word 178
 1331 0480 B2000000 	 .word 178
 1332 0484 B3000000 	 .word 179
 1333 0488 B3000000 	 .word 179
 1334 048c B4000000 	 .word 180
 1335 0490 B5000000 	 .word 181
 1336 0494 B5000000 	 .word 181
 1337 0498 B6000000 	 .word 182
 1338 049c B6000000 	 .word 182
 1339 04a0 B7000000 	 .word 183
 1340 04a4 B8000000 	 .word 184
 1341 04a8 B8000000 	 .word 184
 1342 04ac B9000000 	 .word 185
 1343 04b0 B9000000 	 .word 185
 1344 04b4 BA000000 	 .word 186
 1345 04b8 BA000000 	 .word 186
 1346 04bc BB000000 	 .word 187
 1347 04c0 BC000000 	 .word 188
 1348 04c4 BC000000 	 .word 188
 1349 04c8 BD000000 	 .word 189
 1350 04cc BD000000 	 .word 189
 1351 04d0 BE000000 	 .word 190
 1352 04d4 BF000000 	 .word 191
 1353 04d8 BF000000 	 .word 191
 1354 04dc C0000000 	 .word 192
 1355 04e0 C0000000 	 .word 192
 1356 04e4 C1000000 	 .word 193
 1357 04e8 C1000000 	 .word 193
 1358 04ec C2000000 	 .word 194
 1359 04f0 C3000000 	 .word 195
 1360 04f4 C3000000 	 .word 195
 1361 04f8 C4000000 	 .word 196
 1362 04fc C4000000 	 .word 196
 1363 0500 C5000000 	 .word 197
 1364 0504 C6000000 	 .word 198
 1365 0508 C6000000 	 .word 198
 1366 050c C7000000 	 .word 199
 1367 0510 C7000000 	 .word 199
 1368 0514 C8000000 	 .word 200
 1369 0518 C8000000 	 .word 200
 1370 051c C9000000 	 .word 201
 1371 0520 CA000000 	 .word 202
 1372 0524 CA000000 	 .word 202
 1373 0528 CB000000 	 .word 203
 1374 052c CB000000 	 .word 203
 1375 0530 CC000000 	 .word 204
 1376 0534 CC000000 	 .word 204
 1377 0538 CD000000 	 .word 205
 1378 053c CE000000 	 .word 206
 1379 0540 CE000000 	 .word 206
 1380 0544 CF000000 	 .word 207
 1381 0548 CF000000 	 .word 207
 1382 054c D0000000 	 .word 208
 1383 0550 D0000000 	 .word 208
 1384 0554 D1000000 	 .word 209
 1385 0558 D2000000 	 .word 210
 1386 055c D2000000 	 .word 210
 1387 0560 D3000000 	 .word 211
 1388 0564 D3000000 	 .word 211
 1389 0568 D4000000 	 .word 212
 1390 056c D4000000 	 .word 212
 1391 0570 D5000000 	 .word 213
 1392 0574 D6000000 	 .word 214
 1393 0578 D6000000 	 .word 214
 1394 057c D7000000 	 .word 215
 1395 0580 D7000000 	 .word 215
 1396 0584 D8000000 	 .word 216
 1397 0588 D8000000 	 .word 216
 1398 058c D9000000 	 .word 217
 1399 0590 DA000000 	 .word 218
 1400 0594 DA000000 	 .word 218
 1401 0598 DB000000 	 .word 219
 1402 059c DB000000 	 .word 219
 1403 05a0 DC000000 	 .word 220
 1404 05a4 DC000000 	 .word 220
 1405 05a8 DD000000 	 .word 221
 1406 05ac DE000000 	 .word 222
 1407 05b0 DE000000 	 .word 222
 1408 05b4 DF000000 	 .word 223
 1409 05b8 DF000000 	 .word 223
 1410 05bc E0000000 	 .word 224
 1411 05c0 E0000000 	 .word 224
 1412 05c4 E1000000 	 .word 225
 1413 05c8 E2000000 	 .word 226
 1414 05cc E2000000 	 .word 226
 1415 05d0 E3000000 	 .word 227
 1416 05d4 E3000000 	 .word 227
 1417 05d8 E4000000 	 .word 228
 1418 05dc E4000000 	 .word 228
 1419 05e0 E5000000 	 .word 229
 1420 05e4 E5000000 	 .word 229
 1421 05e8 E6000000 	 .word 230
 1422 05ec E7000000 	 .word 231
 1423 05f0 E7000000 	 .word 231
 1424 05f4 E8000000 	 .word 232
 1425 05f8 E8000000 	 .word 232
 1426 05fc E9000000 	 .word 233
 1427 0600 E9000000 	 .word 233
 1428 0604 EA000000 	 .word 234
 1429 0608 EA000000 	 .word 234
 1430 060c EB000000 	 .word 235
 1431 0610 EC000000 	 .word 236
 1432 0614 EC000000 	 .word 236
 1433 0618 ED000000 	 .word 237
 1434 061c ED000000 	 .word 237
 1435 0620 EE000000 	 .word 238
 1436 0624 EE000000 	 .word 238
 1437 0628 EF000000 	 .word 239
 1438 062c EF000000 	 .word 239
 1439 0630 F0000000 	 .word 240
 1440 0634 F1000000 	 .word 241
 1441 0638 F1000000 	 .word 241
 1442 063c F2000000 	 .word 242
 1443 0640 F2000000 	 .word 242
 1444 0644 F3000000 	 .word 243
 1445 0648 F3000000 	 .word 243
 1446 064c F4000000 	 .word 244
 1447 0650 F4000000 	 .word 244
 1448 0654 F5000000 	 .word 245
 1449 0658 F6000000 	 .word 246
 1450 065c F6000000 	 .word 246
 1451 0660 F7000000 	 .word 247
 1452 0664 F7000000 	 .word 247
 1453 0668 F8000000 	 .word 248
 1454 066c F8000000 	 .word 248
 1455 0670 F9000000 	 .word 249
 1456 0674 F9000000 	 .word 249
 1457 0678 FA000000 	 .word 250
 1458 067c FB000000 	 .word 251
 1459 0680 FB000000 	 .word 251
 1460 0684 FC000000 	 .word 252
 1461 0688 FC000000 	 .word 252
 1462 068c FD000000 	 .word 253
 1463 0690 FD000000 	 .word 253
 1464 0694 FE000000 	 .word 254
 1465 0698 FE000000 	 .word 254
 1466 069c FF000000 	 .word 255
 1467 06a0 FF000000 	 .word 255
 1468 06a4 00010000 	 .word 256
 1469 06a8 01010000 	 .word 257
 1470 06ac 01010000 	 .word 257
 1471 06b0 02010000 	 .word 258
 1472 06b4 02010000 	 .word 258
 1473 06b8 03010000 	 .word 259
 1474 06bc 03010000 	 .word 259
 1475 06c0 04010000 	 .word 260
 1476 06c4 04010000 	 .word 260
 1477 06c8 05010000 	 .word 261
 1478 06cc 05010000 	 .word 261
 1479 06d0 06010000 	 .word 262
 1480 06d4 06010000 	 .word 262
 1481 06d8 07010000 	 .word 263
 1482 06dc 08010000 	 .word 264
 1483 06e0 08010000 	 .word 264
 1484 06e4 09010000 	 .word 265
 1485 06e8 09010000 	 .word 265
 1486 06ec 0A010000 	 .word 266
 1487 06f0 0A010000 	 .word 266
 1488 06f4 0B010000 	 .word 267
 1489 06f8 0B010000 	 .word 267
 1490 06fc 0C010000 	 .word 268
 1491 0700 0C010000 	 .word 268
 1492 0704 0D010000 	 .word 269
 1493 0708 0D010000 	 .word 269
 1494 070c 0E010000 	 .word 270
 1495 0710 0E010000 	 .word 270
 1496 0714 0F010000 	 .word 271
 1497 0718 10010000 	 .word 272
 1498 071c 10010000 	 .word 272
 1499 0720 11010000 	 .word 273
 1500 0724 11010000 	 .word 273
 1501 0728 12010000 	 .word 274
 1502 072c 12010000 	 .word 274
 1503 0730 13010000 	 .word 275
 1504 0734 13010000 	 .word 275
 1505 0738 14010000 	 .word 276
 1506 073c 14010000 	 .word 276
 1507 0740 15010000 	 .word 277
 1508 0744 15010000 	 .word 277
 1509 0748 16010000 	 .word 278
 1510 074c 16010000 	 .word 278
 1511 0750 17010000 	 .word 279
 1512 0754 17010000 	 .word 279
 1513 0758 18010000 	 .word 280
 1514 075c 19010000 	 .word 281
 1515 0760 19010000 	 .word 281
 1516 0764 1A010000 	 .word 282
 1517 0768 1A010000 	 .word 282
 1518 076c 1B010000 	 .word 283
 1519 0770 1B010000 	 .word 283
 1520 0774 1C010000 	 .word 284
 1521 0778 1C010000 	 .word 284
 1522 077c 1D010000 	 .word 285
 1523 0780 1D010000 	 .word 285
 1524 0784 1E010000 	 .word 286
 1525 0788 1E010000 	 .word 286
 1526 078c 1F010000 	 .word 287
 1527 0790 1F010000 	 .word 287
 1528 0794 20010000 	 .word 288
 1529 0798 20010000 	 .word 288
 1530 079c 21010000 	 .word 289
 1531 07a0 21010000 	 .word 289
 1532 07a4 22010000 	 .word 290
 1533 07a8 22010000 	 .word 290
 1534 07ac 23010000 	 .word 291
 1535 07b0 23010000 	 .word 291
 1536 07b4 24010000 	 .word 292
 1537 07b8 25010000 	 .word 293
 1538 07bc 25010000 	 .word 293
 1539 07c0 26010000 	 .word 294
 1540 07c4 26010000 	 .word 294
 1541 07c8 27010000 	 .word 295
 1542 07cc 27010000 	 .word 295
 1543 07d0 28010000 	 .word 296
 1544 07d4 28010000 	 .word 296
 1545 07d8 29010000 	 .word 297
 1546 07dc 29010000 	 .word 297
 1547 07e0 2A010000 	 .word 298
 1548 07e4 2A010000 	 .word 298
 1549 07e8 2B010000 	 .word 299
 1550 07ec 2B010000 	 .word 299
 1551 07f0 2C010000 	 .word 300
 1552 07f4 2C010000 	 .word 300
 1553 07f8 2D010000 	 .word 301
 1554 07fc 2D010000 	 .word 301
 1555 0800 2E010000 	 .word 302
 1556 0804 2E010000 	 .word 302
 1557 0808 2F010000 	 .word 303
 1558 080c 2F010000 	 .word 303
 1559 0810 30010000 	 .word 304
 1560 0814 30010000 	 .word 304
 1561 0818 31010000 	 .word 305
 1562 081c 31010000 	 .word 305
 1563 0820 32010000 	 .word 306
 1564 0824 32010000 	 .word 306
 1565 0828 33010000 	 .word 307
 1566 082c 33010000 	 .word 307
 1567 0830 34010000 	 .word 308
 1568 0834 34010000 	 .word 308
 1569 0838 35010000 	 .word 309
 1570 083c 35010000 	 .word 309
 1571 0840 36010000 	 .word 310
 1572 0844 36010000 	 .word 310
 1573 0848 37010000 	 .word 311
 1574 084c 37010000 	 .word 311
 1575 0850 38010000 	 .word 312
 1576 0854 38010000 	 .word 312
 1577 0858 39010000 	 .word 313
 1578 085c 39010000 	 .word 313
 1579 0860 3A010000 	 .word 314
 1580 0864 3A010000 	 .word 314
 1581 0868 3B010000 	 .word 315
 1582 086c 3B010000 	 .word 315
 1583 0870 3C010000 	 .word 316
 1584 0874 3C010000 	 .word 316
 1585 0878 3D010000 	 .word 317
 1586 087c 3D010000 	 .word 317
 1587 0880 3E010000 	 .word 318
 1588 0884 3E010000 	 .word 318
 1589 0888 3F010000 	 .word 319
 1590 088c 3F010000 	 .word 319
 1591 0890 40010000 	 .word 320
 1592 0894 40010000 	 .word 320
 1593 0898 41010000 	 .word 321
 1594 089c 41010000 	 .word 321
 1595 08a0 42010000 	 .word 322
 1596 08a4 42010000 	 .word 322
 1597 08a8 43010000 	 .word 323
 1598 08ac 43010000 	 .word 323
 1599 08b0 44010000 	 .word 324
 1600 08b4 44010000 	 .word 324
 1601 08b8 45010000 	 .word 325
 1602 08bc 45010000 	 .word 325
 1603 08c0 46010000 	 .word 326
 1604 08c4 46010000 	 .word 326
 1605 08c8 47010000 	 .word 327
 1606 08cc 47010000 	 .word 327
 1607 08d0 48010000 	 .word 328
 1608 08d4 48010000 	 .word 328
 1609 08d8 49010000 	 .word 329
 1610 08dc 49010000 	 .word 329
 1611 08e0 4A010000 	 .word 330
 1612 08e4 4A010000 	 .word 330
 1613 08e8 4B010000 	 .word 331
 1614 08ec 4B010000 	 .word 331
 1615 08f0 4C010000 	 .word 332
 1616 08f4 4C010000 	 .word 332
 1617 08f8 4D010000 	 .word 333
 1618 08fc 4D010000 	 .word 333
 1619 0900 4E010000 	 .word 334
 1620 0904 4E010000 	 .word 334
 1621 0908 4E010000 	 .word 334
 1622 090c 4F010000 	 .word 335
 1623 0910 4F010000 	 .word 335
 1624 0914 50010000 	 .word 336
 1625 0918 50010000 	 .word 336
 1626 091c 51010000 	 .word 337
 1627 0920 51010000 	 .word 337
 1628 0924 52010000 	 .word 338
 1629 0928 52010000 	 .word 338
 1630 092c 53010000 	 .word 339
 1631 0930 53010000 	 .word 339
 1632 0934 54010000 	 .word 340
 1633 0938 54010000 	 .word 340
 1634 093c 55010000 	 .word 341
 1635 0940 55010000 	 .word 341
 1636 0944 56010000 	 .word 342
 1637 0948 56010000 	 .word 342
 1638 094c 57010000 	 .word 343
 1639 0950 57010000 	 .word 343
 1640 0954 58010000 	 .word 344
 1641 0958 58010000 	 .word 344
 1642 095c 59010000 	 .word 345
 1643 0960 59010000 	 .word 345
 1644 0964 59010000 	 .word 345
 1645 0968 5A010000 	 .word 346
 1646 096c 5A010000 	 .word 346
 1647 0970 5B010000 	 .word 347
 1648 0974 5B010000 	 .word 347
 1649 0978 5C010000 	 .word 348
 1650 097c 5C010000 	 .word 348
 1651 0980 5D010000 	 .word 349
 1652 0984 5D010000 	 .word 349
 1653 0988 5E010000 	 .word 350
 1654 098c 5E010000 	 .word 350
 1655 0990 5F010000 	 .word 351
 1656 0994 5F010000 	 .word 351
 1657 0998 60010000 	 .word 352
 1658 099c 60010000 	 .word 352
 1659 09a0 61010000 	 .word 353
 1660 09a4 61010000 	 .word 353
 1661 09a8 61010000 	 .word 353
 1662 09ac 62010000 	 .word 354
 1663 09b0 62010000 	 .word 354
 1664 09b4 63010000 	 .word 355
 1665 09b8 63010000 	 .word 355
 1666 09bc 64010000 	 .word 356
 1667 09c0 64010000 	 .word 356
 1668 09c4 65010000 	 .word 357
 1669 09c8 65010000 	 .word 357
 1670 09cc 66010000 	 .word 358
 1671 09d0 66010000 	 .word 358
 1672 09d4 67010000 	 .word 359
 1673 09d8 67010000 	 .word 359
 1674 09dc 68010000 	 .word 360
 1675 09e0 68010000 	 .word 360
 1676 09e4 68010000 	 .word 360
 1677 09e8 69010000 	 .word 361
 1678 09ec 69010000 	 .word 361
 1679 09f0 6A010000 	 .word 362
 1680 09f4 6A010000 	 .word 362
 1681 09f8 6B010000 	 .word 363
 1682 09fc 6B010000 	 .word 363
 1683 0a00 6C010000 	 .word 364
 1684 0a04 6C010000 	 .word 364
 1685 0a08 6D010000 	 .word 365
 1686 0a0c 6D010000 	 .word 365
 1687 0a10 6D010000 	 .word 365
 1688 0a14 6E010000 	 .word 366
 1689 0a18 6E010000 	 .word 366
 1690 0a1c 6F010000 	 .word 367
 1691 0a20 6F010000 	 .word 367
 1692 0a24 70010000 	 .word 368
 1693 0a28 70010000 	 .word 368
 1694 0a2c 71010000 	 .word 369
 1695 0a30 71010000 	 .word 369
 1696 0a34 72010000 	 .word 370
 1697 0a38 72010000 	 .word 370
 1698 0a3c 72010000 	 .word 370
 1699 0a40 73010000 	 .word 371
 1700 0a44 73010000 	 .word 371
 1701 0a48 74010000 	 .word 372
 1702 0a4c 74010000 	 .word 372
 1703 0a50 75010000 	 .word 373
 1704 0a54 75010000 	 .word 373
 1705 0a58 76010000 	 .word 374
 1706 0a5c 76010000 	 .word 374
 1707 0a60 77010000 	 .word 375
 1708 0a64 77010000 	 .word 375
 1709 0a68 77010000 	 .word 375
 1710 0a6c 78010000 	 .word 376
 1711 0a70 78010000 	 .word 376
 1712 0a74 79010000 	 .word 377
 1713 0a78 79010000 	 .word 377
 1714 0a7c 7A010000 	 .word 378
 1715 0a80 7A010000 	 .word 378
 1716 0a84 7B010000 	 .word 379
 1717 0a88 7B010000 	 .word 379
 1718 0a8c 7B010000 	 .word 379
 1719 0a90 7C010000 	 .word 380
 1720 0a94 7C010000 	 .word 380
 1721 0a98 7D010000 	 .word 381
 1722 0a9c 7D010000 	 .word 381
 1723 0aa0 7E010000 	 .word 382
 1724 0aa4 7E010000 	 .word 382
 1725 0aa8 7F010000 	 .word 383
 1726 0aac 7F010000 	 .word 383
 1727 0ab0 7F010000 	 .word 383
 1728 0ab4 80010000 	 .word 384
 1729 0ab8 80010000 	 .word 384
 1730 0abc 81010000 	 .word 385
 1731 0ac0 81010000 	 .word 385
 1732 0ac4 82010000 	 .word 386
 1733 0ac8 82010000 	 .word 386
 1734 0acc 82010000 	 .word 386
 1735 0ad0 83010000 	 .word 387
 1736 0ad4 83010000 	 .word 387
 1737 0ad8 84010000 	 .word 388
 1738 0adc 84010000 	 .word 388
 1739 0ae0 85010000 	 .word 389
 1740 0ae4 85010000 	 .word 389
 1741 0ae8 86010000 	 .word 390
 1742 0aec 86010000 	 .word 390
 1743 0af0 86010000 	 .word 390
 1744 0af4 87010000 	 .word 391
 1745 0af8 87010000 	 .word 391
 1746 0afc 88010000 	 .word 392
 1747 0b00 88010000 	 .word 392
 1748 0b04 89010000 	 .word 393
 1749 0b08 89010000 	 .word 393
 1750 0b0c 89010000 	 .word 393
 1751 0b10 8A010000 	 .word 394
 1752 0b14 8A010000 	 .word 394
 1753 0b18 8B010000 	 .word 395
 1754 0b1c 8B010000 	 .word 395
 1755 0b20 8C010000 	 .word 396
 1756 0b24 8C010000 	 .word 396
 1757 0b28 8C010000 	 .word 396
 1758 0b2c 8D010000 	 .word 397
 1759 0b30 8D010000 	 .word 397
 1760 0b34 8E010000 	 .word 398
 1761 0b38 8E010000 	 .word 398
 1762 0b3c 8F010000 	 .word 399
 1763 0b40 8F010000 	 .word 399
 1764 0b44 8F010000 	 .word 399
 1765 0b48 90010000 	 .word 400
 1766 0b4c 90010000 	 .word 400
 1767 0b50 91010000 	 .word 401
 1768 0b54 91010000 	 .word 401
 1769 0b58 92010000 	 .word 402
 1770 0b5c 92010000 	 .word 402
 1771 0b60 92010000 	 .word 402
 1772 0b64 93010000 	 .word 403
 1773 0b68 93010000 	 .word 403
 1774 0b6c 94010000 	 .word 404
 1775 0b70 94010000 	 .word 404
 1776 0b74 95010000 	 .word 405
 1777 0b78 95010000 	 .word 405
 1778 0b7c 95010000 	 .word 405
 1779 0b80 96010000 	 .word 406
 1780 0b84 96010000 	 .word 406
 1781 0b88 97010000 	 .word 407
 1782 0b8c 97010000 	 .word 407
 1783 0b90 97010000 	 .word 407
 1784 0b94 98010000 	 .word 408
 1785 0b98 98010000 	 .word 408
 1786 0b9c 99010000 	 .word 409
 1787 0ba0 99010000 	 .word 409
 1788 0ba4 9A010000 	 .word 410
 1789 0ba8 9A010000 	 .word 410
 1790 0bac 9A010000 	 .word 410
 1791 0bb0 9B010000 	 .word 411
 1792 0bb4 9B010000 	 .word 411
 1793 0bb8 9C010000 	 .word 412
 1794 0bbc 9C010000 	 .word 412
 1795 0bc0 9C010000 	 .word 412
 1796 0bc4 9D010000 	 .word 413
 1797 0bc8 9D010000 	 .word 413
 1798 0bcc 9E010000 	 .word 414
 1799 0bd0 9E010000 	 .word 414
 1800 0bd4 9E010000 	 .word 414
 1801 0bd8 9F010000 	 .word 415
 1802 0bdc 9F010000 	 .word 415
 1803 0be0 A0010000 	 .word 416
 1804 0be4 A0010000 	 .word 416
 1805 0be8 A1010000 	 .word 417
 1806 0bec A1010000 	 .word 417
 1807 0bf0 A1010000 	 .word 417
 1808 0bf4 A2010000 	 .word 418
 1809 0bf8 A2010000 	 .word 418
 1810 0bfc A3010000 	 .word 419
 1811 0c00 A3010000 	 .word 419
 1812 0c04 A3010000 	 .word 419
 1813 0c08 A4010000 	 .word 420
 1814 0c0c A4010000 	 .word 420
 1815 0c10 A5010000 	 .word 421
 1816 0c14 A5010000 	 .word 421
 1817 0c18 A5010000 	 .word 421
 1818 0c1c A6010000 	 .word 422
 1819 0c20 A6010000 	 .word 422
 1820 0c24 A7010000 	 .word 423
 1821 0c28 A7010000 	 .word 423
 1822 0c2c A7010000 	 .word 423
 1823 0c30 A8010000 	 .word 424
 1824 0c34 A8010000 	 .word 424
 1825 0c38 A9010000 	 .word 425
 1826 0c3c A9010000 	 .word 425
 1827 0c40 A9010000 	 .word 425
 1828 0c44 AA010000 	 .word 426
 1829 0c48 AA010000 	 .word 426
 1830 0c4c AB010000 	 .word 427
 1831 0c50 AB010000 	 .word 427
 1832 0c54 AB010000 	 .word 427
 1833 0c58 AC010000 	 .word 428
 1834 0c5c AC010000 	 .word 428
 1835 0c60 AD010000 	 .word 429
 1836 0c64 AD010000 	 .word 429
 1837 0c68 AD010000 	 .word 429
 1838 0c6c AE010000 	 .word 430
 1839 0c70 AE010000 	 .word 430
 1840 0c74 AF010000 	 .word 431
 1841 0c78 AF010000 	 .word 431
 1842 0c7c AF010000 	 .word 431
 1843 0c80 B0010000 	 .word 432
 1844 0c84 B0010000 	 .word 432
 1845 0c88 B1010000 	 .word 433
 1846 0c8c B1010000 	 .word 433
 1847 0c90 B1010000 	 .word 433
 1848 0c94 B2010000 	 .word 434
 1849 0c98 B2010000 	 .word 434
 1850 0c9c B3010000 	 .word 435
 1851 0ca0 B3010000 	 .word 435
 1852 0ca4 B3010000 	 .word 435
 1853 0ca8 B4010000 	 .word 436
 1854 0cac B4010000 	 .word 436
 1855 0cb0 B5010000 	 .word 437
 1856 0cb4 B5010000 	 .word 437
 1857 0cb8 B5010000 	 .word 437
 1858 0cbc B6010000 	 .word 438
 1859 0cc0 B6010000 	 .word 438
 1860 0cc4 B7010000 	 .word 439
 1861 0cc8 B7010000 	 .word 439
 1862 0ccc B7010000 	 .word 439
 1863 0cd0 B8010000 	 .word 440
 1864 0cd4 B8010000 	 .word 440
 1865 0cd8 B8010000 	 .word 440
 1866 0cdc B9010000 	 .word 441
 1867 0ce0 B9010000 	 .word 441
 1868 0ce4 BA010000 	 .word 442
 1869 0ce8 BA010000 	 .word 442
 1870 0cec BA010000 	 .word 442
 1871 0cf0 BB010000 	 .word 443
 1872 0cf4 BB010000 	 .word 443
 1873 0cf8 BC010000 	 .word 444
 1874 0cfc BC010000 	 .word 444
 1875 0d00 BC010000 	 .word 444
 1876 0d04 BD010000 	 .word 445
 1877 0d08 BD010000 	 .word 445
 1878 0d0c BD010000 	 .word 445
 1879 0d10 BE010000 	 .word 446
 1880 0d14 BE010000 	 .word 446
 1881 0d18 BF010000 	 .word 447
 1882 0d1c BF010000 	 .word 447
 1883 0d20 BF010000 	 .word 447
 1884 0d24 C0010000 	 .word 448
 1885 0d28 C0010000 	 .word 448
 1886 0d2c C0010000 	 .word 448
 1887 0d30 C1010000 	 .word 449
 1888 0d34 C1010000 	 .word 449
 1889 0d38 C2010000 	 .word 450
 1890 0d3c C2010000 	 .word 450
 1891 0d40 C2010000 	 .word 450
 1892 0d44 C3010000 	 .word 451
 1893 0d48 C3010000 	 .word 451
 1894 0d4c C4010000 	 .word 452
 1895 0d50 C4010000 	 .word 452
 1896 0d54 C4010000 	 .word 452
 1897 0d58 C5010000 	 .word 453
 1898 0d5c C5010000 	 .word 453
 1899 0d60 C5010000 	 .word 453
 1900 0d64 C6010000 	 .word 454
 1901 0d68 C6010000 	 .word 454
 1902 0d6c C7010000 	 .word 455
 1903 0d70 C7010000 	 .word 455
 1904 0d74 C7010000 	 .word 455
 1905 0d78 C8010000 	 .word 456
 1906 0d7c C8010000 	 .word 456
 1907 0d80 C8010000 	 .word 456
 1908 0d84 C9010000 	 .word 457
 1909 0d88 C9010000 	 .word 457
 1910 0d8c CA010000 	 .word 458
 1911 0d90 CA010000 	 .word 458
 1912 0d94 CA010000 	 .word 458
 1913 0d98 CB010000 	 .word 459
 1914 0d9c CB010000 	 .word 459
 1915 0da0 CB010000 	 .word 459
 1916 0da4 CC010000 	 .word 460
 1917 0da8 CC010000 	 .word 460
 1918 0dac CC010000 	 .word 460
 1919 0db0 CD010000 	 .word 461
 1920 0db4 CD010000 	 .word 461
 1921 0db8 CE010000 	 .word 462
 1922 0dbc CE010000 	 .word 462
 1923 0dc0 CE010000 	 .word 462
 1924 0dc4 CF010000 	 .word 463
 1925 0dc8 CF010000 	 .word 463
 1926 0dcc CF010000 	 .word 463
 1927 0dd0 D0010000 	 .word 464
 1928 0dd4 D0010000 	 .word 464
 1929 0dd8 D0010000 	 .word 464
 1930 0ddc D1010000 	 .word 465
 1931 0de0 D1010000 	 .word 465
 1932 0de4 D2010000 	 .word 466
 1933 0de8 D2010000 	 .word 466
 1934 0dec D2010000 	 .word 466
 1935 0df0 D3010000 	 .word 467
 1936 0df4 D3010000 	 .word 467
 1937 0df8 D3010000 	 .word 467
 1938 0dfc D4010000 	 .word 468
 1939 0e00 D4010000 	 .word 468
 1940 0e04 D4010000 	 .word 468
 1941 0e08 D5010000 	 .word 469
 1942 0e0c D5010000 	 .word 469
 1943 0e10 D6010000 	 .word 470
 1944 0e14 D6010000 	 .word 470
 1945 0e18 D6010000 	 .word 470
 1946 0e1c D7010000 	 .word 471
 1947 0e20 D7010000 	 .word 471
 1948 0e24 D7010000 	 .word 471
 1949 0e28 D8010000 	 .word 472
 1950 0e2c D8010000 	 .word 472
 1951 0e30 D8010000 	 .word 472
 1952 0e34 D9010000 	 .word 473
 1953 0e38 D9010000 	 .word 473
 1954 0e3c D9010000 	 .word 473
 1955 0e40 DA010000 	 .word 474
 1956 0e44 DA010000 	 .word 474
 1957 0e48 DB010000 	 .word 475
 1958 0e4c DB010000 	 .word 475
 1959 0e50 DB010000 	 .word 475
 1960 0e54 DC010000 	 .word 476
 1961 0e58 DC010000 	 .word 476
 1962 0e5c DC010000 	 .word 476
 1963 0e60 DD010000 	 .word 477
 1964 0e64 DD010000 	 .word 477
 1965 0e68 DD010000 	 .word 477
 1966 0e6c DE010000 	 .word 478
 1967 0e70 DE010000 	 .word 478
 1968 0e74 DE010000 	 .word 478
 1969 0e78 DF010000 	 .word 479
 1970 0e7c DF010000 	 .word 479
 1971 0e80 DF010000 	 .word 479
 1972 0e84 E0010000 	 .word 480
 1973 0e88 E0010000 	 .word 480
 1974 0e8c E1010000 	 .word 481
 1975 0e90 E1010000 	 .word 481
 1976 0e94 E1010000 	 .word 481
 1977 0e98 E2010000 	 .word 482
 1978 0e9c E2010000 	 .word 482
 1979 0ea0 E2010000 	 .word 482
 1980 0ea4 E3010000 	 .word 483
 1981 0ea8 E3010000 	 .word 483
 1982 0eac E3010000 	 .word 483
 1983 0eb0 E4010000 	 .word 484
 1984 0eb4 E4010000 	 .word 484
 1985 0eb8 E4010000 	 .word 484
 1986 0ebc E5010000 	 .word 485
 1987 0ec0 E5010000 	 .word 485
 1988 0ec4 E5010000 	 .word 485
 1989 0ec8 E6010000 	 .word 486
 1990 0ecc E6010000 	 .word 486
 1991 0ed0 E6010000 	 .word 486
 1992 0ed4 E7010000 	 .word 487
 1993 0ed8 E7010000 	 .word 487
 1994 0edc E7010000 	 .word 487
 1995 0ee0 E8010000 	 .word 488
 1996 0ee4 E8010000 	 .word 488
 1997 0ee8 E8010000 	 .word 488
 1998 0eec E9010000 	 .word 489
 1999 0ef0 E9010000 	 .word 489
 2000 0ef4 E9010000 	 .word 489
 2001 0ef8 EA010000 	 .word 490
 2002 0efc EA010000 	 .word 490
 2003 0f00 EA010000 	 .word 490
 2004 0f04 EB010000 	 .word 491
 2005 0f08 EB010000 	 .word 491
 2006 0f0c EB010000 	 .word 491
 2007 0f10 EC010000 	 .word 492
 2008 0f14 EC010000 	 .word 492
 2009 0f18 ED010000 	 .word 493
 2010 0f1c ED010000 	 .word 493
 2011 0f20 ED010000 	 .word 493
 2012 0f24 EE010000 	 .word 494
 2013 0f28 EE010000 	 .word 494
 2014 0f2c EE010000 	 .word 494
 2015 0f30 EF010000 	 .word 495
 2016 0f34 EF010000 	 .word 495
 2017 0f38 EF010000 	 .word 495
 2018 0f3c F0010000 	 .word 496
 2019 0f40 F0010000 	 .word 496
 2020 0f44 F0010000 	 .word 496
 2021 0f48 F1010000 	 .word 497
 2022 0f4c F1010000 	 .word 497
 2023 0f50 F1010000 	 .word 497
 2024 0f54 F2010000 	 .word 498
 2025 0f58 F2010000 	 .word 498
 2026 0f5c F2010000 	 .word 498
 2027 0f60 F3010000 	 .word 499
 2028 0f64 F3010000 	 .word 499
 2029 0f68 F3010000 	 .word 499
 2030 0f6c F4010000 	 .word 500
 2031 0f70 F4010000 	 .word 500
 2032 0f74 F4010000 	 .word 500
 2033 0f78 F4010000 	 .word 500
 2034 0f7c F5010000 	 .word 501
 2035 0f80 F5010000 	 .word 501
 2036 0f84 F5010000 	 .word 501
 2037 0f88 F6010000 	 .word 502
 2038 0f8c F6010000 	 .word 502
 2039 0f90 F6010000 	 .word 502
 2040 0f94 F7010000 	 .word 503
 2041 0f98 F7010000 	 .word 503
 2042 0f9c F7010000 	 .word 503
 2043 0fa0 F8010000 	 .word 504
 2044 0fa4 F8010000 	 .word 504
 2045 0fa8 F8010000 	 .word 504
 2046 0fac F9010000 	 .word 505
 2047 0fb0 F9010000 	 .word 505
 2048 0fb4 F9010000 	 .word 505
 2049 0fb8 FA010000 	 .word 506
 2050 0fbc FA010000 	 .word 506
 2051 0fc0 FA010000 	 .word 506
 2052 0fc4 FB010000 	 .word 507
 2053 0fc8 FB010000 	 .word 507
 2054 0fcc FB010000 	 .word 507
 2055 0fd0 FC010000 	 .word 508
 2056 0fd4 FC010000 	 .word 508
 2057 0fd8 FC010000 	 .word 508
 2058 0fdc FD010000 	 .word 509
 2059 0fe0 FD010000 	 .word 509
 2060 0fe4 FD010000 	 .word 509
 2061 0fe8 FE010000 	 .word 510
 2062 0fec FE010000 	 .word 510
 2063 0ff0 FE010000 	 .word 510
 2064 0ff4 FF010000 	 .word 511
 2065 0ff8 FF010000 	 .word 511
 2066 0ffc FF010000 	 .word 511
 2067 1000 00020000 	 .word 512
 2068              	.section .text,"ax",@progbits
 2069              	.Letext0:
 2070              	 .file 1 "../Libraries/Infra/Platform/Compilers/Platform_Types.h"
 2071              	 .file 2 "../Libraries/Service/Tricore/Math/Ifx_Lut.h"
 2072              	 .file 3 "../Libraries/Service/Tricore/Math/Ifx_LutAtan2F32.h"
 2073              	 .file 4 "../Libraries/Service/Tricore/Math/Ifx_LutAtan2F32_Table.c"
DEFINED SYMBOLS
                            *ABS*:00000000 Ifx_LutAtan2F32_Table.c
                            *ABS*:00000000 Ifx_LutAtan2F32_Table.c
    {standard input}:11     .rodata.Ifx_g_LutAtan2F32_table:00000000 Ifx_g_LutAtan2F32_table
    {standard input}:1042   .rodata.Ifx_g_LutAtan2F32_FxpAngle_table:00000000 Ifx_g_LutAtan2F32_FxpAngle_table

NO UNDEFINED SYMBOLS
