   1              	
   2              	 .file "Ifx_WndF32_BlackmanHarrisTable.c"
   3              	 .file "Ifx_WndF32_BlackmanHarrisTable.c"
   4              	.section .text,"ax",@progbits
   5              	.Ltext0:
   6              	 .global Ifx_g_WndF32_blackmanHarrisTable
   7              	 .section .rodata.Ifx_g_WndF32_blackmanHarrisTable,"a"
   8              	 .align 2
  11              	Ifx_g_WndF32_blackmanHarrisTable:
  12 0000 82A87B38 	 .word 947628162
  13 0004 81E57D38 	 .word 947774849
  14 0008 904E8238 	 .word 948063888
  15 000c A1E88738 	 .word 948431009
  16 0010 88C28F38 	 .word 948945544
  17 0014 7ADE9938 	 .word 949608058
  18 0018 4F3FA638 	 .word 950419279
  19 001c 7EE8B438 	 .word 951380094
  20 0020 24DEC538 	 .word 952491556
  21 0024 FA24D938 	 .word 953754874
  22 0028 5EC2EE38 	 .word 955171422
  23 002c 285E0339 	 .word 956522024
  24 0030 B88C1039 	 .word 957385912
  25 0034 80F01E39 	 .word 958328960
  26 0038 718D2E39 	 .word 959352177
  27 003c CE673F39 	 .word 960456654
  28 0040 2B845139 	 .word 961643563
  29 0044 6BE76439 	 .word 962914155
  30 0048 C4967939 	 .word 964269764
  31 004c DDCB8739 	 .word 965200861
  32 0050 12789339 	 .word 965965842
  33 0054 15D39F39 	 .word 966775573
  34 0058 21E0AC39 	 .word 967630881
  35 005c 9BA2BA39 	 .word 968532635
  36 0060 0F1EC939 	 .word 969481743
  37 0064 3256D839 	 .word 970479154
  38 0068 E14EE839 	 .word 971525857
  39 006c 230CF939 	 .word 972622883
  40 0070 1249053A 	 .word 973424914
  41 0074 9D720E3A 	 .word 974025373
  42 0078 F304183A 	 .word 974652659
  43 007c 6702223A 	 .word 975307367
  44 0080 5F6D2C3A 	 .word 975990111
  45 0084 5848373A 	 .word 976701528
  46 0088 E295423A 	 .word 977442274
  47 008c A0584E3A 	 .word 978213024
  48 0090 4A935A3A 	 .word 979014474
  49 0094 AD48673A 	 .word 979847341
  50 0098 A87B743A 	 .word 980712360
  51 009c 9817813A 	 .word 981538712
  52 00a0 2733883A 	 .word 982004519
  53 00a4 0E928F3A 	 .word 982487566
  54 00a8 E535973A 	 .word 982988261
  55 00ac 50209F3A 	 .word 983507024
  56 00b0 F952A73A 	 .word 984044281
  57 00b4 98CFAF3A 	 .word 984600472
  58 00b8 EC97B83A 	 .word 985176044
  59 00bc BFADC13A 	 .word 985771455
  60 00c0 E612CB3A 	 .word 986387174
  61 00c4 3EC9D43A 	 .word 987023678
  62 00c8 AFD2DE3A 	 .word 987681455
  63 00cc 2A31E93A 	 .word 988361002
  64 00d0 ADE6F33A 	 .word 989062829
  65 00d4 3BF5FE3A 	 .word 989787451
  66 00d8 732F053B 	 .word 990195571
  67 00dc E2120B3B 	 .word 990581474
  68 00e0 FE25113B 	 .word 990979582
  69 00e4 DB69173B 	 .word 991390171
  70 00e8 97DF1D3B 	 .word 991813527
  71 00ec 5188243B 	 .word 992249937
  72 00f0 2E652B3B 	 .word 992699694
  73 00f4 5877323B 	 .word 993163096
  74 00f8 FEBF393B 	 .word 993640446
  75 00fc 5340413B 	 .word 994132051
  76 0100 91F9483B 	 .word 994638225
  77 0104 F5EC503B 	 .word 995159285
  78 0108 BF1B593B 	 .word 995695551
  79 010c 3987613B 	 .word 996247353
  80 0110 AC306A3B 	 .word 996815020
  81 0114 6B19733B 	 .word 997398891
  82 0118 C8427C3B 	 .word 997999304
  83 011c 10D7823B 	 .word 998430480
  84 0120 68AE873B 	 .word 998747752
  85 0124 1DA88C3B 	 .word 999073821
  86 0128 E4C4913B 	 .word 999408868
  87 012c 7305973B 	 .word 999753075
  88 0130 836A9C3B 	 .word 1000106627
  89 0134 CEF4A13B 	 .word 1000469710
  90 0138 11A5A73B 	 .word 1000842513
  91 013c 0D7CAD3B 	 .word 1001225229
  92 0140 827AB33B 	 .word 1001618050
  93 0144 35A1B93B 	 .word 1002021173
  94 0148 EBF0BF3B 	 .word 1002434795
  95 014c 6E6AC63B 	 .word 1002859118
  96 0150 880ECD3B 	 .word 1003294344
  97 0154 06DED33B 	 .word 1003740678
  98 0158 B6D9DA3B 	 .word 1004198326
  99 015c 6A02E23B 	 .word 1004667498
 100 0160 F558E93B 	 .word 1005148405
 101 0164 2DDEF03B 	 .word 1005641261
 102 0168 EA92F83B 	 .word 1006146282
 103 016c 023C003C 	 .word 1006648322
 104 0170 2C47043C 	 .word 1006913324
 105 0174 616B083C 	 .word 1007184737
 106 0178 13A90C3C 	 .word 1007462675
 107 017c B100113C 	 .word 1007747249
 108 0180 AD72153C 	 .word 1008038573
 109 0184 7BFF193C 	 .word 1008336763
 110 0188 8EA71E3C 	 .word 1008641934
 111 018c 5C6B233C 	 .word 1008954204
 112 0190 5A4B283C 	 .word 1009273690
 113 0194 FF472D3C 	 .word 1009600511
 114 0198 C261323C 	 .word 1009934786
 115 019c 1D99373C 	 .word 1010276637
 116 01a0 89EE3C3C 	 .word 1010626185
 117 01a4 8062423C 	 .word 1010983552
 118 01a8 7EF5473C 	 .word 1011348862
 119 01ac FFA74D3C 	 .word 1011722239
 120 01b0 807A533C 	 .word 1012103808
 121 01b4 806D593C 	 .word 1012493696
 122 01b8 7C815F3C 	 .word 1012892028
 123 01bc F5B6653C 	 .word 1013298933
 124 01c0 6A0E6C3C 	 .word 1013714538
 125 01c4 5E88723C 	 .word 1014138974
 126 01c8 5225793C 	 .word 1014572370
 127 01cc C9E57F3C 	 .word 1015014857
 128 01d0 2365833C 	 .word 1015244067
 129 01d4 A7E9863C 	 .word 1015474599
 130 01d8 B3808A3C 	 .word 1015709875
 131 01dc 892A8E3C 	 .word 1015949961
 132 01e0 6EE7913C 	 .word 1016194926
 133 01e4 A3B7953C 	 .word 1016444835
 134 01e8 6E9B993C 	 .word 1016699758
 135 01ec 11939D3C 	 .word 1016959761
 136 01f0 D39EA13C 	 .word 1017224915
 137 01f4 F6BEA53C 	 .word 1017495286
 138 01f8 C1F3A93C 	 .word 1017770945
 139 01fc 793DAE3C 	 .word 1018051961
 140 0200 639CB23C 	 .word 1018338403
 141 0204 C510B73C 	 .word 1018630341
 142 0208 E59ABB3C 	 .word 1018927845
 143 020c 093BC03C 	 .word 1019230985
 144 0210 78F1C43C 	 .word 1019539832
 145 0214 79BEC93C 	 .word 1019854457
 146 0218 53A2CE3C 	 .word 1020174931
 147 021c 4C9DD33C 	 .word 1020501324
 148 0220 ACAFD83C 	 .word 1020833708
 149 0224 BAD9DD3C 	 .word 1021172154
 150 0228 BF1BE33C 	 .word 1021516735
 151 022c 0176E83C 	 .word 1021867521
 152 0230 C9E8ED3C 	 .word 1022224585
 153 0234 5F74F33C 	 .word 1022587999
 154 0238 0B19F93C 	 .word 1022957835
 155 023c 16D7FE3C 	 .word 1023334166
 156 0240 6357023D 	 .word 1023563619
 157 0244 3350053D 	 .word 1023758387
 158 0248 1F56083D 	 .word 1023956511
 159 024c 4B690B3D 	 .word 1024158027
 160 0250 DB890E3D 	 .word 1024362971
 161 0254 F4B7113D 	 .word 1024571380
 162 0258 B9F3143D 	 .word 1024783289
 163 025c 503D183D 	 .word 1024998736
 164 0260 DC941B3D 	 .word 1025217756
 165 0264 82FA1E3D 	 .word 1025440386
 166 0268 666E223D 	 .word 1025666662
 167 026c ADF0253D 	 .word 1025896621
 168 0270 7981293D 	 .word 1026130297
 169 0274 F0202D3D 	 .word 1026367728
 170 0278 36CF303D 	 .word 1026608950
 171 027c 6F8C343D 	 .word 1026853999
 172 0280 BE58383D 	 .word 1027102910
 173 0284 48343C3D 	 .word 1027355720
 174 0288 301F403D 	 .word 1027612464
 175 028c 9A19443D 	 .word 1027873178
 176 0290 AA23483D 	 .word 1028137898
 177 0294 833D4C3D 	 .word 1028406659
 178 0298 4967503D 	 .word 1028679497
 179 029c 1FA1543D 	 .word 1028956447
 180 02a0 28EB583D 	 .word 1029237544
 181 02a4 87455D3D 	 .word 1029522823
 182 02a8 5FB0613D 	 .word 1029812319
 183 02ac D22B663D 	 .word 1030106066
 184 02b0 04B86A3D 	 .word 1030404100
 185 02b4 17556F3D 	 .word 1030706455
 186 02b8 2D03743D 	 .word 1031013165
 187 02bc 68C2783D 	 .word 1031324264
 188 02c0 E9927D3D 	 .word 1031639785
 189 02c4 6A3A813D 	 .word 1031879274
 190 02c8 24B4833D 	 .word 1032041508
 191 02cc B336863D 	 .word 1032206003
 192 02d0 29C2883D 	 .word 1032372777
 193 02d4 95568B3D 	 .word 1032541845
 194 02d8 08F48D3D 	 .word 1032713224
 195 02dc 929A903D 	 .word 1032886930
 196 02e0 434A933D 	 .word 1033062979
 197 02e4 2B03963D 	 .word 1033241387
 198 02e8 58C5983D 	 .word 1033422168
 199 02ec DC909B3D 	 .word 1033605340
 200 02f0 C6659E3D 	 .word 1033790918
 201 02f4 2444A13D 	 .word 1033978916
 202 02f8 072CA43D 	 .word 1034169351
 203 02fc 7C1DA73D 	 .word 1034362236
 204 0300 9218AA3D 	 .word 1034557586
 205 0304 5A1DAD3D 	 .word 1034755418
 206 0308 DF2BB03D 	 .word 1034955743
 207 030c 3244B33D 	 .word 1035158578
 208 0310 6066B63D 	 .word 1035363936
 209 0314 7892B93D 	 .word 1035571832
 210 0318 85C8BC3D 	 .word 1035782277
 211 031c 9808C03D 	 .word 1035995288
 212 0320 BB52C33D 	 .word 1036210875
 213 0324 FEA6C63D 	 .word 1036429054
 214 0328 6C05CA3D 	 .word 1036649836
 215 032c 126ECD3D 	 .word 1036873234
 216 0330 FDE0D03D 	 .word 1037099261
 217 0334 395ED43D 	 .word 1037327929
 218 0338 D2E5D73D 	 .word 1037559250
 219 033c D377DB3D 	 .word 1037793235
 220 0340 4914DF3D 	 .word 1038029897
 221 0344 3FBBE23D 	 .word 1038269247
 222 0348 BF6CE63D 	 .word 1038511295
 223 034c D428EA3D 	 .word 1038756052
 224 0350 8AEFED3D 	 .word 1039003530
 225 0354 E9C0F13D 	 .word 1039253737
 226 0358 FD9CF53D 	 .word 1039506685
 227 035c CE83F93D 	 .word 1039762382
 228 0360 6875FD3D 	 .word 1040020840
 229 0364 E9B8003E 	 .word 1040234729
 230 0368 8ABC023E 	 .word 1040366730
 231 036c 9DC5043E 	 .word 1040500125
 232 0370 25D4063E 	 .word 1040634917
 233 0374 26E8083E 	 .word 1040771110
 234 0378 A4010B3E 	 .word 1040908708
 235 037c A3200D3E 	 .word 1041047715
 236 0380 26450F3E 	 .word 1041188134
 237 0384 316F113E 	 .word 1041329969
 238 0388 C89E133E 	 .word 1041473224
 239 038c ECD3153E 	 .word 1041617900
 240 0390 A10E183E 	 .word 1041764001
 241 0394 EA4E1A3E 	 .word 1041911530
 242 0398 C9941C3E 	 .word 1042060489
 243 039c 41E01E3E 	 .word 1042210881
 244 03a0 5431213E 	 .word 1042362708
 245 03a4 0488233E 	 .word 1042515972
 246 03a8 54E4253E 	 .word 1042670676
 247 03ac 4346283E 	 .word 1042826819
 248 03b0 D5AD2A3E 	 .word 1042984405
 249 03b4 0B1B2D3E 	 .word 1043143435
 250 03b8 E58D2F3E 	 .word 1043303909
 251 03bc 6506323E 	 .word 1043465829
 252 03c0 8C84343E 	 .word 1043629196
 253 03c4 5A08373E 	 .word 1043794010
 254 03c8 CF91393E 	 .word 1043960271
 255 03cc ED203C3E 	 .word 1044127981
 256 03d0 B2B53E3E 	 .word 1044297138
 257 03d4 1F50413E 	 .word 1044467743
 258 03d8 33F0433E 	 .word 1044639795
 259 03dc EE95463E 	 .word 1044813294
 260 03e0 4F41493E 	 .word 1044988239
 261 03e4 55F24B3E 	 .word 1045164629
 262 03e8 FFA84E3E 	 .word 1045342463
 263 03ec 4B65513E 	 .word 1045521739
 264 03f0 3927543E 	 .word 1045702457
 265 03f4 C6EE563E 	 .word 1045884614
 266 03f8 F0BB593E 	 .word 1046068208
 267 03fc B58E5C3E 	 .word 1046253237
 268 0400 12675F3E 	 .word 1046439698
 269 0404 0645623E 	 .word 1046627590
 270 0408 8C28653E 	 .word 1046816908
 271 040c A311683E 	 .word 1047007651
 272 0410 46006B3E 	 .word 1047199814
 273 0414 73F46D3E 	 .word 1047393395
 274 0418 25EE703E 	 .word 1047588389
 275 041c 58ED733E 	 .word 1047784792
 276 0420 09F2763E 	 .word 1047982601
 277 0424 33FC793E 	 .word 1048181811
 278 0428 D10B7D3E 	 .word 1048382417
 279 042c 7010803E 	 .word 1048580208
 280 0430 AC9D813E 	 .word 1048681900
 281 0434 9A2D833E 	 .word 1048784282
 282 0438 39C0843E 	 .word 1048887353
 283 043c 8455863E 	 .word 1048991108
 284 0440 79ED873E 	 .word 1049095545
 285 0444 1588893E 	 .word 1049200661
 286 0448 54258B3E 	 .word 1049306452
 287 044c 34C58C3E 	 .word 1049412916
 288 0450 B0678E3E 	 .word 1049520048
 289 0454 C60C903E 	 .word 1049627846
 290 0458 71B4913E 	 .word 1049736305
 291 045c AD5E933E 	 .word 1049845421
 292 0460 770B953E 	 .word 1049955191
 293 0464 CBBA963E 	 .word 1050065611
 294 0468 A46C983E 	 .word 1050176676
 295 046c FE209A3E 	 .word 1050288382
 296 0470 D5D79B3E 	 .word 1050400725
 297 0474 24919D3E 	 .word 1050513700
 298 0478 E74C9F3E 	 .word 1050627303
 299 047c 180BA13E 	 .word 1050741528
 300 0480 B3CBA23E 	 .word 1050856371
 301 0484 B38EA43E 	 .word 1050971827
 302 0488 1254A63E 	 .word 1051087890
 303 048c CC1BA83E 	 .word 1051204556
 304 0490 DBE5A93E 	 .word 1051321819
 305 0494 39B2AB3E 	 .word 1051439673
 306 0498 E180AD3E 	 .word 1051558113
 307 049c CD51AF3E 	 .word 1051677133
 308 04a0 F824B13E 	 .word 1051796728
 309 04a4 5BFAB23E 	 .word 1051916891
 310 04a8 F0D1B43E 	 .word 1052037616
 311 04ac B1ABB63E 	 .word 1052158897
 312 04b0 9787B83E 	 .word 1052280727
 313 04b4 9D65BA3E 	 .word 1052403101
 314 04b8 BB45BC3E 	 .word 1052526011
 315 04bc EB27BE3E 	 .word 1052649451
 316 04c0 270CC03E 	 .word 1052773415
 317 04c4 66F2C13E 	 .word 1052897894
 318 04c8 A2DAC33E 	 .word 1053022882
 319 04cc D5C4C53E 	 .word 1053148373
 320 04d0 F6B0C73E 	 .word 1053274358
 321 04d4 FE9EC93E 	 .word 1053400830
 322 04d8 E68ECB3E 	 .word 1053527782
 323 04dc A680CD3E 	 .word 1053655206
 324 04e0 3674CF3E 	 .word 1053783094
 325 04e4 8E69D13E 	 .word 1053911438
 326 04e8 A760D33E 	 .word 1054040231
 327 04ec 7959D53E 	 .word 1054169465
 328 04f0 FB53D73E 	 .word 1054299131
 329 04f4 2450D93E 	 .word 1054429220
 330 04f8 ED4DDB3E 	 .word 1054559725
 331 04fc 4D4DDD3E 	 .word 1054690637
 332 0500 3B4EDF3E 	 .word 1054821947
 333 0504 AE50E13E 	 .word 1054953646
 334 0508 9E54E33E 	 .word 1055085726
 335 050c 025AE53E 	 .word 1055218178
 336 0510 D060E73E 	 .word 1055350992
 337 0514 FF68E93E 	 .word 1055484159
 338 0518 8672EB3E 	 .word 1055617670
 339 051c 5D7DED3E 	 .word 1055751517
 340 0520 7889EF3E 	 .word 1055885688
 341 0524 CE96F13E 	 .word 1056020174
 342 0528 57A5F33E 	 .word 1056154967
 343 052c 07B5F53E 	 .word 1056290055
 344 0530 D6C5F73E 	 .word 1056425430
 345 0534 B9D7F93E 	 .word 1056561081
 346 0538 A5EAFB3E 	 .word 1056696997
 347 053c 92FEFD3E 	 .word 1056833170
 348 0540 BA09003F 	 .word 1056967098
 349 0544 A014013F 	 .word 1057035424
 350 0548 F71F023F 	 .word 1057103863
 351 054c B82B033F 	 .word 1057172408
 352 0550 E037043F 	 .word 1057241056
 353 0554 6744053F 	 .word 1057309799
 354 0558 4A51063F 	 .word 1057378634
 355 055c 815E073F 	 .word 1057447553
 356 0560 096C083F 	 .word 1057516553
 357 0564 DB79093F 	 .word 1057585627
 358 0568 F2870A3F 	 .word 1057654770
 359 056c 47960B3F 	 .word 1057723975
 360 0570 D6A40C3F 	 .word 1057793238
 361 0574 99B30D3F 	 .word 1057862553
 362 0578 8AC20E3F 	 .word 1057931914
 363 057c A2D10F3F 	 .word 1058001314
 364 0580 DEE0103F 	 .word 1058070750
 365 0584 35F0113F 	 .word 1058140213
 366 0588 A3FF123F 	 .word 1058209699
 367 058c 210F143F 	 .word 1058279201
 368 0590 AA1E153F 	 .word 1058348714
 369 0594 382E163F 	 .word 1058418232
 370 0598 C43D173F 	 .word 1058487748
 371 059c 494D183F 	 .word 1058557257
 372 05a0 C05C193F 	 .word 1058626752
 373 05a4 236C1A3F 	 .word 1058696227
 374 05a8 6C7B1B3F 	 .word 1058765676
 375 05ac 958A1C3F 	 .word 1058835093
 376 05b0 98991D3F 	 .word 1058904472
 377 05b4 6EA81E3F 	 .word 1058973806
 378 05b8 11B71F3F 	 .word 1059043089
 379 05bc 7BC5203F 	 .word 1059112315
 380 05c0 A6D3213F 	 .word 1059181478
 381 05c4 8AE1223F 	 .word 1059250570
 382 05c8 22EF233F 	 .word 1059319586
 383 05cc 68FC243F 	 .word 1059388520
 384 05d0 5509263F 	 .word 1059457365
 385 05d4 E215273F 	 .word 1059526114
 386 05d8 0922283F 	 .word 1059594761
 387 05dc C32D293F 	 .word 1059663299
 388 05e0 0B392A3F 	 .word 1059731723
 389 05e4 D9432B3F 	 .word 1059800025
 390 05e8 284E2C3F 	 .word 1059868200
 391 05ec EF572D3F 	 .word 1059936239
 392 05f0 2A612E3F 	 .word 1060004138
 393 05f4 D1692F3F 	 .word 1060071889
 394 05f8 DE71303F 	 .word 1060139486
 395 05fc 4B79313F 	 .word 1060206923
 396 0600 0F80323F 	 .word 1060274191
 397 0604 2686333F 	 .word 1060341286
 398 0608 898B343F 	 .word 1060408201
 399 060c 3090353F 	 .word 1060474928
 400 0610 1594363F 	 .word 1060541461
 401 0614 3297373F 	 .word 1060607794
 402 0618 8099383F 	 .word 1060673920
 403 061c F99A393F 	 .word 1060739833
 404 0620 949B3A3F 	 .word 1060805524
 405 0624 4D9B3B3F 	 .word 1060870989
 406 0628 1D9A3C3F 	 .word 1060936221
 407 062c FC973D3F 	 .word 1061001212
 408 0630 E5943E3F 	 .word 1061065957
 409 0634 CF903F3F 	 .word 1061130447
 410 0638 B68B403F 	 .word 1061194678
 411 063c 9385413F 	 .word 1061258643
 412 0640 5D7E423F 	 .word 1061322333
 413 0644 1076433F 	 .word 1061385744
 414 0648 A56C443F 	 .word 1061448869
 415 064c 1562453F 	 .word 1061511701
 416 0650 5956463F 	 .word 1061574233
 417 0654 6A49473F 	 .word 1061636458
 418 0658 433B483F 	 .word 1061698371
 419 065c DD2B493F 	 .word 1061759965
 420 0660 321B4A3F 	 .word 1061821234
 421 0664 3A094B3F 	 .word 1061882170
 422 0668 EFF54B3F 	 .word 1061942767
 423 066c 4BE14C3F 	 .word 1062003019
 424 0670 48CB4D3F 	 .word 1062062920
 425 0674 DEB34E3F 	 .word 1062122462
 426 0678 089B4F3F 	 .word 1062181640
 427 067c C080503F 	 .word 1062240448
 428 0680 FE64513F 	 .word 1062298878
 429 0684 BD47523F 	 .word 1062356925
 430 0688 F628533F 	 .word 1062414582
 431 068c A408543F 	 .word 1062471844
 432 0690 BFE6543F 	 .word 1062528703
 433 0694 42C3553F 	 .word 1062585154
 434 0698 269E563F 	 .word 1062641190
 435 069c 6577573F 	 .word 1062696805
 436 06a0 FA4E583F 	 .word 1062751994
 437 06a4 DD24593F 	 .word 1062806749
 438 06a8 0AF9593F 	 .word 1062861066
 439 06ac 7ACB5A3F 	 .word 1062914938
 440 06b0 279C5B3F 	 .word 1062968359
 441 06b4 0B6B5C3F 	 .word 1063021323
 442 06b8 20385D3F 	 .word 1063073824
 443 06bc 60035E3F 	 .word 1063125856
 444 06c0 C7CC5E3F 	 .word 1063177415
 445 06c4 4D945F3F 	 .word 1063228493
 446 06c8 ED59603F 	 .word 1063279085
 447 06cc A11D613F 	 .word 1063329185
 448 06d0 64DF613F 	 .word 1063378788
 449 06d4 319F623F 	 .word 1063427889
 450 06d8 015D633F 	 .word 1063476481
 451 06dc CF18643F 	 .word 1063524559
 452 06e0 95D2643F 	 .word 1063572117
 453 06e4 4F8A653F 	 .word 1063619151
 454 06e8 F73F663F 	 .word 1063665655
 455 06ec 88F3663F 	 .word 1063711624
 456 06f0 FCA4673F 	 .word 1063757052
 457 06f4 4E54683F 	 .word 1063801934
 458 06f8 7901693F 	 .word 1063846265
 459 06fc 78AC693F 	 .word 1063890040
 460 0700 46556A3F 	 .word 1063933254
 461 0704 DEFB6A3F 	 .word 1063975902
 462 0708 3BA06B3F 	 .word 1064017979
 463 070c 59426C3F 	 .word 1064059481
 464 0710 31E26C3F 	 .word 1064100401
 465 0714 C17F6D3F 	 .word 1064140737
 466 0718 021B6E3F 	 .word 1064180482
 467 071c F1B36E3F 	 .word 1064219633
 468 0720 884A6F3F 	 .word 1064258184
 469 0724 C4DE6F3F 	 .word 1064296132
 470 0728 A070703F 	 .word 1064333472
 471 072c 1800713F 	 .word 1064370200
 472 0730 278D713F 	 .word 1064406311
 473 0734 C917723F 	 .word 1064441801
 474 0738 F99F723F 	 .word 1064476665
 475 073c B525733F 	 .word 1064510901
 476 0740 F8A8733F 	 .word 1064544504
 477 0744 BD29743F 	 .word 1064577469
 478 0748 02A8743F 	 .word 1064609794
 479 074c C223753F 	 .word 1064641474
 480 0750 F99C753F 	 .word 1064672505
 481 0754 A413763F 	 .word 1064702884
 482 0758 C087763F 	 .word 1064732608
 483 075c 48F9763F 	 .word 1064761672
 484 0760 3968773F 	 .word 1064790073
 485 0764 91D4773F 	 .word 1064817809
 486 0768 4B3E783F 	 .word 1064844875
 487 076c 65A5783F 	 .word 1064871269
 488 0770 DB09793F 	 .word 1064896987
 489 0774 AA6B793F 	 .word 1064922026
 490 0778 D0CA793F 	 .word 1064946384
 491 077c 49277A3F 	 .word 1064970057
 492 0780 13817A3F 	 .word 1064993043
 493 0784 2BD87A3F 	 .word 1065015339
 494 0788 8D2C7B3F 	 .word 1065036941
 495 078c 397E7B3F 	 .word 1065057849
 496 0790 2BCD7B3F 	 .word 1065078059
 497 0794 60197C3F 	 .word 1065097568
 498 0798 D7627C3F 	 .word 1065116375
 499 079c 8DA97C3F 	 .word 1065134477
 500 07a0 80ED7C3F 	 .word 1065151872
 501 07a4 AE2E7D3F 	 .word 1065168558
 502 07a8 156D7D3F 	 .word 1065184533
 503 07ac B3A87D3F 	 .word 1065199795
 504 07b0 86E17D3F 	 .word 1065214342
 505 07b4 8D177E3F 	 .word 1065228173
 506 07b8 C54A7E3F 	 .word 1065241285
 507 07bc 2E7B7E3F 	 .word 1065253678
 508 07c0 C6A87E3F 	 .word 1065265350
 509 07c4 8AD37E3F 	 .word 1065276298
 510 07c8 7BFB7E3F 	 .word 1065286523
 511 07cc 97207F3F 	 .word 1065296023
 512 07d0 DC427F3F 	 .word 1065304796
 513 07d4 4A627F3F 	 .word 1065312842
 514 07d8 DF7E7F3F 	 .word 1065320159
 515 07dc 9C987F3F 	 .word 1065326748
 516 07e0 7EAF7F3F 	 .word 1065332606
 517 07e4 85C37F3F 	 .word 1065337733
 518 07e8 B1D47F3F 	 .word 1065342129
 519 07ec 02E37F3F 	 .word 1065345794
 520 07f0 76EE7F3F 	 .word 1065348726
 521 07f4 0DF77F3F 	 .word 1065350925
 522 07f8 C7FC7F3F 	 .word 1065352391
 523 07fc A4FF7F3F 	 .word 1065353124
 524              	.section .text,"ax",@progbits
 525              	.Letext0:
 526              	 .file 1 "../Libraries/Infra/Platform/Compilers/Platform_Types.h"
 527              	 .file 2 "../Libraries/Service/Tricore/Math/Ifx_WndF32.h"
 528              	 .file 3 "../Libraries/Service/Tricore/Math/Ifx_WndF32_BlackmanHarrisTable.c"
DEFINED SYMBOLS
                            *ABS*:00000000 Ifx_WndF32_BlackmanHarrisTable.c
                            *ABS*:00000000 Ifx_WndF32_BlackmanHarrisTable.c
    {standard input}:11     .rodata.Ifx_g_WndF32_blackmanHarrisTable:00000000 Ifx_g_WndF32_blackmanHarrisTable

NO UNDEFINED SYMBOLS
