   1              	
   2              	 .file "Ifx_LutSincosF32_Table.c"
   3              	 .file "Ifx_LutSincosF32_Table.c"
   4              	.section .text,"ax",@progbits
   5              	.Ltext0:
   6              	 .global Ifx_g_LutSincosF32_table
   7              	 .section .rodata.Ifx_g_LutSincosF32_table,"a"
   8              	 .align 2
  11              	Ifx_g_LutSincosF32_table:
  12 0000 00000000 	 .word 0
  13 0004 D50FC93A 	 .word 986255317
  14 0008 C60F493B 	 .word 994643910
  15 000c C1CB963B 	 .word 999738305
  16 0010 880FC93B 	 .word 1003032456
  17 0014 3053FB3B 	 .word 1006326576
  18 0018 58CB163C 	 .word 1008126808
  19 001c 02ED2F3C 	 .word 1009773826
  20 0020 900E493C 	 .word 1011420816
  21 0024 FF2F623C 	 .word 1013067775
  22 0028 4B517B3C 	 .word 1014714699
  23 002c 38398A3C 	 .word 1015691576
  24 0030 B6C9963C 	 .word 1016514998
  25 0034 1C5AA33C 	 .word 1017338396
  26 0038 69EAAF3C 	 .word 1018161769
  27 003c 9B7ABC3C 	 .word 1018985115
  28 0040 B00AC93C 	 .word 1019808432
  29 0044 A69AD53C 	 .word 1020631718
  30 0048 7A2AE23C 	 .word 1021454970
  31 004c 2CBAEE3C 	 .word 1022278188
  32 0050 BA49FB3C 	 .word 1023101370
  33 0054 90EC033D 	 .word 1023667344
  34 0058 2F340A3D 	 .word 1024078895
  35 005c B87B103D 	 .word 1024490424
  36 0060 2CC3163D 	 .word 1024901932
  37 0064 880A1D3D 	 .word 1025313416
  38 0068 CB51233D 	 .word 1025724875
  39 006c F698293D 	 .word 1026136310
  40 0070 07E02F3D 	 .word 1026547719
  41 0074 FC26363D 	 .word 1026959100
  42 0078 D56D3C3D 	 .word 1027370453
  43 007c 91B4423D 	 .word 1027781777
  44 0080 30FB483D 	 .word 1028193072
  45 0084 AF414F3D 	 .word 1028604335
  46 0088 0E88553D 	 .word 1029015566
  47 008c 4CCE5B3D 	 .word 1029426764
  48 0090 6914623D 	 .word 1029837929
  49 0094 625A683D 	 .word 1030249058
  50 0098 38A06E3D 	 .word 1030660152
  51 009c E9E5743D 	 .word 1031071209
  52 00a0 742B7B3D 	 .word 1031482228
  53 00a4 6CB8803D 	 .word 1031845996
  54 00a8 0ADB833D 	 .word 1032051466
  55 00ac 94FD863D 	 .word 1032256916
  56 00b0 0A208A3D 	 .word 1032462346
  57 00b4 6A428D3D 	 .word 1032667754
  58 00b8 B464903D 	 .word 1032873140
  59 00bc E786933D 	 .word 1033078503
  60 00c0 05A9963D 	 .word 1033283845
  61 00c4 0ACB993D 	 .word 1033489162
  62 00c8 F9EC9C3D 	 .word 1033694457
  63 00cc CF0EA03D 	 .word 1033899727
  64 00d0 8C30A33D 	 .word 1034104972
  65 00d4 3052A63D 	 .word 1034310192
  66 00d8 BA73A93D 	 .word 1034515386
  67 00dc 2B95AC3D 	 .word 1034720555
  68 00e0 80B6AF3D 	 .word 1034925696
  69 00e4 BBD7B23D 	 .word 1035130811
  70 00e8 DAF8B53D 	 .word 1035335898
  71 00ec DD19B93D 	 .word 1035540957
  72 00f0 C33ABC3D 	 .word 1035745987
  73 00f4 8D5BBF3D 	 .word 1035950989
  74 00f8 397CC23D 	 .word 1036155961
  75 00fc C69CC53D 	 .word 1036360902
  76 0100 36BDC83D 	 .word 1036565814
  77 0104 86DDCB3D 	 .word 1036770694
  78 0108 B7FDCE3D 	 .word 1036975543
  79 010c C81DD23D 	 .word 1037180360
  80 0110 B93DD53D 	 .word 1037385145
  81 0114 895DD83D 	 .word 1037589897
  82 0118 377DDB3D 	 .word 1037794615
  83 011c C49CDE3D 	 .word 1037999300
  84 0120 2EBCE13D 	 .word 1038203950
  85 0124 76DBE43D 	 .word 1038408566
  86 0128 9AFAE73D 	 .word 1038613146
  87 012c 9A19EB3D 	 .word 1038817690
  88 0130 7638EE3D 	 .word 1039022198
  89 0134 2E57F13D 	 .word 1039226670
  90 0138 C075F43D 	 .word 1039431104
  91 013c 2C94F73D 	 .word 1039635500
  92 0140 73B2FA3D 	 .word 1039839859
  93 0144 92D0FD3D 	 .word 1040044178
  94 0148 4577003E 	 .word 1040217925
  95 014c 2E06023E 	 .word 1040320046
  96 0150 0295033E 	 .word 1040422146
  97 0154 C223053E 	 .word 1040524226
  98 0158 6EB2063E 	 .word 1040626286
  99 015c 0541083E 	 .word 1040728325
 100 0160 86CF093E 	 .word 1040830342
 101 0164 F35D0B3E 	 .word 1040932339
 102 0168 4AEC0C3E 	 .word 1041034314
 103 016c 8B7A0E3E 	 .word 1041136267
 104 0170 B708103E 	 .word 1041238199
 105 0174 CC96113E 	 .word 1041340108
 106 0178 CA24133E 	 .word 1041441994
 107 017c B2B2143E 	 .word 1041543858
 108 0180 8340163E 	 .word 1041645699
 109 0184 3DCE173E 	 .word 1041747517
 110 0188 E05B193E 	 .word 1041849312
 111 018c 6BE91A3E 	 .word 1041951083
 112 0190 DE761C3E 	 .word 1042052830
 113 0194 38041E3E 	 .word 1042154552
 114 0198 7B911F3E 	 .word 1042256251
 115 019c A51E213E 	 .word 1042357925
 116 01a0 B6AB223E 	 .word 1042459574
 117 01a4 AD38243E 	 .word 1042561197
 118 01a8 8CC5253E 	 .word 1042662796
 119 01ac 5152273E 	 .word 1042764369
 120 01b0 FCDE283E 	 .word 1042865916
 121 01b4 8D6B2A3E 	 .word 1042967437
 122 01b8 04F82B3E 	 .word 1043068932
 123 01bc 61842D3E 	 .word 1043170401
 124 01c0 A2102F3E 	 .word 1043271842
 125 01c4 C99C303E 	 .word 1043373257
 126 01c8 D428323E 	 .word 1043474644
 127 01cc C4B4333E 	 .word 1043576004
 128 01d0 9840353E 	 .word 1043677336
 129 01d4 50CC363E 	 .word 1043778640
 130 01d8 EC57383E 	 .word 1043879916
 131 01dc 6CE3393E 	 .word 1043981164
 132 01e0 CF6E3B3E 	 .word 1044082383
 133 01e4 15FA3C3E 	 .word 1044183573
 134 01e8 3E853E3E 	 .word 1044284734
 135 01ec 4910403E 	 .word 1044385865
 136 01f0 379B413E 	 .word 1044486967
 137 01f4 0726433E 	 .word 1044588039
 138 01f8 B9B0443E 	 .word 1044689081
 139 01fc 4D3B463E 	 .word 1044790093
 140 0200 C2C5473E 	 .word 1044891074
 141 0204 1850493E 	 .word 1044992024
 142 0208 4FDA4A3E 	 .word 1045092943
 143 020c 67644C3E 	 .word 1045193831
 144 0210 60EE4D3E 	 .word 1045294688
 145 0214 38784F3E 	 .word 1045395512
 146 0218 F101513E 	 .word 1045496305
 147 021c 898B523E 	 .word 1045597065
 148 0220 0115543E 	 .word 1045697793
 149 0224 589E553E 	 .word 1045798488
 150 0228 8F27573E 	 .word 1045899151
 151 022c A4B0583E 	 .word 1045999780
 152 0230 97395A3E 	 .word 1046100375
 153 0234 6AC25B3E 	 .word 1046200938
 154 0238 1A4B5D3E 	 .word 1046301466
 155 023c A8D35E3E 	 .word 1046401960
 156 0240 135C603E 	 .word 1046502419
 157 0244 5CE4613E 	 .word 1046602844
 158 0248 836C633E 	 .word 1046703235
 159 024c 86F4643E 	 .word 1046803590
 160 0250 667C663E 	 .word 1046903910
 161 0254 2204683E 	 .word 1047004194
 162 0258 BA8B693E 	 .word 1047104442
 163 025c 2F136B3E 	 .word 1047204655
 164 0260 7F9A6C3E 	 .word 1047304831
 165 0264 AB216E3E 	 .word 1047404971
 166 0268 B2A86F3E 	 .word 1047505074
 167 026c 942F713E 	 .word 1047605140
 168 0270 51B6723E 	 .word 1047705169
 169 0274 E83C743E 	 .word 1047805160
 170 0278 5AC3753E 	 .word 1047905114
 171 027c A649773E 	 .word 1048005030
 172 0280 CCCF783E 	 .word 1048104908
 173 0284 CB557A3E 	 .word 1048204747
 174 0288 A4DB7B3E 	 .word 1048304548
 175 028c 56617D3E 	 .word 1048404310
 176 0290 E1E67E3E 	 .word 1048504033
 177 0294 2236803E 	 .word 1048589858
 178 0298 C0F8803E 	 .word 1048639680
 179 029c 4ABB813E 	 .word 1048689482
 180 02a0 C07D823E 	 .word 1048739264
 181 02a4 2240833E 	 .word 1048789026
 182 02a8 7002843E 	 .word 1048838768
 183 02ac AAC4843E 	 .word 1048888490
 184 02b0 CE86853E 	 .word 1048938190
 185 02b4 DF48863E 	 .word 1048987871
 186 02b8 DA0A873E 	 .word 1049037530
 187 02bc C1CC873E 	 .word 1049087169
 188 02c0 938E883E 	 .word 1049136787
 189 02c4 5050893E 	 .word 1049186384
 190 02c8 F7118A3E 	 .word 1049235959
 191 02cc 8AD38A3E 	 .word 1049285514
 192 02d0 07958B3E 	 .word 1049335047
 193 02d4 6E568C3E 	 .word 1049384558
 194 02d8 C0178D3E 	 .word 1049434048
 195 02dc FCD88D3E 	 .word 1049483516
 196 02e0 229A8E3E 	 .word 1049532962
 197 02e4 325B8F3E 	 .word 1049582386
 198 02e8 2C1C903E 	 .word 1049631788
 199 02ec 10DD903E 	 .word 1049681168
 200 02f0 DD9D913E 	 .word 1049730525
 201 02f4 945E923E 	 .word 1049779860
 202 02f8 351F933E 	 .word 1049829173
 203 02fc BFDF933E 	 .word 1049878463
 204 0300 31A0943E 	 .word 1049927729
 205 0304 8D60953E 	 .word 1049976973
 206 0308 D220963E 	 .word 1050026194
 207 030c 00E1963E 	 .word 1050075392
 208 0310 17A1973E 	 .word 1050124567
 209 0314 1661983E 	 .word 1050173718
 210 0318 FE20993E 	 .word 1050222846
 211 031c CEE0993E 	 .word 1050271950
 212 0320 86A09A3E 	 .word 1050321030
 213 0324 27609B3E 	 .word 1050370087
 214 0328 AF1F9C3E 	 .word 1050419119
 215 032c 20DF9C3E 	 .word 1050468128
 216 0330 789E9D3E 	 .word 1050517112
 217 0334 B85D9E3E 	 .word 1050566072
 218 0338 DF1C9F3E 	 .word 1050615007
 219 033c EEDB9F3E 	 .word 1050663918
 220 0340 E59AA03E 	 .word 1050712805
 221 0344 C259A13E 	 .word 1050761666
 222 0348 8718A23E 	 .word 1050810503
 223 034c 33D7A23E 	 .word 1050859315
 224 0350 C595A33E 	 .word 1050908101
 225 0354 3F54A43E 	 .word 1050956863
 226 0358 9F12A53E 	 .word 1051005599
 227 035c E5D0A53E 	 .word 1051054309
 228 0360 128FA63E 	 .word 1051102994
 229 0364 254DA73E 	 .word 1051151653
 230 0368 1F0BA83E 	 .word 1051200287
 231 036c FEC8A83E 	 .word 1051248894
 232 0370 C486A93E 	 .word 1051297476
 233 0374 6F44AA3E 	 .word 1051346031
 234 0378 0102AB3E 	 .word 1051394561
 235 037c 77BFAB3E 	 .word 1051443063
 236 0380 D47CAC3E 	 .word 1051491540
 237 0384 153AAD3E 	 .word 1051539989
 238 0388 3CF7AD3E 	 .word 1051588412
 239 038c 49B4AE3E 	 .word 1051636809
 240 0390 3A71AF3E 	 .word 1051685178
 241 0394 102EB03E 	 .word 1051733520
 242 0398 CBEAB03E 	 .word 1051781835
 243 039c 6BA7B13E 	 .word 1051830123
 244 03a0 EF63B23E 	 .word 1051878383
 245 03a4 5820B33E 	 .word 1051926616
 246 03a8 A5DCB33E 	 .word 1051974821
 247 03ac D698B43E 	 .word 1052022998
 248 03b0 EC54B53E 	 .word 1052071148
 249 03b4 E610B63E 	 .word 1052119270
 250 03b8 C3CCB63E 	 .word 1052167363
 251 03bc 8488B73E 	 .word 1052215428
 252 03c0 2A44B83E 	 .word 1052263466
 253 03c4 B2FFB83E 	 .word 1052311474
 254 03c8 1EBBB93E 	 .word 1052359454
 255 03cc 6E76BA3E 	 .word 1052407406
 256 03d0 A031BB3E 	 .word 1052455328
 257 03d4 B6ECBB3E 	 .word 1052503222
 258 03d8 AFA7BC3E 	 .word 1052551087
 259 03dc 8B62BD3E 	 .word 1052598923
 260 03e0 4A1DBE3E 	 .word 1052646730
 261 03e4 EBD7BE3E 	 .word 1052694507
 262 03e8 6F92BF3E 	 .word 1052742255
 263 03ec D54CC03E 	 .word 1052789973
 264 03f0 1E07C13E 	 .word 1052837662
 265 03f4 48C1C13E 	 .word 1052885320
 266 03f8 557BC23E 	 .word 1052932949
 267 03fc 4435C33E 	 .word 1052980548
 268 0400 15EFC33E 	 .word 1053028117
 269 0404 C8A8C43E 	 .word 1053075656
 270 0408 5C62C53E 	 .word 1053123164
 271 040c D21BC63E 	 .word 1053170642
 272 0410 29D5C63E 	 .word 1053218089
 273 0414 628EC73E 	 .word 1053265506
 274 0418 7C47C83E 	 .word 1053312892
 275 041c 7700C93E 	 .word 1053360247
 276 0420 53B9C93E 	 .word 1053407571
 277 0424 1072CA3E 	 .word 1053454864
 278 0428 AE2ACB3E 	 .word 1053502126
 279 042c 2CE3CB3E 	 .word 1053549356
 280 0430 8B9BCC3E 	 .word 1053596555
 281 0434 CA53CD3E 	 .word 1053643722
 282 0438 EA0BCE3E 	 .word 1053690858
 283 043c EAC3CE3E 	 .word 1053737962
 284 0440 CA7BCF3E 	 .word 1053785034
 285 0444 8A33D03E 	 .word 1053832074
 286 0448 2AEBD03E 	 .word 1053879082
 287 044c AAA2D13E 	 .word 1053926058
 288 0450 095AD23E 	 .word 1053973001
 289 0454 4811D33E 	 .word 1054019912
 290 0458 67C8D33E 	 .word 1054066791
 291 045c 647FD43E 	 .word 1054113636
 292 0460 4136D53E 	 .word 1054160449
 293 0464 FDECD53E 	 .word 1054207229
 294 0468 99A3D63E 	 .word 1054253977
 295 046c 135AD73E 	 .word 1054300691
 296 0470 6B10D83E 	 .word 1054347371
 297 0474 A3C6D83E 	 .word 1054394019
 298 0478 B97CD93E 	 .word 1054440633
 299 047c AD32DA3E 	 .word 1054487213
 300 0480 80E8DA3E 	 .word 1054533760
 301 0484 319EDB3E 	 .word 1054580273
 302 0488 C153DC3E 	 .word 1054626753
 303 048c 2E09DD3E 	 .word 1054673198
 304 0490 79BEDD3E 	 .word 1054719609
 305 0494 A273DE3E 	 .word 1054765986
 306 0498 A928DF3E 	 .word 1054812329
 307 049c 8DDDDF3E 	 .word 1054858637
 308 04a0 4F92E03E 	 .word 1054904911
 309 04a4 EE46E13E 	 .word 1054951150
 310 04a8 6AFBE13E 	 .word 1054997354
 311 04ac C4AFE23E 	 .word 1055043524
 312 04b0 FA63E33E 	 .word 1055089658
 313 04b4 0E18E43E 	 .word 1055135758
 314 04b8 FECBE43E 	 .word 1055181822
 315 04bc CB7FE53E 	 .word 1055227851
 316 04c0 7533E63E 	 .word 1055273845
 317 04c4 FBE6E63E 	 .word 1055319803
 318 04c8 5D9AE73E 	 .word 1055365725
 319 04cc 9C4DE83E 	 .word 1055411612
 320 04d0 B700E93E 	 .word 1055457463
 321 04d4 AEB3E93E 	 .word 1055503278
 322 04d8 8166EA3E 	 .word 1055549057
 323 04dc 3019EB3E 	 .word 1055594800
 324 04e0 BBCBEB3E 	 .word 1055640507
 325 04e4 217EEC3E 	 .word 1055686177
 326 04e8 6330ED3E 	 .word 1055731811
 327 04ec 80E2ED3E 	 .word 1055777408
 328 04f0 7994EE3E 	 .word 1055822969
 329 04f4 4C46EF3E 	 .word 1055868492
 330 04f8 FBF7EF3E 	 .word 1055913979
 331 04fc 85A9F03E 	 .word 1055959429
 332 0500 EA5AF13E 	 .word 1056004842
 333 0504 290CF23E 	 .word 1056050217
 334 0508 43BDF23E 	 .word 1056095555
 335 050c 386EF33E 	 .word 1056140856
 336 0510 071FF43E 	 .word 1056186119
 337 0514 B1CFF43E 	 .word 1056231345
 338 0518 3580F53E 	 .word 1056276533
 339 051c 9330F63E 	 .word 1056321683
 340 0520 CBE0F63E 	 .word 1056366795
 341 0524 DC90F73E 	 .word 1056411868
 342 0528 C840F83E 	 .word 1056456904
 343 052c 8EF0F83E 	 .word 1056501902
 344 0530 2DA0F93E 	 .word 1056546861
 345 0534 A54FFA3E 	 .word 1056591781
 346 0538 F7FEFA3E 	 .word 1056636663
 347 053c 22AEFB3E 	 .word 1056681506
 348 0540 275DFC3E 	 .word 1056726311
 349 0544 040CFD3E 	 .word 1056771076
 350 0548 BBBAFD3E 	 .word 1056815803
 351 054c 4A69FE3E 	 .word 1056860490
 352 0550 B217FF3E 	 .word 1056905138
 353 0554 F3C5FF3E 	 .word 1056949747
 354 0558 063A003F 	 .word 1056979462
 355 055c FF90003F 	 .word 1057001727
 356 0560 E4E7003F 	 .word 1057023972
 357 0564 B53E013F 	 .word 1057046197
 358 0568 7395013F 	 .word 1057068403
 359 056c 1CEC013F 	 .word 1057090588
 360 0570 B142023F 	 .word 1057112753
 361 0574 3299023F 	 .word 1057134898
 362 0578 9FEF023F 	 .word 1057157023
 363 057c F845033F 	 .word 1057179128
 364 0580 3D9C033F 	 .word 1057201213
 365 0584 6DF2033F 	 .word 1057223277
 366 0588 8948043F 	 .word 1057245321
 367 058c 919E043F 	 .word 1057267345
 368 0590 84F4043F 	 .word 1057289348
 369 0594 624A053F 	 .word 1057311330
 370 0598 2CA0053F 	 .word 1057333292
 371 059c E2F5053F 	 .word 1057355234
 372 05a0 824B063F 	 .word 1057377154
 373 05a4 0EA1063F 	 .word 1057399054
 374 05a8 86F6063F 	 .word 1057420934
 375 05ac E84B073F 	 .word 1057442792
 376 05b0 36A1073F 	 .word 1057464630
 377 05b4 6FF6073F 	 .word 1057486447
 378 05b8 924B083F 	 .word 1057508242
 379 05bc A1A0083F 	 .word 1057530017
 380 05c0 9BF5083F 	 .word 1057551771
 381 05c4 7F4A093F 	 .word 1057573503
 382 05c8 4E9F093F 	 .word 1057595214
 383 05cc 09F4093F 	 .word 1057616905
 384 05d0 AD480A3F 	 .word 1057638573
 385 05d4 3D9D0A3F 	 .word 1057660221
 386 05d8 B7F10A3F 	 .word 1057681847
 387 05dc 1C460B3F 	 .word 1057703452
 388 05e0 6B9A0B3F 	 .word 1057725035
 389 05e4 A5EE0B3F 	 .word 1057746597
 390 05e8 C9420C3F 	 .word 1057768137
 391 05ec D7960C3F 	 .word 1057789655
 392 05f0 D0EA0C3F 	 .word 1057811152
 393 05f4 B33E0D3F 	 .word 1057832627
 394 05f8 81920D3F 	 .word 1057854081
 395 05fc 38E60D3F 	 .word 1057875512
 396 0600 DA390E3F 	 .word 1057896922
 397 0604 658D0E3F 	 .word 1057918309
 398 0608 DBE00E3F 	 .word 1057939675
 399 060c 3B340F3F 	 .word 1057961019
 400 0610 84870F3F 	 .word 1057982340
 401 0614 B8DA0F3F 	 .word 1058003640
 402 0618 D52D103F 	 .word 1058024917
 403 061c DC80103F 	 .word 1058046172
 404 0620 CDD3103F 	 .word 1058067405
 405 0624 A726113F 	 .word 1058088615
 406 0628 6B79113F 	 .word 1058109803
 407 062c 19CC113F 	 .word 1058130969
 408 0630 B01E123F 	 .word 1058152112
 409 0634 3071123F 	 .word 1058173232
 410 0638 9AC3123F 	 .word 1058194330
 411 063c EE15133F 	 .word 1058215406
 412 0640 2A68133F 	 .word 1058236458
 413 0644 50BA133F 	 .word 1058257488
 414 0648 5F0C143F 	 .word 1058278495
 415 064c 585E143F 	 .word 1058299480
 416 0650 39B0143F 	 .word 1058320441
 417 0654 0402153F 	 .word 1058341380
 418 0658 B753153F 	 .word 1058362295
 419 065c 54A5153F 	 .word 1058383188
 420 0660 D9F6153F 	 .word 1058404057
 421 0664 4748163F 	 .word 1058424903
 422 0668 9F99163F 	 .word 1058445727
 423 066c DEEA163F 	 .word 1058466526
 424 0670 073C173F 	 .word 1058487303
 425 0674 188D173F 	 .word 1058508056
 426 0678 12DE173F 	 .word 1058528786
 427 067c F52E183F 	 .word 1058549493
 428 0680 C07F183F 	 .word 1058570176
 429 0684 73D0183F 	 .word 1058590835
 430 0688 0F21193F 	 .word 1058611471
 431 068c 9471193F 	 .word 1058632084
 432 0690 00C2193F 	 .word 1058652672
 433 0694 55121A3F 	 .word 1058673237
 434 0698 93621A3F 	 .word 1058693779
 435 069c B8B21A3F 	 .word 1058714296
 436 06a0 C6021B3F 	 .word 1058734790
 437 06a4 BB521B3F 	 .word 1058755259
 438 06a8 99A21B3F 	 .word 1058775705
 439 06ac 5FF21B3F 	 .word 1058796127
 440 06b0 0C421C3F 	 .word 1058816524
 441 06b4 A2911C3F 	 .word 1058836898
 442 06b8 1FE11C3F 	 .word 1058857247
 443 06bc 84301D3F 	 .word 1058877572
 444 06c0 D17F1D3F 	 .word 1058897873
 445 06c4 06CF1D3F 	 .word 1058918150
 446 06c8 221E1E3F 	 .word 1058938402
 447 06cc 266D1E3F 	 .word 1058958630
 448 06d0 12BC1E3F 	 .word 1058978834
 449 06d4 E50A1F3F 	 .word 1058999013
 450 06d8 9F591F3F 	 .word 1059019167
 451 06dc 41A81F3F 	 .word 1059039297
 452 06e0 CBF61F3F 	 .word 1059059403
 453 06e4 3B45203F 	 .word 1059079483
 454 06e8 9393203F 	 .word 1059099539
 455 06ec D2E1203F 	 .word 1059119570
 456 06f0 F92F213F 	 .word 1059139577
 457 06f4 067E213F 	 .word 1059159558
 458 06f8 FBCB213F 	 .word 1059179515
 459 06fc D719223F 	 .word 1059199447
 460 0700 9967223F 	 .word 1059219353
 461 0704 43B5223F 	 .word 1059239235
 462 0708 D302233F 	 .word 1059259091
 463 070c 4B50233F 	 .word 1059278923
 464 0710 A99D233F 	 .word 1059298729
 465 0714 EEEA233F 	 .word 1059318510
 466 0718 1A38243F 	 .word 1059338266
 467 071c 2C85243F 	 .word 1059357996
 468 0720 25D2243F 	 .word 1059377701
 469 0724 041F253F 	 .word 1059397380
 470 0728 CB6B253F 	 .word 1059417035
 471 072c 77B8253F 	 .word 1059436663
 472 0730 0A05263F 	 .word 1059456266
 473 0734 8451263F 	 .word 1059475844
 474 0738 E39D263F 	 .word 1059495395
 475 073c 2AEA263F 	 .word 1059514922
 476 0740 5636273F 	 .word 1059534422
 477 0744 6882273F 	 .word 1059553896
 478 0748 61CE273F 	 .word 1059573345
 479 074c 401A283F 	 .word 1059592768
 480 0750 0566283F 	 .word 1059612165
 481 0754 B0B1283F 	 .word 1059631536
 482 0758 41FD283F 	 .word 1059650881
 483 075c B848293F 	 .word 1059670200
 484 0760 1594293F 	 .word 1059689493
 485 0764 57DF293F 	 .word 1059708759
 486 0768 802A2A3F 	 .word 1059728000
 487 076c 8E752A3F 	 .word 1059747214
 488 0770 82C02A3F 	 .word 1059766402
 489 0774 5B0B2B3F 	 .word 1059785563
 490 0778 1B562B3F 	 .word 1059804699
 491 077c BFA02B3F 	 .word 1059823807
 492 0780 4AEB2B3F 	 .word 1059842890
 493 0784 B9352C3F 	 .word 1059861945
 494 0788 0F802C3F 	 .word 1059880975
 495 078c 49CA2C3F 	 .word 1059899977
 496 0790 69142D3F 	 .word 1059918953
 497 0794 6F5E2D3F 	 .word 1059937903
 498 0798 59A82D3F 	 .word 1059956825
 499 079c 29F22D3F 	 .word 1059975721
 500 07a0 DE3B2E3F 	 .word 1059994590
 501 07a4 78852E3F 	 .word 1060013432
 502 07a8 F7CE2E3F 	 .word 1060032247
 503 07ac 5B182F3F 	 .word 1060051035
 504 07b0 A5612F3F 	 .word 1060069797
 505 07b4 D3AA2F3F 	 .word 1060088531
 506 07b8 E6F32F3F 	 .word 1060107238
 507 07bc DE3C303F 	 .word 1060125918
 508 07c0 BB85303F 	 .word 1060144571
 509 07c4 7CCE303F 	 .word 1060163196
 510 07c8 2217313F 	 .word 1060181794
 511 07cc AD5F313F 	 .word 1060200365
 512 07d0 1DA8313F 	 .word 1060218909
 513 07d4 71F0313F 	 .word 1060237425
 514 07d8 AA38323F 	 .word 1060255914
 515 07dc C780323F 	 .word 1060274375
 516 07e0 C9C8323F 	 .word 1060292809
 517 07e4 AF10333F 	 .word 1060311215
 518 07e8 7A58333F 	 .word 1060329594
 519 07ec 29A0333F 	 .word 1060347945
 520 07f0 BCE7333F 	 .word 1060366268
 521 07f4 342F343F 	 .word 1060384564
 522 07f8 8F76343F 	 .word 1060402831
 523 07fc CFBD343F 	 .word 1060421071
 524 0800 F304353F 	 .word 1060439283
 525 0804 FB4B353F 	 .word 1060457467
 526 0808 E792353F 	 .word 1060475623
 527 080c B8D9353F 	 .word 1060493752
 528 0810 6C20363F 	 .word 1060511852
 529 0814 0467363F 	 .word 1060529924
 530 0818 7FAD363F 	 .word 1060547967
 531 081c DFF3363F 	 .word 1060565983
 532 0820 233A373F 	 .word 1060583971
 533 0824 4A80373F 	 .word 1060601930
 534 0828 55C6373F 	 .word 1060619861
 535 082c 430C383F 	 .word 1060637763
 536 0830 1652383F 	 .word 1060655638
 537 0834 CB97383F 	 .word 1060673483
 538 0838 65DD383F 	 .word 1060691301
 539 083c E122393F 	 .word 1060709089
 540 0840 4268393F 	 .word 1060726850
 541 0844 85AD393F 	 .word 1060744581
 542 0848 ACF2393F 	 .word 1060762284
 543 084c B7373A3F 	 .word 1060779959
 544 0850 A47C3A3F 	 .word 1060797604
 545 0854 75C13A3F 	 .word 1060815221
 546 0858 29063B3F 	 .word 1060832809
 547 085c C14A3B3F 	 .word 1060850369
 548 0860 3B8F3B3F 	 .word 1060867899
 549 0864 98D33B3F 	 .word 1060885400
 550 0868 D9173C3F 	 .word 1060902873
 551 086c FC5B3C3F 	 .word 1060920316
 552 0870 03A03C3F 	 .word 1060937731
 553 0874 ECE33C3F 	 .word 1060955116
 554 0878 B8273D3F 	 .word 1060972472
 555 087c 676B3D3F 	 .word 1060989799
 556 0880 F9AE3D3F 	 .word 1061007097
 557 0884 6EF23D3F 	 .word 1061024366
 558 0888 C5353E3F 	 .word 1061041605
 559 088c FF783E3F 	 .word 1061058815
 560 0890 1BBC3E3F 	 .word 1061075995
 561 0894 1BFF3E3F 	 .word 1061093147
 562 0898 FC413F3F 	 .word 1061110268
 563 089c C0843F3F 	 .word 1061127360
 564 08a0 67C73F3F 	 .word 1061144423
 565 08a4 F009403F 	 .word 1061161456
 566 08a8 5C4C403F 	 .word 1061178460
 567 08ac A98E403F 	 .word 1061195433
 568 08b0 DAD0403F 	 .word 1061212378
 569 08b4 EC12413F 	 .word 1061229292
 570 08b8 EB54413F 	 .word 1061246187
 571 08bc B796413F 	 .word 1061263031
 572 08c0 70D8413F 	 .word 1061279856
 573 08c4 0B1A423F 	 .word 1061296651
 574 08c8 895B423F 	 .word 1061313417
 575 08cc E89C423F 	 .word 1061330152
 576 08d0 29DE423F 	 .word 1061346857
 577 08d4 4C1F433F 	 .word 1061363532
 578 08d8 5160433F 	 .word 1061380177
 579 08dc 38A1433F 	 .word 1061396792
 580 08e0 00E2433F 	 .word 1061413376
 581 08e4 AB22443F 	 .word 1061429931
 582 08e8 3763443F 	 .word 1061446455
 583 08ec A5A3443F 	 .word 1061462949
 584 08f0 F5E3443F 	 .word 1061479413
 585 08f4 2624453F 	 .word 1061495846
 586 08f8 3964453F 	 .word 1061512249
 587 08fc 2DA4453F 	 .word 1061528621
 588 0900 03E4453F 	 .word 1061544963
 589 0904 BB23463F 	 .word 1061561275
 590 0908 5463463F 	 .word 1061577556
 591 090c CEA2463F 	 .word 1061593806
 592 0910 2AE2463F 	 .word 1061610026
 593 0914 6721473F 	 .word 1061626215
 594 0918 8560473F 	 .word 1061642373
 595 091c 849F473F 	 .word 1061658500
 596 0920 65DE473F 	 .word 1061674597
 597 0924 271D483F 	 .word 1061690663
 598 0928 CA5B483F 	 .word 1061706698
 599 092c 4E9A483F 	 .word 1061722702
 600 0930 B3D8483F 	 .word 1061738675
 601 0934 FA16493F 	 .word 1061754618
 602 0938 2155493F 	 .word 1061770529
 603 093c 2993493F 	 .word 1061786409
 604 0940 12D1493F 	 .word 1061802258
 605 0944 DC0E4A3F 	 .word 1061818076
 606 0948 874C4A3F 	 .word 1061833863
 607 094c 138A4A3F 	 .word 1061849619
 608 0950 7FC74A3F 	 .word 1061865343
 609 0954 CC044B3F 	 .word 1061881036
 610 0958 FA414B3F 	 .word 1061896698
 611 095c 097F4B3F 	 .word 1061912329
 612 0960 F8BB4B3F 	 .word 1061927928
 613 0964 C7F84B3F 	 .word 1061943495
 614 0968 78354C3F 	 .word 1061959032
 615 096c 08724C3F 	 .word 1061974536
 616 0970 79AE4C3F 	 .word 1061990009
 617 0974 CBEA4C3F 	 .word 1062005451
 618 0978 FD264D3F 	 .word 1062020861
 619 097c 10634D3F 	 .word 1062036240
 620 0980 029F4D3F 	 .word 1062051586
 621 0984 D5DA4D3F 	 .word 1062066901
 622 0988 89164E3F 	 .word 1062082185
 623 098c 1C524E3F 	 .word 1062097436
 624 0990 908D4E3F 	 .word 1062112656
 625 0994 E4C84E3F 	 .word 1062127844
 626 0998 17044F3F 	 .word 1062142999
 627 099c 2B3F4F3F 	 .word 1062158123
 628 09a0 1F7A4F3F 	 .word 1062173215
 629 09a4 F4B44F3F 	 .word 1062188276
 630 09a8 A8EF4F3F 	 .word 1062203304
 631 09ac 3B2A503F 	 .word 1062218299
 632 09b0 AF64503F 	 .word 1062233263
 633 09b4 039F503F 	 .word 1062248195
 634 09b8 37D9503F 	 .word 1062263095
 635 09bc 4A13513F 	 .word 1062277962
 636 09c0 3D4D513F 	 .word 1062292797
 637 09c4 1087513F 	 .word 1062307600
 638 09c8 C2C0513F 	 .word 1062322370
 639 09cc 54FA513F 	 .word 1062337108
 640 09d0 C633523F 	 .word 1062351814
 641 09d4 186D523F 	 .word 1062366488
 642 09d8 49A6523F 	 .word 1062381129
 643 09dc 59DF523F 	 .word 1062395737
 644 09e0 4918533F 	 .word 1062410313
 645 09e4 1851533F 	 .word 1062424856
 646 09e8 C789533F 	 .word 1062439367
 647 09ec 55C2533F 	 .word 1062453845
 648 09f0 C3FA533F 	 .word 1062468291
 649 09f4 0F33543F 	 .word 1062482703
 650 09f8 3B6B543F 	 .word 1062497083
 651 09fc 47A3543F 	 .word 1062511431
 652 0a00 31DB543F 	 .word 1062525745
 653 0a04 FB12553F 	 .word 1062540027
 654 0a08 A44A553F 	 .word 1062554276
 655 0a0c 2C82553F 	 .word 1062568492
 656 0a10 93B9553F 	 .word 1062582675
 657 0a14 D9F0553F 	 .word 1062596825
 658 0a18 FE27563F 	 .word 1062610942
 659 0a1c 025F563F 	 .word 1062625026
 660 0a20 E595563F 	 .word 1062639077
 661 0a24 A7CC563F 	 .word 1062653095
 662 0a28 4803573F 	 .word 1062667080
 663 0a2c C739573F 	 .word 1062681031
 664 0a30 2670573F 	 .word 1062694950
 665 0a34 63A6573F 	 .word 1062708835
 666 0a38 7FDC573F 	 .word 1062722687
 667 0a3c 7912583F 	 .word 1062736505
 668 0a40 5348583F 	 .word 1062750291
 669 0a44 0B7E583F 	 .word 1062764043
 670 0a48 A1B3583F 	 .word 1062777761
 671 0a4c 16E9583F 	 .word 1062791446
 672 0a50 6A1E593F 	 .word 1062805098
 673 0a54 9C53593F 	 .word 1062818716
 674 0a58 AD88593F 	 .word 1062832301
 675 0a5c 9CBD593F 	 .word 1062845852
 676 0a60 6AF2593F 	 .word 1062859370
 677 0a64 16275A3F 	 .word 1062872854
 678 0a68 A05B5A3F 	 .word 1062886304
 679 0a6c 09905A3F 	 .word 1062899721
 680 0a70 50C45A3F 	 .word 1062913104
 681 0a74 75F85A3F 	 .word 1062926453
 682 0a78 792C5B3F 	 .word 1062939769
 683 0a7c 5A605B3F 	 .word 1062953050
 684 0a80 1A945B3F 	 .word 1062966298
 685 0a84 B8C75B3F 	 .word 1062979512
 686 0a88 34FB5B3F 	 .word 1062992692
 687 0a8c 8E2E5C3F 	 .word 1063005838
 688 0a90 C7615C3F 	 .word 1063018951
 689 0a94 DD945C3F 	 .word 1063032029
 690 0a98 D1C75C3F 	 .word 1063045073
 691 0a9c A3FA5C3F 	 .word 1063058083
 692 0aa0 532D5D3F 	 .word 1063071059
 693 0aa4 E15F5D3F 	 .word 1063084001
 694 0aa8 4D925D3F 	 .word 1063096909
 695 0aac 97C45D3F 	 .word 1063109783
 696 0ab0 BEF65D3F 	 .word 1063122622
 697 0ab4 C3285E3F 	 .word 1063135427
 698 0ab8 A65A5E3F 	 .word 1063148198
 699 0abc 678C5E3F 	 .word 1063160935
 700 0ac0 05BE5E3F 	 .word 1063173637
 701 0ac4 81EF5E3F 	 .word 1063186305
 702 0ac8 DB205F3F 	 .word 1063198939
 703 0acc 12525F3F 	 .word 1063211538
 704 0ad0 27835F3F 	 .word 1063224103
 705 0ad4 19B45F3F 	 .word 1063236633
 706 0ad8 E9E45F3F 	 .word 1063249129
 707 0adc 9615603F 	 .word 1063261590
 708 0ae0 2146603F 	 .word 1063274017
 709 0ae4 8976603F 	 .word 1063286409
 710 0ae8 CFA6603F 	 .word 1063298767
 711 0aec F2D6603F 	 .word 1063311090
 712 0af0 F206613F 	 .word 1063323378
 713 0af4 D036613F 	 .word 1063335632
 714 0af8 8A66613F 	 .word 1063347850
 715 0afc 2296613F 	 .word 1063360034
 716 0b00 98C5613F 	 .word 1063372184
 717 0b04 EAF4613F 	 .word 1063384298
 718 0b08 1A24623F 	 .word 1063396378
 719 0b0c 2653623F 	 .word 1063408422
 720 0b10 1082623F 	 .word 1063420432
 721 0b14 D7B0623F 	 .word 1063432407
 722 0b18 7BDF623F 	 .word 1063444347
 723 0b1c FC0D633F 	 .word 1063456252
 724 0b20 5A3C633F 	 .word 1063468122
 725 0b24 956A633F 	 .word 1063479957
 726 0b28 AC98633F 	 .word 1063491756
 727 0b2c A1C6633F 	 .word 1063503521
 728 0b30 73F4633F 	 .word 1063515251
 729 0b34 2122643F 	 .word 1063526945
 730 0b38 AC4F643F 	 .word 1063538604
 731 0b3c 147D643F 	 .word 1063550228
 732 0b40 59AA643F 	 .word 1063561817
 733 0b44 7BD7643F 	 .word 1063573371
 734 0b48 7904653F 	 .word 1063584889
 735 0b4c 5431653F 	 .word 1063596372
 736 0b50 0B5E653F 	 .word 1063607819
 737 0b54 A08A653F 	 .word 1063619232
 738 0b58 10B7653F 	 .word 1063630608
 739 0b5c 5EE3653F 	 .word 1063641950
 740 0b60 880F663F 	 .word 1063653256
 741 0b64 8E3B663F 	 .word 1063664526
 742 0b68 7167663F 	 .word 1063675761
 743 0b6c 3093663F 	 .word 1063686960
 744 0b70 CCBE663F 	 .word 1063698124
 745 0b74 45EA663F 	 .word 1063709253
 746 0b78 9915673F 	 .word 1063720345
 747 0b7c CA40673F 	 .word 1063731402
 748 0b80 D86B673F 	 .word 1063742424
 749 0b84 C196673F 	 .word 1063753409
 750 0b88 87C1673F 	 .word 1063764359
 751 0b8c 29EC673F 	 .word 1063775273
 752 0b90 A816683F 	 .word 1063786152
 753 0b94 0341683F 	 .word 1063796995
 754 0b98 396B683F 	 .word 1063807801
 755 0b9c 4C95683F 	 .word 1063818572
 756 0ba0 3CBF683F 	 .word 1063829308
 757 0ba4 07E9683F 	 .word 1063840007
 758 0ba8 AE12693F 	 .word 1063850670
 759 0bac 323C693F 	 .word 1063861298
 760 0bb0 9165693F 	 .word 1063871889
 761 0bb4 CC8E693F 	 .word 1063882444
 762 0bb8 E4B7693F 	 .word 1063892964
 763 0bbc D7E0693F 	 .word 1063903447
 764 0bc0 A7096A3F 	 .word 1063913895
 765 0bc4 52326A3F 	 .word 1063924306
 766 0bc8 D95A6A3F 	 .word 1063934681
 767 0bcc 3C836A3F 	 .word 1063945020
 768 0bd0 7BAB6A3F 	 .word 1063955323
 769 0bd4 95D36A3F 	 .word 1063965589
 770 0bd8 8CFB6A3F 	 .word 1063975820
 771 0bdc 5E236B3F 	 .word 1063986014
 772 0be0 0C4B6B3F 	 .word 1063996172
 773 0be4 95726B3F 	 .word 1064006293
 774 0be8 FB996B3F 	 .word 1064016379
 775 0bec 3BC16B3F 	 .word 1064026427
 776 0bf0 58E86B3F 	 .word 1064036440
 777 0bf4 500F6C3F 	 .word 1064046416
 778 0bf8 24366C3F 	 .word 1064056356
 779 0bfc D45C6C3F 	 .word 1064066260
 780 0c00 5E836C3F 	 .word 1064076126
 781 0c04 C5A96C3F 	 .word 1064085957
 782 0c08 07D06C3F 	 .word 1064095751
 783 0c0c 24F66C3F 	 .word 1064105508
 784 0c10 1D1C6D3F 	 .word 1064115229
 785 0c14 F2416D3F 	 .word 1064124914
 786 0c18 A1676D3F 	 .word 1064134561
 787 0c1c 2D8D6D3F 	 .word 1064144173
 788 0c20 93B26D3F 	 .word 1064153747
 789 0c24 D5D76D3F 	 .word 1064163285
 790 0c28 F2FC6D3F 	 .word 1064172786
 791 0c2c EB216E3F 	 .word 1064182251
 792 0c30 BE466E3F 	 .word 1064191678
 793 0c34 6D6B6E3F 	 .word 1064201069
 794 0c38 F88F6E3F 	 .word 1064210424
 795 0c3c 5DB46E3F 	 .word 1064219741
 796 0c40 9ED86E3F 	 .word 1064229022
 797 0c44 BAFC6E3F 	 .word 1064238266
 798 0c48 B0206F3F 	 .word 1064247472
 799 0c4c 83446F3F 	 .word 1064256643
 800 0c50 30686F3F 	 .word 1064265776
 801 0c54 B88B6F3F 	 .word 1064274872
 802 0c58 1BAF6F3F 	 .word 1064283931
 803 0c5c 5AD26F3F 	 .word 1064292954
 804 0c60 73F56F3F 	 .word 1064301939
 805 0c64 6718703F 	 .word 1064310887
 806 0c68 373B703F 	 .word 1064319799
 807 0c6c E15D703F 	 .word 1064328673
 808 0c70 6680703F 	 .word 1064337510
 809 0c74 C6A2703F 	 .word 1064346310
 810 0c78 01C5703F 	 .word 1064355073
 811 0c7c 17E7703F 	 .word 1064363799
 812 0c80 0809713F 	 .word 1064372488
 813 0c84 D42A713F 	 .word 1064381140
 814 0c88 7A4C713F 	 .word 1064389754
 815 0c8c FB6D713F 	 .word 1064398331
 816 0c90 578F713F 	 .word 1064406871
 817 0c94 8EB0713F 	 .word 1064415374
 818 0c98 9FD1713F 	 .word 1064423839
 819 0c9c 8CF2713F 	 .word 1064432268
 820 0ca0 5213723F 	 .word 1064440658
 821 0ca4 F433723F 	 .word 1064449012
 822 0ca8 7054723F 	 .word 1064457328
 823 0cac C774723F 	 .word 1064465607
 824 0cb0 F894723F 	 .word 1064473848
 825 0cb4 04B5723F 	 .word 1064482052
 826 0cb8 EBD4723F 	 .word 1064490219
 827 0cbc ACF4723F 	 .word 1064498348
 828 0cc0 4714733F 	 .word 1064506439
 829 0cc4 BE33733F 	 .word 1064514494
 830 0cc8 0E53733F 	 .word 1064522510
 831 0ccc 3972733F 	 .word 1064530489
 832 0cd0 3F91733F 	 .word 1064538431
 833 0cd4 1FB0733F 	 .word 1064546335
 834 0cd8 D9CE733F 	 .word 1064554201
 835 0cdc 6EED733F 	 .word 1064562030
 836 0ce0 DD0B743F 	 .word 1064569821
 837 0ce4 272A743F 	 .word 1064577575
 838 0ce8 4B48743F 	 .word 1064585291
 839 0cec 4966743F 	 .word 1064592969
 840 0cf0 2284743F 	 .word 1064600610
 841 0cf4 D5A1743F 	 .word 1064608213
 842 0cf8 62BF743F 	 .word 1064615778
 843 0cfc C9DC743F 	 .word 1064623305
 844 0d00 0BFA743F 	 .word 1064630795
 845 0d04 2717753F 	 .word 1064638247
 846 0d08 1D34753F 	 .word 1064645661
 847 0d0c ED50753F 	 .word 1064653037
 848 0d10 976D753F 	 .word 1064660375
 849 0d14 1C8A753F 	 .word 1064667676
 850 0d18 7BA6753F 	 .word 1064674939
 851 0d1c B3C2753F 	 .word 1064682163
 852 0d20 C6DE753F 	 .word 1064689350
 853 0d24 B3FA753F 	 .word 1064696499
 854 0d28 7A16763F 	 .word 1064703610
 855 0d2c 1B32763F 	 .word 1064710683
 856 0d30 974D763F 	 .word 1064717719
 857 0d34 EC68763F 	 .word 1064724716
 858 0d38 1B84763F 	 .word 1064731675
 859 0d3c 249F763F 	 .word 1064738596
 860 0d40 07BA763F 	 .word 1064745479
 861 0d44 C4D4763F 	 .word 1064752324
 862 0d48 5BEF763F 	 .word 1064759131
 863 0d4c CC09773F 	 .word 1064765900
 864 0d50 1724773F 	 .word 1064772631
 865 0d54 3C3E773F 	 .word 1064779324
 866 0d58 3A58773F 	 .word 1064785978
 867 0d5c 1372773F 	 .word 1064792595
 868 0d60 C58B773F 	 .word 1064799173
 869 0d64 51A5773F 	 .word 1064805713
 870 0d68 B7BE773F 	 .word 1064812215
 871 0d6c F7D7773F 	 .word 1064818679
 872 0d70 10F1773F 	 .word 1064825104
 873 0d74 040A783F 	 .word 1064831492
 874 0d78 D122783F 	 .word 1064837841
 875 0d7c 773B783F 	 .word 1064844151
 876 0d80 F853783F 	 .word 1064850424
 877 0d84 526C783F 	 .word 1064856658
 878 0d88 8684783F 	 .word 1064862854
 879 0d8c 939C783F 	 .word 1064869011
 880 0d90 7BB4783F 	 .word 1064875131
 881 0d94 3BCC783F 	 .word 1064881211
 882 0d98 D6E3783F 	 .word 1064887254
 883 0d9c 4AFB783F 	 .word 1064893258
 884 0da0 9812793F 	 .word 1064899224
 885 0da4 BF29793F 	 .word 1064905151
 886 0da8 C040793F 	 .word 1064911040
 887 0dac 9A57793F 	 .word 1064916890
 888 0db0 4E6E793F 	 .word 1064922702
 889 0db4 DC84793F 	 .word 1064928476
 890 0db8 439B793F 	 .word 1064934211
 891 0dbc 83B1793F 	 .word 1064939907
 892 0dc0 9DC7793F 	 .word 1064945565
 893 0dc4 91DD793F 	 .word 1064951185
 894 0dc8 5EF3793F 	 .word 1064956766
 895 0dcc 04097A3F 	 .word 1064962308
 896 0dd0 841E7A3F 	 .word 1064967812
 897 0dd4 DD337A3F 	 .word 1064973277
 898 0dd8 10497A3F 	 .word 1064978704
 899 0ddc 1C5E7A3F 	 .word 1064984092
 900 0de0 02737A3F 	 .word 1064989442
 901 0de4 C1877A3F 	 .word 1064994753
 902 0de8 599C7A3F 	 .word 1065000025
 903 0dec CBB07A3F 	 .word 1065005259
 904 0df0 16C57A3F 	 .word 1065010454
 905 0df4 3AD97A3F 	 .word 1065015610
 906 0df8 37ED7A3F 	 .word 1065020727
 907 0dfc 0E017B3F 	 .word 1065025806
 908 0e00 BE147B3F 	 .word 1065030846
 909 0e04 48287B3F 	 .word 1065035848
 910 0e08 AB3B7B3F 	 .word 1065040811
 911 0e0c E74E7B3F 	 .word 1065045735
 912 0e10 FC617B3F 	 .word 1065050620
 913 0e14 EA747B3F 	 .word 1065055466
 914 0e18 B2877B3F 	 .word 1065060274
 915 0e1c 539A7B3F 	 .word 1065065043
 916 0e20 CDAC7B3F 	 .word 1065069773
 917 0e24 20BF7B3F 	 .word 1065074464
 918 0e28 4DD17B3F 	 .word 1065079117
 919 0e2c 53E37B3F 	 .word 1065083731
 920 0e30 31F57B3F 	 .word 1065088305
 921 0e34 E9067C3F 	 .word 1065092841
 922 0e38 7A187C3F 	 .word 1065097338
 923 0e3c E5297C3F 	 .word 1065101797
 924 0e40 283B7C3F 	 .word 1065106216
 925 0e44 444C7C3F 	 .word 1065110596
 926 0e48 3A5D7C3F 	 .word 1065114938
 927 0e4c 086E7C3F 	 .word 1065119240
 928 0e50 B07E7C3F 	 .word 1065123504
 929 0e54 318F7C3F 	 .word 1065127729
 930 0e58 8A9F7C3F 	 .word 1065131914
 931 0e5c BDAF7C3F 	 .word 1065136061
 932 0e60 C9BF7C3F 	 .word 1065140169
 933 0e64 AECF7C3F 	 .word 1065144238
 934 0e68 6CDF7C3F 	 .word 1065148268
 935 0e6c 03EF7C3F 	 .word 1065152259
 936 0e70 73FE7C3F 	 .word 1065156211
 937 0e74 BC0D7D3F 	 .word 1065160124
 938 0e78 DD1C7D3F 	 .word 1065163997
 939 0e7c D82B7D3F 	 .word 1065167832
 940 0e80 AC3A7D3F 	 .word 1065171628
 941 0e84 59497D3F 	 .word 1065175385
 942 0e88 DE577D3F 	 .word 1065179102
 943 0e8c 3D667D3F 	 .word 1065182781
 944 0e90 74747D3F 	 .word 1065186420
 945 0e94 85827D3F 	 .word 1065190021
 946 0e98 6E907D3F 	 .word 1065193582
 947 0e9c 309E7D3F 	 .word 1065197104
 948 0ea0 CCAB7D3F 	 .word 1065200588
 949 0ea4 40B97D3F 	 .word 1065204032
 950 0ea8 8CC67D3F 	 .word 1065207436
 951 0eac B2D37D3F 	 .word 1065210802
 952 0eb0 B1E07D3F 	 .word 1065214129
 953 0eb4 88ED7D3F 	 .word 1065217416
 954 0eb8 38FA7D3F 	 .word 1065220664
 955 0ebc C2067E3F 	 .word 1065223874
 956 0ec0 24137E3F 	 .word 1065227044
 957 0ec4 5E1F7E3F 	 .word 1065230174
 958 0ec8 722B7E3F 	 .word 1065233266
 959 0ecc 5E377E3F 	 .word 1065236318
 960 0ed0 23437E3F 	 .word 1065239331
 961 0ed4 C14E7E3F 	 .word 1065242305
 962 0ed8 385A7E3F 	 .word 1065245240
 963 0edc 88657E3F 	 .word 1065248136
 964 0ee0 B0707E3F 	 .word 1065250992
 965 0ee4 B17B7E3F 	 .word 1065253809
 966 0ee8 8B867E3F 	 .word 1065256587
 967 0eec 3D917E3F 	 .word 1065259325
 968 0ef0 C99B7E3F 	 .word 1065262025
 969 0ef4 2DA67E3F 	 .word 1065264685
 970 0ef8 69B07E3F 	 .word 1065267305
 971 0efc 7FBA7E3F 	 .word 1065269887
 972 0f00 6DC47E3F 	 .word 1065272429
 973 0f04 34CE7E3F 	 .word 1065274932
 974 0f08 D4D77E3F 	 .word 1065277396
 975 0f0c 4CE17E3F 	 .word 1065279820
 976 0f10 9DEA7E3F 	 .word 1065282205
 977 0f14 C7F37E3F 	 .word 1065284551
 978 0f18 C9FC7E3F 	 .word 1065286857
 979 0f1c A4057F3F 	 .word 1065289124
 980 0f20 580E7F3F 	 .word 1065291352
 981 0f24 E4167F3F 	 .word 1065293540
 982 0f28 491F7F3F 	 .word 1065295689
 983 0f2c 87277F3F 	 .word 1065297799
 984 0f30 9D2F7F3F 	 .word 1065299869
 985 0f34 8C377F3F 	 .word 1065301900
 986 0f38 543F7F3F 	 .word 1065303892
 987 0f3c F4467F3F 	 .word 1065305844
 988 0f40 6D4E7F3F 	 .word 1065307757
 989 0f44 BF557F3F 	 .word 1065309631
 990 0f48 E95C7F3F 	 .word 1065311465
 991 0f4c EC637F3F 	 .word 1065313260
 992 0f50 C76A7F3F 	 .word 1065315015
 993 0f54 7B717F3F 	 .word 1065316731
 994 0f58 08787F3F 	 .word 1065318408
 995 0f5c 6D7E7F3F 	 .word 1065320045
 996 0f60 AB847F3F 	 .word 1065321643
 997 0f64 C28A7F3F 	 .word 1065323202
 998 0f68 B1907F3F 	 .word 1065324721
 999 0f6c 78967F3F 	 .word 1065326200
 1000 0f70 189C7F3F 	 .word 1065327640
 1001 0f74 91A17F3F 	 .word 1065329041
 1002 0f78 E3A67F3F 	 .word 1065330403
 1003 0f7c 0DAC7F3F 	 .word 1065331725
 1004 0f80 0FB17F3F 	 .word 1065333007
 1005 0f84 EAB57F3F 	 .word 1065334250
 1006 0f88 9EBA7F3F 	 .word 1065335454
 1007 0f8c 2ABF7F3F 	 .word 1065336618
 1008 0f90 8FC37F3F 	 .word 1065337743
 1009 0f94 CCC77F3F 	 .word 1065338828
 1010 0f98 E2CB7F3F 	 .word 1065339874
 1011 0f9c D1CF7F3F 	 .word 1065340881
 1012 0fa0 97D37F3F 	 .word 1065341847
 1013 0fa4 37D77F3F 	 .word 1065342775
 1014 0fa8 AFDA7F3F 	 .word 1065343663
 1015 0fac 00DE7F3F 	 .word 1065344512
 1016 0fb0 29E17F3F 	 .word 1065345321
 1017 0fb4 2BE47F3F 	 .word 1065346091
 1018 0fb8 05E77F3F 	 .word 1065346821
 1019 0fbc B8E97F3F 	 .word 1065347512
 1020 0fc0 43EC7F3F 	 .word 1065348163
 1021 0fc4 A7EE7F3F 	 .word 1065348775
 1022 0fc8 E3F07F3F 	 .word 1065349347
 1023 0fcc F8F27F3F 	 .word 1065349880
 1024 0fd0 E6F47F3F 	 .word 1065350374
 1025 0fd4 ACF67F3F 	 .word 1065350828
 1026 0fd8 4AF87F3F 	 .word 1065351242
 1027 0fdc C1F97F3F 	 .word 1065351617
 1028 0fe0 11FB7F3F 	 .word 1065351953
 1029 0fe4 39FC7F3F 	 .word 1065352249
 1030 0fe8 39FD7F3F 	 .word 1065352505
 1031 0fec 13FE7F3F 	 .word 1065352723
 1032 0ff0 C4FE7F3F 	 .word 1065352900
 1033 0ff4 4EFF7F3F 	 .word 1065353038
 1034 0ff8 B1FF7F3F 	 .word 1065353137
 1035 0ffc ECFF7F3F 	 .word 1065353196
 1036 1000 0000803F 	 .word 1065353216
 1037              	.section .text,"ax",@progbits
 1038              	.Letext0:
 1039              	 .file 1 "../Libraries/Infra/Platform/Compilers/Platform_Types.h"
 1040              	 .file 2 "../Libraries/Service/Tricore/Math/Ifx_LutSincosF32_Table.c"
DEFINED SYMBOLS
                            *ABS*:00000000 Ifx_LutSincosF32_Table.c
                            *ABS*:00000000 Ifx_LutSincosF32_Table.c
    {standard input}:11     .rodata.Ifx_g_LutSincosF32_table:00000000 Ifx_g_LutSincosF32_table

NO UNDEFINED SYMBOLS
