   1              	
   2              	 .file "Ifx_WndF32_HannTable.c"
   3              	 .file "Ifx_WndF32_HannTable.c"
   4              	.section .text,"ax",@progbits
   5              	.Ltext0:
   6              	 .global Ifx_g_WndF32_hannTable
   7              	 .section .rodata.Ifx_g_WndF32_hannTable,"a"
   8              	 .align 2
  11              	Ifx_g_WndF32_hannTable:
  12 0000 00000000 	 .word 0
  13 0004 D8381E37 	 .word 924727512
  14 0008 77381E38 	 .word 941504631
  15 000c CEFEB138 	 .word 951189198
  16 0010 EF361E39 	 .word 958281455
  17 0014 0C347739 	 .word 964113420
  18 0018 F0FAB139 	 .word 967965424
  19 001c AF3DF239 	 .word 972176815
  20 0020 D3301E3A 	 .word 975057107
  21 0024 0E33483A 	 .word 977810190
  22 0028 2025773A 	 .word 980886816
  23 002c 4B83953A 	 .word 982877003
  24 0030 78EBB13A 	 .word 984738680
  25 0034 D1CAD03A 	 .word 986761937
  26 0038 0821F23A 	 .word 988946696
  27 003c E6F60A3B 	 .word 990574310
  28 0040 63181E3B 	 .word 991828067
  29 0044 CA74323B 	 .word 993162442
  30 0048 EA0B483B 	 .word 994577386
  31 004c 8DDD5E3B 	 .word 996072845
  32 0050 7AE9763B 	 .word 997648762
  33 0054 BB17883B 	 .word 998774715
  34 0058 A257953B 	 .word 999643042
  35 005c 5134A33B 	 .word 1000551505
  36 0060 A5ADB13B 	 .word 1001500069
  37 0064 7AC3C03B 	 .word 1002488698
  38 0068 AC75D03B 	 .word 1003517356
  39 006c 13C4E03B 	 .word 1004586003
  40 0070 87AEF13B 	 .word 1005694599
  41 0074 6F9A013C 	 .word 1006738031
  42 0078 77AB0A3C 	 .word 1007332215
  43 007c 450A143C 	 .word 1007946309
  44 0080 C1B61D3C 	 .word 1008580289
  45 0084 D3B0273C 	 .word 1009234131
  46 0088 63F8313C 	 .word 1009907811
  47 008c 588D3C3C 	 .word 1010601304
  48 0090 976F473C 	 .word 1011314583
  49 0094 059F523C 	 .word 1012047621
  50 0098 881B5E3C 	 .word 1012800392
  51 009c 01E5693C 	 .word 1013572865
  52 00a0 55FB753C 	 .word 1014365013
  53 00a4 322F813C 	 .word 1015099186
  54 00a8 0987873C 	 .word 1015514889
  55 00ac 1F058E3C 	 .word 1015940383
  56 00b0 64A9943C 	 .word 1016375652
  57 00b4 C8739B3C 	 .word 1016820680
  58 00b8 3964A23C 	 .word 1017275449
  59 00bc A87AA93C 	 .word 1017739944
  60 00c0 01B7B03C 	 .word 1018214145
  61 00c4 3419B83C 	 .word 1018698036
  62 00c8 2EA1BF3C 	 .word 1019191598
  63 00cc DD4EC73C 	 .word 1019694813
  64 00d0 2D22CF3C 	 .word 1020207661
  65 00d4 0B1BD73C 	 .word 1020730123
  66 00d8 6339DF3C 	 .word 1021262179
  67 00dc 227DE73C 	 .word 1021803810
  68 00e0 33E6EF3C 	 .word 1022354995
  69 00e4 8174F83C 	 .word 1022915713
  70 00e8 FB93003D 	 .word 1023448059
  71 00ec 4000053D 	 .word 1023737920
  72 00f0 027F093D 	 .word 1024032514
  73 00f4 38100E3D 	 .word 1024331832
  74 00f8 D5B3123D 	 .word 1024635861
  75 00fc CF69173D 	 .word 1024944591
  76 0100 1A321C3D 	 .word 1025258010
  77 0104 AA0C213D 	 .word 1025576106
  78 0108 72F9253D 	 .word 1025898866
  79 010c 68F82A3D 	 .word 1026226280
  80 0110 7E09303D 	 .word 1026558334
  81 0114 A82C353D 	 .word 1026895016
  82 0118 D8613A3D 	 .word 1027236312
  83 011c 04A93F3D 	 .word 1027582212
  84 0120 1C02453D 	 .word 1027932700
  85 0124 156D4A3D 	 .word 1028287765
  86 0128 E0E94F3D 	 .word 1028647392
  87 012c 7178553D 	 .word 1029011569
  88 0130 B9185B3D 	 .word 1029380281
  89 0134 AACA603D 	 .word 1029753514
  90 0138 368E663D 	 .word 1030131254
  91 013c 50636C3D 	 .word 1030513488
  92 0140 E849723D 	 .word 1030900200
  93 0144 F141783D 	 .word 1031291377
  94 0148 5B4B7E3D 	 .word 1031687003
  95 014c 0C33823D 	 .word 1031942924
  96 0150 0B49853D 	 .word 1032145163
  97 0154 A567883D 	 .word 1032349605
  98 0158 D28E8B3D 	 .word 1032556242
  99 015c 88BE8E3D 	 .word 1032765064
 100 0160 C2F6913D 	 .word 1032976066
 101 0164 7637953D 	 .word 1033189238
 102 0168 9D80983D 	 .word 1033404573
 103 016c 2ED29B3D 	 .word 1033622062
 104 0170 212C9F3D 	 .word 1033841697
 105 0174 6F8EA23D 	 .word 1034063471
 106 0178 0EF9A53D 	 .word 1034287374
 107 017c F76BA93D 	 .word 1034513399
 108 0180 20E7AC3D 	 .word 1034741536
 109 0184 826AB03D 	 .word 1034971778
 110 0188 12F6B33D 	 .word 1035204114
 111 018c CA89B73D 	 .word 1035438538
 112 0190 9F25BB3D 	 .word 1035675039
 113 0194 89C9BE3D 	 .word 1035913609
 114 0198 7F75C23D 	 .word 1036154239
 115 019c 7829C63D 	 .word 1036396920
 116 01a0 6BE5C93D 	 .word 1036641643
 117 01a4 4DA9CD3D 	 .word 1036888397
 118 01a8 1775D13D 	 .word 1037137175
 119 01ac BF48D53D 	 .word 1037387967
 120 01b0 3B24D93D 	 .word 1037640763
 121 01b4 8207DD3D 	 .word 1037895554
 122 01b8 8AF2E03D 	 .word 1038152330
 123 01bc 49E5E43D 	 .word 1038411081
 124 01c0 B6DFE83D 	 .word 1038671798
 125 01c4 C7E1EC3D 	 .word 1038934471
 126 01c8 71EBF03D 	 .word 1039199089
 127 01cc ACFCF43D 	 .word 1039465644
 128 01d0 6D15F93D 	 .word 1039734125
 129 01d4 A935FD3D 	 .word 1040004521
 130 01d8 ABAE003E 	 .word 1040232107
 131 01dc 36C6023E 	 .word 1040369206
 132 01e0 6FE1043E 	 .word 1040507247
 133 01e4 5100073E 	 .word 1040646225
 134 01e8 D822093E 	 .word 1040786136
 135 01ec FD480B3E 	 .word 1040926973
 136 01f0 BB720D3E 	 .word 1041068731
 137 01f4 0EA00F3E 	 .word 1041211406
 138 01f8 EFD0113E 	 .word 1041354991
 139 01fc 5A05143E 	 .word 1041499482
 140 0200 483D163E 	 .word 1041644872
 141 0204 B578183E 	 .word 1041791157
 142 0208 9BB71A3E 	 .word 1041938331
 143 020c F4F91C3E 	 .word 1042086388
 144 0210 BA3F1F3E 	 .word 1042235322
 145 0214 E988213E 	 .word 1042385129
 146 0218 7AD5233E 	 .word 1042535802
 147 021c 6825263E 	 .word 1042687336
 148 0220 AD78283E 	 .word 1042839725
 149 0224 43CF2A3E 	 .word 1042992963
 150 0228 25292D3E 	 .word 1043147045
 151 022c 4C862F3E 	 .word 1043301964
 152 0230 B3E6313E 	 .word 1043457715
 153 0234 544A343E 	 .word 1043614292
 154 0238 2AB1363E 	 .word 1043771690
 155 023c 2D1B393E 	 .word 1043929901
 156 0240 58883B3E 	 .word 1044088920
 157 0244 A6F83D3E 	 .word 1044248742
 158 0248 106C403E 	 .word 1044409360
 159 024c 90E2423E 	 .word 1044570768
 160 0250 1F5C453E 	 .word 1044732959
 161 0254 B9D8473E 	 .word 1044895929
 162 0258 56584A3E 	 .word 1045059670
 163 025c F1DA4C3E 	 .word 1045224177
 164 0260 84604F3E 	 .word 1045389444
 165 0264 07E9513E 	 .word 1045555463
 166 0268 7574543E 	 .word 1045722229
 167 026c C802573E 	 .word 1045889736
 168 0270 F993593E 	 .word 1046057977
 169 0274 02285C3E 	 .word 1046226946
 170 0278 DCBE5E3E 	 .word 1046396636
 171 027c 8158613E 	 .word 1046567041
 172 0280 EBF4633E 	 .word 1046738155
 173 0284 1494663E 	 .word 1046909972
 174 0288 F435693E 	 .word 1047082484
 175 028c 85DA6B3E 	 .word 1047255685
 176 0290 C1816E3E 	 .word 1047429569
 177 0294 A12B713E 	 .word 1047604129
 178 0298 1FD8733E 	 .word 1047779359
 179 029c 3387763E 	 .word 1047955251
 180 02a0 D838793E 	 .word 1048131800
 181 02a4 07ED7B3E 	 .word 1048308999
 182 02a8 B8A37E3E 	 .word 1048486840
 183 02ac 73AE803E 	 .word 1048620659
 184 02b0 450C823E 	 .word 1048710213
 185 02b4 4E6B833E 	 .word 1048800078
 186 02b8 8BCB843E 	 .word 1048890251
 187 02bc F82C863E 	 .word 1048980728
 188 02c0 938F873E 	 .word 1049071507
 189 02c4 58F3883E 	 .word 1049162584
 190 02c8 42588A3E 	 .word 1049253954
 191 02cc 50BE8B3E 	 .word 1049345616
 192 02d0 7D258D3E 	 .word 1049437565
 193 02d4 C68D8E3E 	 .word 1049529798
 194 02d8 28F78F3E 	 .word 1049622312
 195 02dc 9E61913E 	 .word 1049715102
 196 02e0 26CD923E 	 .word 1049808166
 197 02e4 BC39943E 	 .word 1049901500
 198 02e8 5DA7953E 	 .word 1049995101
 199 02ec 0416973E 	 .word 1050088964
 200 02f0 AF85983E 	 .word 1050183087
 201 02f4 59F6993E 	 .word 1050277465
 202 02f8 00689B3E 	 .word 1050372096
 203 02fc 9FDA9C3E 	 .word 1050466975
 204 0300 344E9E3E 	 .word 1050562100
 205 0304 BAC29F3E 	 .word 1050657466
 206 0308 2E38A13E 	 .word 1050753070
 207 030c 8CAEA23E 	 .word 1050848908
 208 0310 D125A43E 	 .word 1050944977
 209 0314 F99DA53E 	 .word 1051041273
 210 0318 0117A73E 	 .word 1051137793
 211 031c E490A83E 	 .word 1051234532
 212 0320 A00BAA3E 	 .word 1051331488
 213 0324 3087AB3E 	 .word 1051428656
 214 0328 9003AD3E 	 .word 1051526032
 215 032c BE80AE3E 	 .word 1051623614
 216 0330 B6FEAF3E 	 .word 1051721398
 217 0334 737DB13E 	 .word 1051819379
 218 0338 F2FCB23E 	 .word 1051917554
 219 033c 307DB43E 	 .word 1052015920
 220 0340 29FEB53E 	 .word 1052114473
 221 0344 D87FB73E 	 .word 1052213208
 222 0348 3B02B93E 	 .word 1052312123
 223 034c 4D85BA3E 	 .word 1052411213
 224 0350 0B09BC3E 	 .word 1052510475
 225 0354 718DBD3E 	 .word 1052609905
 226 0358 7B12BF3E 	 .word 1052709499
 227 035c 2698C03E 	 .word 1052809254
 228 0360 6D1EC23E 	 .word 1052909165
 229 0364 4DA5C33E 	 .word 1053009229
 230 0368 C32CC53E 	 .word 1053109443
 231 036c CAB4C63E 	 .word 1053209802
 232 0370 5F3DC83E 	 .word 1053310303
 233 0374 7DC6C93E 	 .word 1053410941
 234 0378 2250CB3E 	 .word 1053511714
 235 037c 49DACC3E 	 .word 1053612617
 236 0380 EE64CE3E 	 .word 1053713646
 237 0384 0EF0CF3E 	 .word 1053814798
 238 0388 A57BD13E 	 .word 1053916069
 239 038c AF07D33E 	 .word 1054017455
 240 0390 2894D43E 	 .word 1054118952
 241 0394 0C21D63E 	 .word 1054220556
 242 0398 58AED73E 	 .word 1054322264
 243 039c 073CD93E 	 .word 1054424071
 244 03a0 17CADA3E 	 .word 1054525975
 245 03a4 8258DC3E 	 .word 1054627970
 246 03a8 46E7DD3E 	 .word 1054730054
 247 03ac 5D76DF3E 	 .word 1054832221
 248 03b0 C605E13E 	 .word 1054934470
 249 03b4 7A95E23E 	 .word 1055036794
 250 03b8 7825E43E 	 .word 1055139192
 251 03bc BAB5E53E 	 .word 1055241658
 252 03c0 3E46E73E 	 .word 1055344190
 253 03c4 FED6E83E 	 .word 1055446782
 254 03c8 F867EA3E 	 .word 1055549432
 255 03cc 27F9EB3E 	 .word 1055652135
 256 03d0 888AED3E 	 .word 1055754888
 257 03d4 161CEF3E 	 .word 1055857686
 258 03d8 CEADF03E 	 .word 1055960526
 259 03dc AC3FF23E 	 .word 1056063404
 260 03e0 ACD1F33E 	 .word 1056166316
 261 03e4 CA63F53E 	 .word 1056269258
 262 03e8 02F6F63E 	 .word 1056372226
 263 03ec 5188F83E 	 .word 1056475217
 264 03f0 B21AFA3E 	 .word 1056578226
 265 03f4 22ADFB3E 	 .word 1056681250
 266 03f8 9C3FFD3E 	 .word 1056784284
 267 03fc 1DD2FE3E 	 .word 1056887325
 268 0400 5132003F 	 .word 1056977489
 269 0404 92FB003F 	 .word 1057029010
 270 0408 D1C4013F 	 .word 1057080529
 271 040c 0C8E023F 	 .word 1057132044
 272 0410 4057033F 	 .word 1057183552
 273 0414 6D20043F 	 .word 1057235053
 274 0418 8EE9043F 	 .word 1057286542
 275 041c A4B2053F 	 .word 1057338020
 276 0420 AC7B063F 	 .word 1057389484
 277 0424 A444073F 	 .word 1057440932
 278 0428 890D083F 	 .word 1057492361
 279 042c 5BD6083F 	 .word 1057543771
 280 0430 179F093F 	 .word 1057595159
 281 0434 BB670A3F 	 .word 1057646523
 282 0438 46300B3F 	 .word 1057697862
 283 043c B5F80B3F 	 .word 1057749173
 284 0440 06C10C3F 	 .word 1057800454
 285 0444 38890D3F 	 .word 1057851704
 286 0448 48510E3F 	 .word 1057902920
 287 044c 35190F3F 	 .word 1057954101
 288 0450 FCE00F3F 	 .word 1058005244
 289 0454 9CA8103F 	 .word 1058056348
 290 0458 1370113F 	 .word 1058107411
 291 045c 5F37123F 	 .word 1058158431
 292 0460 7EFE123F 	 .word 1058209406
 293 0464 6EC5133F 	 .word 1058260334
 294 0468 2D8C143F 	 .word 1058311213
 295 046c BA52153F 	 .word 1058362042
 296 0470 1119163F 	 .word 1058412817
 297 0474 32DF163F 	 .word 1058463538
 298 0478 1AA5173F 	 .word 1058514202
 299 047c C86A183F 	 .word 1058564808
 300 0480 3A30193F 	 .word 1058615354
 301 0484 6DF5193F 	 .word 1058665837
 302 0488 60BA1A3F 	 .word 1058716256
 303 048c 117F1B3F 	 .word 1058766609
 304 0490 7E431C3F 	 .word 1058816894
 305 0494 A6071D3F 	 .word 1058867110
 306 0498 85CB1D3F 	 .word 1058917253
 307 049c 1B8F1E3F 	 .word 1058967323
 308 04a0 65521F3F 	 .word 1059017317
 309 04a4 6215203F 	 .word 1059067234
 310 04a8 0FD8203F 	 .word 1059117071
 311 04ac 6C9A213F 	 .word 1059166828
 312 04b0 755C223F 	 .word 1059216501
 313 04b4 291E233F 	 .word 1059266089
 314 04b8 86DF233F 	 .word 1059315590
 315 04bc 8BA0243F 	 .word 1059365003
 316 04c0 3561253F 	 .word 1059414325
 317 04c4 8321263F 	 .word 1059463555
 318 04c8 73E1263F 	 .word 1059512691
 319 04cc 02A1273F 	 .word 1059561730
 320 04d0 2F60283F 	 .word 1059610671
 321 04d4 F91E293F 	 .word 1059659513
 322 04d8 5DDD293F 	 .word 1059708253
 323 04dc 599B2A3F 	 .word 1059756889
 324 04e0 EC582B3F 	 .word 1059805420
 325 04e4 14162C3F 	 .word 1059853844
 326 04e8 CFD22C3F 	 .word 1059902159
 327 04ec 1B8F2D3F 	 .word 1059950363
 328 04f0 F74A2E3F 	 .word 1059998455
 329 04f4 60062F3F 	 .word 1060046432
 330 04f8 55C12F3F 	 .word 1060094293
 331 04fc D47B303F 	 .word 1060142036
 332 0500 DA35313F 	 .word 1060189658
 333 0504 68EF313F 	 .word 1060237160
 334 0508 79A8323F 	 .word 1060284537
 335 050c 0E61333F 	 .word 1060331790
 336 0510 2319343F 	 .word 1060378915
 337 0514 B8D0343F 	 .word 1060425912
 338 0518 CA87353F 	 .word 1060472778
 339 051c 583E363F 	 .word 1060519512
 340 0520 60F4363F 	 .word 1060566112
 341 0524 E0A9373F 	 .word 1060612576
 342 0528 D65E383F 	 .word 1060658902
 343 052c 4113393F 	 .word 1060705089
 344 0530 1FC7393F 	 .word 1060751135
 345 0534 6D7A3A3F 	 .word 1060797037
 346 0538 2C2D3B3F 	 .word 1060842796
 347 053c 58DF3B3F 	 .word 1060888408
 348 0540 F0903C3F 	 .word 1060933872
 349 0544 F2413D3F 	 .word 1060979186
 350 0548 5DF23D3F 	 .word 1061024349
 351 054c 2FA23E3F 	 .word 1061069359
 352 0550 66513F3F 	 .word 1061114214
 353 0554 0000403F 	 .word 1061158912
 354 0558 FCAD403F 	 .word 1061203452
 355 055c 585B413F 	 .word 1061247832
 356 0560 1308423F 	 .word 1061292051
 357 0564 2AB4423F 	 .word 1061336106
 358 0568 9D5F433F 	 .word 1061379997
 359 056c 690A443F 	 .word 1061423721
 360 0570 8CB4443F 	 .word 1061467276
 361 0574 065E453F 	 .word 1061510662
 362 0578 D506463F 	 .word 1061553877
 363 057c F6AE463F 	 .word 1061596918
 364 0580 6856473F 	 .word 1061639784
 365 0584 2BFD473F 	 .word 1061682475
 366 0588 3BA3483F 	 .word 1061724987
 367 058c 9748493F 	 .word 1061767319
 368 0590 3FED493F 	 .word 1061809471
 369 0594 2F914A3F 	 .word 1061851439
 370 0598 68344B3F 	 .word 1061893224
 371 059c E6D64B3F 	 .word 1061934822
 372 05a0 A9784C3F 	 .word 1061976233
 373 05a4 AF194D3F 	 .word 1062017455
 374 05a8 F6B94D3F 	 .word 1062058486
 375 05ac 7D594E3F 	 .word 1062099325
 376 05b0 43F84E3F 	 .word 1062139971
 377 05b4 45964F3F 	 .word 1062180421
 378 05b8 8233503F 	 .word 1062220674
 379 05bc F9CF503F 	 .word 1062260729
 380 05c0 A86B513F 	 .word 1062300584
 381 05c4 8F06523F 	 .word 1062340239
 382 05c8 AAA0523F 	 .word 1062379690
 383 05cc F939533F 	 .word 1062418937
 384 05d0 7AD2533F 	 .word 1062457978
 385 05d4 2C6A543F 	 .word 1062496812
 386 05d8 0D01553F 	 .word 1062535437
 387 05dc 1C97553F 	 .word 1062573852
 388 05e0 582C563F 	 .word 1062612056
 389 05e4 BFC0563F 	 .word 1062650047
 390 05e8 4F54573F 	 .word 1062687823
 391 05ec 07E7573F 	 .word 1062725383
 392 05f0 E678583F 	 .word 1062762726
 393 05f4 EA09593F 	 .word 1062799850
 394 05f8 129A593F 	 .word 1062836754
 395 05fc 5C295A3F 	 .word 1062873436
 396 0600 C8B75A3F 	 .word 1062909896
 397 0604 53455B3F 	 .word 1062946131
 398 0608 FDD15B3F 	 .word 1062982141
 399 060c C35D5C3F 	 .word 1063017923
 400 0610 A6E85C3F 	 .word 1063053478
 401 0614 A2725D3F 	 .word 1063088802
 402 0618 B8FB5D3F 	 .word 1063123896
 403 061c E5835E3F 	 .word 1063158757
 404 0620 290B5F3F 	 .word 1063193385
 405 0624 81915F3F 	 .word 1063227777
 406 0628 EE16603F 	 .word 1063261934
 407 062c 6C9B603F 	 .word 1063295852
 408 0630 FC1E613F 	 .word 1063329532
 409 0634 9CA1613F 	 .word 1063362972
 410 0638 4B23623F 	 .word 1063396171
 411 063c 07A4623F 	 .word 1063429127
 412 0640 CF23633F 	 .word 1063461839
 413 0644 A2A2633F 	 .word 1063494306
 414 0648 7E20643F 	 .word 1063526526
 415 064c 639D643F 	 .word 1063558499
 416 0650 5019653F 	 .word 1063590224
 417 0654 4294653F 	 .word 1063621698
 418 0658 390E663F 	 .word 1063652921
 419 065c 3487663F 	 .word 1063683892
 420 0660 32FF663F 	 .word 1063714610
 421 0664 3176673F 	 .word 1063745073
 422 0668 30EC673F 	 .word 1063775280
 423 066c 2E61683F 	 .word 1063805230
 424 0670 2AD5683F 	 .word 1063834922
 425 0674 2348693F 	 .word 1063864355
 426 0678 17BA693F 	 .word 1063893527
 427 067c 072B6A3F 	 .word 1063922439
 428 0680 EF9A6A3F 	 .word 1063951087
 429 0684 D1096B3F 	 .word 1063979473
 430 0688 A9776B3F 	 .word 1064007593
 431 068c 78E46B3F 	 .word 1064035448
 432 0690 3D506C3F 	 .word 1064063037
 433 0694 F5BA6C3F 	 .word 1064090357
 434 0698 A1246D3F 	 .word 1064117409
 435 069c 3E8D6D3F 	 .word 1064144190
 436 06a0 CDF46D3F 	 .word 1064170701
 437 06a4 4C5B6E3F 	 .word 1064196940
 438 06a8 BBC06E3F 	 .word 1064222907
 439 06ac 17256F3F 	 .word 1064248599
 440 06b0 61886F3F 	 .word 1064274017
 441 06b4 97EA6F3F 	 .word 1064299159
 442 06b8 B84B703F 	 .word 1064324024
 443 06bc C4AB703F 	 .word 1064348612
 444 06c0 B90A713F 	 .word 1064372921
 445 06c4 9768713F 	 .word 1064396951
 446 06c8 5CC5713F 	 .word 1064420700
 447 06cc 0821723F 	 .word 1064444168
 448 06d0 9A7B723F 	 .word 1064467354
 449 06d4 11D5723F 	 .word 1064490257
 450 06d8 6C2D733F 	 .word 1064512876
 451 06dc AA84733F 	 .word 1064535210
 452 06e0 CBDA733F 	 .word 1064557259
 453 06e4 CD2F743F 	 .word 1064579021
 454 06e8 B083743F 	 .word 1064600496
 455 06ec 73D6743F 	 .word 1064621683
 456 06f0 1528753F 	 .word 1064642581
 457 06f4 9578753F 	 .word 1064663189
 458 06f8 F4C7753F 	 .word 1064683508
 459 06fc 2E16763F 	 .word 1064703534
 460 0700 4563763F 	 .word 1064723269
 461 0704 38AF763F 	 .word 1064742712
 462 0708 04FA763F 	 .word 1064761860
 463 070c AB43773F 	 .word 1064780715
 464 0710 2B8C773F 	 .word 1064799275
 465 0714 83D3773F 	 .word 1064817539
 466 0718 B319783F 	 .word 1064835507
 467 071c BA5E783F 	 .word 1064853178
 468 0720 98A2783F 	 .word 1064870552
 469 0724 4BE5783F 	 .word 1064887627
 470 0728 D426793F 	 .word 1064904404
 471 072c 3167793F 	 .word 1064920881
 472 0730 61A6793F 	 .word 1064937057
 473 0734 65E4793F 	 .word 1064952933
 474 0738 3C217A3F 	 .word 1064968508
 475 073c E55C7A3F 	 .word 1064983781
 476 0740 5F977A3F 	 .word 1064998751
 477 0744 AAD07A3F 	 .word 1065013418
 478 0748 C6087B3F 	 .word 1065027782
 479 074c B13F7B3F 	 .word 1065041841
 480 0750 6C757B3F 	 .word 1065055596
 481 0754 F6A97B3F 	 .word 1065069046
 482 0758 4DDD7B3F 	 .word 1065082189
 483 075c 730F7C3F 	 .word 1065095027
 484 0760 66407C3F 	 .word 1065107558
 485 0764 25707C3F 	 .word 1065119781
 486 0768 B19E7C3F 	 .word 1065131697
 487 076c 09CC7C3F 	 .word 1065143305
 488 0770 2DF87C3F 	 .word 1065154605
 489 0774 1B237D3F 	 .word 1065165595
 490 0778 D44C7D3F 	 .word 1065176276
 491 077c 58757D3F 	 .word 1065186648
 492 0780 A59C7D3F 	 .word 1065196709
 493 0784 BBC27D3F 	 .word 1065206459
 494 0788 9BE77D3F 	 .word 1065215899
 495 078c 440B7E3F 	 .word 1065225028
 496 0790 B42D7E3F 	 .word 1065233844
 497 0794 ED4E7E3F 	 .word 1065242349
 498 0798 EE6E7E3F 	 .word 1065250542
 499 079c B68D7E3F 	 .word 1065258422
 500 07a0 45AB7E3F 	 .word 1065265989
 501 07a4 9BC77E3F 	 .word 1065273243
 502 07a8 B8E27E3F 	 .word 1065280184
 503 07ac 9BFC7E3F 	 .word 1065286811
 504 07b0 44157F3F 	 .word 1065293124
 505 07b4 B32C7F3F 	 .word 1065299123
 506 07b8 E7427F3F 	 .word 1065304807
 507 07bc E1577F3F 	 .word 1065310177
 508 07c0 A06B7F3F 	 .word 1065315232
 509 07c4 247E7F3F 	 .word 1065319972
 510 07c8 6C8F7F3F 	 .word 1065324396
 511 07cc 7A9F7F3F 	 .word 1065328506
 512 07d0 4CAE7F3F 	 .word 1065332300
 513 07d4 E2BB7F3F 	 .word 1065335778
 514 07d8 3CC87F3F 	 .word 1065338940
 515 07dc 5BD37F3F 	 .word 1065341787
 516 07e0 3EDD7F3F 	 .word 1065344318
 517 07e4 E4E57F3F 	 .word 1065346532
 518 07e8 4EED7F3F 	 .word 1065348430
 519 07ec 7CF37F3F 	 .word 1065350012
 520 07f0 6EF87F3F 	 .word 1065351278
 521 07f4 23FC7F3F 	 .word 1065352227
 522 07f8 9CFE7F3F 	 .word 1065352860
 523 07fc D8FF7F3F 	 .word 1065353176
 524              	.section .text,"ax",@progbits
 525              	.Letext0:
 526              	 .file 1 "../Libraries/Infra/Platform/Compilers/Platform_Types.h"
 527              	 .file 2 "../Libraries/Service/Tricore/Math/Ifx_WndF32.h"
 528              	 .file 3 "../Libraries/Service/Tricore/Math/Ifx_WndF32_HannTable.c"
DEFINED SYMBOLS
                            *ABS*:00000000 Ifx_WndF32_HannTable.c
                            *ABS*:00000000 Ifx_WndF32_HannTable.c
    {standard input}:11     .rodata.Ifx_g_WndF32_hannTable:00000000 Ifx_g_WndF32_hannTable

NO UNDEFINED SYMBOLS
