   1              	
   2              	 .file "Ifx_LutLSincosF32.c"
   3              	 .file "Ifx_LutLSincosF32.c"
   4              	.section .text,"ax",@progbits
   5              	.Ltext0:
   6              	 .global Ifx_g_LutLSincosF32
   7              	 .section .rodata.Ifx_g_LutLSincosF32,"a"
   8              	 .align 2
  11              	Ifx_g_LutLSincosF32:
  12 0000 8000     	 .short 128
  13 0002 05       	 .byte 5
  14 0003 00       	 .zero 1
  15 0004 00000000 	 .word Ifx_g_LutLSincosF32_table
  16              	 .global Ifx_g_LutLSincosF32_table
  17              	 .section .rodata.Ifx_g_LutLSincosF32_table,"a"
  18              	 .align 2
  21              	Ifx_g_LutLSincosF32_table:
  22 0000 30FBC83A 	 .word 986250032
  23 0004 00000000 	 .word 0
  24 0008 3C7FC83A 	 .word 986218300
  25 000c 9DE6F738 	 .word 955770525
  26 0010 A287C73A 	 .word 986154914
  27 0014 E9C91A3A 	 .word 974834153
  28 0018 FA14C63A 	 .word 986060026
  29 001c 1464D83A 	 .word 987259924
  30 0020 2828C43A 	 .word 985933864
  31 0024 8366673B 	 .word 996632195
  32 0028 5CC2C13A 	 .word 985776732
  33 002c 0E9BD33B 	 .word 1003723534
  34 0030 12E5BE3A 	 .word 985589010
  35 0034 868C2E3C 	 .word 1009683590
  36 0038 0C92BB3A 	 .word 985371148
  37 003c 8FD0853C 	 .word 1015402639
  38 0040 59CBB73A 	 .word 985123673
  39 0044 C73BC23C 	 .word 1019362247
  40 0048 4C93B33A 	 .word 984847180
  41 004c 5B16073D 	 .word 1023874651
  42 0050 7FECAE3A 	 .word 984542335
  43 0054 5C9A353D 	 .word 1026923100
  44 0058 D0D9A93A 	 .word 984209872
  45 005c DA676D3D 	 .word 1030580186
  46 0060 625EA43A 	 .word 983850594
  47 0064 8598973D 	 .word 1033345157
  48 0068 947D9E3A 	 .word 983465364
  49 006c BDCDBD3D 	 .word 1035849149
  50 0070 083B983A 	 .word 983055112
  51 0074 939FE93D 	 .word 1038720915
  52 0078 999A913A 	 .word 982620825
  53 007c 69A90D3E 	 .word 1041082729
  54 0080 5EA08A3A 	 .word 982163550
  55 0084 5592293E 	 .word 1042911829
  56 0088 A450833A 	 .word 981684388
  57 008c 2AA5483E 	 .word 1044948266
  58 0090 DD5F773A 	 .word 980901853
  59 0094 5CF86A3E 	 .word 1047197788
  60 0098 E185673A 	 .word 979863009
  61 009c 094F883E 	 .word 1049120521
  62 00a0 1C1D573A 	 .word 978787612
  63 00a4 00D29C3E 	 .word 1050464768
  64 00a8 AC2F463A 	 .word 977678252
  65 00ac A209B33E 	 .word 1051920802
  66 00b0 03C8343A 	 .word 976537603
  67 00b4 2BF8CA3E 	 .word 1053489195
  68 00b8 DBF0223A 	 .word 975368411
  69 00bc 759DE43E 	 .word 1055169909
  70 00c0 36B5103A 	 .word 974173494
  71 00c4 ECF6FF3E 	 .word 1056962284
  72 00c8 A440FC39 	 .word 972832932
  73 00cc C87F0E3F 	 .word 1057914824
  74 00d0 4A7BD639 	 .word 970357578
  75 00d4 F5D71D3F 	 .word 1058920437
  76 00d8 A931B039 	 .word 967848361
  77 00dc 05FF2D3F 	 .word 1059979013
  78 00e0 5E7B8939 	 .word 965311326
  79 00e4 C5EE3E3F 	 .word 1061088965
  80 00e8 93E04439 	 .word 960815251
  81 00ec CB9F503F 	 .word 1062248395
  82 00f0 FDA1EC38 	 .word 955032061
  83 00f4 7109633F 	 .word 1063455089
  84 00f8 C8E11D38 	 .word 941482440
  85 00fc E321763F 	 .word 1064706531
  86 0100 C8E11DB8 	 .word -1206001208
  87 0104 0EEF843F 	 .word 1065676558
  88 0108 FDA1ECB8 	 .word -1192451587
  89 010c F8188F3F 	 .word 1066342648
  90 0110 93E044B9 	 .word -1186668397
  91 0114 0A88993F 	 .word 1067026442
  92 0118 5E7B89B9 	 .word -1182172322
  93 011c 1235A43F 	 .word 1067726098
  94 0120 A931B0B9 	 .word -1179635287
  95 0124 5718AF3F 	 .word 1068439639
  96 0128 4A7BD6B9 	 .word -1177126070
  97 012c 9F29BA3F 	 .word 1069164959
  98 0130 A440FCB9 	 .word -1174650716
  99 0134 3660C53F 	 .word 1069899830
 100 0138 36B510BA 	 .word -1173310154
 101 013c F1B2D03F 	 .word 1070641905
 102 0140 DBF022BA 	 .word -1172115237
 103 0144 3818DC3F 	 .word 1071388728
 104 0148 03C834BA 	 .word -1170946045
 105 014c 0E86E73F 	 .word 1072137742
 106 0150 AC2F46BA 	 .word -1169805396
 107 0154 15F2F23F 	 .word 1072886293
 108 0158 1C1D57BA 	 .word -1168696036
 109 015c 9C51FE3F 	 .word 1073631644
 110 0160 E18567BA 	 .word -1167620639
 111 0164 D2CC0440 	 .word 1074056402
 112 0168 DD5F77BA 	 .word -1166581795
 113 016c 745F0A40 	 .word 1074421620
 114 0170 A45083BA 	 .word -1165799260
 115 0174 F7DA0F40 	 .word 1074780919
 116 0178 5EA08ABA 	 .word -1165320098
 117 017c 83391540 	 .word 1075132803
 118 0180 999A91BA 	 .word -1164862823
 119 0184 30751A40 	 .word 1075475760
 120 0188 083B98BA 	 .word -1164428536
 121 018c 04881F40 	 .word 1075808260
 122 0190 947D9EBA 	 .word -1164018284
 123 0194 026C2440 	 .word 1076128770
 124 0198 625EA4BA 	 .word -1163633054
 125 019c 261B2940 	 .word 1076435750
 126 01a0 D0D9A9BA 	 .word -1163273776
 127 01a4 708F2D40 	 .word 1076727664
 128 01a8 7FECAEBA 	 .word -1162941313
 129 01ac E8C23140 	 .word 1077002984
 130 01b0 4C93B3BA 	 .word -1162636468
 131 01b4 A5AF3540 	 .word 1077260197
 132 01b8 59CBB7BA 	 .word -1162359975
 133 01bc D04F3940 	 .word 1077497808
 134 01c0 0C92BBBA 	 .word -1162112500
 135 01c4 AD9D3C40 	 .word 1077714349
 136 01c8 12E5BEBA 	 .word -1161894638
 137 01cc 9E933F40 	 .word 1077908382
 138 01d0 5CC2C1BA 	 .word -1161706916
 139 01d4 2A2C4240 	 .word 1078078506
 140 01d8 2828C4BA 	 .word -1161549784
 141 01dc 01624440 	 .word 1078223361
 142 01e0 FA14C6BA 	 .word -1161423622
 143 01e4 06304640 	 .word 1078341638
 144 01e8 A287C7BA 	 .word -1161328734
 145 01ec 4F914740 	 .word 1078432079
 146 01f0 3C7FC8BA 	 .word -1161265348
 147 01f4 2C814840 	 .word 1078493484
 148 01f8 30FBC8BA 	 .word -1161233616
 149 01fc 30FB4840 	 .word 1078524720
 150 0200 30FBC8BA 	 .word -1161233616
 151 0204 30FB4840 	 .word 1078524720
 152 0208 3C7FC8BA 	 .word -1161265348
 153 020c 4C7D4840 	 .word 1078492492
 154 0210 A287C7BA 	 .word -1161328734
 155 0214 F57D4740 	 .word 1078427125
 156 0218 FA14C6BA 	 .word -1161423622
 157 021c EDF94540 	 .word 1078327789
 158 0220 2828C4BA 	 .word -1161549784
 159 0224 4EEE4340 	 .word 1078193742
 160 0228 5CC2C1BA 	 .word -1161706916
 161 022c 8F584140 	 .word 1078024335
 162 0230 12E5BEBA 	 .word -1161894638
 163 0234 85363E40 	 .word 1077819013
 164 0238 0C92BBBA 	 .word -1162112500
 165 023c 6B863A40 	 .word 1077577323
 166 0240 59CBB7BA 	 .word -1162359975
 167 0244 E1463640 	 .word 1077298913
 168 0248 4C93B3BA 	 .word -1162636468
 169 024c F2763140 	 .word 1076983538
 170 0250 7FECAEBA 	 .word -1162941313
 171 0254 15162C40 	 .word 1076631061
 172 0258 D0D9A9BA 	 .word -1163273776
 173 025c 31242640 	 .word 1076241457
 174 0260 625EA4BA 	 .word -1163633054
 175 0264 9DA11F40 	 .word 1075814813
 176 0268 947D9EBA 	 .word -1164018284
 177 026c 268F1840 	 .word 1075351334
 178 0270 083B98BA 	 .word -1164428536
 179 0274 0BEE1040 	 .word 1074851339
 180 0278 999A91BA 	 .word -1164862823
 181 027c 02C00840 	 .word 1074315266
 182 0280 5EA08ABA 	 .word -1165320098
 183 0284 39070040 	 .word 1073743673
 184 0288 A45083BA 	 .word -1165799260
 185 028c A38CED3F 	 .word 1072532643
 186 0290 DD5F77BA 	 .word -1166581795
 187 0294 D100DA3F 	 .word 1071251665
 188 0298 E18567BA 	 .word -1167620639
 189 029c 1F72C53F 	 .word 1069904415
 190 02a0 1C1D57BA 	 .word -1168696036
 191 02a4 9CE8AF3F 	 .word 1068492956
 192 02a8 AC2F46BA 	 .word -1169805396
 193 02ac 446D993F 	 .word 1067019588
 194 02b0 03C834BA 	 .word -1170946045
 195 02b4 F809823F 	 .word 1065486840
 196 02b8 DBF022BA 	 .word -1172115237
 197 02bc FC92533F 	 .word 1062441724
 198 02c0 36B510BA 	 .word -1173310154
 199 02c4 F56E213F 	 .word 1059155701
 200 02c8 A440FCB9 	 .word -1174650716
 201 02cc B781DB3E 	 .word 1054572983
 202 02d0 4A7BD6B9 	 .word -1177126070
 203 02d4 538D623E 	 .word 1046646099
 204 02d8 A931B0B9 	 .word -1179635287
 205 02dc 09A90C3C 	 .word 1007462665
 206 02e0 5E7B89B9 	 .word -1182172322
 207 02e4 9DCD55BE 	 .word -1101673059
 208 02e8 93E044B9 	 .word -1186668397
 209 02ec 025FDCBE 	 .word -1092854014
 210 02f0 FDA1ECB8 	 .word -1192451587
 211 02f4 F2E027BF 	 .word -1087905550
 212 02f8 C8E11DB8 	 .word -1206001208
 213 02fc AA6562BF 	 .word -1084070486
 214 0300 C8E11D38 	 .word 941482440
 215 0304 2BCD8EBF 	 .word -1081160405
 216 0308 FDA1EC38 	 .word 955032061
 217 030c 38ADACBF 	 .word -1079202504
 218 0310 93E04439 	 .word 960815251
 219 0314 2FC0CABF 	 .word -1077231569
 220 0318 5E7B8939 	 .word 965311326
 221 031c C1F2E8BF 	 .word -1075252543
 222 0320 A931B039 	 .word 967848361
 223 0324 969803C0 	 .word -1073506154
 224 0328 4A7BD639 	 .word 970357578
 225 032c A2B312C0 	 .word -1072516190
 226 0330 A440FC39 	 .word 972832932
 227 0334 44C021C0 	 .word -1071529916
 228 0338 36B5103A 	 .word 974173494
 229 033c 13B430C0 	 .word -1070549997
 230 0340 DBF0223A 	 .word 975368411
 231 0344 8A843FC0 	 .word -1069579126
 232 0348 03C8343A 	 .word 976537603
 233 034c 08274EC0 	 .word -1068620024
 234 0350 AC2F463A 	 .word 977678252
 235 0354 E1905CC0 	 .word -1067675423
 236 0358 1C1D573A 	 .word 978787612
 237 035c 5CB76AC0 	 .word -1066748068
 238 0360 E185673A 	 .word 979863009
 239 0364 C28F78C0 	 .word -1065840702
 240 0368 DD5F773A 	 .word 980901853
 241 036c B10783C0 	 .word -1065154639
 242 0370 A450833A 	 .word 981684388
 243 0374 CE9589C0 	 .word -1064725042
 244 0378 5EA08A3A 	 .word 982163550
 245 037c F1EC8FC0 	 .word -1064309519
 246 0380 999A913A 	 .word 982620825
 247 0384 E40796C0 	 .word -1063909404
 248 0388 083B983A 	 .word 983055112
 249 038c 86E19BC0 	 .word -1063526010
 250 0390 947D9E3A 	 .word 983465364
 251 0394 CB74A1C0 	 .word -1063160629
 252 0398 625EA43A 	 .word 983850594
 253 039c C4BCA6C0 	 .word -1062814524
 254 03a0 D0D9A93A 	 .word 984209872
 255 03a4 A0B4ABC0 	 .word -1062488928
 256 03a8 7FECAE3A 	 .word 984542335
 257 03ac B357B0C0 	 .word -1062185037
 258 03b0 4C93B33A 	 .word 984847180
 259 03b4 78A1B4C0 	 .word -1061904008
 260 03b8 59CBB73A 	 .word 985123673
 261 03bc 958DB8C0 	 .word -1061646955
 262 03c0 0C92BB3A 	 .word 985371148
 263 03c4 DD17BCC0 	 .word -1061414947
 264 03c8 12E5BE3A 	 .word 985589010
 265 03cc 583CBFC0 	 .word -1061209000
 266 03d0 5CC2C13A 	 .word 985776732
 267 03d4 43F7C1C0 	 .word -1061030077
 268 03d8 2828C43A 	 .word 985933864
 269 03dc 1545C4C0 	 .word -1060879083
 270 03e0 FA14C63A 	 .word 986060026
 271 03e4 8022C6C0 	 .word -1060756864
 272 03e8 A287C73A 	 .word 986154914
 273 03ec 788CC7C0 	 .word -1060664200
 274 03f0 3C7FC83A 	 .word 986218300
 275 03f4 3480C8C0 	 .word -1060601804
 276 03f8 30FBC83A 	 .word 986250032
 277 03fc 30FBC8C0 	 .word -1060570320
 278              	.section .text,"ax",@progbits
 279              	.Letext0:
 280              	 .file 1 "../Libraries/Infra/Platform/Compilers/Platform_Types.h"
 281              	 .file 2 "../Libraries/Service/Tricore/Math/Ifx_LutIndexedLinearF32.h"
 282              	 .file 3 "../Libraries/Service/Tricore/Math/Ifx_LutLSincosF32.c"
DEFINED SYMBOLS
                            *ABS*:00000000 Ifx_LutLSincosF32.c
                            *ABS*:00000000 Ifx_LutLSincosF32.c
    {standard input}:11     .rodata.Ifx_g_LutLSincosF32:00000000 Ifx_g_LutLSincosF32
    {standard input}:21     .rodata.Ifx_g_LutLSincosF32_table:00000000 Ifx_g_LutLSincosF32_table

NO UNDEFINED SYMBOLS
