   1              	
   2              	 .file "IfxPcieLib_Cap.c"
   3              	 .file "IfxPcieLib_Cap.c"
   4              	.section .text,"ax",@progbits
   5              	.Ltext0:
   6              	 .section .text.IfxPcieLib_Cap_probeCapabilities,"ax",@progbits
   7              	 .align 1
   8              	 .global IfxPcieLib_Cap_probeCapabilities
  10              	IfxPcieLib_Cap_probeCapabilities:
  11              	.LFB350:
  12              	 .file 1 "../Libraries/iLLD/TC4xx/CpuGeneric/Pcie/Lib/Cap/IfxPcieLib_Cap.c"
   1:../Libraries/iLLD/TC4xx/CpuGeneric/Pcie/Lib/Cap/IfxPcieLib_Cap.c **** /**
   2:../Libraries/iLLD/TC4xx/CpuGeneric/Pcie/Lib/Cap/IfxPcieLib_Cap.c ****  * \file IfxPcieLib_Cap.c
   3:../Libraries/iLLD/TC4xx/CpuGeneric/Pcie/Lib/Cap/IfxPcieLib_Cap.c ****  * \brief PCIE CAP details
   4:../Libraries/iLLD/TC4xx/CpuGeneric/Pcie/Lib/Cap/IfxPcieLib_Cap.c ****  *
   5:../Libraries/iLLD/TC4xx/CpuGeneric/Pcie/Lib/Cap/IfxPcieLib_Cap.c ****  * \version iLLD-TC4-v2.7.0
   6:../Libraries/iLLD/TC4xx/CpuGeneric/Pcie/Lib/Cap/IfxPcieLib_Cap.c ****  * \copyright Copyright (c) 2026 Infineon Technologies AG. All rights reserved.
   7:../Libraries/iLLD/TC4xx/CpuGeneric/Pcie/Lib/Cap/IfxPcieLib_Cap.c ****  *
   8:../Libraries/iLLD/TC4xx/CpuGeneric/Pcie/Lib/Cap/IfxPcieLib_Cap.c ****  *
   9:../Libraries/iLLD/TC4xx/CpuGeneric/Pcie/Lib/Cap/IfxPcieLib_Cap.c ****  *
  10:../Libraries/iLLD/TC4xx/CpuGeneric/Pcie/Lib/Cap/IfxPcieLib_Cap.c ****  *                                 IMPORTANT NOTICE
  11:../Libraries/iLLD/TC4xx/CpuGeneric/Pcie/Lib/Cap/IfxPcieLib_Cap.c ****  *
  12:../Libraries/iLLD/TC4xx/CpuGeneric/Pcie/Lib/Cap/IfxPcieLib_Cap.c ****  * Infineon Technologies AG (Infineon) licenses this file to you under the
  13:../Libraries/iLLD/TC4xx/CpuGeneric/Pcie/Lib/Cap/IfxPcieLib_Cap.c ****  * Infineon Automotive SW Lab License v2025-01 (IFASLL). You may not use
  14:../Libraries/iLLD/TC4xx/CpuGeneric/Pcie/Lib/Cap/IfxPcieLib_Cap.c ****  * this file except in compliance with IFASLL.
  15:../Libraries/iLLD/TC4xx/CpuGeneric/Pcie/Lib/Cap/IfxPcieLib_Cap.c ****  *
  16:../Libraries/iLLD/TC4xx/CpuGeneric/Pcie/Lib/Cap/IfxPcieLib_Cap.c ****  * The full license text is contained in IFASLL202501.pdf delivered with this SW.
  17:../Libraries/iLLD/TC4xx/CpuGeneric/Pcie/Lib/Cap/IfxPcieLib_Cap.c ****  * Unless required by applicable law or agreed to in writing, software distributed
  18:../Libraries/iLLD/TC4xx/CpuGeneric/Pcie/Lib/Cap/IfxPcieLib_Cap.c ****  * under this license is distributed "AS IS" without any warranty or liability of any
  19:../Libraries/iLLD/TC4xx/CpuGeneric/Pcie/Lib/Cap/IfxPcieLib_Cap.c ****  * kind and Infineon hereby expressly disclaims any warranties or representations,
  20:../Libraries/iLLD/TC4xx/CpuGeneric/Pcie/Lib/Cap/IfxPcieLib_Cap.c ****  * whether express, implied, statutory or otherwise, including but not limited to
  21:../Libraries/iLLD/TC4xx/CpuGeneric/Pcie/Lib/Cap/IfxPcieLib_Cap.c ****  * warranties of workmanship, merchantability, fitness for a particular purpose,
  22:../Libraries/iLLD/TC4xx/CpuGeneric/Pcie/Lib/Cap/IfxPcieLib_Cap.c ****  * defects in the licensed items, or non-infringement of third parties'
  23:../Libraries/iLLD/TC4xx/CpuGeneric/Pcie/Lib/Cap/IfxPcieLib_Cap.c ****  * intellectual property rights. See the full license text for the specific
  24:../Libraries/iLLD/TC4xx/CpuGeneric/Pcie/Lib/Cap/IfxPcieLib_Cap.c ****  * language governing permissions and limitations under IFASLL.
  25:../Libraries/iLLD/TC4xx/CpuGeneric/Pcie/Lib/Cap/IfxPcieLib_Cap.c ****  *
  26:../Libraries/iLLD/TC4xx/CpuGeneric/Pcie/Lib/Cap/IfxPcieLib_Cap.c ****  *
  27:../Libraries/iLLD/TC4xx/CpuGeneric/Pcie/Lib/Cap/IfxPcieLib_Cap.c ****  *
  28:../Libraries/iLLD/TC4xx/CpuGeneric/Pcie/Lib/Cap/IfxPcieLib_Cap.c ****  */
  29:../Libraries/iLLD/TC4xx/CpuGeneric/Pcie/Lib/Cap/IfxPcieLib_Cap.c **** 
  30:../Libraries/iLLD/TC4xx/CpuGeneric/Pcie/Lib/Cap/IfxPcieLib_Cap.c **** /******************************************************************************/
  31:../Libraries/iLLD/TC4xx/CpuGeneric/Pcie/Lib/Cap/IfxPcieLib_Cap.c **** /*----------------------------------Includes----------------------------------*/
  32:../Libraries/iLLD/TC4xx/CpuGeneric/Pcie/Lib/Cap/IfxPcieLib_Cap.c **** /******************************************************************************/
  33:../Libraries/iLLD/TC4xx/CpuGeneric/Pcie/Lib/Cap/IfxPcieLib_Cap.c **** 
  34:../Libraries/iLLD/TC4xx/CpuGeneric/Pcie/Lib/Cap/IfxPcieLib_Cap.c **** #include "Ifx_Cfg.h"
  35:../Libraries/iLLD/TC4xx/CpuGeneric/Pcie/Lib/Cap/IfxPcieLib_Cap.c **** #if defined (__TASKING__)
  36:../Libraries/iLLD/TC4xx/CpuGeneric/Pcie/Lib/Cap/IfxPcieLib_Cap.c **** #pragma warning 508		/* To suppress empty file warning */
  37:../Libraries/iLLD/TC4xx/CpuGeneric/Pcie/Lib/Cap/IfxPcieLib_Cap.c **** #endif
  38:../Libraries/iLLD/TC4xx/CpuGeneric/Pcie/Lib/Cap/IfxPcieLib_Cap.c **** #if defined (__ghs__)
  39:../Libraries/iLLD/TC4xx/CpuGeneric/Pcie/Lib/Cap/IfxPcieLib_Cap.c **** #pragma diag_suppress 96		/* To suppress empty file warning */
  40:../Libraries/iLLD/TC4xx/CpuGeneric/Pcie/Lib/Cap/IfxPcieLib_Cap.c **** #endif
  41:../Libraries/iLLD/TC4xx/CpuGeneric/Pcie/Lib/Cap/IfxPcieLib_Cap.c **** 
  42:../Libraries/iLLD/TC4xx/CpuGeneric/Pcie/Lib/Cap/IfxPcieLib_Cap.c **** #if defined(DEVICE_TC4DX) || defined(DEVICE_TC45X)
  43:../Libraries/iLLD/TC4xx/CpuGeneric/Pcie/Lib/Cap/IfxPcieLib_Cap.c **** #include "IfxPcieLib_Cap.h"
  44:../Libraries/iLLD/TC4xx/CpuGeneric/Pcie/Lib/Cap/IfxPcieLib_Cap.c **** 
  45:../Libraries/iLLD/TC4xx/CpuGeneric/Pcie/Lib/Cap/IfxPcieLib_Cap.c **** /******************************************************************************/
  46:../Libraries/iLLD/TC4xx/CpuGeneric/Pcie/Lib/Cap/IfxPcieLib_Cap.c **** /*-------------------------Function Implementations---------------------------*/
  47:../Libraries/iLLD/TC4xx/CpuGeneric/Pcie/Lib/Cap/IfxPcieLib_Cap.c **** /******************************************************************************/
  48:../Libraries/iLLD/TC4xx/CpuGeneric/Pcie/Lib/Cap/IfxPcieLib_Cap.c **** 
  49:../Libraries/iLLD/TC4xx/CpuGeneric/Pcie/Lib/Cap/IfxPcieLib_Cap.c **** void IfxPcieLib_Cap_probeCapabilities(IfxPcieLib_Cap *cap, IfxPcieDevice_CfgHdr *configHdr)
  50:../Libraries/iLLD/TC4xx/CpuGeneric/Pcie/Lib/Cap/IfxPcieLib_Cap.c **** {
  13              	 .loc 1 50 1
  14              	.LVL0:
  15 0000 40AE     	 mov.aa %a14,%SP
  16              	.LCFI0:
  51:../Libraries/iLLD/TC4xx/CpuGeneric/Pcie/Lib/Cap/IfxPcieLib_Cap.c ****     uint8   capOffset = configHdr->type0.capPtr;
  17              	 .loc 1 51 5
  18              	 .loc 1 51 13 is_stmt 0
  19 0002 39523400 	 ld.bu %d2,[%a5]52
  20              	.LVL1:
  52:../Libraries/iLLD/TC4xx/CpuGeneric/Pcie/Lib/Cap/IfxPcieLib_Cap.c ****     uint32 *capPtr;
  21              	 .loc 1 52 5 is_stmt 1
  53:../Libraries/iLLD/TC4xx/CpuGeneric/Pcie/Lib/Cap/IfxPcieLib_Cap.c ****     uint8   capId     = 0u;
  22              	 .loc 1 53 5
  54:../Libraries/iLLD/TC4xx/CpuGeneric/Pcie/Lib/Cap/IfxPcieLib_Cap.c **** 
  55:../Libraries/iLLD/TC4xx/CpuGeneric/Pcie/Lib/Cap/IfxPcieLib_Cap.c ****     cap->msi.capPtr  = NULL_PTR;        /* Initialize all to NULL first */
  23              	 .loc 1 55 5
  24              	 .loc 1 55 22 is_stmt 0
  25 0006 8203     	 mov %d3,0
  26 0008 7443     	 st.w [%a4]0,%d3
  56:../Libraries/iLLD/TC4xx/CpuGeneric/Pcie/Lib/Cap/IfxPcieLib_Cap.c ****     cap->msix.capPtr = NULL_PTR;
  27              	 .loc 1 56 5 is_stmt 1
  28              	 .loc 1 56 22 is_stmt 0
  29 000a 59430400 	 st.w [%a4]4,%d3
  57:../Libraries/iLLD/TC4xx/CpuGeneric/Pcie/Lib/Cap/IfxPcieLib_Cap.c ****     cap->pcie.capPtr = NULL_PTR;
  30              	 .loc 1 57 5 is_stmt 1
  31              	 .loc 1 57 22 is_stmt 0
  32 000e 59431000 	 st.w [%a4]16,%d3
  58:../Libraries/iLLD/TC4xx/CpuGeneric/Pcie/Lib/Cap/IfxPcieLib_Cap.c ****     cap->pmc.capPtr  = NULL_PTR;
  33              	 .loc 1 58 5 is_stmt 1
  34              	 .loc 1 58 22 is_stmt 0
  35 0012 59431400 	 st.w [%a4]20,%d3
  59:../Libraries/iLLD/TC4xx/CpuGeneric/Pcie/Lib/Cap/IfxPcieLib_Cap.c **** 
  60:../Libraries/iLLD/TC4xx/CpuGeneric/Pcie/Lib/Cap/IfxPcieLib_Cap.c ****     /* Let's start probing for PCI compatible capabilities first */
  61:../Libraries/iLLD/TC4xx/CpuGeneric/Pcie/Lib/Cap/IfxPcieLib_Cap.c ****     while (capOffset != 0u)
  36              	 .loc 1 61 5 is_stmt 1
  37              	 .loc 1 61 11 is_stmt 0
  38 0016 1D000000 	 j .L2
  39              	.LVL2:
  40              	.L7:
  62:../Libraries/iLLD/TC4xx/CpuGeneric/Pcie/Lib/Cap/IfxPcieLib_Cap.c ****     {
  63:../Libraries/iLLD/TC4xx/CpuGeneric/Pcie/Lib/Cap/IfxPcieLib_Cap.c ****         capPtr = (uint32 *)((uint8 *)configHdr + capOffset);
  64:../Libraries/iLLD/TC4xx/CpuGeneric/Pcie/Lib/Cap/IfxPcieLib_Cap.c ****         capId  = (uint8)*capPtr;
  65:../Libraries/iLLD/TC4xx/CpuGeneric/Pcie/Lib/Cap/IfxPcieLib_Cap.c **** 
  66:../Libraries/iLLD/TC4xx/CpuGeneric/Pcie/Lib/Cap/IfxPcieLib_Cap.c ****         switch (capId)
  67:../Libraries/iLLD/TC4xx/CpuGeneric/Pcie/Lib/Cap/IfxPcieLib_Cap.c ****         {
  68:../Libraries/iLLD/TC4xx/CpuGeneric/Pcie/Lib/Cap/IfxPcieLib_Cap.c ****         case IFXPCIECAP_PCI_CAP_ID_MSI:
  69:../Libraries/iLLD/TC4xx/CpuGeneric/Pcie/Lib/Cap/IfxPcieLib_Cap.c ****             cap->msi.capPtr = (IfxPcieCap_MsiCap *)capPtr;
  41              	 .loc 1 69 13 is_stmt 1
  42              	 .loc 1 69 29 is_stmt 0
  43 001a F442     	 st.a [%a4]0,%a2
  44              	.LVL3:
  70:../Libraries/iLLD/TC4xx/CpuGeneric/Pcie/Lib/Cap/IfxPcieLib_Cap.c ****             break;
  45              	 .loc 1 70 13 is_stmt 1
  46              	.L3:
  71:../Libraries/iLLD/TC4xx/CpuGeneric/Pcie/Lib/Cap/IfxPcieLib_Cap.c ****         case IFXPCIECAP_PCI_CAP_ID_MSIX:
  72:../Libraries/iLLD/TC4xx/CpuGeneric/Pcie/Lib/Cap/IfxPcieLib_Cap.c ****             cap->msix.capPtr      = (IfxPcieCap_MsixCap *)capPtr;
  73:../Libraries/iLLD/TC4xx/CpuGeneric/Pcie/Lib/Cap/IfxPcieLib_Cap.c ****             cap->msix.tableAddr   = NULL_PTR;
  74:../Libraries/iLLD/TC4xx/CpuGeneric/Pcie/Lib/Cap/IfxPcieLib_Cap.c ****             cap->msix.usedEntries = 0u;
  75:../Libraries/iLLD/TC4xx/CpuGeneric/Pcie/Lib/Cap/IfxPcieLib_Cap.c ****             break;
  76:../Libraries/iLLD/TC4xx/CpuGeneric/Pcie/Lib/Cap/IfxPcieLib_Cap.c ****         case IFXPCIECAP_PCI_CAP_ID_PCIE:
  77:../Libraries/iLLD/TC4xx/CpuGeneric/Pcie/Lib/Cap/IfxPcieLib_Cap.c ****             cap->pcie.capPtr = (IfxPcieCap_PcieCap *)capPtr;
  78:../Libraries/iLLD/TC4xx/CpuGeneric/Pcie/Lib/Cap/IfxPcieLib_Cap.c ****             break;
  79:../Libraries/iLLD/TC4xx/CpuGeneric/Pcie/Lib/Cap/IfxPcieLib_Cap.c ****         case IFXPCIECAP_PCI_CAP_ID_PM:
  80:../Libraries/iLLD/TC4xx/CpuGeneric/Pcie/Lib/Cap/IfxPcieLib_Cap.c ****             cap->pmc.capPtr = (IfxPcieCap_PmCap *)capPtr;
  81:../Libraries/iLLD/TC4xx/CpuGeneric/Pcie/Lib/Cap/IfxPcieLib_Cap.c ****             break;
  82:../Libraries/iLLD/TC4xx/CpuGeneric/Pcie/Lib/Cap/IfxPcieLib_Cap.c ****         default:
  83:../Libraries/iLLD/TC4xx/CpuGeneric/Pcie/Lib/Cap/IfxPcieLib_Cap.c ****             break;
  84:../Libraries/iLLD/TC4xx/CpuGeneric/Pcie/Lib/Cap/IfxPcieLib_Cap.c ****         }
  85:../Libraries/iLLD/TC4xx/CpuGeneric/Pcie/Lib/Cap/IfxPcieLib_Cap.c **** 
  86:../Libraries/iLLD/TC4xx/CpuGeneric/Pcie/Lib/Cap/IfxPcieLib_Cap.c ****         capOffset = (uint8)(*capPtr >> 8u);
  47              	 .loc 1 86 9
  48              	 .loc 1 86 19 is_stmt 0
  49 001c 39220100 	 ld.bu %d2,[%a2]1
  50              	.LVL4:
  51              	.L2:
  61:../Libraries/iLLD/TC4xx/CpuGeneric/Pcie/Lib/Cap/IfxPcieLib_Cap.c ****     {
  52              	 .loc 1 61 22 is_stmt 1
  53 0020 DF020000 	 jz %d2,.L20
  63:../Libraries/iLLD/TC4xx/CpuGeneric/Pcie/Lib/Cap/IfxPcieLib_Cap.c ****         capId  = (uint8)*capPtr;
  54              	 .loc 1 63 9
  63:../Libraries/iLLD/TC4xx/CpuGeneric/Pcie/Lib/Cap/IfxPcieLib_Cap.c ****         capId  = (uint8)*capPtr;
  55              	 .loc 1 63 16 is_stmt 0
  56 0024 01520026 	 addsc.a %a2,%a5,%d2,0
  57              	.LVL5:
  64:../Libraries/iLLD/TC4xx/CpuGeneric/Pcie/Lib/Cap/IfxPcieLib_Cap.c **** 
  58              	 .loc 1 64 9 is_stmt 1
  66:../Libraries/iLLD/TC4xx/CpuGeneric/Pcie/Lib/Cap/IfxPcieLib_Cap.c ****         {
  59              	 .loc 1 66 9
  60 0028 1423     	 ld.bu %d3,[%a2]0
  61 002a C2F3     	 add %d3,-1
  62 002c 8B13A122 	 ge.u %d2,%d3,17
  63              	.LVL6:
  64 0030 DF020080 	 jnz %d2,.L3
  65 0034 91000030 	 movh.a %a3,hi:.L5
  66 0038 D9330000 	 lea %a3,[%a3]lo:.L5
  67 003c 01330236 	 addsc.a %a3,%a3,%d3,2
  68 0040 DC03     	 ji %a3
  69 0042 0000     	 .align 2
  70              	 .align 2
  71              	.L5:
  72              	 .code32
  73 0044 1D000000 	 j .L8
  74              	 .code32
  75 0048 1D000000 	 j .L3
  76              	 .code32
  77 004c 1D000000 	 j .L3
  78              	 .code32
  79 0050 1D000000 	 j .L3
  80              	 .code32
  81 0054 1D000000 	 j .L7
  82              	 .code32
  83 0058 1D000000 	 j .L3
  84              	 .code32
  85 005c 1D000000 	 j .L3
  86              	 .code32
  87 0060 1D000000 	 j .L3
  88              	 .code32
  89 0064 1D000000 	 j .L3
  90              	 .code32
  91 0068 1D000000 	 j .L3
  92              	 .code32
  93 006c 1D000000 	 j .L3
  94              	 .code32
  95 0070 1D000000 	 j .L3
  96              	 .code32
  97 0074 1D000000 	 j .L3
  98              	 .code32
  99 0078 1D000000 	 j .L3
 100              	 .code32
 101 007c 1D000000 	 j .L3
 102              	 .code32
 103 0080 1D000000 	 j .L6
 104              	 .code32
 105 0084 1D000000 	 j .L4
 106              	.L4:
  72:../Libraries/iLLD/TC4xx/CpuGeneric/Pcie/Lib/Cap/IfxPcieLib_Cap.c ****             cap->msix.tableAddr   = NULL_PTR;
 107              	 .loc 1 72 13
  72:../Libraries/iLLD/TC4xx/CpuGeneric/Pcie/Lib/Cap/IfxPcieLib_Cap.c ****             cap->msix.tableAddr   = NULL_PTR;
 108              	 .loc 1 72 35 is_stmt 0
 109 0088 B5420400 	 st.a [%a4]4,%a2
 110              	.LVL7:
  73:../Libraries/iLLD/TC4xx/CpuGeneric/Pcie/Lib/Cap/IfxPcieLib_Cap.c ****             cap->msix.usedEntries = 0u;
 111              	 .loc 1 73 13 is_stmt 1
  73:../Libraries/iLLD/TC4xx/CpuGeneric/Pcie/Lib/Cap/IfxPcieLib_Cap.c ****             cap->msix.usedEntries = 0u;
 112              	 .loc 1 73 35 is_stmt 0
 113 008c 8202     	 mov %d2,0
 114 008e 59420800 	 st.w [%a4]8,%d2
  74:../Libraries/iLLD/TC4xx/CpuGeneric/Pcie/Lib/Cap/IfxPcieLib_Cap.c ****             break;
 115              	 .loc 1 74 13 is_stmt 1
  74:../Libraries/iLLD/TC4xx/CpuGeneric/Pcie/Lib/Cap/IfxPcieLib_Cap.c ****             break;
 116              	 .loc 1 74 35 is_stmt 0
 117 0092 F9420C00 	 st.h [%a4]12,%d2
  75:../Libraries/iLLD/TC4xx/CpuGeneric/Pcie/Lib/Cap/IfxPcieLib_Cap.c ****         case IFXPCIECAP_PCI_CAP_ID_PCIE:
 118              	 .loc 1 75 13 is_stmt 1
 119 0096 1D000000 	 j .L3
 120              	.LVL8:
 121              	.L6:
  77:../Libraries/iLLD/TC4xx/CpuGeneric/Pcie/Lib/Cap/IfxPcieLib_Cap.c ****             break;
 122              	 .loc 1 77 13
  77:../Libraries/iLLD/TC4xx/CpuGeneric/Pcie/Lib/Cap/IfxPcieLib_Cap.c ****             break;
 123              	 .loc 1 77 30 is_stmt 0
 124 009a B5421000 	 st.a [%a4]16,%a2
 125              	.LVL9:
  78:../Libraries/iLLD/TC4xx/CpuGeneric/Pcie/Lib/Cap/IfxPcieLib_Cap.c ****         case IFXPCIECAP_PCI_CAP_ID_PM:
 126              	 .loc 1 78 13 is_stmt 1
 127 009e 1D000000 	 j .L3
 128              	.LVL10:
 129              	.L8:
  80:../Libraries/iLLD/TC4xx/CpuGeneric/Pcie/Lib/Cap/IfxPcieLib_Cap.c ****             break;
 130              	 .loc 1 80 13
  80:../Libraries/iLLD/TC4xx/CpuGeneric/Pcie/Lib/Cap/IfxPcieLib_Cap.c ****             break;
 131              	 .loc 1 80 29 is_stmt 0
 132 00a2 B5421400 	 st.a [%a4]20,%a2
 133              	.LVL11:
  81:../Libraries/iLLD/TC4xx/CpuGeneric/Pcie/Lib/Cap/IfxPcieLib_Cap.c ****         default:
 134              	 .loc 1 81 13 is_stmt 1
 135 00a6 1D000000 	 j .L3
 136              	.LVL12:
 137              	.L20:
  87:../Libraries/iLLD/TC4xx/CpuGeneric/Pcie/Lib/Cap/IfxPcieLib_Cap.c ****     }
  88:../Libraries/iLLD/TC4xx/CpuGeneric/Pcie/Lib/Cap/IfxPcieLib_Cap.c **** 
  89:../Libraries/iLLD/TC4xx/CpuGeneric/Pcie/Lib/Cap/IfxPcieLib_Cap.c ****     /* Now, let us start probing for the extended capabilities */
  90:../Libraries/iLLD/TC4xx/CpuGeneric/Pcie/Lib/Cap/IfxPcieLib_Cap.c **** 
  91:../Libraries/iLLD/TC4xx/CpuGeneric/Pcie/Lib/Cap/IfxPcieLib_Cap.c ****     uint32 extendedCapOffset = 0x100u;
 138              	 .loc 1 91 12 is_stmt 0
 139 00aa 3B001030 	 mov %d3,256
 140 00ae 1D000000 	 j .L10
 141              	.LVL13:
 142              	.L17:
 143              	.LBB2:
  92:../Libraries/iLLD/TC4xx/CpuGeneric/Pcie/Lib/Cap/IfxPcieLib_Cap.c ****     uint8  vsecIndex         = 0u;
  93:../Libraries/iLLD/TC4xx/CpuGeneric/Pcie/Lib/Cap/IfxPcieLib_Cap.c **** 
  94:../Libraries/iLLD/TC4xx/CpuGeneric/Pcie/Lib/Cap/IfxPcieLib_Cap.c ****     while (extendedCapOffset != 0u)
  95:../Libraries/iLLD/TC4xx/CpuGeneric/Pcie/Lib/Cap/IfxPcieLib_Cap.c ****     {
  96:../Libraries/iLLD/TC4xx/CpuGeneric/Pcie/Lib/Cap/IfxPcieLib_Cap.c ****         IfxPcieCap_ExtendedCapHeader *extendedCapPtr = (IfxPcieCap_ExtendedCapHeader *)((uint32)con
  97:../Libraries/iLLD/TC4xx/CpuGeneric/Pcie/Lib/Cap/IfxPcieLib_Cap.c **** 
  98:../Libraries/iLLD/TC4xx/CpuGeneric/Pcie/Lib/Cap/IfxPcieLib_Cap.c ****         switch (extendedCapPtr->B.capId)
  99:../Libraries/iLLD/TC4xx/CpuGeneric/Pcie/Lib/Cap/IfxPcieLib_Cap.c ****         {
 100:../Libraries/iLLD/TC4xx/CpuGeneric/Pcie/Lib/Cap/IfxPcieLib_Cap.c ****         case IFXPCIECAP_EXTENDED_CAP_ID_AER:
 101:../Libraries/iLLD/TC4xx/CpuGeneric/Pcie/Lib/Cap/IfxPcieLib_Cap.c ****             cap->extendedCap.aer.capPtr = (IfxPcieCap_AerCap *)extendedCapPtr;
 144              	 .loc 1 101 13 is_stmt 1
 145              	 .loc 1 101 41 is_stmt 0
 146 00b2 B5421800 	 st.a [%a4]24,%a2
 102:../Libraries/iLLD/TC4xx/CpuGeneric/Pcie/Lib/Cap/IfxPcieLib_Cap.c ****             break;
 147              	 .loc 1 102 13 is_stmt 1
 148              	.L11:
 103:../Libraries/iLLD/TC4xx/CpuGeneric/Pcie/Lib/Cap/IfxPcieLib_Cap.c ****         case IFXPCIECAP_EXTENDED_CAP_ID_PTM:
 104:../Libraries/iLLD/TC4xx/CpuGeneric/Pcie/Lib/Cap/IfxPcieLib_Cap.c ****             cap->extendedCap.ptm.capPtr = (IfxPcieCap_PtmCap *)extendedCapPtr;
 105:../Libraries/iLLD/TC4xx/CpuGeneric/Pcie/Lib/Cap/IfxPcieLib_Cap.c ****             break;
 106:../Libraries/iLLD/TC4xx/CpuGeneric/Pcie/Lib/Cap/IfxPcieLib_Cap.c ****         case IFXPCIECAP_EXTENDED_CAP_ID_LTR:
 107:../Libraries/iLLD/TC4xx/CpuGeneric/Pcie/Lib/Cap/IfxPcieLib_Cap.c ****             cap->extendedCap.ltr.capPtr = (IfxPcieCap_LtrCap *)extendedCapPtr;
 108:../Libraries/iLLD/TC4xx/CpuGeneric/Pcie/Lib/Cap/IfxPcieLib_Cap.c ****             break;
 109:../Libraries/iLLD/TC4xx/CpuGeneric/Pcie/Lib/Cap/IfxPcieLib_Cap.c ****         case IFXPCIECAP_EXTENDED_CAP_ID_SN:
 110:../Libraries/iLLD/TC4xx/CpuGeneric/Pcie/Lib/Cap/IfxPcieLib_Cap.c ****             cap->extendedCap.sn.capPtr = (IfxPcieCap_SnCap *)extendedCapPtr;
 111:../Libraries/iLLD/TC4xx/CpuGeneric/Pcie/Lib/Cap/IfxPcieLib_Cap.c ****             break;
 112:../Libraries/iLLD/TC4xx/CpuGeneric/Pcie/Lib/Cap/IfxPcieLib_Cap.c ****         case IFXPCIECAP_EXTENDED_CAP_ID_VSEC:
 113:../Libraries/iLLD/TC4xx/CpuGeneric/Pcie/Lib/Cap/IfxPcieLib_Cap.c **** 
 114:../Libraries/iLLD/TC4xx/CpuGeneric/Pcie/Lib/Cap/IfxPcieLib_Cap.c ****             if (vsecIndex < IFXPCIE_CFG_MAX_NUM_VSEC_CAP)                       /* User support for
 115:../Libraries/iLLD/TC4xx/CpuGeneric/Pcie/Lib/Cap/IfxPcieLib_Cap.c ****             {
 116:../Libraries/iLLD/TC4xx/CpuGeneric/Pcie/Lib/Cap/IfxPcieLib_Cap.c ****                 cap->extendedCap.vsec[vsecIndex].capPtr     = (void *)extendedCapPtr;
 117:../Libraries/iLLD/TC4xx/CpuGeneric/Pcie/Lib/Cap/IfxPcieLib_Cap.c ****                 cap->extendedCap.vsec[vsecIndex].extHeader  = (IfxPcieCap_ExtendedCapHeader *)exten
 118:../Libraries/iLLD/TC4xx/CpuGeneric/Pcie/Lib/Cap/IfxPcieLib_Cap.c ****                 cap->extendedCap.vsec[vsecIndex].vsecHeader = (IfxPcieCap_VendorSpecHeader *)((uint
 119:../Libraries/iLLD/TC4xx/CpuGeneric/Pcie/Lib/Cap/IfxPcieLib_Cap.c ****             }
 120:../Libraries/iLLD/TC4xx/CpuGeneric/Pcie/Lib/Cap/IfxPcieLib_Cap.c **** 
 121:../Libraries/iLLD/TC4xx/CpuGeneric/Pcie/Lib/Cap/IfxPcieLib_Cap.c ****             vsecIndex++;
 122:../Libraries/iLLD/TC4xx/CpuGeneric/Pcie/Lib/Cap/IfxPcieLib_Cap.c ****             break;
 123:../Libraries/iLLD/TC4xx/CpuGeneric/Pcie/Lib/Cap/IfxPcieLib_Cap.c ****         default:
 124:../Libraries/iLLD/TC4xx/CpuGeneric/Pcie/Lib/Cap/IfxPcieLib_Cap.c ****             break;
 125:../Libraries/iLLD/TC4xx/CpuGeneric/Pcie/Lib/Cap/IfxPcieLib_Cap.c ****         }
 126:../Libraries/iLLD/TC4xx/CpuGeneric/Pcie/Lib/Cap/IfxPcieLib_Cap.c **** 
 127:../Libraries/iLLD/TC4xx/CpuGeneric/Pcie/Lib/Cap/IfxPcieLib_Cap.c ****         extendedCapOffset = extendedCapPtr->B.capOffset;
 149              	 .loc 1 127 9
 150              	 .loc 1 127 46 is_stmt 0
 151 00b6 5423     	 ld.w %d3,[%a2]0
 152 00b8 8FC31E30 	 sh %d3,%d3,-20
 153              	.LVL14:
 154              	.L10:
 155              	.LBE2:
  94:../Libraries/iLLD/TC4xx/CpuGeneric/Pcie/Lib/Cap/IfxPcieLib_Cap.c ****     {
 156              	 .loc 1 94 30 is_stmt 1
 157 00bc DF030000 	 jz %d3,.L21
 158              	.LBB3:
  96:../Libraries/iLLD/TC4xx/CpuGeneric/Pcie/Lib/Cap/IfxPcieLib_Cap.c **** 
 159              	 .loc 1 96 9
  96:../Libraries/iLLD/TC4xx/CpuGeneric/Pcie/Lib/Cap/IfxPcieLib_Cap.c **** 
 160              	 .loc 1 96 107 is_stmt 0
 161 00c0 01530026 	 addsc.a %a2,%a5,%d3,0
 162              	.LVL15:
  98:../Libraries/iLLD/TC4xx/CpuGeneric/Pcie/Lib/Cap/IfxPcieLib_Cap.c ****         {
 163              	 .loc 1 98 9 is_stmt 1
  98:../Libraries/iLLD/TC4xx/CpuGeneric/Pcie/Lib/Cap/IfxPcieLib_Cap.c ****         {
 164              	 .loc 1 98 34 is_stmt 0
 165 00c4 B9240000 	 ld.hu %d4,[%a2]0
  98:../Libraries/iLLD/TC4xx/CpuGeneric/Pcie/Lib/Cap/IfxPcieLib_Cap.c ****         {
 166              	 .loc 1 98 9
 167 00c8 C2F4     	 add %d4,-1
 168 00ca 8BF4A132 	 ge.u %d3,%d4,31
 169              	.LVL16:
 170 00ce DF030080 	 jnz %d3,.L11
 171 00d2 91000030 	 movh.a %a3,hi:.L13
 172 00d6 D9330000 	 lea %a3,[%a3]lo:.L13
 173 00da 01340236 	 addsc.a %a3,%a3,%d4,2
 174 00de DC03     	 ji %a3
 175              	 .align 2
 176              	 .align 2
 177              	.L13:
 178              	 .code32
 179 00e0 1D000000 	 j .L17
 180              	 .code32
 181 00e4 1D000000 	 j .L11
 182              	 .code32
 183 00e8 1D000000 	 j .L16
 184              	 .code32
 185 00ec 1D000000 	 j .L11
 186              	 .code32
 187 00f0 1D000000 	 j .L11
 188              	 .code32
 189 00f4 1D000000 	 j .L11
 190              	 .code32
 191 00f8 1D000000 	 j .L11
 192              	 .code32
 193 00fc 1D000000 	 j .L11
 194              	 .code32
 195 0100 1D000000 	 j .L11
 196              	 .code32
 197 0104 1D000000 	 j .L11
 198              	 .code32
 199 0108 1D000000 	 j .L15
 200              	 .code32
 201 010c 1D000000 	 j .L11
 202              	 .code32
 203 0110 1D000000 	 j .L11
 204              	 .code32
 205 0114 1D000000 	 j .L11
 206              	 .code32
 207 0118 1D000000 	 j .L11
 208              	 .code32
 209 011c 1D000000 	 j .L11
 210              	 .code32
 211 0120 1D000000 	 j .L11
 212              	 .code32
 213 0124 1D000000 	 j .L11
 214              	 .code32
 215 0128 1D000000 	 j .L11
 216              	 .code32
 217 012c 1D000000 	 j .L11
 218              	 .code32
 219 0130 1D000000 	 j .L11
 220              	 .code32
 221 0134 1D000000 	 j .L11
 222              	 .code32
 223 0138 1D000000 	 j .L11
 224              	 .code32
 225 013c 1D000000 	 j .L14
 226              	 .code32
 227 0140 1D000000 	 j .L11
 228              	 .code32
 229 0144 1D000000 	 j .L11
 230              	 .code32
 231 0148 1D000000 	 j .L11
 232              	 .code32
 233 014c 1D000000 	 j .L11
 234              	 .code32
 235 0150 1D000000 	 j .L11
 236              	 .code32
 237 0154 1D000000 	 j .L11
 238              	 .code32
 239 0158 1D000000 	 j .L12
 240              	.L12:
 104:../Libraries/iLLD/TC4xx/CpuGeneric/Pcie/Lib/Cap/IfxPcieLib_Cap.c ****             break;
 241              	 .loc 1 104 13 is_stmt 1
 104:../Libraries/iLLD/TC4xx/CpuGeneric/Pcie/Lib/Cap/IfxPcieLib_Cap.c ****             break;
 242              	 .loc 1 104 41 is_stmt 0
 243 015c B5421C00 	 st.a [%a4]28,%a2
 105:../Libraries/iLLD/TC4xx/CpuGeneric/Pcie/Lib/Cap/IfxPcieLib_Cap.c ****         case IFXPCIECAP_EXTENDED_CAP_ID_LTR:
 244              	 .loc 1 105 13 is_stmt 1
 245 0160 1D000000 	 j .L11
 246              	.L14:
 107:../Libraries/iLLD/TC4xx/CpuGeneric/Pcie/Lib/Cap/IfxPcieLib_Cap.c ****             break;
 247              	 .loc 1 107 13
 107:../Libraries/iLLD/TC4xx/CpuGeneric/Pcie/Lib/Cap/IfxPcieLib_Cap.c ****             break;
 248              	 .loc 1 107 41 is_stmt 0
 249 0164 B5422000 	 st.a [%a4]32,%a2
 108:../Libraries/iLLD/TC4xx/CpuGeneric/Pcie/Lib/Cap/IfxPcieLib_Cap.c ****         case IFXPCIECAP_EXTENDED_CAP_ID_SN:
 250              	 .loc 1 108 13 is_stmt 1
 251 0168 1D000000 	 j .L11
 252              	.L16:
 110:../Libraries/iLLD/TC4xx/CpuGeneric/Pcie/Lib/Cap/IfxPcieLib_Cap.c ****             break;
 253              	 .loc 1 110 13
 110:../Libraries/iLLD/TC4xx/CpuGeneric/Pcie/Lib/Cap/IfxPcieLib_Cap.c ****             break;
 254              	 .loc 1 110 40 is_stmt 0
 255 016c B5422400 	 st.a [%a4]36,%a2
 111:../Libraries/iLLD/TC4xx/CpuGeneric/Pcie/Lib/Cap/IfxPcieLib_Cap.c ****         case IFXPCIECAP_EXTENDED_CAP_ID_VSEC:
 256              	 .loc 1 111 13 is_stmt 1
 257 0170 1D000000 	 j .L11
 258              	.L15:
 114:../Libraries/iLLD/TC4xx/CpuGeneric/Pcie/Lib/Cap/IfxPcieLib_Cap.c ****             {
 259              	 .loc 1 114 13
 114:../Libraries/iLLD/TC4xx/CpuGeneric/Pcie/Lib/Cap/IfxPcieLib_Cap.c ****             {
 260              	 .loc 1 114 16 is_stmt 0
 261 0174 FF420080 	 jge.u %d2,4,.L18
 116:../Libraries/iLLD/TC4xx/CpuGeneric/Pcie/Lib/Cap/IfxPcieLib_Cap.c ****                 cap->extendedCap.vsec[vsecIndex].extHeader  = (IfxPcieCap_ExtendedCapHeader *)exten
 262              	 .loc 1 116 17 is_stmt 1
 116:../Libraries/iLLD/TC4xx/CpuGeneric/Pcie/Lib/Cap/IfxPcieLib_Cap.c ****                 cap->extendedCap.vsec[vsecIndex].extHeader  = (IfxPcieCap_ExtendedCapHeader *)exten
 263              	 .loc 1 116 61 is_stmt 0
 264 0178 01420336 	 addsc.a %a3,%a4,%d2,3
 265 017c 01320236 	 addsc.a %a3,%a3,%d2,2
 266 0180 B5322800 	 st.a [%a3]40,%a2
 117:../Libraries/iLLD/TC4xx/CpuGeneric/Pcie/Lib/Cap/IfxPcieLib_Cap.c ****                 cap->extendedCap.vsec[vsecIndex].vsecHeader = (IfxPcieCap_VendorSpecHeader *)((uint
 267              	 .loc 1 117 17 is_stmt 1
 117:../Libraries/iLLD/TC4xx/CpuGeneric/Pcie/Lib/Cap/IfxPcieLib_Cap.c ****                 cap->extendedCap.vsec[vsecIndex].vsecHeader = (IfxPcieCap_VendorSpecHeader *)((uint
 268              	 .loc 1 117 61 is_stmt 0
 269 0184 B5322C00 	 st.a [%a3]44,%a2
 118:../Libraries/iLLD/TC4xx/CpuGeneric/Pcie/Lib/Cap/IfxPcieLib_Cap.c ****             }
 270              	 .loc 1 118 17 is_stmt 1
 118:../Libraries/iLLD/TC4xx/CpuGeneric/Pcie/Lib/Cap/IfxPcieLib_Cap.c ****             }
 271              	 .loc 1 118 118 is_stmt 0
 272 0188 8023     	 mov.d %d3,%a2
 273 018a C243     	 add %d3,4
 118:../Libraries/iLLD/TC4xx/CpuGeneric/Pcie/Lib/Cap/IfxPcieLib_Cap.c ****             }
 274              	 .loc 1 118 61
 275 018c 59333000 	 st.w [%a3]48,%d3
 276              	.L18:
 121:../Libraries/iLLD/TC4xx/CpuGeneric/Pcie/Lib/Cap/IfxPcieLib_Cap.c ****             break;
 277              	 .loc 1 121 13 is_stmt 1
 121:../Libraries/iLLD/TC4xx/CpuGeneric/Pcie/Lib/Cap/IfxPcieLib_Cap.c ****             break;
 278              	 .loc 1 121 22 is_stmt 0
 279 0190 C212     	 add %d2,1
 280              	.LVL17:
 281 0192 8FF20F21 	 and %d2,%d2,255
 282              	.LVL18:
 122:../Libraries/iLLD/TC4xx/CpuGeneric/Pcie/Lib/Cap/IfxPcieLib_Cap.c ****         default:
 283              	 .loc 1 122 13 is_stmt 1
 284 0196 1D000000 	 j .L11
 285              	.LVL19:
 286              	.L21:
 287              	.LBE3:
 128:../Libraries/iLLD/TC4xx/CpuGeneric/Pcie/Lib/Cap/IfxPcieLib_Cap.c ****     }
 129:../Libraries/iLLD/TC4xx/CpuGeneric/Pcie/Lib/Cap/IfxPcieLib_Cap.c **** }
 288              	 .loc 1 129 1 is_stmt 0
 289 019a 0090     	 ret 
 290              	.LFE350:
 292              	 .global IfxPcieLib_Cap_probeCapabilities_end
 293              	IfxPcieLib_Cap_probeCapabilities_end:
 294              	 .section .text.IfxPcieLib_Cap_configureMsiCap,"ax",@progbits
 295              	 .align 1
 296              	 .global IfxPcieLib_Cap_configureMsiCap
 298              	IfxPcieLib_Cap_configureMsiCap:
 299              	.LFB351:
 130:../Libraries/iLLD/TC4xx/CpuGeneric/Pcie/Lib/Cap/IfxPcieLib_Cap.c **** 
 131:../Libraries/iLLD/TC4xx/CpuGeneric/Pcie/Lib/Cap/IfxPcieLib_Cap.c **** 
 132:../Libraries/iLLD/TC4xx/CpuGeneric/Pcie/Lib/Cap/IfxPcieLib_Cap.c **** IfxPcie_Status IfxPcieLib_Cap_configureMsiCap(IfxPcieLib_Cap_Msi *msiCap, IfxPcieLib_Cap_MsiCfg *ms
 133:../Libraries/iLLD/TC4xx/CpuGeneric/Pcie/Lib/Cap/IfxPcieLib_Cap.c **** {
 300              	 .loc 1 133 1 is_stmt 1
 301              	.LVL20:
 302 0000 40AE     	 mov.aa %a14,%SP
 303              	.LCFI1:
 134:../Libraries/iLLD/TC4xx/CpuGeneric/Pcie/Lib/Cap/IfxPcieLib_Cap.c ****     IfxPcie_Status                  status  = IfxPcie_Status_failure;
 304              	 .loc 1 134 5
 305              	.LVL21:
 135:../Libraries/iLLD/TC4xx/CpuGeneric/Pcie/Lib/Cap/IfxPcieLib_Cap.c ****     uint8                           msiType = 0u;
 306              	 .loc 1 135 5
 136:../Libraries/iLLD/TC4xx/CpuGeneric/Pcie/Lib/Cap/IfxPcieLib_Cap.c ****     IfxPcieCap_MsiCap              *capPtr  = msiCfgPtr->capPtr;
 307              	 .loc 1 136 5
 308              	 .loc 1 136 37 is_stmt 0
 309 0002 D452     	 ld.a %a2,[%a5]0
 310              	.LVL22:
 137:../Libraries/iLLD/TC4xx/CpuGeneric/Pcie/Lib/Cap/IfxPcieLib_Cap.c ****     volatile IfxPcieCap_MsiMsgCtrl *msgCtrl;
 311              	 .loc 1 137 5 is_stmt 1
 138:../Libraries/iLLD/TC4xx/CpuGeneric/Pcie/Lib/Cap/IfxPcieLib_Cap.c ****     IfxPcieCap_MsiMsgCtrl           msgCtrlReg;
 312              	 .loc 1 138 5
 139:../Libraries/iLLD/TC4xx/CpuGeneric/Pcie/Lib/Cap/IfxPcieLib_Cap.c **** 
 140:../Libraries/iLLD/TC4xx/CpuGeneric/Pcie/Lib/Cap/IfxPcieLib_Cap.c ****     if (capPtr != NULL_PTR)
 313              	 .loc 1 140 5
 314              	 .loc 1 140 8 is_stmt 0
 315 0004 BD020000 	 jz.a %a2,.L30
 141:../Libraries/iLLD/TC4xx/CpuGeneric/Pcie/Lib/Cap/IfxPcieLib_Cap.c ****     {
 142:../Libraries/iLLD/TC4xx/CpuGeneric/Pcie/Lib/Cap/IfxPcieLib_Cap.c ****         msiCap->capPtr = msiCfgPtr->capPtr;
 316              	 .loc 1 142 9 is_stmt 1
 317              	 .loc 1 142 24 is_stmt 0
 318 0008 F442     	 st.a [%a4]0,%a2
 143:../Libraries/iLLD/TC4xx/CpuGeneric/Pcie/Lib/Cap/IfxPcieLib_Cap.c ****         msgCtrl        = &(capPtr->msgControl);
 319              	 .loc 1 143 9 is_stmt 1
 320              	.LVL23:
 144:../Libraries/iLLD/TC4xx/CpuGeneric/Pcie/Lib/Cap/IfxPcieLib_Cap.c ****         msgCtrlReg.U   = msgCtrl->U;                                        /* Read Message Control
 321              	 .loc 1 144 9
 322              	 .loc 1 144 33 is_stmt 0
 323 000a B9220200 	 ld.hu %d2,[%a2]2
 324              	 .loc 1 144 24
 325 000e 0223     	 mov %d3,%d2
 326              	.LVL24:
 145:../Libraries/iLLD/TC4xx/CpuGeneric/Pcie/Lib/Cap/IfxPcieLib_Cap.c **** 
 146:../Libraries/iLLD/TC4xx/CpuGeneric/Pcie/Lib/Cap/IfxPcieLib_Cap.c ****         if (msgCtrlReg.B.multiMsgCapable >= msiCfgPtr->numInterrupts)       /* Check if device supp
 327              	 .loc 1 146 9 is_stmt 1
 328              	 .loc 1 146 25 is_stmt 0
 329 0010 3702E340 	 extr.u %d4,%d2,1,3
 330              	 .loc 1 146 54
 331 0014 19551000 	 ld.w %d5,[%a5]16
 332              	 .loc 1 146 12
 333 0018 3F540000 	 jlt %d4,%d5,.L31
 147:../Libraries/iLLD/TC4xx/CpuGeneric/Pcie/Lib/Cap/IfxPcieLib_Cap.c ****         {
 148:../Libraries/iLLD/TC4xx/CpuGeneric/Pcie/Lib/Cap/IfxPcieLib_Cap.c ****             msiType = (uint8)((msgCtrlReg.B.cap64Bit) | ((msgCtrlReg.B.vectorMaskCapable) << 1u));
 334              	 .loc 1 148 13 is_stmt 1
 335              	 .loc 1 148 44 is_stmt 0
 336 001c 3702E143 	 extr.u %d4,%d2,7,1
 337              	 .loc 1 148 71
 338 0020 37026124 	 extr.u %d2,%d2,8,1
 339              	 .loc 1 148 91
 340 0024 0612     	 sh %d2,1
 341              	.LVL25:
 149:../Libraries/iLLD/TC4xx/CpuGeneric/Pcie/Lib/Cap/IfxPcieLib_Cap.c **** 
 150:../Libraries/iLLD/TC4xx/CpuGeneric/Pcie/Lib/Cap/IfxPcieLib_Cap.c ****             switch (msiType)
 342              	 .loc 1 150 13 is_stmt 1
 343 0026 A642     	 or %d2,%d4
 344              	.LVL26:
 345 0028 91000030 	 movh.a %a3,hi:.L26
 346 002c D9330000 	 lea %a3,[%a3]lo:.L26
 347 0030 01320236 	 addsc.a %a3,%a3,%d2,2
 348 0034 DC03     	 ji %a3
 349 0036 0000     	 .align 2
 350              	 .align 2
 351              	.L26:
 352              	 .code32
 353 0038 1D000000 	 j .L29
 354              	 .code32
 355 003c 1D000000 	 j .L28
 356              	 .code32
 357 0040 1D000000 	 j .L27
 358              	 .code32
 359 0044 1D000000 	 j .L25
 360              	.L29:
 151:../Libraries/iLLD/TC4xx/CpuGeneric/Pcie/Lib/Cap/IfxPcieLib_Cap.c ****             {
 152:../Libraries/iLLD/TC4xx/CpuGeneric/Pcie/Lib/Cap/IfxPcieLib_Cap.c ****             case 0u:                                                        /* No per vector mask, 
 153:../Libraries/iLLD/TC4xx/CpuGeneric/Pcie/Lib/Cap/IfxPcieLib_Cap.c ****                 capPtr->msiAddress = (uint32)(msiCfgPtr->address);
 361              	 .loc 1 153 17
 362              	 .loc 1 153 36 is_stmt 0
 363 0048 19520400 	 ld.w %d2,[%a5]4
 364              	.LVL27:
 365 004c 59220400 	 st.w [%a2]4,%d2
 154:../Libraries/iLLD/TC4xx/CpuGeneric/Pcie/Lib/Cap/IfxPcieLib_Cap.c ****                 capPtr->cap02h     = (uint32)(msiCfgPtr->dataPattern);
 366              	 .loc 1 154 17 is_stmt 1
 367              	 .loc 1 154 56 is_stmt 0
 368 0050 B9520C00 	 ld.hu %d2,[%a5]12
 369              	 .loc 1 154 36
 370 0054 59220800 	 st.w [%a2]8,%d2
 155:../Libraries/iLLD/TC4xx/CpuGeneric/Pcie/Lib/Cap/IfxPcieLib_Cap.c ****                 break;
 371              	 .loc 1 155 17 is_stmt 1
 372              	.L24:
 156:../Libraries/iLLD/TC4xx/CpuGeneric/Pcie/Lib/Cap/IfxPcieLib_Cap.c ****             case 1u:                                                        /* No Per Vector Mask, 
 157:../Libraries/iLLD/TC4xx/CpuGeneric/Pcie/Lib/Cap/IfxPcieLib_Cap.c ****                 capPtr->msiAddress = (uint32)(msiCfgPtr->address);
 158:../Libraries/iLLD/TC4xx/CpuGeneric/Pcie/Lib/Cap/IfxPcieLib_Cap.c ****                 capPtr->cap02h     = (uint32)(msiCfgPtr->address >> 32u);
 159:../Libraries/iLLD/TC4xx/CpuGeneric/Pcie/Lib/Cap/IfxPcieLib_Cap.c ****                 capPtr->cap03h     = (uint32)(msiCfgPtr->dataPattern);
 160:../Libraries/iLLD/TC4xx/CpuGeneric/Pcie/Lib/Cap/IfxPcieLib_Cap.c ****                 break;
 161:../Libraries/iLLD/TC4xx/CpuGeneric/Pcie/Lib/Cap/IfxPcieLib_Cap.c ****             case 2u:                                                        /* Per Vector Mask, 32 
 162:../Libraries/iLLD/TC4xx/CpuGeneric/Pcie/Lib/Cap/IfxPcieLib_Cap.c ****                 capPtr->msiAddress = (uint32)(msiCfgPtr->address);
 163:../Libraries/iLLD/TC4xx/CpuGeneric/Pcie/Lib/Cap/IfxPcieLib_Cap.c ****                 capPtr->cap02h     = (uint32)(msiCfgPtr->dataPattern);
 164:../Libraries/iLLD/TC4xx/CpuGeneric/Pcie/Lib/Cap/IfxPcieLib_Cap.c ****                 capPtr->cap03h     = msiCfgPtr->initialMask;
 165:../Libraries/iLLD/TC4xx/CpuGeneric/Pcie/Lib/Cap/IfxPcieLib_Cap.c ****                 break;
 166:../Libraries/iLLD/TC4xx/CpuGeneric/Pcie/Lib/Cap/IfxPcieLib_Cap.c ****             case 3u:                                                        /* Per Vector Mask, 64 
 167:../Libraries/iLLD/TC4xx/CpuGeneric/Pcie/Lib/Cap/IfxPcieLib_Cap.c ****                 capPtr->msiAddress = (uint32)(msiCfgPtr->address);
 168:../Libraries/iLLD/TC4xx/CpuGeneric/Pcie/Lib/Cap/IfxPcieLib_Cap.c ****                 capPtr->cap02h     = (uint32)(msiCfgPtr->address >> 32u);
 169:../Libraries/iLLD/TC4xx/CpuGeneric/Pcie/Lib/Cap/IfxPcieLib_Cap.c ****                 capPtr->cap03h     = (uint32)(msiCfgPtr->dataPattern);
 170:../Libraries/iLLD/TC4xx/CpuGeneric/Pcie/Lib/Cap/IfxPcieLib_Cap.c ****                 capPtr->cap04h     = msiCfgPtr->initialMask;
 171:../Libraries/iLLD/TC4xx/CpuGeneric/Pcie/Lib/Cap/IfxPcieLib_Cap.c ****                 break;
 172:../Libraries/iLLD/TC4xx/CpuGeneric/Pcie/Lib/Cap/IfxPcieLib_Cap.c ****             default:
 173:../Libraries/iLLD/TC4xx/CpuGeneric/Pcie/Lib/Cap/IfxPcieLib_Cap.c ****                 /* Not possible, do nothing */
 174:../Libraries/iLLD/TC4xx/CpuGeneric/Pcie/Lib/Cap/IfxPcieLib_Cap.c ****                 break;
 175:../Libraries/iLLD/TC4xx/CpuGeneric/Pcie/Lib/Cap/IfxPcieLib_Cap.c ****             }
 176:../Libraries/iLLD/TC4xx/CpuGeneric/Pcie/Lib/Cap/IfxPcieLib_Cap.c **** 
 177:../Libraries/iLLD/TC4xx/CpuGeneric/Pcie/Lib/Cap/IfxPcieLib_Cap.c ****             msgCtrlReg.B.multiMsgEnable = msiCfgPtr->numInterrupts;
 373              	 .loc 1 177 13
 374              	 .loc 1 177 52 is_stmt 0
 375 0058 19521000 	 ld.w %d2,[%a5]16
 376              	 .loc 1 177 41
 377 005c 37230332 	 insert %d3,%d3,%d2,4,3
 378              	.LVL28:
 178:../Libraries/iLLD/TC4xx/CpuGeneric/Pcie/Lib/Cap/IfxPcieLib_Cap.c ****             msgCtrl->U                  = msgCtrlReg.U;                     /* Write Message Contro
 379              	 .loc 1 178 13 is_stmt 1
 380              	 .loc 1 178 41 is_stmt 0
 381 0060 F9230200 	 st.h [%a2]2,%d3
 179:../Libraries/iLLD/TC4xx/CpuGeneric/Pcie/Lib/Cap/IfxPcieLib_Cap.c ****             /* NOTE: MSI is not enabled here, enable separately */
 180:../Libraries/iLLD/TC4xx/CpuGeneric/Pcie/Lib/Cap/IfxPcieLib_Cap.c **** 
 181:../Libraries/iLLD/TC4xx/CpuGeneric/Pcie/Lib/Cap/IfxPcieLib_Cap.c ****             status = IfxPcie_Status_success;
 382              	 .loc 1 181 13 is_stmt 1
 383              	.LVL29:
 384              	 .loc 1 181 20 is_stmt 0
 385 0064 8202     	 mov %d2,0
 386 0066 0090     	 ret 
 387              	.LVL30:
 388              	.L28:
 157:../Libraries/iLLD/TC4xx/CpuGeneric/Pcie/Lib/Cap/IfxPcieLib_Cap.c ****                 capPtr->cap02h     = (uint32)(msiCfgPtr->address >> 32u);
 389              	 .loc 1 157 17 is_stmt 1
 157:../Libraries/iLLD/TC4xx/CpuGeneric/Pcie/Lib/Cap/IfxPcieLib_Cap.c ****                 capPtr->cap02h     = (uint32)(msiCfgPtr->address >> 32u);
 390              	 .loc 1 157 36 is_stmt 0
 391 0068 19520400 	 ld.w %d2,[%a5]4
 392              	.LVL31:
 393 006c 59220400 	 st.w [%a2]4,%d2
 158:../Libraries/iLLD/TC4xx/CpuGeneric/Pcie/Lib/Cap/IfxPcieLib_Cap.c ****                 capPtr->cap03h     = (uint32)(msiCfgPtr->dataPattern);
 394              	 .loc 1 158 17 is_stmt 1
 158:../Libraries/iLLD/TC4xx/CpuGeneric/Pcie/Lib/Cap/IfxPcieLib_Cap.c ****                 capPtr->cap03h     = (uint32)(msiCfgPtr->dataPattern);
 395              	 .loc 1 158 66 is_stmt 0
 396 0070 19520800 	 ld.w %d2,[%a5]8
 158:../Libraries/iLLD/TC4xx/CpuGeneric/Pcie/Lib/Cap/IfxPcieLib_Cap.c ****                 capPtr->cap03h     = (uint32)(msiCfgPtr->dataPattern);
 397              	 .loc 1 158 36
 398 0074 59220800 	 st.w [%a2]8,%d2
 159:../Libraries/iLLD/TC4xx/CpuGeneric/Pcie/Lib/Cap/IfxPcieLib_Cap.c ****                 break;
 399              	 .loc 1 159 17 is_stmt 1
 159:../Libraries/iLLD/TC4xx/CpuGeneric/Pcie/Lib/Cap/IfxPcieLib_Cap.c ****                 break;
 400              	 .loc 1 159 56 is_stmt 0
 401 0078 B9520C00 	 ld.hu %d2,[%a5]12
 159:../Libraries/iLLD/TC4xx/CpuGeneric/Pcie/Lib/Cap/IfxPcieLib_Cap.c ****                 break;
 402              	 .loc 1 159 36
 403 007c 59220C00 	 st.w [%a2]12,%d2
 160:../Libraries/iLLD/TC4xx/CpuGeneric/Pcie/Lib/Cap/IfxPcieLib_Cap.c ****             case 2u:                                                        /* Per Vector Mask, 32 
 404              	 .loc 1 160 17 is_stmt 1
 405 0080 1D000000 	 j .L24
 406              	.LVL32:
 407              	.L27:
 162:../Libraries/iLLD/TC4xx/CpuGeneric/Pcie/Lib/Cap/IfxPcieLib_Cap.c ****                 capPtr->cap02h     = (uint32)(msiCfgPtr->dataPattern);
 408              	 .loc 1 162 17
 162:../Libraries/iLLD/TC4xx/CpuGeneric/Pcie/Lib/Cap/IfxPcieLib_Cap.c ****                 capPtr->cap02h     = (uint32)(msiCfgPtr->dataPattern);
 409              	 .loc 1 162 36 is_stmt 0
 410 0084 19520400 	 ld.w %d2,[%a5]4
 411              	.LVL33:
 412 0088 59220400 	 st.w [%a2]4,%d2
 163:../Libraries/iLLD/TC4xx/CpuGeneric/Pcie/Lib/Cap/IfxPcieLib_Cap.c ****                 capPtr->cap03h     = msiCfgPtr->initialMask;
 413              	 .loc 1 163 17 is_stmt 1
 163:../Libraries/iLLD/TC4xx/CpuGeneric/Pcie/Lib/Cap/IfxPcieLib_Cap.c ****                 capPtr->cap03h     = msiCfgPtr->initialMask;
 414              	 .loc 1 163 56 is_stmt 0
 415 008c B9520C00 	 ld.hu %d2,[%a5]12
 163:../Libraries/iLLD/TC4xx/CpuGeneric/Pcie/Lib/Cap/IfxPcieLib_Cap.c ****                 capPtr->cap03h     = msiCfgPtr->initialMask;
 416              	 .loc 1 163 36
 417 0090 59220800 	 st.w [%a2]8,%d2
 164:../Libraries/iLLD/TC4xx/CpuGeneric/Pcie/Lib/Cap/IfxPcieLib_Cap.c ****                 break;
 418              	 .loc 1 164 17 is_stmt 1
 164:../Libraries/iLLD/TC4xx/CpuGeneric/Pcie/Lib/Cap/IfxPcieLib_Cap.c ****                 break;
 419              	 .loc 1 164 36 is_stmt 0
 420 0094 19521400 	 ld.w %d2,[%a5]20
 421 0098 59220C00 	 st.w [%a2]12,%d2
 165:../Libraries/iLLD/TC4xx/CpuGeneric/Pcie/Lib/Cap/IfxPcieLib_Cap.c ****             case 3u:                                                        /* Per Vector Mask, 64 
 422              	 .loc 1 165 17 is_stmt 1
 423 009c 1D000000 	 j .L24
 424              	.LVL34:
 425              	.L25:
 167:../Libraries/iLLD/TC4xx/CpuGeneric/Pcie/Lib/Cap/IfxPcieLib_Cap.c ****                 capPtr->cap02h     = (uint32)(msiCfgPtr->address >> 32u);
 426              	 .loc 1 167 17
 167:../Libraries/iLLD/TC4xx/CpuGeneric/Pcie/Lib/Cap/IfxPcieLib_Cap.c ****                 capPtr->cap02h     = (uint32)(msiCfgPtr->address >> 32u);
 427              	 .loc 1 167 36 is_stmt 0
 428 00a0 19520400 	 ld.w %d2,[%a5]4
 429              	.LVL35:
 430 00a4 59220400 	 st.w [%a2]4,%d2
 168:../Libraries/iLLD/TC4xx/CpuGeneric/Pcie/Lib/Cap/IfxPcieLib_Cap.c ****                 capPtr->cap03h     = (uint32)(msiCfgPtr->dataPattern);
 431              	 .loc 1 168 17 is_stmt 1
 168:../Libraries/iLLD/TC4xx/CpuGeneric/Pcie/Lib/Cap/IfxPcieLib_Cap.c ****                 capPtr->cap03h     = (uint32)(msiCfgPtr->dataPattern);
 432              	 .loc 1 168 66 is_stmt 0
 433 00a8 19520800 	 ld.w %d2,[%a5]8
 168:../Libraries/iLLD/TC4xx/CpuGeneric/Pcie/Lib/Cap/IfxPcieLib_Cap.c ****                 capPtr->cap03h     = (uint32)(msiCfgPtr->dataPattern);
 434              	 .loc 1 168 36
 435 00ac 59220800 	 st.w [%a2]8,%d2
 169:../Libraries/iLLD/TC4xx/CpuGeneric/Pcie/Lib/Cap/IfxPcieLib_Cap.c ****                 capPtr->cap04h     = msiCfgPtr->initialMask;
 436              	 .loc 1 169 17 is_stmt 1
 169:../Libraries/iLLD/TC4xx/CpuGeneric/Pcie/Lib/Cap/IfxPcieLib_Cap.c ****                 capPtr->cap04h     = msiCfgPtr->initialMask;
 437              	 .loc 1 169 56 is_stmt 0
 438 00b0 B9520C00 	 ld.hu %d2,[%a5]12
 169:../Libraries/iLLD/TC4xx/CpuGeneric/Pcie/Lib/Cap/IfxPcieLib_Cap.c ****                 capPtr->cap04h     = msiCfgPtr->initialMask;
 439              	 .loc 1 169 36
 440 00b4 59220C00 	 st.w [%a2]12,%d2
 170:../Libraries/iLLD/TC4xx/CpuGeneric/Pcie/Lib/Cap/IfxPcieLib_Cap.c ****                 break;
 441              	 .loc 1 170 17 is_stmt 1
 170:../Libraries/iLLD/TC4xx/CpuGeneric/Pcie/Lib/Cap/IfxPcieLib_Cap.c ****                 break;
 442              	 .loc 1 170 36 is_stmt 0
 443 00b8 19521400 	 ld.w %d2,[%a5]20
 444 00bc 59221000 	 st.w [%a2]16,%d2
 171:../Libraries/iLLD/TC4xx/CpuGeneric/Pcie/Lib/Cap/IfxPcieLib_Cap.c ****             default:
 445              	 .loc 1 171 17 is_stmt 1
 446 00c0 1D000000 	 j .L24
 447              	.LVL36:
 448              	.L30:
 134:../Libraries/iLLD/TC4xx/CpuGeneric/Pcie/Lib/Cap/IfxPcieLib_Cap.c ****     uint8                           msiType = 0u;
 449              	 .loc 1 134 37 is_stmt 0
 450 00c4 8212     	 mov %d2,1
 451 00c6 0090     	 ret 
 452              	.LVL37:
 453              	.L31:
 454 00c8 8212     	 mov %d2,1
 182:../Libraries/iLLD/TC4xx/CpuGeneric/Pcie/Lib/Cap/IfxPcieLib_Cap.c ****         }
 183:../Libraries/iLLD/TC4xx/CpuGeneric/Pcie/Lib/Cap/IfxPcieLib_Cap.c ****     }
 184:../Libraries/iLLD/TC4xx/CpuGeneric/Pcie/Lib/Cap/IfxPcieLib_Cap.c **** 
 185:../Libraries/iLLD/TC4xx/CpuGeneric/Pcie/Lib/Cap/IfxPcieLib_Cap.c ****     return status;
 455              	 .loc 1 185 5 is_stmt 1
 186:../Libraries/iLLD/TC4xx/CpuGeneric/Pcie/Lib/Cap/IfxPcieLib_Cap.c **** }
 456              	 .loc 1 186 1 is_stmt 0
 457 00ca 0090     	 ret 
 458              	.LFE351:
 460              	 .global IfxPcieLib_Cap_configureMsiCap_end
 461              	IfxPcieLib_Cap_configureMsiCap_end:
 462              	 .section .text.IfxPcieLib_Cap_configureMsixCap,"ax",@progbits
 463              	 .align 1
 464              	 .global IfxPcieLib_Cap_configureMsixCap
 466              	IfxPcieLib_Cap_configureMsixCap:
 467              	.LFB352:
 187:../Libraries/iLLD/TC4xx/CpuGeneric/Pcie/Lib/Cap/IfxPcieLib_Cap.c **** 
 188:../Libraries/iLLD/TC4xx/CpuGeneric/Pcie/Lib/Cap/IfxPcieLib_Cap.c **** 
 189:../Libraries/iLLD/TC4xx/CpuGeneric/Pcie/Lib/Cap/IfxPcieLib_Cap.c **** IfxPcie_Status IfxPcieLib_Cap_configureMsixCap(IfxPcieLib_Cap_Msix *msixCap, IfxPcieLib_Cap_MsixCfg
 190:../Libraries/iLLD/TC4xx/CpuGeneric/Pcie/Lib/Cap/IfxPcieLib_Cap.c **** {
 468              	 .loc 1 190 1 is_stmt 1
 469              	.LVL38:
 470 0000 40AE     	 mov.aa %a14,%SP
 471              	.LCFI2:
 191:../Libraries/iLLD/TC4xx/CpuGeneric/Pcie/Lib/Cap/IfxPcieLib_Cap.c ****     IfxPcie_Status                   status    = IfxPcie_Status_failure;
 472              	 .loc 1 191 5
 473              	.LVL39:
 192:../Libraries/iLLD/TC4xx/CpuGeneric/Pcie/Lib/Cap/IfxPcieLib_Cap.c ****     IfxPcieCap_MsixCap              *capPtr    = msixCfgPtr->capPtr;
 474              	 .loc 1 192 5
 475              	 .loc 1 192 38 is_stmt 0
 476 0002 D452     	 ld.a %a2,[%a5]0
 477              	.LVL40:
 193:../Libraries/iLLD/TC4xx/CpuGeneric/Pcie/Lib/Cap/IfxPcieLib_Cap.c ****     IfxPcieCap_MsixTableEntry       *tableAddr = msixCfgPtr->tableAddr;
 478              	 .loc 1 193 5 is_stmt 1
 479              	 .loc 1 193 38 is_stmt 0
 480 0004 19520400 	 ld.w %d2,[%a5]4
 481              	.LVL41:
 194:../Libraries/iLLD/TC4xx/CpuGeneric/Pcie/Lib/Cap/IfxPcieLib_Cap.c ****     IfxPcieCap_MsixMsgCtrl           msgCtrlReg;
 482              	 .loc 1 194 5 is_stmt 1
 195:../Libraries/iLLD/TC4xx/CpuGeneric/Pcie/Lib/Cap/IfxPcieLib_Cap.c ****     volatile IfxPcieCap_MsixMsgCtrl *msgCtrl;
 483              	 .loc 1 195 5
 196:../Libraries/iLLD/TC4xx/CpuGeneric/Pcie/Lib/Cap/IfxPcieLib_Cap.c ****     uint16                           freeTableEntries, index;
 484              	 .loc 1 196 5
 197:../Libraries/iLLD/TC4xx/CpuGeneric/Pcie/Lib/Cap/IfxPcieLib_Cap.c **** 
 198:../Libraries/iLLD/TC4xx/CpuGeneric/Pcie/Lib/Cap/IfxPcieLib_Cap.c ****     if ((capPtr != NULL_PTR)
 485              	 .loc 1 198 5
 486              	 .loc 1 198 17 is_stmt 0
 487 0008 01029044 	 nez.a %d4,%a2
 199:../Libraries/iLLD/TC4xx/CpuGeneric/Pcie/Lib/Cap/IfxPcieLib_Cap.c ****         && (tableAddr != NULL_PTR))
 488              	 .loc 1 199 23
 489 000c 8B022032 	 ne %d3,%d2,0
 490              	 .loc 1 199 9
 491 0010 2643     	 and %d3,%d4
 198:../Libraries/iLLD/TC4xx/CpuGeneric/Pcie/Lib/Cap/IfxPcieLib_Cap.c ****         && (tableAddr != NULL_PTR))
 492              	 .loc 1 198 8
 493 0012 DF030000 	 jz %d3,.L36
 200:../Libraries/iLLD/TC4xx/CpuGeneric/Pcie/Lib/Cap/IfxPcieLib_Cap.c ****     {
 201:../Libraries/iLLD/TC4xx/CpuGeneric/Pcie/Lib/Cap/IfxPcieLib_Cap.c ****         msixCap->capPtr    = capPtr;
 494              	 .loc 1 201 9 is_stmt 1
 495              	 .loc 1 201 28 is_stmt 0
 496 0016 F442     	 st.a [%a4]0,%a2
 202:../Libraries/iLLD/TC4xx/CpuGeneric/Pcie/Lib/Cap/IfxPcieLib_Cap.c ****         msixCap->tableAddr = tableAddr;
 497              	 .loc 1 202 9 is_stmt 1
 498              	 .loc 1 202 28 is_stmt 0
 499 0018 59420400 	 st.w [%a4]4,%d2
 203:../Libraries/iLLD/TC4xx/CpuGeneric/Pcie/Lib/Cap/IfxPcieLib_Cap.c **** 
 204:../Libraries/iLLD/TC4xx/CpuGeneric/Pcie/Lib/Cap/IfxPcieLib_Cap.c ****         msgCtrl            = &(capPtr->msgControl);
 500              	 .loc 1 204 9 is_stmt 1
 501              	.LVL42:
 205:../Libraries/iLLD/TC4xx/CpuGeneric/Pcie/Lib/Cap/IfxPcieLib_Cap.c ****         msgCtrlReg.U       = msgCtrl->U;                                    /* Read Message Control
 502              	 .loc 1 205 9
 503              	 .loc 1 205 37 is_stmt 0
 504 001c B9230200 	 ld.hu %d3,[%a2]2
 206:../Libraries/iLLD/TC4xx/CpuGeneric/Pcie/Lib/Cap/IfxPcieLib_Cap.c ****         freeTableEntries   = msgCtrlReg.B.tableSize - msixCap->usedEntries + 1u;
 505              	 .loc 1 206 9 is_stmt 1
 506              	 .loc 1 206 42 is_stmt 0
 507 0020 B7039535 	 insert %d3,%d3,0,11,21
 508              	 .loc 1 206 62
 509 0024 B9440800 	 ld.hu %d4,[%a4]8
 510              	 .loc 1 206 53
 511 0028 A243     	 sub %d3,%d4
 512 002a 37037030 	 extr.u %d3,%d3,0,16
 513              	 .loc 1 206 28
 514 002e C213     	 add %d3,1
 515 0030 37037030 	 extr.u %d3,%d3,0,16
 516              	.LVL43:
 207:../Libraries/iLLD/TC4xx/CpuGeneric/Pcie/Lib/Cap/IfxPcieLib_Cap.c **** 
 208:../Libraries/iLLD/TC4xx/CpuGeneric/Pcie/Lib/Cap/IfxPcieLib_Cap.c ****         if ((freeTableEntries > 0u)
 517              	 .loc 1 208 9 is_stmt 1
 518              	 .loc 1 208 12 is_stmt 0
 519 0034 DF030000 	 jz %d3,.L37
 209:../Libraries/iLLD/TC4xx/CpuGeneric/Pcie/Lib/Cap/IfxPcieLib_Cap.c ****             && (msixCfgPtr->numInterrupts <= freeTableEntries))
 520              	 .loc 1 209 27
 521 0038 B9551200 	 ld.hu %d5,[%a5]18
 522              	 .loc 1 209 13
 523 003c 3F530080 	 jlt.u %d3,%d5,.L38
 210:../Libraries/iLLD/TC4xx/CpuGeneric/Pcie/Lib/Cap/IfxPcieLib_Cap.c ****         {
 211:../Libraries/iLLD/TC4xx/CpuGeneric/Pcie/Lib/Cap/IfxPcieLib_Cap.c ****             tableAddr = tableAddr + (msixCap->usedEntries);             /* Get next Table Address *
 524              	 .loc 1 211 13 is_stmt 1
 525              	 .loc 1 211 35 is_stmt 0
 526 0040 0644     	 sh %d4,4
 527              	 .loc 1 211 23
 528 0042 6022     	 mov.a %a2,%d2
 529              	.LVL44:
 530 0044 01240026 	 addsc.a %a2,%a2,%d4,0
 531              	.LVL45:
 212:../Libraries/iLLD/TC4xx/CpuGeneric/Pcie/Lib/Cap/IfxPcieLib_Cap.c **** 
 213:../Libraries/iLLD/TC4xx/CpuGeneric/Pcie/Lib/Cap/IfxPcieLib_Cap.c ****             for (index = 0u; index < msixCfgPtr->numInterrupts; index++)
 532              	 .loc 1 213 13 is_stmt 1
 533              	 .loc 1 213 24 is_stmt 0
 534 0048 8202     	 mov %d2,0
 535              	 .loc 1 213 13
 536 004a 1D000000 	 j .L34
 537              	.LVL46:
 538              	.L35:
 214:../Libraries/iLLD/TC4xx/CpuGeneric/Pcie/Lib/Cap/IfxPcieLib_Cap.c ****             {
 215:../Libraries/iLLD/TC4xx/CpuGeneric/Pcie/Lib/Cap/IfxPcieLib_Cap.c ****                 tableAddr->lowerAddress = (uint32)(msixCfgPtr->address);
 539              	 .loc 1 215 17 is_stmt 1 discriminator 3
 540              	 .loc 1 215 41 is_stmt 0 discriminator 3
 541 004e 19530800 	 ld.w %d3,[%a5]8
 542 0052 7423     	 st.w [%a2]0,%d3
 216:../Libraries/iLLD/TC4xx/CpuGeneric/Pcie/Lib/Cap/IfxPcieLib_Cap.c ****                 tableAddr->upperAddress = (uint32)(msixCfgPtr->address >> 32u);
 543              	 .loc 1 216 17 is_stmt 1 discriminator 3
 544              	 .loc 1 216 41 is_stmt 0 discriminator 3
 545 0054 19530C00 	 ld.w %d3,[%a5]12
 546 0058 59230400 	 st.w [%a2]4,%d3
 217:../Libraries/iLLD/TC4xx/CpuGeneric/Pcie/Lib/Cap/IfxPcieLib_Cap.c ****                 tableAddr->data         = msixCfgPtr->dataPattern + index;  /* Data is unique for e
 547              	 .loc 1 217 17 is_stmt 1 discriminator 3
 548              	 .loc 1 217 53 is_stmt 0 discriminator 3
 549 005c B9531000 	 ld.hu %d3,[%a5]16
 550              	 .loc 1 217 67 discriminator 3
 551 0060 4223     	 add %d3,%d2
 552              	 .loc 1 217 41 discriminator 3
 553 0062 59230800 	 st.w [%a2]8,%d3
 218:../Libraries/iLLD/TC4xx/CpuGeneric/Pcie/Lib/Cap/IfxPcieLib_Cap.c ****                 tableAddr->vectorCtrl   = 0x0u;                             /* do not mask */
 554              	 .loc 1 218 17 is_stmt 1 discriminator 3
 555              	 .loc 1 218 41 is_stmt 0 discriminator 3
 556 0066 8203     	 mov %d3,0
 557 0068 59230C00 	 st.w [%a2]12,%d3
 219:../Libraries/iLLD/TC4xx/CpuGeneric/Pcie/Lib/Cap/IfxPcieLib_Cap.c ****                 msixCap->usedEntries++;                                     /* Used one entry */
 558              	 .loc 1 219 17 is_stmt 1 discriminator 3
 559              	 .loc 1 219 24 is_stmt 0 discriminator 3
 560 006c B9430800 	 ld.hu %d3,[%a4]8
 561              	 .loc 1 219 37 discriminator 3
 562 0070 C213     	 add %d3,1
 563 0072 F9430800 	 st.h [%a4]8,%d3
 220:../Libraries/iLLD/TC4xx/CpuGeneric/Pcie/Lib/Cap/IfxPcieLib_Cap.c ****                 tableAddr++;
 564              	 .loc 1 220 17 is_stmt 1 discriminator 3
 565              	 .loc 1 220 26 is_stmt 0 discriminator 3
 566 0076 D9221000 	 lea %a2,[%a2]16
 567              	.LVL47:
 213:../Libraries/iLLD/TC4xx/CpuGeneric/Pcie/Lib/Cap/IfxPcieLib_Cap.c ****             {
 568              	 .loc 1 213 70 is_stmt 1 discriminator 3
 569 007a C212     	 add %d2,1
 570              	.LVL48:
 571 007c 37027020 	 extr.u %d2,%d2,0,16
 572              	.LVL49:
 573              	.L34:
 213:../Libraries/iLLD/TC4xx/CpuGeneric/Pcie/Lib/Cap/IfxPcieLib_Cap.c ****             {
 574              	 .loc 1 213 36 discriminator 1
 213:../Libraries/iLLD/TC4xx/CpuGeneric/Pcie/Lib/Cap/IfxPcieLib_Cap.c ****             {
 575              	 .loc 1 213 48 is_stmt 0 discriminator 1
 576 0080 B9531200 	 ld.hu %d3,[%a5]18
 213:../Libraries/iLLD/TC4xx/CpuGeneric/Pcie/Lib/Cap/IfxPcieLib_Cap.c ****             {
 577              	 .loc 1 213 36 discriminator 1
 578 0084 3F320080 	 jlt.u %d2,%d3,.L35
 221:../Libraries/iLLD/TC4xx/CpuGeneric/Pcie/Lib/Cap/IfxPcieLib_Cap.c ****             }
 222:../Libraries/iLLD/TC4xx/CpuGeneric/Pcie/Lib/Cap/IfxPcieLib_Cap.c **** 
 223:../Libraries/iLLD/TC4xx/CpuGeneric/Pcie/Lib/Cap/IfxPcieLib_Cap.c ****             status = IfxPcie_Status_success;
 579              	 .loc 1 223 20
 580 0088 8202     	 mov %d2,0
 581              	.LVL50:
 582 008a 0090     	 ret 
 583              	.LVL51:
 584              	.L36:
 191:../Libraries/iLLD/TC4xx/CpuGeneric/Pcie/Lib/Cap/IfxPcieLib_Cap.c ****     IfxPcieCap_MsixCap              *capPtr    = msixCfgPtr->capPtr;
 585              	 .loc 1 191 38
 586 008c 8212     	 mov %d2,1
 587              	.LVL52:
 588 008e 0090     	 ret 
 589              	.LVL53:
 590              	.L37:
 591 0090 8212     	 mov %d2,1
 592              	.LVL54:
 593 0092 0090     	 ret 
 594              	.LVL55:
 595              	.L38:
 596 0094 8212     	 mov %d2,1
 597              	.LVL56:
 224:../Libraries/iLLD/TC4xx/CpuGeneric/Pcie/Lib/Cap/IfxPcieLib_Cap.c ****             /* NOTE: MSIX is not enabled here, enable separately */
 225:../Libraries/iLLD/TC4xx/CpuGeneric/Pcie/Lib/Cap/IfxPcieLib_Cap.c ****         }
 226:../Libraries/iLLD/TC4xx/CpuGeneric/Pcie/Lib/Cap/IfxPcieLib_Cap.c ****     }
 227:../Libraries/iLLD/TC4xx/CpuGeneric/Pcie/Lib/Cap/IfxPcieLib_Cap.c **** 
 228:../Libraries/iLLD/TC4xx/CpuGeneric/Pcie/Lib/Cap/IfxPcieLib_Cap.c ****     return status;
 598              	 .loc 1 228 5 is_stmt 1
 229:../Libraries/iLLD/TC4xx/CpuGeneric/Pcie/Lib/Cap/IfxPcieLib_Cap.c **** }
 599              	 .loc 1 229 1 is_stmt 0
 600 0096 0090     	 ret 
 601              	.LFE352:
 603              	 .global IfxPcieLib_Cap_configureMsixCap_end
 604              	IfxPcieLib_Cap_configureMsixCap_end:
 605              	 .section .text.IfxPcieLib_Cap_configureAerCap,"ax",@progbits
 606              	 .align 1
 607              	 .global IfxPcieLib_Cap_configureAerCap
 609              	IfxPcieLib_Cap_configureAerCap:
 610              	.LFB353:
 230:../Libraries/iLLD/TC4xx/CpuGeneric/Pcie/Lib/Cap/IfxPcieLib_Cap.c **** 
 231:../Libraries/iLLD/TC4xx/CpuGeneric/Pcie/Lib/Cap/IfxPcieLib_Cap.c **** 
 232:../Libraries/iLLD/TC4xx/CpuGeneric/Pcie/Lib/Cap/IfxPcieLib_Cap.c **** IfxPcie_Status IfxPcieLib_Cap_configureAerCap(IfxPcieLib_Cap_Aer *aerCap, IfxPcieLib_Cap_AerCfg *ae
 233:../Libraries/iLLD/TC4xx/CpuGeneric/Pcie/Lib/Cap/IfxPcieLib_Cap.c **** {
 611              	 .loc 1 233 1 is_stmt 1
 612              	.LVL57:
 613 0000 40AE     	 mov.aa %a14,%SP
 614              	.LCFI3:
 615 0002 405C     	 mov.aa %a12,%a5
 234:../Libraries/iLLD/TC4xx/CpuGeneric/Pcie/Lib/Cap/IfxPcieLib_Cap.c ****     IfxPcie_Status     status = IfxPcie_Status_failure;
 616              	 .loc 1 234 5
 617              	.LVL58:
 235:../Libraries/iLLD/TC4xx/CpuGeneric/Pcie/Lib/Cap/IfxPcieLib_Cap.c ****     IfxPcieCap_AerCap *capPtr = aerCfgPtr->capPtr;
 618              	 .loc 1 235 5
 619              	 .loc 1 235 24 is_stmt 0
 620 0004 5458     	 ld.w %d8,[%a5]0
 621              	.LVL59:
 236:../Libraries/iLLD/TC4xx/CpuGeneric/Pcie/Lib/Cap/IfxPcieLib_Cap.c **** 
 237:../Libraries/iLLD/TC4xx/CpuGeneric/Pcie/Lib/Cap/IfxPcieLib_Cap.c ****     if (capPtr != NULL_PTR)
 622              	 .loc 1 237 5 is_stmt 1
 623              	 .loc 1 237 8 is_stmt 0
 624 0006 DF080000 	 jz %d8,.L40
 238:../Libraries/iLLD/TC4xx/CpuGeneric/Pcie/Lib/Cap/IfxPcieLib_Cap.c ****     {
 239:../Libraries/iLLD/TC4xx/CpuGeneric/Pcie/Lib/Cap/IfxPcieLib_Cap.c ****         aerCap->capPtr = capPtr;
 625              	 .loc 1 239 9 is_stmt 1
 626              	 .loc 1 239 24 is_stmt 0
 627 000a 7448     	 st.w [%a4]0,%d8
 240:../Libraries/iLLD/TC4xx/CpuGeneric/Pcie/Lib/Cap/IfxPcieLib_Cap.c **** 
 241:../Libraries/iLLD/TC4xx/CpuGeneric/Pcie/Lib/Cap/IfxPcieLib_Cap.c ****         status        |= IfxPcieCap_setAerCapability(capPtr, IfxPcieCap_AerCapabilities_ecrcCheck, 
 628              	 .loc 1 241 9 is_stmt 1
 629              	 .loc 1 241 26 is_stmt 0
 630 000c 39550500 	 ld.bu %d5,[%a5]5
 631 0010 8214     	 mov %d4,1
 632 0012 6084     	 mov.a %a4,%d8
 633              	.LVL60:
 634 0014 6D000000 	 call IfxPcieCap_setAerCapability
 635              	.LVL61:
 636 0018 0229     	 mov %d9,%d2
 637              	.LVL62:
 242:../Libraries/iLLD/TC4xx/CpuGeneric/Pcie/Lib/Cap/IfxPcieLib_Cap.c ****         status        |= IfxPcieCap_setAerCapability(capPtr, IfxPcieCap_AerCapabilities_ecrcGen, ae
 638              	 .loc 1 242 9 is_stmt 1
 639              	 .loc 1 242 26 is_stmt 0
 640 001a 39C50400 	 ld.bu %d5,[%a12]4
 641 001e 8204     	 mov %d4,0
 642 0020 6084     	 mov.a %a4,%d8
 643 0022 6D000000 	 call IfxPcieCap_setAerCapability
 644              	.LVL63:
 645 0026 8F194091 	 or %d9,%d9,1
 646              	.LVL64:
 647 002a A692     	 or %d2,%d9
 648 002c 8FF20F91 	 and %d9,%d2,255
 649              	.LVL65:
 243:../Libraries/iLLD/TC4xx/CpuGeneric/Pcie/Lib/Cap/IfxPcieLib_Cap.c ****         status        |= IfxPcieCap_setAerCapability(capPtr, IfxPcieCap_AerCapabilities_mulHdrRec, 
 650              	 .loc 1 243 9 is_stmt 1
 651              	 .loc 1 243 26 is_stmt 0
 652 0030 39C50600 	 ld.bu %d5,[%a12]6
 653 0034 8224     	 mov %d4,2
 654 0036 6084     	 mov.a %a4,%d8
 655 0038 6D000000 	 call IfxPcieCap_setAerCapability
 656              	.LVL66:
 657              	 .loc 1 243 23
 658 003c A692     	 or %d2,%d9
 659 003e 8FF20F21 	 and %d2,%d2,255
 660              	.LVL67:
 661 0042 0090     	 ret 
 662              	.LVL68:
 663              	.L40:
 244:../Libraries/iLLD/TC4xx/CpuGeneric/Pcie/Lib/Cap/IfxPcieLib_Cap.c ****     }
 245:../Libraries/iLLD/TC4xx/CpuGeneric/Pcie/Lib/Cap/IfxPcieLib_Cap.c ****     else
 246:../Libraries/iLLD/TC4xx/CpuGeneric/Pcie/Lib/Cap/IfxPcieLib_Cap.c ****     {
 247:../Libraries/iLLD/TC4xx/CpuGeneric/Pcie/Lib/Cap/IfxPcieLib_Cap.c ****         aerCap->capPtr = NULL_PTR;
 664              	 .loc 1 247 9 is_stmt 1
 665              	 .loc 1 247 24 is_stmt 0
 666 0044 8202     	 mov %d2,0
 667 0046 7442     	 st.w [%a4]0,%d2
 234:../Libraries/iLLD/TC4xx/CpuGeneric/Pcie/Lib/Cap/IfxPcieLib_Cap.c ****     IfxPcieCap_AerCap *capPtr = aerCfgPtr->capPtr;
 668              	 .loc 1 234 24
 669 0048 8212     	 mov %d2,1
 248:../Libraries/iLLD/TC4xx/CpuGeneric/Pcie/Lib/Cap/IfxPcieLib_Cap.c ****     }
 249:../Libraries/iLLD/TC4xx/CpuGeneric/Pcie/Lib/Cap/IfxPcieLib_Cap.c **** 
 250:../Libraries/iLLD/TC4xx/CpuGeneric/Pcie/Lib/Cap/IfxPcieLib_Cap.c ****     return status;
 670              	 .loc 1 250 5 is_stmt 1
 251:../Libraries/iLLD/TC4xx/CpuGeneric/Pcie/Lib/Cap/IfxPcieLib_Cap.c **** }
 671              	 .loc 1 251 1 is_stmt 0
 672 004a 0090     	 ret 
 673              	.LFE353:
 675              	 .global IfxPcieLib_Cap_configureAerCap_end
 676              	IfxPcieLib_Cap_configureAerCap_end:
 741              	.Letext0:
 742              	 .file 2 "../Libraries/Infra/Platform/Compilers/Platform_Types.h"
 743              	 .file 3 "../Libraries/iLLD/TC4xx/CpuGeneric/Pcie/Std/IfxPcie.h"
 744              	 .file 4 "../Libraries/iLLD/TC4xx/CpuGeneric/Pcie/Std/IfxPcieDevice.h"
 745              	 .file 5 "../Libraries/iLLD/TC4xx/CpuGeneric/Pcie/Std/IfxPcieCap.h"
 746              	 .file 6 "../Libraries/iLLD/TC4xx/CpuGeneric/Pcie/Lib/Cap/IfxPcieLib_Cap.h"
 9800 0000 00000000 	 .word IfxPcieLib_Cap_probeCapabilities
 9801 0004 00000000 	 .word IfxPcieLib_Cap_probeCapabilities_end
 9802 0008 1C007C44 	 .word 0x447c001c
 9803 000c 00003000 	 .word 0x00300000
 9804 0010 00000000 	 .word 0x00000000
 9805 0014 C0000000 	 .word 0x000000c0
 9806 0018 00000000 	 .word IfxPcieLib_Cap_configureMsiCap
 9807 001c 00000000 	 .word IfxPcieLib_Cap_configureMsiCap_end
 9808 0020 3C003C44 	 .word 0x443c003c
 9809 0024 00003000 	 .word 0x00300000
 9810 0028 04000000 	 .word 0x00000004
 9811 002c C0000000 	 .word 0x000000c0
 9812 0030 00000000 	 .word IfxPcieLib_Cap_configureMsixCap
 9813 0034 00000000 	 .word IfxPcieLib_Cap_configureMsixCap_end
 9814 0038 3C007C44 	 .word 0x447c003c
 9815 003c 00003000 	 .word 0x00300000
 9816 0040 04000000 	 .word 0x00000004
 9817 0044 C0000000 	 .word 0x000000c0
 9818 0048 00000000 	 .word IfxPcieLib_Cap_configureAerCap
 9819 004c 00000000 	 .word IfxPcieLib_Cap_configureAerCap_end
 9820 0050 34033054 	 .word 0x54300334
 9821 0054 00003000 	 .word 0x00300000
 9822 0058 04000000 	 .word 0x00000004
 9823 005c 40000200 	 .word 0x00020040
DEFINED SYMBOLS
                            *ABS*:00000000 IfxPcieLib_Cap.c
                            *ABS*:00000000 IfxPcieLib_Cap.c
    {standard input}:10     .text.IfxPcieLib_Cap_probeCapabilities:00000000 IfxPcieLib_Cap_probeCapabilities
    {standard input}:293    .text.IfxPcieLib_Cap_probeCapabilities:0000019c IfxPcieLib_Cap_probeCapabilities_end
    {standard input}:298    .text.IfxPcieLib_Cap_configureMsiCap:00000000 IfxPcieLib_Cap_configureMsiCap
    {standard input}:461    .text.IfxPcieLib_Cap_configureMsiCap:000000cc IfxPcieLib_Cap_configureMsiCap_end
    {standard input}:466    .text.IfxPcieLib_Cap_configureMsixCap:00000000 IfxPcieLib_Cap_configureMsixCap
    {standard input}:604    .text.IfxPcieLib_Cap_configureMsixCap:00000098 IfxPcieLib_Cap_configureMsixCap_end
    {standard input}:609    .text.IfxPcieLib_Cap_configureAerCap:00000000 IfxPcieLib_Cap_configureAerCap
    {standard input}:676    .text.IfxPcieLib_Cap_configureAerCap:0000004c IfxPcieLib_Cap_configureAerCap_end

UNDEFINED SYMBOLS
IfxPcieCap_setAerCapability
