   1              	
   2              	 .file "IfxApProt.c"
   3              	 .file "IfxApProt.c"
   4              	.section .text,"ax",@progbits
   5              	.Ltext0:
   6              	 .section .text.IfxApProt_init,"ax",@progbits
   7              	 .align 1
   8              	 .global IfxApProt_init
  10              	IfxApProt_init:
  11              	.LFB169:
  12              	 .file 1 "../Libraries/iLLD/TC4xx/CpuGeneric/Ap/Std/IfxApProt.c"
   1:../Libraries/iLLD/TC4xx/CpuGeneric/Ap/Std/IfxApProt.c **** /**
   2:../Libraries/iLLD/TC4xx/CpuGeneric/Ap/Std/IfxApProt.c ****  * \file IfxApProt.c
   3:../Libraries/iLLD/TC4xx/CpuGeneric/Ap/Std/IfxApProt.c ****  * \brief AP  basic functionality
   4:../Libraries/iLLD/TC4xx/CpuGeneric/Ap/Std/IfxApProt.c ****  *
   5:../Libraries/iLLD/TC4xx/CpuGeneric/Ap/Std/IfxApProt.c ****  * \version iLLD-TC4-v2.7.0
   6:../Libraries/iLLD/TC4xx/CpuGeneric/Ap/Std/IfxApProt.c ****  * \copyright Copyright (c) 2026 Infineon Technologies AG. All rights reserved.
   7:../Libraries/iLLD/TC4xx/CpuGeneric/Ap/Std/IfxApProt.c ****  *
   8:../Libraries/iLLD/TC4xx/CpuGeneric/Ap/Std/IfxApProt.c ****  *
   9:../Libraries/iLLD/TC4xx/CpuGeneric/Ap/Std/IfxApProt.c ****  *
  10:../Libraries/iLLD/TC4xx/CpuGeneric/Ap/Std/IfxApProt.c ****  *                                 IMPORTANT NOTICE
  11:../Libraries/iLLD/TC4xx/CpuGeneric/Ap/Std/IfxApProt.c ****  *
  12:../Libraries/iLLD/TC4xx/CpuGeneric/Ap/Std/IfxApProt.c ****  * Infineon Technologies AG (Infineon) licenses this file to you under the
  13:../Libraries/iLLD/TC4xx/CpuGeneric/Ap/Std/IfxApProt.c ****  * Infineon Automotive SW Lab License v2025-01 (IFASLL). You may not use
  14:../Libraries/iLLD/TC4xx/CpuGeneric/Ap/Std/IfxApProt.c ****  * this file except in compliance with IFASLL.
  15:../Libraries/iLLD/TC4xx/CpuGeneric/Ap/Std/IfxApProt.c ****  *
  16:../Libraries/iLLD/TC4xx/CpuGeneric/Ap/Std/IfxApProt.c ****  * The full license text is contained in IFASLL202501.pdf delivered with this SW.
  17:../Libraries/iLLD/TC4xx/CpuGeneric/Ap/Std/IfxApProt.c ****  * Unless required by applicable law or agreed to in writing, software distributed
  18:../Libraries/iLLD/TC4xx/CpuGeneric/Ap/Std/IfxApProt.c ****  * under this license is distributed "AS IS" without any warranty or liability of any
  19:../Libraries/iLLD/TC4xx/CpuGeneric/Ap/Std/IfxApProt.c ****  * kind and Infineon hereby expressly disclaims any warranties or representations,
  20:../Libraries/iLLD/TC4xx/CpuGeneric/Ap/Std/IfxApProt.c ****  * whether express, implied, statutory or otherwise, including but not limited to
  21:../Libraries/iLLD/TC4xx/CpuGeneric/Ap/Std/IfxApProt.c ****  * warranties of workmanship, merchantability, fitness for a particular purpose,
  22:../Libraries/iLLD/TC4xx/CpuGeneric/Ap/Std/IfxApProt.c ****  * defects in the licensed items, or non-infringement of third parties'
  23:../Libraries/iLLD/TC4xx/CpuGeneric/Ap/Std/IfxApProt.c ****  * intellectual property rights. See the full license text for the specific
  24:../Libraries/iLLD/TC4xx/CpuGeneric/Ap/Std/IfxApProt.c ****  * language governing permissions and limitations under IFASLL.
  25:../Libraries/iLLD/TC4xx/CpuGeneric/Ap/Std/IfxApProt.c ****  *
  26:../Libraries/iLLD/TC4xx/CpuGeneric/Ap/Std/IfxApProt.c ****  *
  27:../Libraries/iLLD/TC4xx/CpuGeneric/Ap/Std/IfxApProt.c ****  */
  28:../Libraries/iLLD/TC4xx/CpuGeneric/Ap/Std/IfxApProt.c **** 
  29:../Libraries/iLLD/TC4xx/CpuGeneric/Ap/Std/IfxApProt.c **** /******************************************************************************/
  30:../Libraries/iLLD/TC4xx/CpuGeneric/Ap/Std/IfxApProt.c **** /*----------------------------------Includes----------------------------------*/
  31:../Libraries/iLLD/TC4xx/CpuGeneric/Ap/Std/IfxApProt.c **** /******************************************************************************/
  32:../Libraries/iLLD/TC4xx/CpuGeneric/Ap/Std/IfxApProt.c **** 
  33:../Libraries/iLLD/TC4xx/CpuGeneric/Ap/Std/IfxApProt.c **** #include "IfxApProt.h"
  34:../Libraries/iLLD/TC4xx/CpuGeneric/Ap/Std/IfxApProt.c **** 
  35:../Libraries/iLLD/TC4xx/CpuGeneric/Ap/Std/IfxApProt.c **** /******************************************************************************/
  36:../Libraries/iLLD/TC4xx/CpuGeneric/Ap/Std/IfxApProt.c **** /*-------------------------Function Implementations---------------------------*/
  37:../Libraries/iLLD/TC4xx/CpuGeneric/Ap/Std/IfxApProt.c **** /******************************************************************************/
  38:../Libraries/iLLD/TC4xx/CpuGeneric/Ap/Std/IfxApProt.c **** 
  39:../Libraries/iLLD/TC4xx/CpuGeneric/Ap/Std/IfxApProt.c **** IfxApProt_Status IfxApProt_init(volatile Ifx_PROT_PROT *protReg, IfxApProt_ProtConfig *config)
  40:../Libraries/iLLD/TC4xx/CpuGeneric/Ap/Std/IfxApProt.c **** {
  13              	 .loc 1 40 1
  14              	.LVL0:
  15 0000 40AE     	 mov.aa %a14,%SP
  16              	.LCFI0:
  41:../Libraries/iLLD/TC4xx/CpuGeneric/Ap/Std/IfxApProt.c ****     IfxApProt_Status status = IfxApProt_Status_success;
  17              	 .loc 1 41 5
  18              	.LVL1:
  42:../Libraries/iLLD/TC4xx/CpuGeneric/Ap/Std/IfxApProt.c ****     Ifx_PROT_PROT    prot;
  19              	 .loc 1 42 5
  43:../Libraries/iLLD/TC4xx/CpuGeneric/Ap/Std/IfxApProt.c **** 
  44:../Libraries/iLLD/TC4xx/CpuGeneric/Ap/Std/IfxApProt.c ****     /* TODO Owner check to be implemented */
  45:../Libraries/iLLD/TC4xx/CpuGeneric/Ap/Std/IfxApProt.c **** 
  46:../Libraries/iLLD/TC4xx/CpuGeneric/Ap/Std/IfxApProt.c ****     if (IfxApProt_getState(protReg) == IfxApProt_State_init)
  20              	 .loc 1 46 5
  21              	.LBB6:
  22              	.LBB7:
  23              	 .file 2 "../Libraries/iLLD/TC4xx/CpuGeneric/Ap/Std/IfxApProt.h"
   1:../Libraries/iLLD/TC4xx/CpuGeneric/Ap/Std/IfxApProt.h **** /**
   2:../Libraries/iLLD/TC4xx/CpuGeneric/Ap/Std/IfxApProt.h ****  * \file IfxApProt.h
   3:../Libraries/iLLD/TC4xx/CpuGeneric/Ap/Std/IfxApProt.h ****  * \brief AP basic functionality
   4:../Libraries/iLLD/TC4xx/CpuGeneric/Ap/Std/IfxApProt.h ****  * \ingroup IfxLld_Ap
   5:../Libraries/iLLD/TC4xx/CpuGeneric/Ap/Std/IfxApProt.h ****  *
   6:../Libraries/iLLD/TC4xx/CpuGeneric/Ap/Std/IfxApProt.h ****  * \version iLLD-TC4-v2.7.0
   7:../Libraries/iLLD/TC4xx/CpuGeneric/Ap/Std/IfxApProt.h ****  * \copyright Copyright (c) 2026 Infineon Technologies AG. All rights reserved.
   8:../Libraries/iLLD/TC4xx/CpuGeneric/Ap/Std/IfxApProt.h ****  *
   9:../Libraries/iLLD/TC4xx/CpuGeneric/Ap/Std/IfxApProt.h ****  *
  10:../Libraries/iLLD/TC4xx/CpuGeneric/Ap/Std/IfxApProt.h ****  *
  11:../Libraries/iLLD/TC4xx/CpuGeneric/Ap/Std/IfxApProt.h ****  *                                 IMPORTANT NOTICE
  12:../Libraries/iLLD/TC4xx/CpuGeneric/Ap/Std/IfxApProt.h ****  *
  13:../Libraries/iLLD/TC4xx/CpuGeneric/Ap/Std/IfxApProt.h ****  * Infineon Technologies AG (Infineon) licenses this file to you under the
  14:../Libraries/iLLD/TC4xx/CpuGeneric/Ap/Std/IfxApProt.h ****  * Infineon Automotive SW Lab License v2025-01 (IFASLL). You may not use
  15:../Libraries/iLLD/TC4xx/CpuGeneric/Ap/Std/IfxApProt.h ****  * this file except in compliance with IFASLL.
  16:../Libraries/iLLD/TC4xx/CpuGeneric/Ap/Std/IfxApProt.h ****  *
  17:../Libraries/iLLD/TC4xx/CpuGeneric/Ap/Std/IfxApProt.h ****  * The full license text is contained in IFASLL202501.pdf delivered with this SW.
  18:../Libraries/iLLD/TC4xx/CpuGeneric/Ap/Std/IfxApProt.h ****  * Unless required by applicable law or agreed to in writing, software distributed
  19:../Libraries/iLLD/TC4xx/CpuGeneric/Ap/Std/IfxApProt.h ****  * under this license is distributed "AS IS" without any warranty or liability of any
  20:../Libraries/iLLD/TC4xx/CpuGeneric/Ap/Std/IfxApProt.h ****  * kind and Infineon hereby expressly disclaims any warranties or representations,
  21:../Libraries/iLLD/TC4xx/CpuGeneric/Ap/Std/IfxApProt.h ****  * whether express, implied, statutory or otherwise, including but not limited to
  22:../Libraries/iLLD/TC4xx/CpuGeneric/Ap/Std/IfxApProt.h ****  * warranties of workmanship, merchantability, fitness for a particular purpose,
  23:../Libraries/iLLD/TC4xx/CpuGeneric/Ap/Std/IfxApProt.h ****  * defects in the licensed items, or non-infringement of third parties'
  24:../Libraries/iLLD/TC4xx/CpuGeneric/Ap/Std/IfxApProt.h ****  * intellectual property rights. See the full license text for the specific
  25:../Libraries/iLLD/TC4xx/CpuGeneric/Ap/Std/IfxApProt.h ****  * language governing permissions and limitations under IFASLL.
  26:../Libraries/iLLD/TC4xx/CpuGeneric/Ap/Std/IfxApProt.h ****  *
  27:../Libraries/iLLD/TC4xx/CpuGeneric/Ap/Std/IfxApProt.h ****  *
  28:../Libraries/iLLD/TC4xx/CpuGeneric/Ap/Std/IfxApProt.h ****  * \defgroup IfxLld_Ap_Std_Prot Prot Basic Functionality
  29:../Libraries/iLLD/TC4xx/CpuGeneric/Ap/Std/IfxApProt.h ****  * \ingroup IfxLld_Ap_Std
  30:../Libraries/iLLD/TC4xx/CpuGeneric/Ap/Std/IfxApProt.h ****  * \defgroup IfxLld_Ap_Std_Prot_Default Enumerations
  31:../Libraries/iLLD/TC4xx/CpuGeneric/Ap/Std/IfxApProt.h ****  * \ingroup IfxLld_Ap_Std_Prot
  32:../Libraries/iLLD/TC4xx/CpuGeneric/Ap/Std/IfxApProt.h ****  * \defgroup IfxLld_Ap_Std_Prot_Default Functions
  33:../Libraries/iLLD/TC4xx/CpuGeneric/Ap/Std/IfxApProt.h ****  * \ingroup IfxLld_Ap_Std_Prot
  34:../Libraries/iLLD/TC4xx/CpuGeneric/Ap/Std/IfxApProt.h ****  * \defgroup IfxLld_Ap_Std_Prot_Default Structure
  35:../Libraries/iLLD/TC4xx/CpuGeneric/Ap/Std/IfxApProt.h ****  * \ingroup IfxLld_Ap_Std_Prot
  36:../Libraries/iLLD/TC4xx/CpuGeneric/Ap/Std/IfxApProt.h ****  */
  37:../Libraries/iLLD/TC4xx/CpuGeneric/Ap/Std/IfxApProt.h **** 
  38:../Libraries/iLLD/TC4xx/CpuGeneric/Ap/Std/IfxApProt.h **** #ifndef IFXAPPROT_H
  39:../Libraries/iLLD/TC4xx/CpuGeneric/Ap/Std/IfxApProt.h **** #define IFXAPPROT_H 1
  40:../Libraries/iLLD/TC4xx/CpuGeneric/Ap/Std/IfxApProt.h **** 
  41:../Libraries/iLLD/TC4xx/CpuGeneric/Ap/Std/IfxApProt.h **** /******************************************************************************/
  42:../Libraries/iLLD/TC4xx/CpuGeneric/Ap/Std/IfxApProt.h **** /*----------------------------------Includes----------------------------------*/
  43:../Libraries/iLLD/TC4xx/CpuGeneric/Ap/Std/IfxApProt.h **** /******************************************************************************/
  44:../Libraries/iLLD/TC4xx/CpuGeneric/Ap/Std/IfxApProt.h **** 
  45:../Libraries/iLLD/TC4xx/CpuGeneric/Ap/Std/IfxApProt.h **** #include "_Impl/IfxAp_cfg.h"
  46:../Libraries/iLLD/TC4xx/CpuGeneric/Ap/Std/IfxApProt.h **** #include "IfxProt_bf.h"
  47:../Libraries/iLLD/TC4xx/CpuGeneric/Ap/Std/IfxApProt.h **** #include "IfxProt_reg.h"
  48:../Libraries/iLLD/TC4xx/CpuGeneric/Ap/Std/IfxApProt.h **** 
  49:../Libraries/iLLD/TC4xx/CpuGeneric/Ap/Std/IfxApProt.h **** /******************************************************************************/
  50:../Libraries/iLLD/TC4xx/CpuGeneric/Ap/Std/IfxApProt.h **** /*-----------------------------------Macros-----------------------------------*/
  51:../Libraries/iLLD/TC4xx/CpuGeneric/Ap/Std/IfxApProt.h **** /******************************************************************************/
  52:../Libraries/iLLD/TC4xx/CpuGeneric/Ap/Std/IfxApProt.h **** 
  53:../Libraries/iLLD/TC4xx/CpuGeneric/Ap/Std/IfxApProt.h **** #define IFXAPPROT_SEL_OFFSET (8U)
  54:../Libraries/iLLD/TC4xx/CpuGeneric/Ap/Std/IfxApProt.h **** 
  55:../Libraries/iLLD/TC4xx/CpuGeneric/Ap/Std/IfxApProt.h **** /******************************************************************************/
  56:../Libraries/iLLD/TC4xx/CpuGeneric/Ap/Std/IfxApProt.h **** /*--------------------------------Enumerations--------------------------------*/
  57:../Libraries/iLLD/TC4xx/CpuGeneric/Ap/Std/IfxApProt.h **** /******************************************************************************/
  58:../Libraries/iLLD/TC4xx/CpuGeneric/Ap/Std/IfxApProt.h **** 
  59:../Libraries/iLLD/TC4xx/CpuGeneric/Ap/Std/IfxApProt.h **** /** \addtogroup IfxLld_Ap_Std_Prot_Default
  60:../Libraries/iLLD/TC4xx/CpuGeneric/Ap/Std/IfxApProt.h ****  * \{ */
  61:../Libraries/iLLD/TC4xx/CpuGeneric/Ap/Std/IfxApProt.h **** /** \brief PRS ( Protection set definition ) of the owner
  62:../Libraries/iLLD/TC4xx/CpuGeneric/Ap/Std/IfxApProt.h ****  */
  63:../Libraries/iLLD/TC4xx/CpuGeneric/Ap/Std/IfxApProt.h **** typedef enum
  64:../Libraries/iLLD/TC4xx/CpuGeneric/Ap/Std/IfxApProt.h **** {
  65:../Libraries/iLLD/TC4xx/CpuGeneric/Ap/Std/IfxApProt.h ****     IfxApProt_PrsId_0 = 0,
  66:../Libraries/iLLD/TC4xx/CpuGeneric/Ap/Std/IfxApProt.h ****     IfxApProt_PrsId_1,
  67:../Libraries/iLLD/TC4xx/CpuGeneric/Ap/Std/IfxApProt.h ****     IfxApProt_PrsId_2,
  68:../Libraries/iLLD/TC4xx/CpuGeneric/Ap/Std/IfxApProt.h ****     IfxApProt_PrsId_3,
  69:../Libraries/iLLD/TC4xx/CpuGeneric/Ap/Std/IfxApProt.h ****     IfxApProt_PrsId_4,
  70:../Libraries/iLLD/TC4xx/CpuGeneric/Ap/Std/IfxApProt.h ****     IfxApProt_PrsId_5,
  71:../Libraries/iLLD/TC4xx/CpuGeneric/Ap/Std/IfxApProt.h ****     IfxApProt_PrsId_6,
  72:../Libraries/iLLD/TC4xx/CpuGeneric/Ap/Std/IfxApProt.h ****     IfxApProt_PrsId_7
  73:../Libraries/iLLD/TC4xx/CpuGeneric/Ap/Std/IfxApProt.h **** } IfxApProt_PrsId;
  74:../Libraries/iLLD/TC4xx/CpuGeneric/Ap/Std/IfxApProt.h **** 
  75:../Libraries/iLLD/TC4xx/CpuGeneric/Ap/Std/IfxApProt.h **** /** \brief PROT state definition
  76:../Libraries/iLLD/TC4xx/CpuGeneric/Ap/Std/IfxApProt.h ****  */
  77:../Libraries/iLLD/TC4xx/CpuGeneric/Ap/Std/IfxApProt.h **** typedef enum
  78:../Libraries/iLLD/TC4xx/CpuGeneric/Ap/Std/IfxApProt.h **** {
  79:../Libraries/iLLD/TC4xx/CpuGeneric/Ap/Std/IfxApProt.h ****     IfxApProt_State_init = 0,
  80:../Libraries/iLLD/TC4xx/CpuGeneric/Ap/Std/IfxApProt.h ****     IfxApProt_State_config,
  81:../Libraries/iLLD/TC4xx/CpuGeneric/Ap/Std/IfxApProt.h ****     IfxApProt_State_configSec,
  82:../Libraries/iLLD/TC4xx/CpuGeneric/Ap/Std/IfxApProt.h ****     IfxApProt_State_checkSec,
  83:../Libraries/iLLD/TC4xx/CpuGeneric/Ap/Std/IfxApProt.h ****     IfxApProt_State_run,
  84:../Libraries/iLLD/TC4xx/CpuGeneric/Ap/Std/IfxApProt.h ****     IfxApProt_State_runSec,
  85:../Libraries/iLLD/TC4xx/CpuGeneric/Ap/Std/IfxApProt.h ****     IfxApProt_State_runLock,
  86:../Libraries/iLLD/TC4xx/CpuGeneric/Ap/Std/IfxApProt.h ****     IfxApProt_State_runLockAlias
  87:../Libraries/iLLD/TC4xx/CpuGeneric/Ap/Std/IfxApProt.h **** } IfxApProt_State;
  88:../Libraries/iLLD/TC4xx/CpuGeneric/Ap/Std/IfxApProt.h **** 
  89:../Libraries/iLLD/TC4xx/CpuGeneric/Ap/Std/IfxApProt.h **** /** \brief PROT status definitions
  90:../Libraries/iLLD/TC4xx/CpuGeneric/Ap/Std/IfxApProt.h ****  */
  91:../Libraries/iLLD/TC4xx/CpuGeneric/Ap/Std/IfxApProt.h **** typedef enum
  92:../Libraries/iLLD/TC4xx/CpuGeneric/Ap/Std/IfxApProt.h **** {
  93:../Libraries/iLLD/TC4xx/CpuGeneric/Ap/Std/IfxApProt.h ****     IfxApProt_Status_success = 0,
  94:../Libraries/iLLD/TC4xx/CpuGeneric/Ap/Std/IfxApProt.h ****     IfxApProt_Status_inValidStateTransition,
  95:../Libraries/iLLD/TC4xx/CpuGeneric/Ap/Std/IfxApProt.h ****     IfxApProt_Status_nonInitState,
  96:../Libraries/iLLD/TC4xx/CpuGeneric/Ap/Std/IfxApProt.h ****     IfxApProt_Status_initState,
  97:../Libraries/iLLD/TC4xx/CpuGeneric/Ap/Std/IfxApProt.h ****     IfxApProt_Status_notOwner
  98:../Libraries/iLLD/TC4xx/CpuGeneric/Ap/Std/IfxApProt.h **** } IfxApProt_Status;
  99:../Libraries/iLLD/TC4xx/CpuGeneric/Ap/Std/IfxApProt.h **** 
 100:../Libraries/iLLD/TC4xx/CpuGeneric/Ap/Std/IfxApProt.h **** /** \brief PROT Virtual Machine Id definition
 101:../Libraries/iLLD/TC4xx/CpuGeneric/Ap/Std/IfxApProt.h ****  */
 102:../Libraries/iLLD/TC4xx/CpuGeneric/Ap/Std/IfxApProt.h **** typedef enum
 103:../Libraries/iLLD/TC4xx/CpuGeneric/Ap/Std/IfxApProt.h **** {
 104:../Libraries/iLLD/TC4xx/CpuGeneric/Ap/Std/IfxApProt.h ****     IfxApProt_VmId_0 = 0,
 105:../Libraries/iLLD/TC4xx/CpuGeneric/Ap/Std/IfxApProt.h ****     IfxApProt_VmId_1,
 106:../Libraries/iLLD/TC4xx/CpuGeneric/Ap/Std/IfxApProt.h ****     IfxApProt_VmId_2,
 107:../Libraries/iLLD/TC4xx/CpuGeneric/Ap/Std/IfxApProt.h ****     IfxApProt_VmId_3,
 108:../Libraries/iLLD/TC4xx/CpuGeneric/Ap/Std/IfxApProt.h ****     IfxApProt_VmId_4,
 109:../Libraries/iLLD/TC4xx/CpuGeneric/Ap/Std/IfxApProt.h ****     IfxApProt_VmId_5,
 110:../Libraries/iLLD/TC4xx/CpuGeneric/Ap/Std/IfxApProt.h ****     IfxApProt_VmId_6,
 111:../Libraries/iLLD/TC4xx/CpuGeneric/Ap/Std/IfxApProt.h ****     IfxApProt_VmId_7
 112:../Libraries/iLLD/TC4xx/CpuGeneric/Ap/Std/IfxApProt.h **** } IfxApProt_VmId;
 113:../Libraries/iLLD/TC4xx/CpuGeneric/Ap/Std/IfxApProt.h **** 
 114:../Libraries/iLLD/TC4xx/CpuGeneric/Ap/Std/IfxApProt.h **** /** \} */
 115:../Libraries/iLLD/TC4xx/CpuGeneric/Ap/Std/IfxApProt.h **** 
 116:../Libraries/iLLD/TC4xx/CpuGeneric/Ap/Std/IfxApProt.h **** /******************************************************************************/
 117:../Libraries/iLLD/TC4xx/CpuGeneric/Ap/Std/IfxApProt.h **** /*-----------------------------Data Structures--------------------------------*/
 118:../Libraries/iLLD/TC4xx/CpuGeneric/Ap/Std/IfxApProt.h **** /******************************************************************************/
 119:../Libraries/iLLD/TC4xx/CpuGeneric/Ap/Std/IfxApProt.h **** 
 120:../Libraries/iLLD/TC4xx/CpuGeneric/Ap/Std/IfxApProt.h **** /** \addtogroup IfxLld_Ap_Std_Prot_Default
 121:../Libraries/iLLD/TC4xx/CpuGeneric/Ap/Std/IfxApProt.h ****  * \{ */
 122:../Libraries/iLLD/TC4xx/CpuGeneric/Ap/Std/IfxApProt.h **** /** \brief Configuration data structure of the owner
 123:../Libraries/iLLD/TC4xx/CpuGeneric/Ap/Std/IfxApProt.h ****  */
 124:../Libraries/iLLD/TC4xx/CpuGeneric/Ap/Std/IfxApProt.h **** typedef struct
 125:../Libraries/iLLD/TC4xx/CpuGeneric/Ap/Std/IfxApProt.h **** {
 126:../Libraries/iLLD/TC4xx/CpuGeneric/Ap/Std/IfxApProt.h ****     IfxApProt_TagId tagId;
 127:../Libraries/iLLD/TC4xx/CpuGeneric/Ap/Std/IfxApProt.h ****     IfxApProt_VmId  vmId;
 128:../Libraries/iLLD/TC4xx/CpuGeneric/Ap/Std/IfxApProt.h ****     IfxApProt_PrsId protectionSet;
 129:../Libraries/iLLD/TC4xx/CpuGeneric/Ap/Std/IfxApProt.h ****     unsigned char   protectionSetEnable;
 130:../Libraries/iLLD/TC4xx/CpuGeneric/Ap/Std/IfxApProt.h ****     unsigned char   ownerDefined;
 131:../Libraries/iLLD/TC4xx/CpuGeneric/Ap/Std/IfxApProt.h ****     unsigned char   vmEnable;
 132:../Libraries/iLLD/TC4xx/CpuGeneric/Ap/Std/IfxApProt.h **** } IfxApProt_Owner;
 133:../Libraries/iLLD/TC4xx/CpuGeneric/Ap/Std/IfxApProt.h **** 
 134:../Libraries/iLLD/TC4xx/CpuGeneric/Ap/Std/IfxApProt.h **** /** \} */
 135:../Libraries/iLLD/TC4xx/CpuGeneric/Ap/Std/IfxApProt.h **** 
 136:../Libraries/iLLD/TC4xx/CpuGeneric/Ap/Std/IfxApProt.h **** /** \addtogroup IfxLld_Ap_Std_Prot_Default
 137:../Libraries/iLLD/TC4xx/CpuGeneric/Ap/Std/IfxApProt.h ****  * \{ */
 138:../Libraries/iLLD/TC4xx/CpuGeneric/Ap/Std/IfxApProt.h **** /** \brief Configuration data structure of the PROT
 139:../Libraries/iLLD/TC4xx/CpuGeneric/Ap/Std/IfxApProt.h ****  */
 140:../Libraries/iLLD/TC4xx/CpuGeneric/Ap/Std/IfxApProt.h **** typedef struct
 141:../Libraries/iLLD/TC4xx/CpuGeneric/Ap/Std/IfxApProt.h **** {
 142:../Libraries/iLLD/TC4xx/CpuGeneric/Ap/Std/IfxApProt.h ****     IfxApProt_Owner protOwner;
 143:../Libraries/iLLD/TC4xx/CpuGeneric/Ap/Std/IfxApProt.h ****     IfxApProt_State protState;
 144:../Libraries/iLLD/TC4xx/CpuGeneric/Ap/Std/IfxApProt.h **** } IfxApProt_ProtConfig;
 145:../Libraries/iLLD/TC4xx/CpuGeneric/Ap/Std/IfxApProt.h **** 
 146:../Libraries/iLLD/TC4xx/CpuGeneric/Ap/Std/IfxApProt.h **** /** \} */
 147:../Libraries/iLLD/TC4xx/CpuGeneric/Ap/Std/IfxApProt.h **** 
 148:../Libraries/iLLD/TC4xx/CpuGeneric/Ap/Std/IfxApProt.h **** /** \addtogroup IfxLld_Ap_Std_Prot_Default
 149:../Libraries/iLLD/TC4xx/CpuGeneric/Ap/Std/IfxApProt.h ****  * \{ */
 150:../Libraries/iLLD/TC4xx/CpuGeneric/Ap/Std/IfxApProt.h **** 
 151:../Libraries/iLLD/TC4xx/CpuGeneric/Ap/Std/IfxApProt.h **** /******************************************************************************/
 152:../Libraries/iLLD/TC4xx/CpuGeneric/Ap/Std/IfxApProt.h **** /*-------------------------Inline Function Prototypes-------------------------*/
 153:../Libraries/iLLD/TC4xx/CpuGeneric/Ap/Std/IfxApProt.h **** /******************************************************************************/
 154:../Libraries/iLLD/TC4xx/CpuGeneric/Ap/Std/IfxApProt.h **** 
 155:../Libraries/iLLD/TC4xx/CpuGeneric/Ap/Std/IfxApProt.h **** /** \brief Returns the current state of the respective PROT module
 156:../Libraries/iLLD/TC4xx/CpuGeneric/Ap/Std/IfxApProt.h ****  * \param protReg pointer to the PROT register
 157:../Libraries/iLLD/TC4xx/CpuGeneric/Ap/Std/IfxApProt.h ****  * \return the state of the respective PROT
 158:../Libraries/iLLD/TC4xx/CpuGeneric/Ap/Std/IfxApProt.h ****  */
 159:../Libraries/iLLD/TC4xx/CpuGeneric/Ap/Std/IfxApProt.h **** IFX_INLINE IfxApProt_State IfxApProt_getState(volatile Ifx_PROT_PROT *protReg);
 160:../Libraries/iLLD/TC4xx/CpuGeneric/Ap/Std/IfxApProt.h **** 
 161:../Libraries/iLLD/TC4xx/CpuGeneric/Ap/Std/IfxApProt.h **** /** \brief Returns the current owner of the respective PROT module
 162:../Libraries/iLLD/TC4xx/CpuGeneric/Ap/Std/IfxApProt.h ****  * \param protReg pointer to the PROT register
 163:../Libraries/iLLD/TC4xx/CpuGeneric/Ap/Std/IfxApProt.h ****  * \param owner Configuration structure of owner
 164:../Libraries/iLLD/TC4xx/CpuGeneric/Ap/Std/IfxApProt.h ****  * \return None
 165:../Libraries/iLLD/TC4xx/CpuGeneric/Ap/Std/IfxApProt.h ****  */
 166:../Libraries/iLLD/TC4xx/CpuGeneric/Ap/Std/IfxApProt.h **** IFX_INLINE void IfxApProt_getOwner(volatile Ifx_PROT_PROT *protReg, IfxApProt_Owner *owner);
 167:../Libraries/iLLD/TC4xx/CpuGeneric/Ap/Std/IfxApProt.h **** 
 168:../Libraries/iLLD/TC4xx/CpuGeneric/Ap/Std/IfxApProt.h **** /** \brief Configures the set of region protected registers to be written from shadow set
 169:../Libraries/iLLD/TC4xx/CpuGeneric/Ap/Std/IfxApProt.h ****  * \param protReg pointer to the PROT register
 170:../Libraries/iLLD/TC4xx/CpuGeneric/Ap/Std/IfxApProt.h ****  * \param selVal which set of registers should be written
 171:../Libraries/iLLD/TC4xx/CpuGeneric/Ap/Std/IfxApProt.h ****  * \return None
 172:../Libraries/iLLD/TC4xx/CpuGeneric/Ap/Std/IfxApProt.h ****  */
 173:../Libraries/iLLD/TC4xx/CpuGeneric/Ap/Std/IfxApProt.h **** IFX_INLINE void IfxApProt_setProtectionRegionSelect(volatile Ifx_PROT_PROT *protReg, unsigned char 
 174:../Libraries/iLLD/TC4xx/CpuGeneric/Ap/Std/IfxApProt.h **** 
 175:../Libraries/iLLD/TC4xx/CpuGeneric/Ap/Std/IfxApProt.h **** /** \brief Transitions the state without any valid state checks
 176:../Libraries/iLLD/TC4xx/CpuGeneric/Ap/Std/IfxApProt.h ****  * \param protReg pointer to the PROT register
 177:../Libraries/iLLD/TC4xx/CpuGeneric/Ap/Std/IfxApProt.h ****  * \param state the state to be transitioned into for the respective PROT
 178:../Libraries/iLLD/TC4xx/CpuGeneric/Ap/Std/IfxApProt.h ****  * \return None
 179:../Libraries/iLLD/TC4xx/CpuGeneric/Ap/Std/IfxApProt.h ****  */
 180:../Libraries/iLLD/TC4xx/CpuGeneric/Ap/Std/IfxApProt.h **** IFX_INLINE void IfxApProt_transitionState(volatile Ifx_PROT_PROT *protReg, IfxApProt_State state);
 181:../Libraries/iLLD/TC4xx/CpuGeneric/Ap/Std/IfxApProt.h **** 
 182:../Libraries/iLLD/TC4xx/CpuGeneric/Ap/Std/IfxApProt.h **** /******************************************************************************/
 183:../Libraries/iLLD/TC4xx/CpuGeneric/Ap/Std/IfxApProt.h **** /*-------------------------Global Function Prototypes-------------------------*/
 184:../Libraries/iLLD/TC4xx/CpuGeneric/Ap/Std/IfxApProt.h **** /******************************************************************************/
 185:../Libraries/iLLD/TC4xx/CpuGeneric/Ap/Std/IfxApProt.h **** 
 186:../Libraries/iLLD/TC4xx/CpuGeneric/Ap/Std/IfxApProt.h **** /** \brief Initializes the Owner for the corresponding PROT and transitions the state to RUN or RUN
 187:../Libraries/iLLD/TC4xx/CpuGeneric/Ap/Std/IfxApProt.h ****  * This API will return status as not owner in case the wrong owner is trying to modify the state
 188:../Libraries/iLLD/TC4xx/CpuGeneric/Ap/Std/IfxApProt.h ****  * This API will return status as invalid Transition in case it is not a valid transition
 189:../Libraries/iLLD/TC4xx/CpuGeneric/Ap/Std/IfxApProt.h ****  * This API will return status as success in case it was successful
 190:../Libraries/iLLD/TC4xx/CpuGeneric/Ap/Std/IfxApProt.h ****  * \param protReg pointer to the PROT register
 191:../Libraries/iLLD/TC4xx/CpuGeneric/Ap/Std/IfxApProt.h ****  * \param config config pointer to the default Prot configuration structure. This includes the owne
 192:../Libraries/iLLD/TC4xx/CpuGeneric/Ap/Std/IfxApProt.h ****  * \return the status of the PROT initialization
 193:../Libraries/iLLD/TC4xx/CpuGeneric/Ap/Std/IfxApProt.h ****  */
 194:../Libraries/iLLD/TC4xx/CpuGeneric/Ap/Std/IfxApProt.h **** IFX_EXTERN IfxApProt_Status IfxApProt_init(volatile Ifx_PROT_PROT *protReg, IfxApProt_ProtConfig *c
 195:../Libraries/iLLD/TC4xx/CpuGeneric/Ap/Std/IfxApProt.h **** 
 196:../Libraries/iLLD/TC4xx/CpuGeneric/Ap/Std/IfxApProt.h **** /** \brief Initializes the default configuration for the PROT
 197:../Libraries/iLLD/TC4xx/CpuGeneric/Ap/Std/IfxApProt.h ****  * \param config config pointer to the default Prot configuration structure. This includes the owne
 198:../Libraries/iLLD/TC4xx/CpuGeneric/Ap/Std/IfxApProt.h ****  * \return None
 199:../Libraries/iLLD/TC4xx/CpuGeneric/Ap/Std/IfxApProt.h ****  */
 200:../Libraries/iLLD/TC4xx/CpuGeneric/Ap/Std/IfxApProt.h **** IFX_EXTERN void IfxApProt_initConfig(IfxApProt_ProtConfig *config);
 201:../Libraries/iLLD/TC4xx/CpuGeneric/Ap/Std/IfxApProt.h **** 
 202:../Libraries/iLLD/TC4xx/CpuGeneric/Ap/Std/IfxApProt.h **** /** \brief Configure the state for the corresponding PROT. If the PROT is in Init state, then this 
 203:../Libraries/iLLD/TC4xx/CpuGeneric/Ap/Std/IfxApProt.h ****  * This API will return status as not owner in case the wrong owner is trying to modify the state
 204:../Libraries/iLLD/TC4xx/CpuGeneric/Ap/Std/IfxApProt.h ****  * This API will return status as invalid Transition in case it is not a valid transition
 205:../Libraries/iLLD/TC4xx/CpuGeneric/Ap/Std/IfxApProt.h ****  * This API will return status as success in case it was successful
 206:../Libraries/iLLD/TC4xx/CpuGeneric/Ap/Std/IfxApProt.h ****  * \param protReg pointer to the PROT register
 207:../Libraries/iLLD/TC4xx/CpuGeneric/Ap/Std/IfxApProt.h ****  * \param state the state to be transitioned into for the respective PROT
 208:../Libraries/iLLD/TC4xx/CpuGeneric/Ap/Std/IfxApProt.h ****  * \return The status of the PROT set state API
 209:../Libraries/iLLD/TC4xx/CpuGeneric/Ap/Std/IfxApProt.h ****  */
 210:../Libraries/iLLD/TC4xx/CpuGeneric/Ap/Std/IfxApProt.h **** IFX_EXTERN IfxApProt_Status IfxApProt_setState(volatile Ifx_PROT_PROT *protReg, IfxApProt_State sta
 211:../Libraries/iLLD/TC4xx/CpuGeneric/Ap/Std/IfxApProt.h **** 
 212:../Libraries/iLLD/TC4xx/CpuGeneric/Ap/Std/IfxApProt.h **** /** \brief Configure the owner for the corresponding PROT. This API will not transition the state o
 213:../Libraries/iLLD/TC4xx/CpuGeneric/Ap/Std/IfxApProt.h ****  * This API will return status as not owner in case the wrong owner is trying to modify the state
 214:../Libraries/iLLD/TC4xx/CpuGeneric/Ap/Std/IfxApProt.h ****  * This API will return status as success in case it was successful
 215:../Libraries/iLLD/TC4xx/CpuGeneric/Ap/Std/IfxApProt.h ****  * \param protReg pointer to the PROT register
 216:../Libraries/iLLD/TC4xx/CpuGeneric/Ap/Std/IfxApProt.h ****  * \param owner pointer to the owner to be configured for the respective PROT
 217:../Libraries/iLLD/TC4xx/CpuGeneric/Ap/Std/IfxApProt.h ****  * \return The status of the PROT set state API
 218:../Libraries/iLLD/TC4xx/CpuGeneric/Ap/Std/IfxApProt.h ****  */
 219:../Libraries/iLLD/TC4xx/CpuGeneric/Ap/Std/IfxApProt.h **** IFX_EXTERN IfxApProt_Status IfxApProt_setOwner(volatile Ifx_PROT_PROT *protReg, IfxApProt_Owner *ow
 220:../Libraries/iLLD/TC4xx/CpuGeneric/Ap/Std/IfxApProt.h **** 
 221:../Libraries/iLLD/TC4xx/CpuGeneric/Ap/Std/IfxApProt.h **** /** \} */
 222:../Libraries/iLLD/TC4xx/CpuGeneric/Ap/Std/IfxApProt.h **** 
 223:../Libraries/iLLD/TC4xx/CpuGeneric/Ap/Std/IfxApProt.h **** /******************************************************************************/
 224:../Libraries/iLLD/TC4xx/CpuGeneric/Ap/Std/IfxApProt.h **** /*---------------------Inline Function Implementations------------------------*/
 225:../Libraries/iLLD/TC4xx/CpuGeneric/Ap/Std/IfxApProt.h **** /******************************************************************************/
 226:../Libraries/iLLD/TC4xx/CpuGeneric/Ap/Std/IfxApProt.h **** 
 227:../Libraries/iLLD/TC4xx/CpuGeneric/Ap/Std/IfxApProt.h **** IFX_INLINE IfxApProt_State IfxApProt_getState(volatile Ifx_PROT_PROT *protReg)
 228:../Libraries/iLLD/TC4xx/CpuGeneric/Ap/Std/IfxApProt.h **** {
 229:../Libraries/iLLD/TC4xx/CpuGeneric/Ap/Std/IfxApProt.h ****     return (IfxApProt_State)(protReg->B.STATE);
  24              	 .loc 2 229 5
  25              	 .loc 2 229 40 is_stmt 0
  26 0002 5442     	 ld.w %d2,[%a4]0
  27 0004 8F720021 	 and %d2,%d2,7
  28              	.LVL2:
  29              	.LBE7:
  30              	.LBE6:
  31              	 .loc 1 46 8
  32 0008 DF020080 	 jnz %d2,.L5
  47:../Libraries/iLLD/TC4xx/CpuGeneric/Ap/Std/IfxApProt.c ****     {
  48:../Libraries/iLLD/TC4xx/CpuGeneric/Ap/Std/IfxApProt.c ****         prot.B.TAGID = config->protOwner.tagId;
  33              	 .loc 1 48 9 is_stmt 1
  34              	 .loc 1 48 41 is_stmt 0
  35 000c 5452     	 ld.w %d2,[%a5]0
  36              	 .loc 1 48 22
  37 000e 8203     	 mov %d3,0
  38              	.LVL3:
  39 0010 3723063C 	 insert %d3,%d3,%d2,24,6
  40              	.LVL4:
  49:../Libraries/iLLD/TC4xx/CpuGeneric/Ap/Std/IfxApProt.c ****         prot.B.PRSEN = config->protOwner.protectionSetEnable;
  41              	 .loc 1 49 9 is_stmt 1
  42              	 .loc 1 49 41 is_stmt 0
  43 0014 39540C00 	 ld.bu %d4,[%a5]12
  44              	 .loc 1 49 22
  45 0018 67431730 	 ins.t %d3,%d3,23,%d4,0
  50:../Libraries/iLLD/TC4xx/CpuGeneric/Ap/Std/IfxApProt.c ****         prot.B.VMEN  = config->protOwner.vmEnable;
  46              	 .loc 1 50 9 is_stmt 1
  47              	 .loc 1 50 41 is_stmt 0
  48 001c 39520E00 	 ld.bu %d2,[%a5]14
  49              	 .loc 1 50 22
  50 0020 67231330 	 ins.t %d3,%d3,19,%d2,0
  51:../Libraries/iLLD/TC4xx/CpuGeneric/Ap/Std/IfxApProt.c **** 
  52:../Libraries/iLLD/TC4xx/CpuGeneric/Ap/Std/IfxApProt.c ****         if (config->protOwner.protectionSetEnable == 1U)
  51              	 .loc 1 52 9 is_stmt 1
  52              	 .loc 1 52 12 is_stmt 0
  53 0024 DF140000 	 jeq %d4,1,.L6
  54              	.L3:
  53:../Libraries/iLLD/TC4xx/CpuGeneric/Ap/Std/IfxApProt.c ****         {
  54:../Libraries/iLLD/TC4xx/CpuGeneric/Ap/Std/IfxApProt.c ****             prot.B.PRS = config->protOwner.protectionSet;
  55:../Libraries/iLLD/TC4xx/CpuGeneric/Ap/Std/IfxApProt.c ****         }
  56:../Libraries/iLLD/TC4xx/CpuGeneric/Ap/Std/IfxApProt.c **** 
  57:../Libraries/iLLD/TC4xx/CpuGeneric/Ap/Std/IfxApProt.c ****         if (config->protOwner.vmEnable == 1U)
  55              	 .loc 1 57 9 is_stmt 1
  56              	 .loc 1 57 12 is_stmt 0
  57 0028 DF120000 	 jeq %d2,1,.L7
  58              	.L4:
  58:../Libraries/iLLD/TC4xx/CpuGeneric/Ap/Std/IfxApProt.c ****         {
  59:../Libraries/iLLD/TC4xx/CpuGeneric/Ap/Std/IfxApProt.c ****             prot.B.VM = config->protOwner.vmId;
  60:../Libraries/iLLD/TC4xx/CpuGeneric/Ap/Std/IfxApProt.c ****         }
  61:../Libraries/iLLD/TC4xx/CpuGeneric/Ap/Std/IfxApProt.c **** 
  62:../Libraries/iLLD/TC4xx/CpuGeneric/Ap/Std/IfxApProt.c ****         prot.B.OWEN = 1U;
  59              	 .loc 1 62 9 is_stmt 1
  60              	 .loc 1 62 21 is_stmt 0
  61 002c B713813F 	 insert %d3,%d3,1,31,1
  63:../Libraries/iLLD/TC4xx/CpuGeneric/Ap/Std/IfxApProt.c **** 
  64:../Libraries/iLLD/TC4xx/CpuGeneric/Ap/Std/IfxApProt.c ****         prot.B.ODEF = config->protOwner.ownerDefined;
  62              	 .loc 1 64 9 is_stmt 1
  63              	 .loc 1 64 40 is_stmt 0
  64 0030 39520D00 	 ld.bu %d2,[%a5]13
  65              	 .loc 1 64 21
  66 0034 67231E30 	 ins.t %d3,%d3,30,%d2,0
  65:../Libraries/iLLD/TC4xx/CpuGeneric/Ap/Std/IfxApProt.c **** 
  66:../Libraries/iLLD/TC4xx/CpuGeneric/Ap/Std/IfxApProt.c ****         if (config->protState != IfxApProt_State_config)
  67              	 .loc 1 66 9 is_stmt 1
  68              	 .loc 1 66 19 is_stmt 0
  69 0038 19521000 	 ld.w %d2,[%a5]16
  70              	 .loc 1 66 12
  71 003c DF120000 	 jeq %d2,1,.L1
  67:../Libraries/iLLD/TC4xx/CpuGeneric/Ap/Std/IfxApProt.c ****         {
  68:../Libraries/iLLD/TC4xx/CpuGeneric/Ap/Std/IfxApProt.c ****             prot.B.SWEN  = 1U;
  72              	 .loc 1 68 13 is_stmt 1
  73              	 .loc 1 68 26 is_stmt 0
  74 0040 B7138131 	 insert %d3,%d3,1,3,1
  69:../Libraries/iLLD/TC4xx/CpuGeneric/Ap/Std/IfxApProt.c ****             prot.B.STATE = config->protState;
  75              	 .loc 1 69 13 is_stmt 1
  76              	 .loc 1 69 26 is_stmt 0
  77 0044 37230330 	 insert %d3,%d3,%d2,0,3
  70:../Libraries/iLLD/TC4xx/CpuGeneric/Ap/Std/IfxApProt.c ****             protReg->U   = prot.U;
  78              	 .loc 1 70 13 is_stmt 1
  79              	 .loc 1 70 26 is_stmt 0
  80 0048 7443     	 st.w [%a4]0,%d3
  71:../Libraries/iLLD/TC4xx/CpuGeneric/Ap/Std/IfxApProt.c ****             status       = IfxApProt_Status_success;
  81              	 .loc 1 71 13 is_stmt 1
  82              	 .loc 1 71 26 is_stmt 0
  83 004a 8202     	 mov %d2,0
  84 004c 0090     	 ret 
  85              	.L6:
  54:../Libraries/iLLD/TC4xx/CpuGeneric/Ap/Std/IfxApProt.c ****         }
  86              	 .loc 1 54 13 is_stmt 1
  54:../Libraries/iLLD/TC4xx/CpuGeneric/Ap/Std/IfxApProt.c ****         }
  87              	 .loc 1 54 43 is_stmt 0
  88 004e 19540800 	 ld.w %d4,[%a5]8
  54:../Libraries/iLLD/TC4xx/CpuGeneric/Ap/Std/IfxApProt.c ****         }
  89              	 .loc 1 54 24
  90 0052 3743033A 	 insert %d3,%d3,%d4,20,3
  91 0056 1D000000 	 j .L3
  92              	.L7:
  59:../Libraries/iLLD/TC4xx/CpuGeneric/Ap/Std/IfxApProt.c ****         }
  93              	 .loc 1 59 13 is_stmt 1
  59:../Libraries/iLLD/TC4xx/CpuGeneric/Ap/Std/IfxApProt.c ****         }
  94              	 .loc 1 59 42 is_stmt 0
  95 005a 19520400 	 ld.w %d2,[%a5]4
  59:../Libraries/iLLD/TC4xx/CpuGeneric/Ap/Std/IfxApProt.c ****         }
  96              	 .loc 1 59 23
  97 005e 37230338 	 insert %d3,%d3,%d2,16,3
  98 0062 1D000000 	 j .L4
  99              	.LVL5:
 100              	.L5:
  72:../Libraries/iLLD/TC4xx/CpuGeneric/Ap/Std/IfxApProt.c ****         }
  73:../Libraries/iLLD/TC4xx/CpuGeneric/Ap/Std/IfxApProt.c ****         else
  74:../Libraries/iLLD/TC4xx/CpuGeneric/Ap/Std/IfxApProt.c ****         {
  75:../Libraries/iLLD/TC4xx/CpuGeneric/Ap/Std/IfxApProt.c ****             status = IfxApProt_Status_inValidStateTransition;
  76:../Libraries/iLLD/TC4xx/CpuGeneric/Ap/Std/IfxApProt.c ****         }
  77:../Libraries/iLLD/TC4xx/CpuGeneric/Ap/Std/IfxApProt.c ****     }
  78:../Libraries/iLLD/TC4xx/CpuGeneric/Ap/Std/IfxApProt.c ****     else
  79:../Libraries/iLLD/TC4xx/CpuGeneric/Ap/Std/IfxApProt.c ****     {
  80:../Libraries/iLLD/TC4xx/CpuGeneric/Ap/Std/IfxApProt.c ****         status = IfxApProt_Status_nonInitState;
 101              	 .loc 1 80 16
 102 0066 8222     	 mov %d2,2
 103              	.LVL6:
  81:../Libraries/iLLD/TC4xx/CpuGeneric/Ap/Std/IfxApProt.c ****     }
  82:../Libraries/iLLD/TC4xx/CpuGeneric/Ap/Std/IfxApProt.c **** 
  83:../Libraries/iLLD/TC4xx/CpuGeneric/Ap/Std/IfxApProt.c ****     return status;
 104              	 .loc 1 83 5 is_stmt 1
 105              	.L1:
  84:../Libraries/iLLD/TC4xx/CpuGeneric/Ap/Std/IfxApProt.c **** }
 106              	 .loc 1 84 1 is_stmt 0
 107 0068 0090     	 ret 
 108              	.LFE169:
 110              	 .global IfxApProt_init_end
 111              	IfxApProt_init_end:
 112              	 .section .text.IfxApProt_initConfig,"ax",@progbits
 113              	 .align 1
 114              	 .global IfxApProt_initConfig
 116              	IfxApProt_initConfig:
 117              	.LFB170:
  85:../Libraries/iLLD/TC4xx/CpuGeneric/Ap/Std/IfxApProt.c **** 
  86:../Libraries/iLLD/TC4xx/CpuGeneric/Ap/Std/IfxApProt.c **** 
  87:../Libraries/iLLD/TC4xx/CpuGeneric/Ap/Std/IfxApProt.c **** void IfxApProt_initConfig(IfxApProt_ProtConfig *config)
  88:../Libraries/iLLD/TC4xx/CpuGeneric/Ap/Std/IfxApProt.c **** {
 118              	 .loc 1 88 1 is_stmt 1
 119              	.LVL7:
 120 0000 40AE     	 mov.aa %a14,%SP
 121              	.LCFI1:
 122 0002 2018     	 sub.a %SP,24
 123 0004 8049     	 mov.d %d9,%a4
  89:../Libraries/iLLD/TC4xx/CpuGeneric/Ap/Std/IfxApProt.c ****     const IfxApProt_ProtConfig defaultConfig = {
 124              	 .loc 1 89 5
 125              	 .loc 1 89 32 is_stmt 0
 126 0006 3B400180 	 mov %d8,20
 127 000a 0285     	 mov %d5,%d8
 128 000c 8204     	 mov %d4,0
 129 000e D9E4ECFF 	 lea %a4,[%a14]-20
 130              	.LVL8:
 131 0012 6D000000 	 call memset
 132              	.LVL9:
  90:../Libraries/iLLD/TC4xx/CpuGeneric/Ap/Std/IfxApProt.c ****         {
  91:../Libraries/iLLD/TC4xx/CpuGeneric/Ap/Std/IfxApProt.c ****             .tagId               = IfxApProt_TagId_cpu0d,
  92:../Libraries/iLLD/TC4xx/CpuGeneric/Ap/Std/IfxApProt.c ****             .ownerDefined        = FALSE,
  93:../Libraries/iLLD/TC4xx/CpuGeneric/Ap/Std/IfxApProt.c ****             .protectionSet       = IfxApProt_PrsId_0,
  94:../Libraries/iLLD/TC4xx/CpuGeneric/Ap/Std/IfxApProt.c ****             .protectionSetEnable = FALSE,
  95:../Libraries/iLLD/TC4xx/CpuGeneric/Ap/Std/IfxApProt.c ****             .vmId                = IfxApProt_VmId_0,
  96:../Libraries/iLLD/TC4xx/CpuGeneric/Ap/Std/IfxApProt.c ****             .vmEnable            = FALSE,
  97:../Libraries/iLLD/TC4xx/CpuGeneric/Ap/Std/IfxApProt.c ****         },
  98:../Libraries/iLLD/TC4xx/CpuGeneric/Ap/Std/IfxApProt.c ****         .protState = IfxApProt_State_init
  99:../Libraries/iLLD/TC4xx/CpuGeneric/Ap/Std/IfxApProt.c ****     };
 100:../Libraries/iLLD/TC4xx/CpuGeneric/Ap/Std/IfxApProt.c **** 
 101:../Libraries/iLLD/TC4xx/CpuGeneric/Ap/Std/IfxApProt.c ****     *config = defaultConfig;
 133              	 .loc 1 101 5 is_stmt 1
 134              	 .loc 1 101 13 is_stmt 0
 135 0016 0285     	 mov %d5,%d8
 136 0018 8204     	 mov %d4,0
 137 001a 6094     	 mov.a %a4,%d9
 138 001c 6D000000 	 call memset
 139              	.LVL10:
 102:../Libraries/iLLD/TC4xx/CpuGeneric/Ap/Std/IfxApProt.c **** }
 140              	 .loc 1 102 1
 141 0020 0090     	 ret 
 142              	.LFE170:
 144              	 .global IfxApProt_initConfig_end
 145              	IfxApProt_initConfig_end:
 146              	 .section .text.IfxApProt_setState,"ax",@progbits
 147              	 .align 1
 148              	 .global IfxApProt_setState
 150              	IfxApProt_setState:
 151              	.LFB171:
 103:../Libraries/iLLD/TC4xx/CpuGeneric/Ap/Std/IfxApProt.c **** 
 104:../Libraries/iLLD/TC4xx/CpuGeneric/Ap/Std/IfxApProt.c **** 
 105:../Libraries/iLLD/TC4xx/CpuGeneric/Ap/Std/IfxApProt.c **** IfxApProt_Status IfxApProt_setState(volatile Ifx_PROT_PROT *protReg, IfxApProt_State state)
 106:../Libraries/iLLD/TC4xx/CpuGeneric/Ap/Std/IfxApProt.c **** {
 152              	 .loc 1 106 1 is_stmt 1
 153              	.LVL11:
 154 0000 40AE     	 mov.aa %a14,%SP
 155              	.LCFI2:
 107:../Libraries/iLLD/TC4xx/CpuGeneric/Ap/Std/IfxApProt.c ****     IfxApProt_Status status       = IfxApProt_Status_success;
 156              	 .loc 1 107 5
 157              	.LVL12:
 108:../Libraries/iLLD/TC4xx/CpuGeneric/Ap/Std/IfxApProt.c ****     IfxApProt_State  currentState = IfxApProt_getState(protReg);
 158              	 .loc 1 108 5
 159              	.LBB8:
 160              	.LBB9:
 161              	 .loc 2 229 5
 162              	 .loc 2 229 40 is_stmt 0
 163 0002 5443     	 ld.w %d3,[%a4]0
 164              	.LVL13:
 165              	.LBE9:
 166              	.LBE8:
 109:../Libraries/iLLD/TC4xx/CpuGeneric/Ap/Std/IfxApProt.c ****     Ifx_PROT_PROT    prot;
 167              	 .loc 1 109 5 is_stmt 1
 110:../Libraries/iLLD/TC4xx/CpuGeneric/Ap/Std/IfxApProt.c ****     prot.U = protReg->U;
 168              	 .loc 1 110 5
 169              	 .loc 1 110 21 is_stmt 0
 170 0004 5442     	 ld.w %d2,[%a4]0
 171              	.LVL14:
 111:../Libraries/iLLD/TC4xx/CpuGeneric/Ap/Std/IfxApProt.c **** 
 112:../Libraries/iLLD/TC4xx/CpuGeneric/Ap/Std/IfxApProt.c ****     /* TODO Owner check to be implemented */
 113:../Libraries/iLLD/TC4xx/CpuGeneric/Ap/Std/IfxApProt.c ****     switch (currentState)
 172              	 .loc 1 113 5 is_stmt 1
 173 0006 8F730031 	 and %d3,%d3,7
 174              	.LVL15:
 175 000a FF630080 	 jge.u %d3,6,.L19
 176 000e 91000020 	 movh.a %a2,hi:.L12
 177 0012 D9220000 	 lea %a2,[%a2]lo:.L12
 178 0016 01230226 	 addsc.a %a2,%a2,%d3,2
 179 001a DC02     	 ji %a2
 180              	 .align 2
 181              	 .align 2
 182              	.L12:
 183              	 .code32
 184 001c 1D000000 	 j .L16
 185              	 .code32
 186 0020 1D000000 	 j .L15
 187              	 .code32
 188 0024 1D000000 	 j .L14
 189              	 .code32
 190 0028 1D000000 	 j .L19
 191              	 .code32
 192 002c 1D000000 	 j .L13
 193              	 .code32
 194 0030 1D000000 	 j .L11
 195              	.L16:
 114:../Libraries/iLLD/TC4xx/CpuGeneric/Ap/Std/IfxApProt.c ****     {
 115:../Libraries/iLLD/TC4xx/CpuGeneric/Ap/Std/IfxApProt.c ****     case IfxApProt_State_init:
 116:../Libraries/iLLD/TC4xx/CpuGeneric/Ap/Std/IfxApProt.c **** 
 117:../Libraries/iLLD/TC4xx/CpuGeneric/Ap/Std/IfxApProt.c ****         if (((state == IfxApProt_State_run) || (state == IfxApProt_State_runLock)) && !(protReg->B.
 196              	 .loc 1 117 9
 197              	 .loc 1 117 45 is_stmt 0
 198 0034 8B440032 	 eq %d3,%d4,4
 199 0038 8B64E034 	 or.eq %d3,%d4,6
 200              	 .loc 1 117 12
 201 003c DF030000 	 jz %d3,.L17
 202              	 .loc 1 117 99 discriminator 1
 203 0040 5443     	 ld.w %d3,[%a4]0
 204              	 .loc 1 117 84 discriminator 1
 205 0042 EFE30000 	 jz.t %d3,30,.L18
 206              	.L17:
 118:../Libraries/iLLD/TC4xx/CpuGeneric/Ap/Std/IfxApProt.c ****         {
 119:../Libraries/iLLD/TC4xx/CpuGeneric/Ap/Std/IfxApProt.c ****             status = IfxApProt_Status_initState;
 120:../Libraries/iLLD/TC4xx/CpuGeneric/Ap/Std/IfxApProt.c ****         }
 121:../Libraries/iLLD/TC4xx/CpuGeneric/Ap/Std/IfxApProt.c ****         else if ((state == IfxApProt_State_config) || (state == IfxApProt_State_configSec) || (stat
 207              	 .loc 1 121 14 is_stmt 1
 208              	 .loc 1 121 92 is_stmt 0
 209 0046 1BF4FF3F 	 addi %d3,%d4,-1
 210              	 .loc 1 121 17
 211 004a FF330080 	 jge.u %d3,3,.L18
 122:../Libraries/iLLD/TC4xx/CpuGeneric/Ap/Std/IfxApProt.c ****         {
 123:../Libraries/iLLD/TC4xx/CpuGeneric/Ap/Std/IfxApProt.c ****             status = IfxApProt_Status_inValidStateTransition;
 212              	 .loc 1 123 20
 213 004e 8212     	 mov %d2,1
 214              	.LVL16:
 215 0050 0090     	 ret 
 216              	.LVL17:
 217              	.L15:
 124:../Libraries/iLLD/TC4xx/CpuGeneric/Ap/Std/IfxApProt.c ****         }
 125:../Libraries/iLLD/TC4xx/CpuGeneric/Ap/Std/IfxApProt.c **** 
 126:../Libraries/iLLD/TC4xx/CpuGeneric/Ap/Std/IfxApProt.c ****         break;
 127:../Libraries/iLLD/TC4xx/CpuGeneric/Ap/Std/IfxApProt.c ****     case IfxApProt_State_config:
 128:../Libraries/iLLD/TC4xx/CpuGeneric/Ap/Std/IfxApProt.c **** 
 129:../Libraries/iLLD/TC4xx/CpuGeneric/Ap/Std/IfxApProt.c ****         if (state != IfxApProt_State_run)
 218              	 .loc 1 129 9 is_stmt 1
 219              	 .loc 1 129 12 is_stmt 0
 220 0052 DF440000 	 jeq %d4,4,.L18
 130:../Libraries/iLLD/TC4xx/CpuGeneric/Ap/Std/IfxApProt.c ****         {
 131:../Libraries/iLLD/TC4xx/CpuGeneric/Ap/Std/IfxApProt.c ****             status = IfxApProt_Status_inValidStateTransition;
 221              	 .loc 1 131 20
 222 0056 8212     	 mov %d2,1
 223              	.LVL18:
 224 0058 0090     	 ret 
 225              	.LVL19:
 226              	.L14:
 132:../Libraries/iLLD/TC4xx/CpuGeneric/Ap/Std/IfxApProt.c ****         }
 133:../Libraries/iLLD/TC4xx/CpuGeneric/Ap/Std/IfxApProt.c **** 
 134:../Libraries/iLLD/TC4xx/CpuGeneric/Ap/Std/IfxApProt.c ****         break;
 135:../Libraries/iLLD/TC4xx/CpuGeneric/Ap/Std/IfxApProt.c ****     case IfxApProt_State_configSec:
 136:../Libraries/iLLD/TC4xx/CpuGeneric/Ap/Std/IfxApProt.c **** 
 137:../Libraries/iLLD/TC4xx/CpuGeneric/Ap/Std/IfxApProt.c ****         if (state != IfxApProt_State_checkSec)
 227              	 .loc 1 137 9 is_stmt 1
 228              	 .loc 1 137 12 is_stmt 0
 229 005a DF340000 	 jeq %d4,3,.L18
 138:../Libraries/iLLD/TC4xx/CpuGeneric/Ap/Std/IfxApProt.c ****         {
 139:../Libraries/iLLD/TC4xx/CpuGeneric/Ap/Std/IfxApProt.c ****             status = IfxApProt_Status_inValidStateTransition;
 230              	 .loc 1 139 20
 231 005e 8212     	 mov %d2,1
 232              	.LVL20:
 233 0060 0090     	 ret 
 234              	.LVL21:
 235              	.L13:
 140:../Libraries/iLLD/TC4xx/CpuGeneric/Ap/Std/IfxApProt.c ****         }
 141:../Libraries/iLLD/TC4xx/CpuGeneric/Ap/Std/IfxApProt.c **** 
 142:../Libraries/iLLD/TC4xx/CpuGeneric/Ap/Std/IfxApProt.c ****         break;
 143:../Libraries/iLLD/TC4xx/CpuGeneric/Ap/Std/IfxApProt.c ****     case IfxApProt_State_checkSec:
 144:../Libraries/iLLD/TC4xx/CpuGeneric/Ap/Std/IfxApProt.c ****         status = IfxApProt_Status_inValidStateTransition;
 145:../Libraries/iLLD/TC4xx/CpuGeneric/Ap/Std/IfxApProt.c ****         break;
 146:../Libraries/iLLD/TC4xx/CpuGeneric/Ap/Std/IfxApProt.c ****     case IfxApProt_State_run:
 147:../Libraries/iLLD/TC4xx/CpuGeneric/Ap/Std/IfxApProt.c **** 
 148:../Libraries/iLLD/TC4xx/CpuGeneric/Ap/Std/IfxApProt.c ****         if ((state != IfxApProt_State_config) && (state != IfxApProt_State_runLock))
 236              	 .loc 1 148 9 is_stmt 1
 237              	 .loc 1 148 20 is_stmt 0
 238 0062 8B142052 	 ne %d5,%d4,1
 239              	 .loc 1 148 57
 240 0066 8B642032 	 ne %d3,%d4,6
 241              	 .loc 1 148 47
 242 006a 2653     	 and %d3,%d5
 243              	 .loc 1 148 12
 244 006c DF030080 	 jnz %d3,.L23
 245              	.L18:
 246              	.LVL22:
 149:../Libraries/iLLD/TC4xx/CpuGeneric/Ap/Std/IfxApProt.c ****         {
 150:../Libraries/iLLD/TC4xx/CpuGeneric/Ap/Std/IfxApProt.c ****             status = IfxApProt_Status_inValidStateTransition;
 151:../Libraries/iLLD/TC4xx/CpuGeneric/Ap/Std/IfxApProt.c ****         }
 152:../Libraries/iLLD/TC4xx/CpuGeneric/Ap/Std/IfxApProt.c **** 
 153:../Libraries/iLLD/TC4xx/CpuGeneric/Ap/Std/IfxApProt.c ****         break;
 154:../Libraries/iLLD/TC4xx/CpuGeneric/Ap/Std/IfxApProt.c ****     case IfxApProt_State_runSec:
 155:../Libraries/iLLD/TC4xx/CpuGeneric/Ap/Std/IfxApProt.c **** 
 156:../Libraries/iLLD/TC4xx/CpuGeneric/Ap/Std/IfxApProt.c ****         if ((state != IfxApProt_State_configSec) && (state != IfxApProt_State_runLock))
 157:../Libraries/iLLD/TC4xx/CpuGeneric/Ap/Std/IfxApProt.c ****         {
 158:../Libraries/iLLD/TC4xx/CpuGeneric/Ap/Std/IfxApProt.c ****             status = IfxApProt_Status_inValidStateTransition;
 159:../Libraries/iLLD/TC4xx/CpuGeneric/Ap/Std/IfxApProt.c ****         }
 160:../Libraries/iLLD/TC4xx/CpuGeneric/Ap/Std/IfxApProt.c **** 
 161:../Libraries/iLLD/TC4xx/CpuGeneric/Ap/Std/IfxApProt.c ****         break;
 162:../Libraries/iLLD/TC4xx/CpuGeneric/Ap/Std/IfxApProt.c ****     case IfxApProt_State_runLock:
 163:../Libraries/iLLD/TC4xx/CpuGeneric/Ap/Std/IfxApProt.c ****         status = IfxApProt_Status_inValidStateTransition;
 164:../Libraries/iLLD/TC4xx/CpuGeneric/Ap/Std/IfxApProt.c ****         break;
 165:../Libraries/iLLD/TC4xx/CpuGeneric/Ap/Std/IfxApProt.c ****     case IfxApProt_State_runLockAlias:
 166:../Libraries/iLLD/TC4xx/CpuGeneric/Ap/Std/IfxApProt.c ****         status = IfxApProt_Status_inValidStateTransition;
 167:../Libraries/iLLD/TC4xx/CpuGeneric/Ap/Std/IfxApProt.c ****         break;
 168:../Libraries/iLLD/TC4xx/CpuGeneric/Ap/Std/IfxApProt.c ****     default:
 169:../Libraries/iLLD/TC4xx/CpuGeneric/Ap/Std/IfxApProt.c ****         status = IfxApProt_Status_inValidStateTransition;
 170:../Libraries/iLLD/TC4xx/CpuGeneric/Ap/Std/IfxApProt.c ****         break;
 171:../Libraries/iLLD/TC4xx/CpuGeneric/Ap/Std/IfxApProt.c ****     }
 172:../Libraries/iLLD/TC4xx/CpuGeneric/Ap/Std/IfxApProt.c **** 
 173:../Libraries/iLLD/TC4xx/CpuGeneric/Ap/Std/IfxApProt.c ****     if (status != IfxApProt_Status_inValidStateTransition)
 174:../Libraries/iLLD/TC4xx/CpuGeneric/Ap/Std/IfxApProt.c ****     {
 175:../Libraries/iLLD/TC4xx/CpuGeneric/Ap/Std/IfxApProt.c ****         prot.B.SWEN  = 1U;
 247              	 .loc 1 175 9 is_stmt 1
 248              	 .loc 1 175 22 is_stmt 0
 249 0070 B7128121 	 insert %d2,%d2,1,3,1
 176:../Libraries/iLLD/TC4xx/CpuGeneric/Ap/Std/IfxApProt.c ****         prot.B.STATE = state;
 250              	 .loc 1 176 9 is_stmt 1
 251              	 .loc 1 176 22 is_stmt 0
 252 0074 37420320 	 insert %d2,%d2,%d4,0,3
 177:../Libraries/iLLD/TC4xx/CpuGeneric/Ap/Std/IfxApProt.c ****         protReg->U   = prot.U;
 253              	 .loc 1 177 9 is_stmt 1
 254              	 .loc 1 177 22 is_stmt 0
 255 0078 7442     	 st.w [%a4]0,%d2
 178:../Libraries/iLLD/TC4xx/CpuGeneric/Ap/Std/IfxApProt.c ****         status       = IfxApProt_Status_success;
 256              	 .loc 1 178 9 is_stmt 1
 257              	.LVL23:
 258              	 .loc 1 178 22 is_stmt 0
 259 007a 8202     	 mov %d2,0
 260              	.LVL24:
 261 007c 0090     	 ret 
 262              	.LVL25:
 263              	.L11:
 156:../Libraries/iLLD/TC4xx/CpuGeneric/Ap/Std/IfxApProt.c ****         {
 264              	 .loc 1 156 9 is_stmt 1
 156:../Libraries/iLLD/TC4xx/CpuGeneric/Ap/Std/IfxApProt.c ****         {
 265              	 .loc 1 156 20 is_stmt 0
 266 007e 8B242052 	 ne %d5,%d4,2
 156:../Libraries/iLLD/TC4xx/CpuGeneric/Ap/Std/IfxApProt.c ****         {
 267              	 .loc 1 156 60
 268 0082 8B642032 	 ne %d3,%d4,6
 156:../Libraries/iLLD/TC4xx/CpuGeneric/Ap/Std/IfxApProt.c ****         {
 269              	 .loc 1 156 50
 270 0086 2653     	 and %d3,%d5
 156:../Libraries/iLLD/TC4xx/CpuGeneric/Ap/Std/IfxApProt.c ****         {
 271              	 .loc 1 156 12
 272 0088 DF030000 	 jz %d3,.L18
 158:../Libraries/iLLD/TC4xx/CpuGeneric/Ap/Std/IfxApProt.c ****         }
 273              	 .loc 1 158 20
 274 008c 8212     	 mov %d2,1
 275              	.LVL26:
 179:../Libraries/iLLD/TC4xx/CpuGeneric/Ap/Std/IfxApProt.c ****     }
 180:../Libraries/iLLD/TC4xx/CpuGeneric/Ap/Std/IfxApProt.c **** 
 181:../Libraries/iLLD/TC4xx/CpuGeneric/Ap/Std/IfxApProt.c ****     return status;
 276              	 .loc 1 181 5 is_stmt 1
 182:../Libraries/iLLD/TC4xx/CpuGeneric/Ap/Std/IfxApProt.c **** }
 277              	 .loc 1 182 1 is_stmt 0
 278 008e 0090     	 ret 
 279              	.LVL27:
 280              	.L19:
 113:../Libraries/iLLD/TC4xx/CpuGeneric/Ap/Std/IfxApProt.c ****     {
 281              	 .loc 1 113 5
 282 0090 8212     	 mov %d2,1
 283              	.LVL28:
 284 0092 0090     	 ret 
 285              	.LVL29:
 286              	.L23:
 150:../Libraries/iLLD/TC4xx/CpuGeneric/Ap/Std/IfxApProt.c ****         }
 287              	 .loc 1 150 20
 288 0094 8212     	 mov %d2,1
 289              	.LVL30:
 290 0096 0090     	 ret 
 291              	.LFE171:
 293              	 .global IfxApProt_setState_end
 294              	IfxApProt_setState_end:
 295              	 .section .text.IfxApProt_setOwner,"ax",@progbits
 296              	 .align 1
 297              	 .global IfxApProt_setOwner
 299              	IfxApProt_setOwner:
 300              	.LFB172:
 183:../Libraries/iLLD/TC4xx/CpuGeneric/Ap/Std/IfxApProt.c **** 
 184:../Libraries/iLLD/TC4xx/CpuGeneric/Ap/Std/IfxApProt.c **** 
 185:../Libraries/iLLD/TC4xx/CpuGeneric/Ap/Std/IfxApProt.c **** IfxApProt_Status IfxApProt_setOwner(volatile Ifx_PROT_PROT *protReg, IfxApProt_Owner *owner)
 186:../Libraries/iLLD/TC4xx/CpuGeneric/Ap/Std/IfxApProt.c **** {
 301              	 .loc 1 186 1 is_stmt 1
 302              	.LVL31:
 303 0000 40AE     	 mov.aa %a14,%SP
 304              	.LCFI3:
 187:../Libraries/iLLD/TC4xx/CpuGeneric/Ap/Std/IfxApProt.c ****     IfxApProt_Status status = IfxApProt_Status_success;
 305              	 .loc 1 187 5
 306              	.LVL32:
 188:../Libraries/iLLD/TC4xx/CpuGeneric/Ap/Std/IfxApProt.c ****     Ifx_PROT_PROT    prot;
 307              	 .loc 1 188 5
 189:../Libraries/iLLD/TC4xx/CpuGeneric/Ap/Std/IfxApProt.c **** 
 190:../Libraries/iLLD/TC4xx/CpuGeneric/Ap/Std/IfxApProt.c ****     /* TODO Owner check to be implemented */
 191:../Libraries/iLLD/TC4xx/CpuGeneric/Ap/Std/IfxApProt.c **** 
 192:../Libraries/iLLD/TC4xx/CpuGeneric/Ap/Std/IfxApProt.c ****     prot.U       = protReg->U;
 308              	 .loc 1 192 5
 309              	 .loc 1 192 27 is_stmt 0
 310 0002 5442     	 ld.w %d2,[%a4]0
 311              	.LVL33:
 193:../Libraries/iLLD/TC4xx/CpuGeneric/Ap/Std/IfxApProt.c ****     prot.B.OWEN  = 1U;
 312              	 .loc 1 193 5 is_stmt 1
 313              	 .loc 1 193 18 is_stmt 0
 314 0004 B712812F 	 insert %d2,%d2,1,31,1
 194:../Libraries/iLLD/TC4xx/CpuGeneric/Ap/Std/IfxApProt.c **** 
 195:../Libraries/iLLD/TC4xx/CpuGeneric/Ap/Std/IfxApProt.c ****     prot.B.TAGID = owner->tagId;
 315              	 .loc 1 195 5 is_stmt 1
 316              	 .loc 1 195 25 is_stmt 0
 317 0008 5453     	 ld.w %d3,[%a5]0
 318              	 .loc 1 195 18
 319 000a 3732062C 	 insert %d2,%d2,%d3,24,6
 196:../Libraries/iLLD/TC4xx/CpuGeneric/Ap/Std/IfxApProt.c ****     prot.B.PRSEN = owner->protectionSetEnable;
 320              	 .loc 1 196 5 is_stmt 1
 321              	 .loc 1 196 25 is_stmt 0
 322 000e 39540C00 	 ld.bu %d4,[%a5]12
 323              	 .loc 1 196 18
 324 0012 67421720 	 ins.t %d2,%d2,23,%d4,0
 197:../Libraries/iLLD/TC4xx/CpuGeneric/Ap/Std/IfxApProt.c ****     prot.B.VMEN  = owner->vmEnable;
 325              	 .loc 1 197 5 is_stmt 1
 326              	 .loc 1 197 25 is_stmt 0
 327 0016 39530E00 	 ld.bu %d3,[%a5]14
 328              	 .loc 1 197 18
 329 001a 67321320 	 ins.t %d2,%d2,19,%d3,0
 198:../Libraries/iLLD/TC4xx/CpuGeneric/Ap/Std/IfxApProt.c **** 
 199:../Libraries/iLLD/TC4xx/CpuGeneric/Ap/Std/IfxApProt.c ****     if (owner->protectionSetEnable == 1U)
 330              	 .loc 1 199 5 is_stmt 1
 331              	 .loc 1 199 8 is_stmt 0
 332 001e DF140000 	 jeq %d4,1,.L28
 333              	.L26:
 200:../Libraries/iLLD/TC4xx/CpuGeneric/Ap/Std/IfxApProt.c ****     {
 201:../Libraries/iLLD/TC4xx/CpuGeneric/Ap/Std/IfxApProt.c ****         prot.B.PRS = owner->protectionSet;
 202:../Libraries/iLLD/TC4xx/CpuGeneric/Ap/Std/IfxApProt.c ****     }
 203:../Libraries/iLLD/TC4xx/CpuGeneric/Ap/Std/IfxApProt.c **** 
 204:../Libraries/iLLD/TC4xx/CpuGeneric/Ap/Std/IfxApProt.c ****     if (owner->vmEnable == 1U)
 334              	 .loc 1 204 5 is_stmt 1
 335              	 .loc 1 204 8 is_stmt 0
 336 0022 DF130000 	 jeq %d3,1,.L29
 337              	.L27:
 205:../Libraries/iLLD/TC4xx/CpuGeneric/Ap/Std/IfxApProt.c ****     {
 206:../Libraries/iLLD/TC4xx/CpuGeneric/Ap/Std/IfxApProt.c ****         prot.B.VM = owner->vmId;
 207:../Libraries/iLLD/TC4xx/CpuGeneric/Ap/Std/IfxApProt.c ****     }
 208:../Libraries/iLLD/TC4xx/CpuGeneric/Ap/Std/IfxApProt.c **** 
 209:../Libraries/iLLD/TC4xx/CpuGeneric/Ap/Std/IfxApProt.c ****     prot.B.ODEF = owner->ownerDefined;
 338              	 .loc 1 209 5 is_stmt 1
 339              	 .loc 1 209 24 is_stmt 0
 340 0026 39530D00 	 ld.bu %d3,[%a5]13
 341              	 .loc 1 209 17
 342 002a 67321E20 	 ins.t %d2,%d2,30,%d3,0
 210:../Libraries/iLLD/TC4xx/CpuGeneric/Ap/Std/IfxApProt.c **** 
 211:../Libraries/iLLD/TC4xx/CpuGeneric/Ap/Std/IfxApProt.c ****     protReg->U  = prot.U;
 343              	 .loc 1 211 5 is_stmt 1
 344              	 .loc 1 211 17 is_stmt 0
 345 002e 7442     	 st.w [%a4]0,%d2
 212:../Libraries/iLLD/TC4xx/CpuGeneric/Ap/Std/IfxApProt.c **** 
 213:../Libraries/iLLD/TC4xx/CpuGeneric/Ap/Std/IfxApProt.c ****     status      = IfxApProt_Status_success;
 346              	 .loc 1 213 5 is_stmt 1
 214:../Libraries/iLLD/TC4xx/CpuGeneric/Ap/Std/IfxApProt.c **** 
 215:../Libraries/iLLD/TC4xx/CpuGeneric/Ap/Std/IfxApProt.c ****     return status;
 347              	 .loc 1 215 5
 216:../Libraries/iLLD/TC4xx/CpuGeneric/Ap/Std/IfxApProt.c **** }
 348              	 .loc 1 216 1 is_stmt 0
 349 0030 8202     	 mov %d2,0
 350              	.LVL34:
 351 0032 0090     	 ret 
 352              	.LVL35:
 353              	.L28:
 201:../Libraries/iLLD/TC4xx/CpuGeneric/Ap/Std/IfxApProt.c ****     }
 354              	 .loc 1 201 9 is_stmt 1
 201:../Libraries/iLLD/TC4xx/CpuGeneric/Ap/Std/IfxApProt.c ****     }
 355              	 .loc 1 201 27 is_stmt 0
 356 0034 19540800 	 ld.w %d4,[%a5]8
 201:../Libraries/iLLD/TC4xx/CpuGeneric/Ap/Std/IfxApProt.c ****     }
 357              	 .loc 1 201 20
 358 0038 3742032A 	 insert %d2,%d2,%d4,20,3
 359 003c 1D000000 	 j .L26
 360              	.L29:
 206:../Libraries/iLLD/TC4xx/CpuGeneric/Ap/Std/IfxApProt.c ****     }
 361              	 .loc 1 206 9 is_stmt 1
 206:../Libraries/iLLD/TC4xx/CpuGeneric/Ap/Std/IfxApProt.c ****     }
 362              	 .loc 1 206 26 is_stmt 0
 363 0040 19530400 	 ld.w %d3,[%a5]4
 206:../Libraries/iLLD/TC4xx/CpuGeneric/Ap/Std/IfxApProt.c ****     }
 364              	 .loc 1 206 19
 365 0044 37320328 	 insert %d2,%d2,%d3,16,3
 366 0048 1D000000 	 j .L27
 367              	.LFE172:
 369              	 .global IfxApProt_setOwner_end
 370              	IfxApProt_setOwner_end:
 435              	.Letext0:
 436              	 .file 3 "../Libraries/Infra/Sfr/TC4Dx/Ifx_TypesReg.h"
 437              	 .file 4 "../Libraries/iLLD/TC4xx/CpuGeneric/_Impl/TC4Dx/IfxAp_cfg_TC4Dx.h"
 438              	 .file 5 "../Libraries/iLLD/TC4xx/CpuGeneric/Ap/IfxProt_regdef.h"
 439              	 .file 6 "<built-in>"
 2123 0000 00000000 	 .word IfxApProt_init
 2124 0004 00000000 	 .word IfxApProt_init_end
 2125 0008 1C003444 	 .word 0x4434001c
 2126 000c 00003000 	 .word 0x00300000
 2127 0010 04000000 	 .word 0x00000004
 2128 0014 C0000000 	 .word 0x000000c0
 2129 0018 00000000 	 .word IfxApProt_initConfig
 2130 001c 00000000 	 .word IfxApProt_initConfig_end
 2131 0020 30031444 	 .word 0x44140330
 2132 0024 00001000 	 .word 0x00100000
 2133 0028 00000000 	 .word 0x00000000
 2134 002c 40800200 	 .word 0x00028040
 2135 0030 00000000 	 .word IfxApProt_setState
 2136 0034 00000000 	 .word IfxApProt_setState_end
 2137 0038 3C001444 	 .word 0x4414003c
 2138 003c 10001000 	 .word 0x00100010
 2139 0040 04000000 	 .word 0x00000004
 2140 0044 C0000000 	 .word 0x000000c0
 2141 0048 00000000 	 .word IfxApProt_setOwner
 2142 004c 00000000 	 .word IfxApProt_setOwner_end
 2143 0050 1C003444 	 .word 0x4434001c
 2144 0054 00003000 	 .word 0x00300000
 2145 0058 04000000 	 .word 0x00000004
 2146 005c C0000000 	 .word 0x000000c0
DEFINED SYMBOLS
                            *ABS*:00000000 IfxApProt.c
                            *ABS*:00000000 IfxApProt.c
    {standard input}:10     .text.IfxApProt_init:00000000 IfxApProt_init
    {standard input}:111    .text.IfxApProt_init:0000006a IfxApProt_init_end
    {standard input}:116    .text.IfxApProt_initConfig:00000000 IfxApProt_initConfig
    {standard input}:145    .text.IfxApProt_initConfig:00000022 IfxApProt_initConfig_end
    {standard input}:150    .text.IfxApProt_setState:00000000 IfxApProt_setState
    {standard input}:294    .text.IfxApProt_setState:00000098 IfxApProt_setState_end
    {standard input}:299    .text.IfxApProt_setOwner:00000000 IfxApProt_setOwner
    {standard input}:370    .text.IfxApProt_setOwner:0000004c IfxApProt_setOwner_end

UNDEFINED SYMBOLS
memset
