   1              	
   2              	 .file "IfxCanxl_cfg.c"
   3              	 .file "IfxCanxl_cfg.c"
   4              	.section .text,"ax",@progbits
   5              	.Ltext0:
   6              	 .global IfxCanxl_cfg_indexMap
   7              	 .section .rodata.IfxCanxl_cfg_indexMap,"a"
   8              	 .align 2
  11              	IfxCanxl_cfg_indexMap:
  12 0000 00007DF4 	 .word -193134592
  13 0004 00000000 	 .word 0
  14              	.section .text,"ax",@progbits
  15              	.Letext0:
  16              	 .file 1 "../Libraries/Infra/Platform/Compilers/Platform_Types.h"
  17              	 .file 2 "../Libraries/Infra/Platform/Compilers/Ifx_Types.h"
  18              	 .file 3 "../Libraries/Infra/Sfr/TC4Dx/Ifx_TypesReg.h"
  19              	 .file 4 "../Libraries/Infra/Sfr/TC4Dx/IfxCanxl_regdef.h"
  20              	 .file 5 "../Libraries/iLLD/TC4xx/Tricore/_Impl/TC4Dx/IfxCanxl_cfg_TC4Dx.h"
  21              	 .file 6 "../Libraries/iLLD/TC4xx/Tricore/_Impl/IfxCanxl_cfg.c"
DEFINED SYMBOLS
                            *ABS*:00000000 IfxCanxl_cfg.c
                            *ABS*:00000000 IfxCanxl_cfg.c
    {standard input}:11     .rodata.IfxCanxl_cfg_indexMap:00000000 IfxCanxl_cfg_indexMap

NO UNDEFINED SYMBOLS
