   1              	
   2              	 .file "IfxI2c_cfg.c"
   3              	 .file "IfxI2c_cfg.c"
   4              	.section .text,"ax",@progbits
   5              	.Ltext0:
   6              	 .global IfxI2c_cfg_indexMap
   7              	 .section .rodata.IfxI2c_cfg_indexMap,"a"
   8              	 .align 2
  11              	IfxI2c_cfg_indexMap:
  12 0000 00004CF4 	 .word -196345856
  13 0004 00000000 	 .word 0
  14 0008 00004EF4 	 .word -196214784
  15 000c 01000000 	 .word 1
  16 0010 000050F4 	 .word -196083712
  17 0014 02000000 	 .word 2
  18              	.section .text,"ax",@progbits
  19              	.Letext0:
  20              	 .file 1 "../Libraries/Infra/Platform/Compilers/Platform_Types.h"
  21              	 .file 2 "../Libraries/Infra/Platform/Compilers/Ifx_Types.h"
  22              	 .file 3 "../Libraries/Infra/Sfr/TC4Dx/Ifx_TypesReg.h"
  23              	 .file 4 "../Libraries/Infra/Sfr/TC4Dx/IfxI2c_regdef.h"
  24              	 .file 5 "../Libraries/iLLD/TC4xx/Tricore/_Impl/TC4Dx/IfxI2c_cfg_TC4Dx.h"
  25              	 .file 6 "../Libraries/iLLD/TC4xx/Tricore/_Impl/IfxI2c_cfg.c"
DEFINED SYMBOLS
                            *ABS*:00000000 IfxI2c_cfg.c
                            *ABS*:00000000 IfxI2c_cfg.c
    {standard input}:11     .rodata.IfxI2c_cfg_indexMap:00000000 IfxI2c_cfg_indexMap

NO UNDEFINED SYMBOLS
