   1              	
   2              	 .file "IfxStm_cfg.c"
   3              	 .file "IfxStm_cfg.c"
   4              	.section .text,"ax",@progbits
   5              	.Ltext0:
   6              	 .global IfxStm_cfg_indexMap
   7              	 .section .rodata.IfxStm_cfg_indexMap,"a"
   8              	 .align 2
  11              	IfxStm_cfg_indexMap:
  12 0000 000080F8 	 .word -125829120
  13 0004 00000000 	 .word 0
  14 0008 000084F8 	 .word -125566976
  15 000c 01000000 	 .word 1
  16 0010 000088F8 	 .word -125304832
  17 0014 02000000 	 .word 2
  18 0018 00008CF8 	 .word -125042688
  19 001c 03000000 	 .word 3
  20 0020 000090F8 	 .word -124780544
  21 0024 04000000 	 .word 4
  22 0028 000094F8 	 .word -124518400
  23 002c 05000000 	 .word 5
  24 0030 000098F8 	 .word -124256256
  25 0034 06000000 	 .word 6
  26              	.section .text,"ax",@progbits
  27              	.Letext0:
  28              	 .file 1 "../Libraries/Infra/Platform/Compilers/Ifx_Types.h"
  29              	 .file 2 "../Libraries/Infra/Platform/Compilers/Platform_Types.h"
  30              	 .file 3 "../Libraries/Infra/Sfr/TC4Dx/Ifx_TypesReg.h"
  31              	 .file 4 "../Libraries/Infra/Sfr/TC4Dx/IfxCpu_regdef.h"
  32              	 .file 5 "../Libraries/iLLD/TC4xx/Tricore/_Impl/TC4Dx/IfxStm_cfg_TC4Dx.h"
  33              	 .file 6 "../Libraries/iLLD/TC4xx/Tricore/_Impl/IfxStm_cfg.c"
DEFINED SYMBOLS
                            *ABS*:00000000 IfxStm_cfg.c
                            *ABS*:00000000 IfxStm_cfg.c
    {standard input}:11     .rodata.IfxStm_cfg_indexMap:00000000 IfxStm_cfg_indexMap

NO UNDEFINED SYMBOLS
