<p>C:/EmbedSimProject/embed_sim_project/fs_electrical_machines/modelica/PMSM_Plant_FMU/PMSM_Plant_FMU.exe -port=65438 -logFormat=xmltcp -startTime=0 -stopTime=1 -stepSize=0.002 -tolerance=1e-06 -s=dassl -outputFormat=mat -variableFilter=.* -r=C:/EmbedSimProject/embed_sim_project/fs_electrical_machines/modelica/PMSM_Plant_FMU/PMSM_Plant_FMU_res.mat -w -lv=LOG_STDOUT,LOG_ASSERT,LOG_STATS -inputPath=C:/EmbedSimProject/embed_sim_project/fs_electrical_machines/modelica/PMSM_Plant_FMU -outputPath=C:/EmbedSimProject/embed_sim_project/fs_electrical_machines/modelica/PMSM_Plant_FMU</p>
LOG_SUCCESS		| info	 | <p>The initialization finished successfully without homotopy method.</p>
LOG_STATS		| info	 | <p>### STATISTICS ###</p>
|		| |	 | | <p>timer</p>
|		| |	 | | | <p>   0.0042806s          reading init.xml</p>
|		| |	 | | | <p>   0.0005454s          reading info.xml</p>
|		| |	 | | | <p>   0.0027846s [ 13.5%] pre-initialization</p>
|		| |	 | | | <p>   0.0011554s [  5.6%] initialization</p>
|		| |	 | | | <p>    1.99e-05s [  0.1%] steps</p>
|		| |	 | | | <p>   0.0019574s [  9.5%] solver (excl. callbacks)</p>
|		| |	 | | | <p>   0.0026226s [ 12.8%] creating output-file</p>
|		| |	 | | | <p>    2.89e-05s [  0.1%] event-handling</p>
|		| |	 | | | <p>   0.0003058s [  1.5%] overhead</p>
|		| |	 | | | <p>   0.0116765s [ 56.8%] simulation</p>
|		| |	 | | | <p>   0.0205511s [100.0%] total</p>
|		| |	 | | <p>events</p>
|		| |	 | | | <p>    0 state events</p>
|		| |	 | | | <p>    0 time events</p>
|		| |	 | | <p>solver: dassl</p>
|		| |	 | | | <p>   19 steps taken</p>
|		| |	 | | | <p>   19 calls of functionODE</p>
|		| |	 | | | <p>   18 evaluations of jacobian</p>
|		| |	 | | | <p>    0 error test failures</p>
|		| |	 | | | <p>    0 convergence test failures</p>
|		| |	 | | | <p>4.39e-05s time of jacobian evaluation</p>
LOG_SUCCESS		| info	 | <p>The simulation finished successfully.</p>
