   1              	
   2              	 .file "IfxTriLbist.c"
   3              	 .file "IfxTriLbist.c"
   4              	.section .text,"ax",@progbits
   5              	.Ltext0:
   6              	 .global IfxTriLbist_keyOffDefaultConfig
   7              	 .section .rodata.IfxTriLbist_keyOffDefaultConfig,"a"
   8              	 .align 2
  11              	IfxTriLbist_keyOffDefaultConfig:
  12 0000 88130000 	 .word 5000
  13 0004 A64D3584 	 .ascii "\246M5\204A5\250"
  13      4135A8
  14 000b 3433282E 	 .ascii "43(.((2"
  14      282832
  15 0012 0000     	 .zero 2
  16 0014 F2092700 	 .word 2558450
  17 0018 1CD52D00 	 .word 3003676
  18 001c 611D5B00 	 .word 5971297
  19 0020 B4DEC100 	 .word 12705460
  20 0024 37DEE600 	 .word 15130167
  21 0028 18BFB500 	 .word 11910936
  22 002c CDA68F00 	 .word 9414349
  23 0030 01000000 	 .word 1
  24 0034 02000000 	 .word 2
  25 0038 02000000 	 .word 2
  26 003c 03000000 	 .word 3
  27 0040 7F       	 .byte 127
  28 0041 00       	 .byte 0
  29 0042 00       	 .byte 0
  30 0043 00       	 .zero 1
  31              	 .global IfxTriLbist_keyOnDefaultConfig
  32              	 .section .rodata.IfxTriLbist_keyOnDefaultConfig,"a"
  33              	 .align 2
  36              	IfxTriLbist_keyOnDefaultConfig:
  37 0000 88130000 	 .word 5000
  38 0004 A64D3584 	 .ascii "\246M5\204A5\250"
  38      4135A8
  39 000b 3433282E 	 .ascii "43(.((2"
  39      282832
  40 0012 0000     	 .zero 2
  41 0014 7B29AF00 	 .word 11479419
  42 0018 E616E600 	 .word 15079142
  43 001c F1808D00 	 .word 9273585
  44 0020 D7C5C700 	 .word 13092311
  45 0024 591D7700 	 .word 7806297
  46 0028 68FCBB00 	 .word 12319848
  47 002c 8BE81500 	 .word 1435787
  48 0030 00000000 	 .word 0
  49 0034 00000000 	 .word 0
  50 0038 03000000 	 .word 3
  51 003c 03000000 	 .word 3
  52 0040 7F       	 .byte 127
  53 0041 01       	 .byte 1
  54 0042 01       	 .byte 1
  55 0043 00       	 .zero 1
  56              	.section .text,"ax",@progbits
  57              	.Letext0:
  58              	 .file 1 "../Libraries/Infra/Platform/Compilers/Platform_Types.h"
  59              	 .file 2 "../Libraries/iLLD/TC4xx/Tricore/Tri/Std/IfxTriLbist.h"
  60              	 .file 3 "../Libraries/iLLD/TC4xx/Tricore/Tri/Std/IfxTriLbist.c"
DEFINED SYMBOLS
                            *ABS*:00000000 IfxTriLbist.c
                            *ABS*:00000000 IfxTriLbist.c
    {standard input}:11     .rodata.IfxTriLbist_keyOffDefaultConfig:00000000 IfxTriLbist_keyOffDefaultConfig
    {standard input}:36     .rodata.IfxTriLbist_keyOnDefaultConfig:00000000 IfxTriLbist_keyOnDefaultConfig

NO UNDEFINED SYMBOLS
