<p>C:/EmbedSimProject/embed_sim_project/fs_electrical_machines/modelica/PMSM_Motor/PMSM_Motor.exe -port=53449 -logFormat=xmltcp -startTime=0 -stopTime=2 -stepSize=0.0001 -tolerance=1e-06 -s=dassl -outputFormat=mat -variableFilter=.* -r=C:/EmbedSimProject/embed_sim_project/fs_electrical_machines/modelica/PMSM_Motor/PMSM_Motor_res.mat -w -lv=LOG_STDOUT,LOG_ASSERT,LOG_STATS -inputPath=C:/EmbedSimProject/embed_sim_project/fs_electrical_machines/modelica/PMSM_Motor -outputPath=C:/EmbedSimProject/embed_sim_project/fs_electrical_machines/modelica/PMSM_Motor</p>
LOG_SUCCESS		| info	 | <p>The initialization finished successfully without homotopy method.</p>
LOG_STATS		| info	 | <p>### STATISTICS ###</p>
|		| |	 | | <p>timer</p>
|		| |	 | | | <p>   0.0036913s          reading init.xml</p>
|		| |	 | | | <p>   0.0004423s          reading info.xml</p>
|		| |	 | | | <p>   0.0019693s [  0.6%] pre-initialization</p>
|		| |	 | | | <p>   0.0009822s [  0.3%] initialization</p>
|		| |	 | | | <p>    1.21e-05s [  0.0%] steps</p>
|		| |	 | | | <p>   0.0051663s [  1.6%] solver (excl. callbacks)</p>
|		| |	 | | | <p>   0.0330039s [ 10.0%] creating output-file</p>
|		| |	 | | | <p>   0.0011417s [  0.3%] event-handling</p>
|		| |	 | | | <p>   0.0051647s [  1.6%] overhead</p>
|		| |	 | | | <p>    0.282838s [ 85.6%] simulation</p>
|		| |	 | | | <p>    0.330279s [100.0%] total</p>
|		| |	 | | <p>events</p>
|		| |	 | | | <p>    0 state events</p>
|		| |	 | | | <p>    0 time events</p>
|		| |	 | | <p>solver: dassl</p>
|		| |	 | | | <p>   25 steps taken</p>
|		| |	 | | | <p>   25 calls of functionODE</p>
|		| |	 | | | <p>   24 evaluations of jacobian</p>
|		| |	 | | | <p>    0 error test failures</p>
|		| |	 | | | <p>    0 convergence test failures</p>
|		| |	 | | | <p>4.09e-05s time of jacobian evaluation</p>
LOG_SUCCESS		| info	 | <p>The simulation finished successfully.</p>
