<p>/home/epl05/EMProject/fs_electrical_machines/modelica/Modelica.Mechanics.MultiBody.Examples.Elementary.Pendulum/Pendulum -port=39089 -logFormat=xmltcp -startTime=0 -stopTime=5 -stepSize=0.01 -tolerance=1e-06 -s=dassl -outputFormat=mat -variableFilter=.* -r=/home/epl05/EMProject/fs_electrical_machines/modelica/Modelica.Mechanics.MultiBody.Examples.Elementary.Pendulum/Pendulum_res.mat -w -lv=LOG_STDOUT,LOG_ASSERT,LOG_STATS -inputPath=/home/epl05/EMProject/fs_electrical_machines/modelica/Modelica.Mechanics.MultiBody.Examples.Elementary.Pendulum -outputPath=/home/epl05/EMProject/fs_electrical_machines/modelica/Modelica.Mechanics.MultiBody.Examples.Elementary.Pendulum</p>
LOG_SUCCESS		| info	 | <p>The initialization finished successfully without homotopy method.</p>
LOG_STATS		| info	 | <p>### STATISTICS ###</p>
|		| |	 | | <p>timer</p>
|		| |	 | | | <p>  0.00930963s          reading init.xml</p>
|		| |	 | | | <p>  0.00128822s          reading info.xml</p>
|		| |	 | | | <p> 0.000306324s [  0.9%] pre-initialization</p>
|		| |	 | | | <p> 0.000250521s [  0.8%] initialization</p>
|		| |	 | | | <p>  5.3428e-05s [  0.2%] steps</p>
|		| |	 | | | <p>  0.00269278s [  8.3%] solver (excl. callbacks)</p>
|		| |	 | | | <p>  0.00307274s [  9.4%] creating output-file</p>
|		| |	 | | | <p> 0.000691006s [  2.1%] event-handling</p>
|		| |	 | | | <p> 0.000872674s [  2.7%] overhead</p>
|		| |	 | | | <p>   0.0246745s [ 75.7%] simulation</p>
|		| |	 | | | <p>    0.032614s [100.0%] total</p>
|		| |	 | | <p>events</p>
|		| |	 | | | <p>    0 state events</p>
|		| |	 | | | <p>    0 time events</p>
|		| |	 | | <p>solver: dassl</p>
|		| |	 | | | <p>  312 steps taken</p>
|		| |	 | | | <p>  332 calls of functionODE</p>
|		| |	 | | | <p>   20 evaluations of jacobian</p>
|		| |	 | | | <p>    2 error test failures</p>
|		| |	 | | | <p>    0 convergence test failures</p>
|		| |	 | | | <p>0.000724252s time of jacobian evaluation</p>
LOG_SUCCESS		| info	 | <p>The simulation finished successfully.</p>
