<p>C:/EmbedSimProject/electrical_blocks/modelica/BuckConverter/BuckConverter.exe -port=59064 -logFormat=xmltcp -override=startTime=0,stopTime=1,stepSize=0.002,tolerance=1e-06,solver=dassl,outputFormat=mat,variableFilter=.* -r=C:/EmbedSimProject/electrical_blocks/modelica/BuckConverter/BuckConverter_res.mat -w -lv=LOG_STDOUT,LOG_ASSERT,LOG_STATS -inputPath=C:/EmbedSimProject/electrical_blocks/modelica/BuckConverter -outputPath=C:/EmbedSimProject/electrical_blocks/modelica/BuckConverter</p>
LOG_SUCCESS		| info	 | <p>The initialization finished successfully without homotopy method.</p>
LOG_STATS		| info	 | <p>### STATISTICS ###</p>
|		| |	 | | <p>timer</p>
|		| |	 | | | <p>    0.000694s          reading init.xml</p>
|		| |	 | | | <p>   0.0007911s          reading info.xml</p>
|		| |	 | | | <p>   0.0008237s [ 12.4%] pre-initialization</p>
|		| |	 | | | <p>    8.15e-05s [  1.2%] initialization</p>
|		| |	 | | | <p>     6.2e-06s [  0.1%] steps</p>
|		| |	 | | | <p>   0.0002063s [  3.1%] solver (excl. callbacks)</p>
|		| |	 | | | <p>   0.0010475s [ 15.8%] creating output-file</p>
|		| |	 | | | <p>    1.39e-05s [  0.2%] event-handling</p>
|		| |	 | | | <p>   0.0001489s [  2.2%] overhead</p>
|		| |	 | | | <p>   0.0042916s [ 64.8%] simulation</p>
|		| |	 | | | <p>   0.0066196s [100.0%] total</p>
|		| |	 | | <p>events</p>
|		| |	 | | | <p>    0 state events</p>
|		| |	 | | | <p>    0 time events</p>
|		| |	 | | <p>solver: dassl</p>
|		| |	 | | | <p>   19 steps taken</p>
|		| |	 | | | <p>   19 calls of functionODE</p>
|		| |	 | | | <p>   18 evaluations of jacobian</p>
|		| |	 | | | <p>    0 error test failures</p>
|		| |	 | | | <p>    0 convergence test failures</p>
|		| |	 | | | <p>1.14e-05s time of jacobian evaluation</p>
LOG_SUCCESS		| info	 | <p>The simulation finished successfully.</p>
