   1              	
   2              	 .file "IfxGeth_cfg.c"
   3              	 .file "IfxGeth_cfg.c"
   4              	.section .text,"ax",@progbits
   5              	.Ltext0:
   6              	 .global IfxGeth_cfg_trafficClassMap
   7              	 .section .rodata.IfxGeth_cfg_trafficClassMap,"a"
   8              	 .align 2
  11              	IfxGeth_cfg_trafficClassMap:
  12 0000 001101F9 	 .word -117370624
  13 0004 00000000 	 .word 0
  14 0008 00000000 	 .word 0
  15 000c 801101F9 	 .word -117370496
  16 0010 01000000 	 .word 1
  17 0014 00000000 	 .word 0
  18 0018 001201F9 	 .word -117370368
  19 001c 02000000 	 .word 2
  20 0020 00000000 	 .word 0
  21 0024 801201F9 	 .word -117370240
  22 0028 03000000 	 .word 3
  23 002c 00000000 	 .word 0
  24 0030 001301F9 	 .word -117370112
  25 0034 04000000 	 .word 4
  26 0038 00000000 	 .word 0
  27 003c 801301F9 	 .word -117369984
  28 0040 05000000 	 .word 5
  29 0044 01000000 	 .word 1
  30 0048 001401F9 	 .word -117369856
  31 004c 06000000 	 .word 6
  32 0050 01000000 	 .word 1
  33 0054 801401F9 	 .word -117369728
  34 0058 07000000 	 .word 7
  35 005c 01000000 	 .word 1
  36 0060 003101F9 	 .word -117362432
  37 0064 00000000 	 .word 0
  38 0068 00000000 	 .word 0
  39 006c 803101F9 	 .word -117362304
  40 0070 01000000 	 .word 1
  41 0074 00000000 	 .word 0
  42 0078 003201F9 	 .word -117362176
  43 007c 02000000 	 .word 2
  44 0080 00000000 	 .word 0
  45 0084 803201F9 	 .word -117362048
  46 0088 03000000 	 .word 3
  47 008c 00000000 	 .word 0
  48 0090 003301F9 	 .word -117361920
  49 0094 04000000 	 .word 4
  50 0098 00000000 	 .word 0
  51 009c 803301F9 	 .word -117361792
  52 00a0 05000000 	 .word 5
  53 00a4 01000000 	 .word 1
  54 00a8 003401F9 	 .word -117361664
  55 00ac 06000000 	 .word 6
  56 00b0 01000000 	 .word 1
  57 00b4 803401F9 	 .word -117361536
  58 00b8 07000000 	 .word 7
  59 00bc 01000000 	 .word 1
  60              	 .global IfxGeth_cfg_indexMap
  61              	 .section .rodata.IfxGeth_cfg_indexMap,"a"
  62              	 .align 2
  65              	IfxGeth_cfg_indexMap:
  66 0000 000000F9 	 .word -117440512
  67 0004 00000000 	 .word 0
  68              	.section .text,"ax",@progbits
  69              	.Letext0:
  70              	 .file 1 "../Libraries/Infra/Platform/Compilers/Platform_Types.h"
  71              	 .file 2 "../Libraries/Infra/Platform/Compilers/Ifx_Types.h"
  72              	 .file 3 "../Libraries/Infra/Sfr/TC4Dx/Ifx_TypesReg.h"
  73              	 .file 4 "../Libraries/Infra/Sfr/TC4Dx/IfxGeth_regdef.h"
  74              	 .file 5 "../Libraries/iLLD/TC4xx/CpuGeneric/_Impl/TC4Dx/IfxGeth_cfg_TC4Dx.h"
  75              	 .file 6 "../Libraries/iLLD/TC4xx/CpuGeneric/_Impl/IfxGeth_cfg.c"
DEFINED SYMBOLS
                            *ABS*:00000000 IfxGeth_cfg.c
                            *ABS*:00000000 IfxGeth_cfg.c
    {standard input}:11     .rodata.IfxGeth_cfg_trafficClassMap:00000000 IfxGeth_cfg_trafficClassMap
    {standard input}:65     .rodata.IfxGeth_cfg_indexMap:00000000 IfxGeth_cfg_indexMap

NO UNDEFINED SYMBOLS
