<p>C:/EmbedSimProject/electrical_blocks/modelica/ThreePhaseMotor_PWM/ThreePhaseMotor_PWM.exe -port=58920 -logFormat=xmltcp -override=startTime=0,stopTime=2,stepSize=0.0001,tolerance=1e-06,solver=dassl,outputFormat=mat,variableFilter=.* -r=C:/EmbedSimProject/electrical_blocks/modelica/ThreePhaseMotor_PWM/ThreePhaseMotor_PWM_res.mat -w -lv=LOG_STDOUT,LOG_ASSERT,LOG_STATS -inputPath=C:/EmbedSimProject/electrical_blocks/modelica/ThreePhaseMotor_PWM -outputPath=C:/EmbedSimProject/electrical_blocks/modelica/ThreePhaseMotor_PWM</p>
LOG_SUCCESS		| info	 | <p>The initialization finished successfully without homotopy method.</p>
LOG_STATS		| info	 | <p>### STATISTICS ###</p>
|		| |	 | | <p>timer</p>
|		| |	 | | | <p>   0.0025297s          reading init.xml</p>
|		| |	 | | | <p>   0.0007322s          reading info.xml</p>
|		| |	 | | | <p>   0.0005286s [  0.3%] pre-initialization</p>
|		| |	 | | | <p>    8.35e-05s [  0.0%] initialization</p>
|		| |	 | | | <p>     6.2e-06s [  0.0%] steps</p>
|		| |	 | | | <p>   0.0026119s [  1.4%] solver (excl. callbacks)</p>
|		| |	 | | | <p>   0.0136339s [  7.2%] creating output-file</p>
|		| |	 | | | <p>   0.0005379s [  0.3%] event-handling</p>
|		| |	 | | | <p>   0.0033904s [  1.8%] overhead</p>
|		| |	 | | | <p>    0.168604s [ 89.0%] simulation</p>
|		| |	 | | | <p>    0.189396s [100.0%] total</p>
|		| |	 | | <p>events</p>
|		| |	 | | | <p>    0 state events</p>
|		| |	 | | | <p>    0 time events</p>
|		| |	 | | <p>solver: dassl</p>
|		| |	 | | | <p>   25 steps taken</p>
|		| |	 | | | <p>   25 calls of functionODE</p>
|		| |	 | | | <p>   24 evaluations of jacobian</p>
|		| |	 | | | <p>    0 error test failures</p>
|		| |	 | | | <p>    0 convergence test failures</p>
|		| |	 | | | <p>3.3e-05s time of jacobian evaluation</p>
LOG_SUCCESS		| info	 | <p>The simulation finished successfully.</p>
