   1              	
   2              	 .file "IfxVmt_cfg_TC4Dx.c"
   3              	 .file "IfxVmt_cfg_TC4Dx.c"
   4              	.section .text,"ax",@progbits
   5              	.Ltext0:
   6              	 .global IfxVmt_G2_2Size
   7              	 .section .rodata.IfxVmt_G2_2Size,"a"
  10              	IfxVmt_G2_2Size:
  11 0000 21       	 .byte 33
  12              	 .global IfxVmt_sramListG2_2
  13              	 .section .rodata.IfxVmt_sramListG2_2,"a"
  14              	 .align 2
  17              	IfxVmt_sramListG2_2:
  18 0000 02000000 	 .word 2
  19 0004 45000000 	 .word 69
  20 0008 02000000 	 .word 2
  21 000c 46000000 	 .word 70
  22 0010 02000000 	 .word 2
  23 0014 47000000 	 .word 71
  24 0018 02000000 	 .word 2
  25 001c 48000000 	 .word 72
  26 0020 02000000 	 .word 2
  27 0024 49000000 	 .word 73
  28 0028 02000000 	 .word 2
  29 002c 4A000000 	 .word 74
  30 0030 02000000 	 .word 2
  31 0034 4B000000 	 .word 75
  32 0038 02000000 	 .word 2
  33 003c 4C000000 	 .word 76
  34 0040 02000000 	 .word 2
  35 0044 4D000000 	 .word 77
  36 0048 02000000 	 .word 2
  37 004c 4E000000 	 .word 78
  38 0050 02000000 	 .word 2
  39 0054 4F000000 	 .word 79
  40 0058 02000000 	 .word 2
  41 005c 50000000 	 .word 80
  42 0060 02000000 	 .word 2
  43 0064 51000000 	 .word 81
  44 0068 02000000 	 .word 2
  45 006c 52000000 	 .word 82
  46 0070 02000000 	 .word 2
  47 0074 53000000 	 .word 83
  48 0078 02000000 	 .word 2
  49 007c 54000000 	 .word 84
  50 0080 02000000 	 .word 2
  51 0084 55000000 	 .word 85
  52 0088 02000000 	 .word 2
  53 008c 56000000 	 .word 86
  54 0090 02000000 	 .word 2
  55 0094 57000000 	 .word 87
  56 0098 02000000 	 .word 2
  57 009c 58000000 	 .word 88
  58 00a0 02000000 	 .word 2
  59 00a4 59000000 	 .word 89
  60 00a8 02000000 	 .word 2
  61 00ac 5A000000 	 .word 90
  62 00b0 03000000 	 .word 3
  63 00b4 60000000 	 .word 96
  64 00b8 03000000 	 .word 3
  65 00bc 61000000 	 .word 97
  66 00c0 03000000 	 .word 3
  67 00c4 62000000 	 .word 98
  68 00c8 03000000 	 .word 3
  69 00cc 63000000 	 .word 99
  70 00d0 03000000 	 .word 3
  71 00d4 64000000 	 .word 100
  72 00d8 03000000 	 .word 3
  73 00dc 65000000 	 .word 101
  74 00e0 03000000 	 .word 3
  75 00e4 66000000 	 .word 102
  76 00e8 03000000 	 .word 3
  77 00ec 67000000 	 .word 103
  78 00f0 03000000 	 .word 3
  79 00f4 68000000 	 .word 104
  80 00f8 03000000 	 .word 3
  81 00fc 69000000 	 .word 105
  82 0100 06000000 	 .word 6
  83 0104 C0000000 	 .word 192
  84              	 .global IfxVmt_G2_1Size
  85              	 .section .rodata.IfxVmt_G2_1Size,"a"
  88              	IfxVmt_G2_1Size:
  89 0000 31       	 .byte 49
  90              	 .global IfxVmt_sramListG2_1
  91              	 .section .rodata.IfxVmt_sramListG2_1,"a"
  92              	 .align 2
  95              	IfxVmt_sramListG2_1:
  96 0000 00000000 	 .word 0
  97 0004 02000000 	 .word 2
  98 0008 00000000 	 .word 0
  99 000c 04000000 	 .word 4
 100 0010 00000000 	 .word 0
 101 0014 05000000 	 .word 5
 102 0018 00000000 	 .word 0
 103 001c 06000000 	 .word 6
 104 0020 00000000 	 .word 0
 105 0024 07000000 	 .word 7
 106 0028 00000000 	 .word 0
 107 002c 08000000 	 .word 8
 108 0030 00000000 	 .word 0
 109 0034 09000000 	 .word 9
 110 0038 00000000 	 .word 0
 111 003c 0A000000 	 .word 10
 112 0040 00000000 	 .word 0
 113 0044 0B000000 	 .word 11
 114 0048 00000000 	 .word 0
 115 004c 0C000000 	 .word 12
 116 0050 00000000 	 .word 0
 117 0054 0D000000 	 .word 13
 118 0058 00000000 	 .word 0
 119 005c 0E000000 	 .word 14
 120 0060 00000000 	 .word 0
 121 0064 15000000 	 .word 21
 122 0068 00000000 	 .word 0
 123 006c 16000000 	 .word 22
 124 0070 01000000 	 .word 1
 125 0074 2A000000 	 .word 42
 126 0078 01000000 	 .word 1
 127 007c 2B000000 	 .word 43
 128 0080 01000000 	 .word 1
 129 0084 28000000 	 .word 40
 130 0088 01000000 	 .word 1
 131 008c 34000000 	 .word 52
 132 0090 01000000 	 .word 1
 133 0094 35000000 	 .word 53
 134 0098 01000000 	 .word 1
 135 009c 36000000 	 .word 54
 136 00a0 01000000 	 .word 1
 137 00a4 37000000 	 .word 55
 138 00a8 01000000 	 .word 1
 139 00ac 38000000 	 .word 56
 140 00b0 01000000 	 .word 1
 141 00b4 39000000 	 .word 57
 142 00b8 01000000 	 .word 1
 143 00bc 3A000000 	 .word 58
 144 00c0 01000000 	 .word 1
 145 00c4 3B000000 	 .word 59
 146 00c8 01000000 	 .word 1
 147 00cc 3C000000 	 .word 60
 148 00d0 01000000 	 .word 1
 149 00d4 3D000000 	 .word 61
 150 00d8 05000000 	 .word 5
 151 00dc A0000000 	 .word 160
 152 00e0 05000000 	 .word 5
 153 00e4 A1000000 	 .word 161
 154 00e8 05000000 	 .word 5
 155 00ec A2000000 	 .word 162
 156 00f0 05000000 	 .word 5
 157 00f4 A3000000 	 .word 163
 158 00f8 05000000 	 .word 5
 159 00fc A4000000 	 .word 164
 160 0100 05000000 	 .word 5
 161 0104 A5000000 	 .word 165
 162 0108 05000000 	 .word 5
 163 010c A8000000 	 .word 168
 164 0110 05000000 	 .word 5
 165 0114 A9000000 	 .word 169
 166 0118 05000000 	 .word 5
 167 011c AA000000 	 .word 170
 168 0120 05000000 	 .word 5
 169 0124 AB000000 	 .word 171
 170 0128 05000000 	 .word 5
 171 012c AC000000 	 .word 172
 172 0130 05000000 	 .word 5
 173 0134 AD000000 	 .word 173
 174 0138 05000000 	 .word 5
 175 013c AE000000 	 .word 174
 176 0140 05000000 	 .word 5
 177 0144 AF000000 	 .word 175
 178 0148 05000000 	 .word 5
 179 014c B0000000 	 .word 176
 180 0150 05000000 	 .word 5
 181 0154 B1000000 	 .word 177
 182 0158 05000000 	 .word 5
 183 015c B2000000 	 .word 178
 184 0160 05000000 	 .word 5
 185 0164 B3000000 	 .word 179
 186 0168 05000000 	 .word 5
 187 016c B4000000 	 .word 180
 188 0170 05000000 	 .word 5
 189 0174 B5000000 	 .word 181
 190 0178 05000000 	 .word 5
 191 017c B6000000 	 .word 182
 192 0180 05000000 	 .word 5
 193 0184 B7000000 	 .word 183
 194              	 .global IfxVmt_G1Size
 195              	 .section .rodata.IfxVmt_G1Size,"a"
 198              	IfxVmt_G1Size:
 199 0000 04       	 .byte 4
 200              	 .global IfxVmt_sramListG1
 201              	 .section .rodata.IfxVmt_sramListG1,"a"
 202              	 .align 2
 205              	IfxVmt_sramListG1:
 206 0000 00000000 	 .word 0
 207 0004 00000000 	 .word 0
 208 0008 00000000 	 .word 0
 209 000c 01000000 	 .word 1
 210 0010 00000000 	 .word 0
 211 0014 03000000 	 .word 3
 212 0018 00000000 	 .word 0
 213 001c 14000000 	 .word 20
 214              	 .global IfxVmt_sramTable
 215              	 .section .rodata.IfxVmt_sramTable,"a"
 216              	 .align 1
 219              	IfxVmt_sramTable:
 220 0000 08       	 .byte 8
 221 0001 00       	 .zero 1
 222 0002 1000     	 .short 16
 223 0004 06       	 .byte 6
 224 0005 00       	 .byte 0
 225 0006 01       	 .byte 1
 226 0007 00       	 .zero 1
 227 0008 02       	 .byte 2
 228 0009 00       	 .zero 1
 229 000a 1900     	 .short 25
 230 000c 07       	 .byte 7
 231 000d 00       	 .byte 0
 232 000e 01       	 .byte 1
 233 000f 00       	 .zero 1
 234 0010 02       	 .byte 2
 235 0011 00       	 .zero 1
 236 0012 4000     	 .short 64
 237 0014 08       	 .byte 8
 238 0015 00       	 .byte 0
 239 0016 01       	 .byte 1
 240 0017 00       	 .zero 1
 241 0018 02       	 .byte 2
 242 0019 00       	 .zero 1
 243 001a 1600     	 .short 22
 244 001c 07       	 .byte 7
 245 001d 00       	 .byte 0
 246 001e 01       	 .byte 1
 247 001f 00       	 .zero 1
 248 0020 02       	 .byte 2
 249 0021 00       	 .zero 1
 250 0022 4000     	 .short 64
 251 0024 08       	 .byte 8
 252 0025 00       	 .byte 0
 253 0026 01       	 .byte 1
 254 0027 00       	 .zero 1
 255 0028 08       	 .byte 8
 256 0029 00       	 .zero 1
 257 002a 1000     	 .short 16
 258 002c 06       	 .byte 6
 259 002d 00       	 .byte 0
 260 002e 01       	 .byte 1
 261 002f 00       	 .zero 1
 262 0030 02       	 .byte 2
 263 0031 00       	 .zero 1
 264 0032 1900     	 .short 25
 265 0034 07       	 .byte 7
 266 0035 00       	 .byte 0
 267 0036 01       	 .byte 1
 268 0037 00       	 .zero 1
 269 0038 02       	 .byte 2
 270 0039 00       	 .zero 1
 271 003a 4000     	 .short 64
 272 003c 08       	 .byte 8
 273 003d 00       	 .byte 0
 274 003e 01       	 .byte 1
 275 003f 00       	 .zero 1
 276 0040 02       	 .byte 2
 277 0041 00       	 .zero 1
 278 0042 1600     	 .short 22
 279 0044 07       	 .byte 7
 280 0045 00       	 .byte 0
 281 0046 01       	 .byte 1
 282 0047 00       	 .zero 1
 283 0048 02       	 .byte 2
 284 0049 00       	 .zero 1
 285 004a 4000     	 .short 64
 286 004c 08       	 .byte 8
 287 004d 00       	 .byte 0
 288 004e 01       	 .byte 1
 289 004f 00       	 .zero 1
 290 0050 08       	 .byte 8
 291 0051 00       	 .zero 1
 292 0052 1000     	 .short 16
 293 0054 06       	 .byte 6
 294 0055 00       	 .byte 0
 295 0056 01       	 .byte 1
 296 0057 00       	 .zero 1
 297 0058 02       	 .byte 2
 298 0059 00       	 .zero 1
 299 005a 1900     	 .short 25
 300 005c 07       	 .byte 7
 301 005d 00       	 .byte 0
 302 005e 01       	 .byte 1
 303 005f 00       	 .zero 1
 304 0060 02       	 .byte 2
 305 0061 00       	 .zero 1
 306 0062 4000     	 .short 64
 307 0064 08       	 .byte 8
 308 0065 00       	 .byte 0
 309 0066 01       	 .byte 1
 310 0067 00       	 .zero 1
 311 0068 02       	 .byte 2
 312 0069 00       	 .zero 1
 313 006a 1600     	 .short 22
 314 006c 07       	 .byte 7
 315 006d 00       	 .byte 0
 316 006e 01       	 .byte 1
 317 006f 00       	 .zero 1
 318 0070 02       	 .byte 2
 319 0071 00       	 .zero 1
 320 0072 4000     	 .short 64
 321 0074 08       	 .byte 8
 322 0075 00       	 .byte 0
 323 0076 01       	 .byte 1
 324 0077 00       	 .zero 1
 325 0078 01       	 .byte 1
 326 0079 00       	 .zero 1
 327 007a 1000     	 .short 16
 328 007c 06       	 .byte 6
 329 007d 00       	 .byte 0
 330 007e 01       	 .byte 1
 331 007f 00       	 .zero 1
 332 0080 04       	 .byte 4
 333 0081 00       	 .zero 1
 334 0082 2000     	 .short 32
 335 0084 07       	 .byte 7
 336 0085 01       	 .byte 1
 337 0086 04       	 .byte 4
 338 0087 00       	 .zero 1
 339 0088 04       	 .byte 4
 340 0089 00       	 .zero 1
 341 008a 2000     	 .short 32
 342 008c 07       	 .byte 7
 343 008d 01       	 .byte 1
 344 008e 04       	 .byte 4
 345 008f 00       	 .zero 1
 346 0090 04       	 .byte 4
 347 0091 00       	 .zero 1
 348 0092 2000     	 .short 32
 349 0094 07       	 .byte 7
 350 0095 01       	 .byte 1
 351 0096 04       	 .byte 4
 352 0097 00       	 .zero 1
 353 0098 04       	 .byte 4
 354 0099 00       	 .zero 1
 355 009a 2000     	 .short 32
 356 009c 07       	 .byte 7
 357 009d 01       	 .byte 1
 358 009e 04       	 .byte 4
 359 009f 00       	 .zero 1
 360 00a0 04       	 .byte 4
 361 00a1 00       	 .zero 1
 362 00a2 4000     	 .short 64
 363 00a4 08       	 .byte 8
 364 00a5 00       	 .byte 0
 365 00a6 01       	 .byte 1
 366 00a7 00       	 .zero 1
 367 00a8 02       	 .byte 2
 368 00a9 00       	 .zero 1
 369 00aa 8000     	 .short 128
 370 00ac 00       	 .byte 0
 371 00ad 00       	 .byte 0
 372 00ae 01       	 .byte 1
 373 00af 00       	 .zero 1
 374 00b0 04       	 .byte 4
 375 00b1 00       	 .zero 1
 376 00b2 2000     	 .short 32
 377 00b4 00       	 .byte 0
 378 00b5 00       	 .byte 0
 379 00b6 01       	 .byte 1
 380 00b7 00       	 .zero 1
 381 00b8 02       	 .byte 2
 382 00b9 00       	 .zero 1
 383 00ba 4000     	 .short 64
 384 00bc 08       	 .byte 8
 385 00bd 00       	 .byte 0
 386 00be 01       	 .byte 1
 387 00bf 00       	 .zero 1
 388 00c0 02       	 .byte 2
 389 00c1 00       	 .zero 1
 390 00c2 4000     	 .short 64
 391 00c4 08       	 .byte 8
 392 00c5 00       	 .byte 0
 393 00c6 01       	 .byte 1
 394 00c7 00       	 .zero 1
 395 00c8 02       	 .byte 2
 396 00c9 00       	 .zero 1
 397 00ca 4000     	 .short 64
 398 00cc 08       	 .byte 8
 399 00cd 00       	 .byte 0
 400 00ce 01       	 .byte 1
 401 00cf 00       	 .zero 1
 402 00d0 02       	 .byte 2
 403 00d1 00       	 .zero 1
 404 00d2 4000     	 .short 64
 405 00d4 08       	 .byte 8
 406 00d5 00       	 .byte 0
 407 00d6 01       	 .byte 1
 408 00d7 00       	 .zero 1
 409 00d8 02       	 .byte 2
 410 00d9 00       	 .zero 1
 411 00da 4000     	 .short 64
 412 00dc 08       	 .byte 8
 413 00dd 00       	 .byte 0
 414 00de 01       	 .byte 1
 415 00df 00       	 .zero 1
 416 00e0 00       	 .byte 0
 417 00e1 00       	 .zero 1
 418 00e2 0000     	 .short 0
 419 00e4 00       	 .byte 0
 420 00e5 00       	 .byte 0
 421 00e6 00       	 .byte 0
 422 00e7 00       	 .zero 1
 423 00e8 00       	 .byte 0
 424 00e9 00       	 .zero 1
 425 00ea 0000     	 .short 0
 426 00ec 00       	 .byte 0
 427 00ed 00       	 .byte 0
 428 00ee 00       	 .byte 0
 429 00ef 00       	 .zero 1
 430 00f0 00       	 .byte 0
 431 00f1 00       	 .zero 1
 432 00f2 0000     	 .short 0
 433 00f4 00       	 .byte 0
 434 00f5 00       	 .byte 0
 435 00f6 00       	 .byte 0
 436 00f7 00       	 .zero 1
 437 00f8 00       	 .byte 0
 438 00f9 00       	 .zero 1
 439 00fa 0000     	 .short 0
 440 00fc 00       	 .byte 0
 441 00fd 00       	 .byte 0
 442 00fe 00       	 .byte 0
 443 00ff 00       	 .zero 1
 444 0100 02       	 .byte 2
 445 0101 00       	 .zero 1
 446 0102 4000     	 .short 64
 447 0104 08       	 .byte 8
 448 0105 00       	 .byte 0
 449 0106 01       	 .byte 1
 450 0107 00       	 .zero 1
 451 0108 02       	 .byte 2
 452 0109 00       	 .zero 1
 453 010a 4000     	 .short 64
 454 010c 08       	 .byte 8
 455 010d 00       	 .byte 0
 456 010e 01       	 .byte 1
 457 010f 00       	 .zero 1
 458 0110 02       	 .byte 2
 459 0111 00       	 .zero 1
 460 0112 4000     	 .short 64
 461 0114 08       	 .byte 8
 462 0115 00       	 .byte 0
 463 0116 01       	 .byte 1
 464 0117 00       	 .zero 1
 465 0118 02       	 .byte 2
 466 0119 00       	 .zero 1
 467 011a 4000     	 .short 64
 468 011c 08       	 .byte 8
 469 011d 00       	 .byte 0
 470 011e 01       	 .byte 1
 471 011f 00       	 .zero 1
 472 0120 02       	 .byte 2
 473 0121 00       	 .zero 1
 474 0122 4000     	 .short 64
 475 0124 08       	 .byte 8
 476 0125 00       	 .byte 0
 477 0126 01       	 .byte 1
 478 0127 00       	 .zero 1
 479 0128 04       	 .byte 4
 480 0129 00       	 .zero 1
 481 012a 4000     	 .short 64
 482 012c 08       	 .byte 8
 483 012d 00       	 .byte 0
 484 012e 01       	 .byte 1
 485 012f 00       	 .zero 1
 486 0130 02       	 .byte 2
 487 0131 00       	 .zero 1
 488 0132 8000     	 .short 128
 489 0134 00       	 .byte 0
 490 0135 00       	 .byte 0
 491 0136 01       	 .byte 1
 492 0137 00       	 .zero 1
 493 0138 02       	 .byte 2
 494 0139 00       	 .zero 1
 495 013a 2000     	 .short 32
 496 013c 00       	 .byte 0
 497 013d 00       	 .byte 0
 498 013e 01       	 .byte 1
 499 013f 00       	 .zero 1
 500 0140 02       	 .byte 2
 501 0141 00       	 .zero 1
 502 0142 2000     	 .short 32
 503 0144 07       	 .byte 7
 504 0145 01       	 .byte 1
 505 0146 04       	 .byte 4
 506 0147 00       	 .zero 1
 507 0148 02       	 .byte 2
 508 0149 00       	 .zero 1
 509 014a 2000     	 .short 32
 510 014c 07       	 .byte 7
 511 014d 01       	 .byte 1
 512 014e 04       	 .byte 4
 513 014f 00       	 .zero 1
 514 0150 04       	 .byte 4
 515 0151 00       	 .zero 1
 516 0152 2000     	 .short 32
 517 0154 07       	 .byte 7
 518 0155 01       	 .byte 1
 519 0156 04       	 .byte 4
 520 0157 00       	 .zero 1
 521 0158 04       	 .byte 4
 522 0159 00       	 .zero 1
 523 015a 2000     	 .short 32
 524 015c 07       	 .byte 7
 525 015d 01       	 .byte 1
 526 015e 04       	 .byte 4
 527 015f 00       	 .zero 1
 528 0160 01       	 .byte 1
 529 0161 00       	 .zero 1
 530 0162 2000     	 .short 32
 531 0164 07       	 .byte 7
 532 0165 01       	 .byte 1
 533 0166 04       	 .byte 4
 534 0167 00       	 .zero 1
 535 0168 01       	 .byte 1
 536 0169 00       	 .zero 1
 537 016a 2000     	 .short 32
 538 016c 07       	 .byte 7
 539 016d 01       	 .byte 1
 540 016e 04       	 .byte 4
 541 016f 00       	 .zero 1
 542 0170 01       	 .byte 1
 543 0171 00       	 .zero 1
 544 0172 2000     	 .short 32
 545 0174 07       	 .byte 7
 546 0175 01       	 .byte 1
 547 0176 04       	 .byte 4
 548 0177 00       	 .zero 1
 549 0178 08       	 .byte 8
 550 0179 00       	 .zero 1
 551 017a 1000     	 .short 16
 552 017c 06       	 .byte 6
 553 017d 00       	 .byte 0
 554 017e 01       	 .byte 1
 555 017f 00       	 .zero 1
 556 0180 02       	 .byte 2
 557 0181 00       	 .zero 1
 558 0182 1900     	 .short 25
 559 0184 07       	 .byte 7
 560 0185 00       	 .byte 0
 561 0186 01       	 .byte 1
 562 0187 00       	 .zero 1
 563 0188 02       	 .byte 2
 564 0189 00       	 .zero 1
 565 018a 4000     	 .short 64
 566 018c 08       	 .byte 8
 567 018d 00       	 .byte 0
 568 018e 01       	 .byte 1
 569 018f 00       	 .zero 1
 570 0190 02       	 .byte 2
 571 0191 00       	 .zero 1
 572 0192 1600     	 .short 22
 573 0194 07       	 .byte 7
 574 0195 00       	 .byte 0
 575 0196 01       	 .byte 1
 576 0197 00       	 .zero 1
 577 0198 02       	 .byte 2
 578 0199 00       	 .zero 1
 579 019a 4000     	 .short 64
 580 019c 08       	 .byte 8
 581 019d 00       	 .byte 0
 582 019e 01       	 .byte 1
 583 019f 00       	 .zero 1
 584 01a0 08       	 .byte 8
 585 01a1 00       	 .zero 1
 586 01a2 1000     	 .short 16
 587 01a4 06       	 .byte 6
 588 01a5 00       	 .byte 0
 589 01a6 01       	 .byte 1
 590 01a7 00       	 .zero 1
 591 01a8 02       	 .byte 2
 592 01a9 00       	 .zero 1
 593 01aa 1900     	 .short 25
 594 01ac 07       	 .byte 7
 595 01ad 00       	 .byte 0
 596 01ae 01       	 .byte 1
 597 01af 00       	 .zero 1
 598 01b0 02       	 .byte 2
 599 01b1 00       	 .zero 1
 600 01b2 4000     	 .short 64
 601 01b4 08       	 .byte 8
 602 01b5 00       	 .byte 0
 603 01b6 01       	 .byte 1
 604 01b7 00       	 .zero 1
 605 01b8 02       	 .byte 2
 606 01b9 00       	 .zero 1
 607 01ba 1600     	 .short 22
 608 01bc 07       	 .byte 7
 609 01bd 00       	 .byte 0
 610 01be 01       	 .byte 1
 611 01bf 00       	 .zero 1
 612 01c0 02       	 .byte 2
 613 01c1 00       	 .zero 1
 614 01c2 4000     	 .short 64
 615 01c4 08       	 .byte 8
 616 01c5 00       	 .byte 0
 617 01c6 01       	 .byte 1
 618 01c7 00       	 .zero 1
 619 01c8 08       	 .byte 8
 620 01c9 00       	 .zero 1
 621 01ca 1000     	 .short 16
 622 01cc 06       	 .byte 6
 623 01cd 00       	 .byte 0
 624 01ce 01       	 .byte 1
 625 01cf 00       	 .zero 1
 626 01d0 02       	 .byte 2
 627 01d1 00       	 .zero 1
 628 01d2 1900     	 .short 25
 629 01d4 07       	 .byte 7
 630 01d5 00       	 .byte 0
 631 01d6 01       	 .byte 1
 632 01d7 00       	 .zero 1
 633 01d8 02       	 .byte 2
 634 01d9 00       	 .zero 1
 635 01da 4000     	 .short 64
 636 01dc 08       	 .byte 8
 637 01dd 00       	 .byte 0
 638 01de 01       	 .byte 1
 639 01df 00       	 .zero 1
 640 01e0 02       	 .byte 2
 641 01e1 00       	 .zero 1
 642 01e2 1600     	 .short 22
 643 01e4 07       	 .byte 7
 644 01e5 00       	 .byte 0
 645 01e6 01       	 .byte 1
 646 01e7 00       	 .zero 1
 647 01e8 02       	 .byte 2
 648 01e9 00       	 .zero 1
 649 01ea 4000     	 .short 64
 650 01ec 08       	 .byte 8
 651 01ed 00       	 .byte 0
 652 01ee 01       	 .byte 1
 653 01ef 00       	 .zero 1
 654 01f0 00       	 .byte 0
 655 01f1 00       	 .zero 1
 656 01f2 0000     	 .short 0
 657 01f4 00       	 .byte 0
 658 01f5 00       	 .byte 0
 659 01f6 00       	 .byte 0
 660 01f7 00       	 .zero 1
 661 01f8 00       	 .byte 0
 662 01f9 00       	 .zero 1
 663 01fa 0000     	 .short 0
 664 01fc 00       	 .byte 0
 665 01fd 00       	 .byte 0
 666 01fe 00       	 .byte 0
 667 01ff 00       	 .zero 1
 668 0200 02       	 .byte 2
 669 0201 00       	 .zero 1
 670 0202 2000     	 .short 32
 671 0204 07       	 .byte 7
 672 0205 01       	 .byte 1
 673 0206 04       	 .byte 4
 674 0207 00       	 .zero 1
 675 0208 02       	 .byte 2
 676 0209 00       	 .zero 1
 677 020a 2000     	 .short 32
 678 020c 07       	 .byte 7
 679 020d 01       	 .byte 1
 680 020e 04       	 .byte 4
 681 020f 00       	 .zero 1
 682 0210 02       	 .byte 2
 683 0211 00       	 .zero 1
 684 0212 1000     	 .short 16
 685 0214 00       	 .byte 0
 686 0215 00       	 .byte 0
 687 0216 00       	 .byte 0
 688 0217 00       	 .zero 1
 689 0218 02       	 .byte 2
 690 0219 00       	 .zero 1
 691 021a 1000     	 .short 16
 692 021c 00       	 .byte 0
 693 021d 00       	 .byte 0
 694 021e 00       	 .byte 0
 695 021f 00       	 .zero 1
 696 0220 02       	 .byte 2
 697 0221 00       	 .zero 1
 698 0222 1000     	 .short 16
 699 0224 00       	 .byte 0
 700 0225 00       	 .byte 0
 701 0226 00       	 .byte 0
 702 0227 00       	 .zero 1
 703 0228 01       	 .byte 1
 704 0229 00       	 .zero 1
 705 022a 2700     	 .short 39
 706 022c 00       	 .byte 0
 707 022d 00       	 .byte 0
 708 022e 00       	 .byte 0
 709 022f 00       	 .zero 1
 710 0230 01       	 .byte 1
 711 0231 00       	 .zero 1
 712 0232 2E00     	 .short 46
 713 0234 00       	 .byte 0
 714 0235 00       	 .byte 0
 715 0236 00       	 .byte 0
 716 0237 00       	 .zero 1
 717 0238 02       	 .byte 2
 718 0239 00       	 .zero 1
 719 023a 5500     	 .short 85
 720 023c 00       	 .byte 0
 721 023d 00       	 .byte 0
 722 023e 00       	 .byte 0
 723 023f 00       	 .zero 1
 724 0240 01       	 .byte 1
 725 0241 00       	 .zero 1
 726 0242 2F00     	 .short 47
 727 0244 00       	 .byte 0
 728 0245 00       	 .byte 0
 729 0246 00       	 .byte 0
 730 0247 00       	 .zero 1
 731 0248 01       	 .byte 1
 732 0249 00       	 .zero 1
 733 024a 5700     	 .short 87
 734 024c 00       	 .byte 0
 735 024d 00       	 .byte 0
 736 024e 00       	 .byte 0
 737 024f 00       	 .zero 1
 738 0250 04       	 .byte 4
 739 0251 00       	 .zero 1
 740 0252 4000     	 .short 64
 741 0254 08       	 .byte 8
 742 0255 00       	 .byte 0
 743 0256 01       	 .byte 1
 744 0257 00       	 .zero 1
 745 0258 01       	 .byte 1
 746 0259 00       	 .zero 1
 747 025a 4800     	 .short 72
 748 025c 00       	 .byte 0
 749 025d 00       	 .byte 0
 750 025e 00       	 .byte 0
 751 025f 00       	 .zero 1
 752 0260 01       	 .byte 1
 753 0261 00       	 .zero 1
 754 0262 2700     	 .short 39
 755 0264 00       	 .byte 0
 756 0265 00       	 .byte 0
 757 0266 00       	 .byte 0
 758 0267 00       	 .zero 1
 759 0268 01       	 .byte 1
 760 0269 00       	 .zero 1
 761 026a 2700     	 .short 39
 762 026c 00       	 .byte 0
 763 026d 00       	 .byte 0
 764 026e 00       	 .byte 0
 765 026f 00       	 .zero 1
 766 0270 01       	 .byte 1
 767 0271 00       	 .zero 1
 768 0272 4C00     	 .short 76
 769 0274 00       	 .byte 0
 770 0275 00       	 .byte 0
 771 0276 00       	 .byte 0
 772 0277 00       	 .zero 1
 773 0278 01       	 .byte 1
 774 0279 00       	 .zero 1
 775 027a 4C00     	 .short 76
 776 027c 00       	 .byte 0
 777 027d 00       	 .byte 0
 778 027e 00       	 .byte 0
 779 027f 00       	 .zero 1
 780 0280 01       	 .byte 1
 781 0281 00       	 .zero 1
 782 0282 4C00     	 .short 76
 783 0284 00       	 .byte 0
 784 0285 00       	 .byte 0
 785 0286 00       	 .byte 0
 786 0287 00       	 .zero 1
 787 0288 01       	 .byte 1
 788 0289 00       	 .zero 1
 789 028a 4C00     	 .short 76
 790 028c 00       	 .byte 0
 791 028d 00       	 .byte 0
 792 028e 00       	 .byte 0
 793 028f 00       	 .zero 1
 794 0290 01       	 .byte 1
 795 0291 00       	 .zero 1
 796 0292 4C00     	 .short 76
 797 0294 00       	 .byte 0
 798 0295 00       	 .byte 0
 799 0296 00       	 .byte 0
 800 0297 00       	 .zero 1
 801 0298 01       	 .byte 1
 802 0299 00       	 .zero 1
 803 029a 4C00     	 .short 76
 804 029c 00       	 .byte 0
 805 029d 00       	 .byte 0
 806 029e 00       	 .byte 0
 807 029f 00       	 .zero 1
 808 02a0 01       	 .byte 1
 809 02a1 00       	 .zero 1
 810 02a2 4C00     	 .short 76
 811 02a4 00       	 .byte 0
 812 02a5 00       	 .byte 0
 813 02a6 00       	 .byte 0
 814 02a7 00       	 .zero 1
 815 02a8 01       	 .byte 1
 816 02a9 00       	 .zero 1
 817 02aa 4C00     	 .short 76
 818 02ac 00       	 .byte 0
 819 02ad 00       	 .byte 0
 820 02ae 00       	 .byte 0
 821 02af 00       	 .zero 1
 822 02b0 01       	 .byte 1
 823 02b1 00       	 .zero 1
 824 02b2 2700     	 .short 39
 825 02b4 00       	 .byte 0
 826 02b5 00       	 .byte 0
 827 02b6 00       	 .byte 0
 828 02b7 00       	 .zero 1
 829 02b8 01       	 .byte 1
 830 02b9 00       	 .zero 1
 831 02ba 2E00     	 .short 46
 832 02bc 00       	 .byte 0
 833 02bd 00       	 .byte 0
 834 02be 00       	 .byte 0
 835 02bf 00       	 .zero 1
 836 02c0 02       	 .byte 2
 837 02c1 00       	 .zero 1
 838 02c2 5500     	 .short 85
 839 02c4 00       	 .byte 0
 840 02c5 00       	 .byte 0
 841 02c6 00       	 .byte 0
 842 02c7 00       	 .zero 1
 843 02c8 01       	 .byte 1
 844 02c9 00       	 .zero 1
 845 02ca 2F00     	 .short 47
 846 02cc 00       	 .byte 0
 847 02cd 00       	 .byte 0
 848 02ce 00       	 .byte 0
 849 02cf 00       	 .zero 1
 850 02d0 01       	 .byte 1
 851 02d1 00       	 .zero 1
 852 02d2 5700     	 .short 87
 853 02d4 00       	 .byte 0
 854 02d5 00       	 .byte 0
 855 02d6 00       	 .byte 0
 856 02d7 00       	 .zero 1
 857 02d8 00       	 .byte 0
 858 02d9 00       	 .zero 1
 859 02da 0000     	 .short 0
 860 02dc 00       	 .byte 0
 861 02dd 00       	 .byte 0
 862 02de 00       	 .byte 0
 863 02df 00       	 .zero 1
 864 02e0 00       	 .byte 0
 865 02e1 00       	 .zero 1
 866 02e2 0000     	 .short 0
 867 02e4 00       	 .byte 0
 868 02e5 00       	 .byte 0
 869 02e6 00       	 .byte 0
 870 02e7 00       	 .zero 1
 871 02e8 00       	 .byte 0
 872 02e9 00       	 .zero 1
 873 02ea 0000     	 .short 0
 874 02ec 00       	 .byte 0
 875 02ed 00       	 .byte 0
 876 02ee 00       	 .byte 0
 877 02ef 00       	 .zero 1
 878 02f0 00       	 .byte 0
 879 02f1 00       	 .zero 1
 880 02f2 0000     	 .short 0
 881 02f4 00       	 .byte 0
 882 02f5 00       	 .byte 0
 883 02f6 00       	 .byte 0
 884 02f7 00       	 .zero 1
 885 02f8 00       	 .byte 0
 886 02f9 00       	 .zero 1
 887 02fa 0000     	 .short 0
 888 02fc 00       	 .byte 0
 889 02fd 00       	 .byte 0
 890 02fe 00       	 .byte 0
 891 02ff 00       	 .zero 1
 892 0300 04       	 .byte 4
 893 0301 00       	 .zero 1
 894 0302 1E00     	 .short 30
 895 0304 00       	 .byte 0
 896 0305 00       	 .byte 0
 897 0306 00       	 .byte 0
 898 0307 00       	 .zero 1
 899 0308 04       	 .byte 4
 900 0309 00       	 .zero 1
 901 030a 5000     	 .short 80
 902 030c 00       	 .byte 0
 903 030d 00       	 .byte 0
 904 030e 00       	 .byte 0
 905 030f 00       	 .zero 1
 906 0310 04       	 .byte 4
 907 0311 00       	 .zero 1
 908 0312 1C00     	 .short 28
 909 0314 00       	 .byte 0
 910 0315 00       	 .byte 0
 911 0316 00       	 .byte 0
 912 0317 00       	 .zero 1
 913 0318 04       	 .byte 4
 914 0319 00       	 .zero 1
 915 031a 5000     	 .short 80
 916 031c 00       	 .byte 0
 917 031d 00       	 .byte 0
 918 031e 00       	 .byte 0
 919 031f 00       	 .zero 1
 920 0320 02       	 .byte 2
 921 0321 00       	 .zero 1
 922 0322 4400     	 .short 68
 923 0324 00       	 .byte 0
 924 0325 00       	 .byte 0
 925 0326 00       	 .byte 0
 926 0327 00       	 .zero 1
 927 0328 02       	 .byte 2
 928 0329 00       	 .zero 1
 929 032a 1000     	 .short 16
 930 032c 00       	 .byte 0
 931 032d 00       	 .byte 0
 932 032e 00       	 .byte 0
 933 032f 00       	 .zero 1
 934 0330 01       	 .byte 1
 935 0331 00       	 .zero 1
 936 0332 4000     	 .short 64
 937 0334 00       	 .byte 0
 938 0335 00       	 .byte 0
 939 0336 00       	 .byte 0
 940 0337 00       	 .zero 1
 941 0338 08       	 .byte 8
 942 0339 00       	 .zero 1
 943 033a 1800     	 .short 24
 944 033c 00       	 .byte 0
 945 033d 00       	 .byte 0
 946 033e 00       	 .byte 0
 947 033f 00       	 .zero 1
 948 0340 08       	 .byte 8
 949 0341 00       	 .zero 1
 950 0342 1800     	 .short 24
 951 0344 00       	 .byte 0
 952 0345 00       	 .byte 0
 953 0346 00       	 .byte 0
 954 0347 00       	 .zero 1
 955 0348 08       	 .byte 8
 956 0349 00       	 .zero 1
 957 034a 4900     	 .short 73
 958 034c 00       	 .byte 0
 959 034d 00       	 .byte 0
 960 034e 00       	 .byte 0
 961 034f 00       	 .zero 1
 962 0350 00       	 .byte 0
 963 0351 00       	 .zero 1
 964 0352 0000     	 .short 0
 965 0354 00       	 .byte 0
 966 0355 00       	 .byte 0
 967 0356 00       	 .byte 0
 968 0357 00       	 .zero 1
 969 0358 00       	 .byte 0
 970 0359 00       	 .zero 1
 971 035a 0000     	 .short 0
 972 035c 00       	 .byte 0
 973 035d 00       	 .byte 0
 974 035e 00       	 .byte 0
 975 035f 00       	 .zero 1
 976 0360 00       	 .byte 0
 977 0361 00       	 .zero 1
 978 0362 0000     	 .short 0
 979 0364 00       	 .byte 0
 980 0365 00       	 .byte 0
 981 0366 00       	 .byte 0
 982 0367 00       	 .zero 1
 983 0368 00       	 .byte 0
 984 0369 00       	 .zero 1
 985 036a 0000     	 .short 0
 986 036c 00       	 .byte 0
 987 036d 00       	 .byte 0
 988 036e 00       	 .byte 0
 989 036f 00       	 .zero 1
 990 0370 00       	 .byte 0
 991 0371 00       	 .zero 1
 992 0372 0000     	 .short 0
 993 0374 00       	 .byte 0
 994 0375 00       	 .byte 0
 995 0376 00       	 .byte 0
 996 0377 00       	 .zero 1
 997 0378 00       	 .byte 0
 998 0379 00       	 .zero 1
 999 037a 0000     	 .short 0
 1000 037c 00       	 .byte 0
 1001 037d 00       	 .byte 0
 1002 037e 00       	 .byte 0
 1003 037f 00       	 .zero 1
 1004 0380 00       	 .byte 0
 1005 0381 00       	 .zero 1
 1006 0382 0000     	 .short 0
 1007 0384 00       	 .byte 0
 1008 0385 00       	 .byte 0
 1009 0386 00       	 .byte 0
 1010 0387 00       	 .zero 1
 1011 0388 00       	 .byte 0
 1012 0389 00       	 .zero 1
 1013 038a 0000     	 .short 0
 1014 038c 00       	 .byte 0
 1015 038d 00       	 .byte 0
 1016 038e 00       	 .byte 0
 1017 038f 00       	 .zero 1
 1018 0390 00       	 .byte 0
 1019 0391 00       	 .zero 1
 1020 0392 0000     	 .short 0
 1021 0394 00       	 .byte 0
 1022 0395 00       	 .byte 0
 1023 0396 00       	 .byte 0
 1024 0397 00       	 .zero 1
 1025 0398 00       	 .byte 0
 1026 0399 00       	 .zero 1
 1027 039a 0000     	 .short 0
 1028 039c 00       	 .byte 0
 1029 039d 00       	 .byte 0
 1030 039e 00       	 .byte 0
 1031 039f 00       	 .zero 1
 1032 03a0 00       	 .byte 0
 1033 03a1 00       	 .zero 1
 1034 03a2 0000     	 .short 0
 1035 03a4 00       	 .byte 0
 1036 03a5 00       	 .byte 0
 1037 03a6 00       	 .byte 0
 1038 03a7 00       	 .zero 1
 1039 03a8 00       	 .byte 0
 1040 03a9 00       	 .zero 1
 1041 03aa 0000     	 .short 0
 1042 03ac 00       	 .byte 0
 1043 03ad 00       	 .byte 0
 1044 03ae 00       	 .byte 0
 1045 03af 00       	 .zero 1
 1046 03b0 00       	 .byte 0
 1047 03b1 00       	 .zero 1
 1048 03b2 0000     	 .short 0
 1049 03b4 00       	 .byte 0
 1050 03b5 00       	 .byte 0
 1051 03b6 00       	 .byte 0
 1052 03b7 00       	 .zero 1
 1053 03b8 00       	 .byte 0
 1054 03b9 00       	 .zero 1
 1055 03ba 0000     	 .short 0
 1056 03bc 00       	 .byte 0
 1057 03bd 00       	 .byte 0
 1058 03be 00       	 .byte 0
 1059 03bf 00       	 .zero 1
 1060 03c0 00       	 .byte 0
 1061 03c1 00       	 .zero 1
 1062 03c2 0000     	 .short 0
 1063 03c4 00       	 .byte 0
 1064 03c5 00       	 .byte 0
 1065 03c6 00       	 .byte 0
 1066 03c7 00       	 .zero 1
 1067 03c8 00       	 .byte 0
 1068 03c9 00       	 .zero 1
 1069 03ca 0000     	 .short 0
 1070 03cc 00       	 .byte 0
 1071 03cd 00       	 .byte 0
 1072 03ce 00       	 .byte 0
 1073 03cf 00       	 .zero 1
 1074 03d0 00       	 .byte 0
 1075 03d1 00       	 .zero 1
 1076 03d2 0000     	 .short 0
 1077 03d4 00       	 .byte 0
 1078 03d5 00       	 .byte 0
 1079 03d6 00       	 .byte 0
 1080 03d7 00       	 .zero 1
 1081 03d8 00       	 .byte 0
 1082 03d9 00       	 .zero 1
 1083 03da 0000     	 .short 0
 1084 03dc 00       	 .byte 0
 1085 03dd 00       	 .byte 0
 1086 03de 00       	 .byte 0
 1087 03df 00       	 .zero 1
 1088 03e0 00       	 .byte 0
 1089 03e1 00       	 .zero 1
 1090 03e2 0000     	 .short 0
 1091 03e4 00       	 .byte 0
 1092 03e5 00       	 .byte 0
 1093 03e6 00       	 .byte 0
 1094 03e7 00       	 .zero 1
 1095 03e8 00       	 .byte 0
 1096 03e9 00       	 .zero 1
 1097 03ea 0000     	 .short 0
 1098 03ec 00       	 .byte 0
 1099 03ed 00       	 .byte 0
 1100 03ee 00       	 .byte 0
 1101 03ef 00       	 .zero 1
 1102 03f0 00       	 .byte 0
 1103 03f1 00       	 .zero 1
 1104 03f2 0000     	 .short 0
 1105 03f4 00       	 .byte 0
 1106 03f5 00       	 .byte 0
 1107 03f6 00       	 .byte 0
 1108 03f7 00       	 .zero 1
 1109 03f8 00       	 .byte 0
 1110 03f9 00       	 .zero 1
 1111 03fa 0000     	 .short 0
 1112 03fc 00       	 .byte 0
 1113 03fd 00       	 .byte 0
 1114 03fe 00       	 .byte 0
 1115 03ff 00       	 .zero 1
 1116 0400 08       	 .byte 8
 1117 0401 00       	 .zero 1
 1118 0402 1000     	 .short 16
 1119 0404 06       	 .byte 6
 1120 0405 00       	 .byte 0
 1121 0406 01       	 .byte 1
 1122 0407 00       	 .zero 1
 1123 0408 02       	 .byte 2
 1124 0409 00       	 .zero 1
 1125 040a 1900     	 .short 25
 1126 040c 07       	 .byte 7
 1127 040d 00       	 .byte 0
 1128 040e 01       	 .byte 1
 1129 040f 00       	 .zero 1
 1130 0410 02       	 .byte 2
 1131 0411 00       	 .zero 1
 1132 0412 4000     	 .short 64
 1133 0414 08       	 .byte 8
 1134 0415 00       	 .byte 0
 1135 0416 01       	 .byte 1
 1136 0417 00       	 .zero 1
 1137 0418 02       	 .byte 2
 1138 0419 00       	 .zero 1
 1139 041a 1600     	 .short 22
 1140 041c 07       	 .byte 7
 1141 041d 00       	 .byte 0
 1142 041e 01       	 .byte 1
 1143 041f 00       	 .zero 1
 1144 0420 00       	 .byte 0
 1145 0421 00       	 .zero 1
 1146 0422 0000     	 .short 0
 1147 0424 00       	 .byte 0
 1148 0425 00       	 .byte 0
 1149 0426 00       	 .byte 0
 1150 0427 00       	 .zero 1
 1151 0428 02       	 .byte 2
 1152 0429 00       	 .zero 1
 1153 042a 4400     	 .short 68
 1154 042c 08       	 .byte 8
 1155 042d 00       	 .byte 0
 1156 042e 01       	 .byte 1
 1157 042f 00       	 .zero 1
 1158 0430 02       	 .byte 2
 1159 0431 00       	 .zero 1
 1160 0432 2700     	 .short 39
 1161 0434 00       	 .byte 0
 1162 0435 00       	 .byte 0
 1163 0436 00       	 .byte 0
 1164 0437 00       	 .zero 1
 1165 0438 04       	 .byte 4
 1166 0439 00       	 .zero 1
 1167 043a 2000     	 .short 32
 1168 043c 07       	 .byte 7
 1169 043d 01       	 .byte 1
 1170 043e 04       	 .byte 4
 1171 043f 00       	 .zero 1
 1172 0440 00       	 .byte 0
 1173 0441 00       	 .zero 1
 1174 0442 0000     	 .short 0
 1175 0444 00       	 .byte 0
 1176 0445 00       	 .byte 0
 1177 0446 00       	 .byte 0
 1178 0447 00       	 .zero 1
 1179 0448 00       	 .byte 0
 1180 0449 00       	 .zero 1
 1181 044a 0000     	 .short 0
 1182 044c 00       	 .byte 0
 1183 044d 00       	 .byte 0
 1184 044e 00       	 .byte 0
 1185 044f 00       	 .zero 1
 1186 0450 00       	 .byte 0
 1187 0451 00       	 .zero 1
 1188 0452 0000     	 .short 0
 1189 0454 00       	 .byte 0
 1190 0455 00       	 .byte 0
 1191 0456 00       	 .byte 0
 1192 0457 00       	 .zero 1
 1193 0458 00       	 .byte 0
 1194 0459 00       	 .zero 1
 1195 045a 0000     	 .short 0
 1196 045c 00       	 .byte 0
 1197 045d 00       	 .byte 0
 1198 045e 00       	 .byte 0
 1199 045f 00       	 .zero 1
 1200 0460 00       	 .byte 0
 1201 0461 00       	 .zero 1
 1202 0462 0000     	 .short 0
 1203 0464 00       	 .byte 0
 1204 0465 00       	 .byte 0
 1205 0466 00       	 .byte 0
 1206 0467 00       	 .zero 1
 1207 0468 00       	 .byte 0
 1208 0469 00       	 .zero 1
 1209 046a 0000     	 .short 0
 1210 046c 00       	 .byte 0
 1211 046d 00       	 .byte 0
 1212 046e 00       	 .byte 0
 1213 046f 00       	 .zero 1
 1214 0470 00       	 .byte 0
 1215 0471 00       	 .zero 1
 1216 0472 0000     	 .short 0
 1217 0474 00       	 .byte 0
 1218 0475 00       	 .byte 0
 1219 0476 00       	 .byte 0
 1220 0477 00       	 .zero 1
 1221 0478 00       	 .byte 0
 1222 0479 00       	 .zero 1
 1223 047a 0000     	 .short 0
 1224 047c 00       	 .byte 0
 1225 047d 00       	 .byte 0
 1226 047e 00       	 .byte 0
 1227 047f 00       	 .zero 1
 1228 0480 00       	 .byte 0
 1229 0481 00       	 .zero 1
 1230 0482 0000     	 .short 0
 1231 0484 00       	 .byte 0
 1232 0485 00       	 .byte 0
 1233 0486 00       	 .byte 0
 1234 0487 00       	 .zero 1
 1235 0488 00       	 .byte 0
 1236 0489 00       	 .zero 1
 1237 048a 0000     	 .short 0
 1238 048c 00       	 .byte 0
 1239 048d 00       	 .byte 0
 1240 048e 00       	 .byte 0
 1241 048f 00       	 .zero 1
 1242 0490 00       	 .byte 0
 1243 0491 00       	 .zero 1
 1244 0492 0000     	 .short 0
 1245 0494 00       	 .byte 0
 1246 0495 00       	 .byte 0
 1247 0496 00       	 .byte 0
 1248 0497 00       	 .zero 1
 1249 0498 00       	 .byte 0
 1250 0499 00       	 .zero 1
 1251 049a 0000     	 .short 0
 1252 049c 00       	 .byte 0
 1253 049d 00       	 .byte 0
 1254 049e 00       	 .byte 0
 1255 049f 00       	 .zero 1
 1256 04a0 00       	 .byte 0
 1257 04a1 00       	 .zero 1
 1258 04a2 0000     	 .short 0
 1259 04a4 00       	 .byte 0
 1260 04a5 00       	 .byte 0
 1261 04a6 00       	 .byte 0
 1262 04a7 00       	 .zero 1
 1263 04a8 00       	 .byte 0
 1264 04a9 00       	 .zero 1
 1265 04aa 0000     	 .short 0
 1266 04ac 00       	 .byte 0
 1267 04ad 00       	 .byte 0
 1268 04ae 00       	 .byte 0
 1269 04af 00       	 .zero 1
 1270 04b0 00       	 .byte 0
 1271 04b1 00       	 .zero 1
 1272 04b2 0000     	 .short 0
 1273 04b4 00       	 .byte 0
 1274 04b5 00       	 .byte 0
 1275 04b6 00       	 .byte 0
 1276 04b7 00       	 .zero 1
 1277 04b8 00       	 .byte 0
 1278 04b9 00       	 .zero 1
 1279 04ba 0000     	 .short 0
 1280 04bc 00       	 .byte 0
 1281 04bd 00       	 .byte 0
 1282 04be 00       	 .byte 0
 1283 04bf 00       	 .zero 1
 1284 04c0 00       	 .byte 0
 1285 04c1 00       	 .zero 1
 1286 04c2 0000     	 .short 0
 1287 04c4 00       	 .byte 0
 1288 04c5 00       	 .byte 0
 1289 04c6 00       	 .byte 0
 1290 04c7 00       	 .zero 1
 1291 04c8 00       	 .byte 0
 1292 04c9 00       	 .zero 1
 1293 04ca 0000     	 .short 0
 1294 04cc 00       	 .byte 0
 1295 04cd 00       	 .byte 0
 1296 04ce 00       	 .byte 0
 1297 04cf 00       	 .zero 1
 1298 04d0 00       	 .byte 0
 1299 04d1 00       	 .zero 1
 1300 04d2 0000     	 .short 0
 1301 04d4 00       	 .byte 0
 1302 04d5 00       	 .byte 0
 1303 04d6 00       	 .byte 0
 1304 04d7 00       	 .zero 1
 1305 04d8 00       	 .byte 0
 1306 04d9 00       	 .zero 1
 1307 04da 0000     	 .short 0
 1308 04dc 00       	 .byte 0
 1309 04dd 00       	 .byte 0
 1310 04de 00       	 .byte 0
 1311 04df 00       	 .zero 1
 1312 04e0 00       	 .byte 0
 1313 04e1 00       	 .zero 1
 1314 04e2 0000     	 .short 0
 1315 04e4 00       	 .byte 0
 1316 04e5 00       	 .byte 0
 1317 04e6 00       	 .byte 0
 1318 04e7 00       	 .zero 1
 1319 04e8 00       	 .byte 0
 1320 04e9 00       	 .zero 1
 1321 04ea 0000     	 .short 0
 1322 04ec 00       	 .byte 0
 1323 04ed 00       	 .byte 0
 1324 04ee 00       	 .byte 0
 1325 04ef 00       	 .zero 1
 1326 04f0 00       	 .byte 0
 1327 04f1 00       	 .zero 1
 1328 04f2 0000     	 .short 0
 1329 04f4 00       	 .byte 0
 1330 04f5 00       	 .byte 0
 1331 04f6 00       	 .byte 0
 1332 04f7 00       	 .zero 1
 1333 04f8 00       	 .byte 0
 1334 04f9 00       	 .zero 1
 1335 04fa 0000     	 .short 0
 1336 04fc 00       	 .byte 0
 1337 04fd 00       	 .byte 0
 1338 04fe 00       	 .byte 0
 1339 04ff 00       	 .zero 1
 1340 0500 01       	 .byte 1
 1341 0501 00       	 .zero 1
 1342 0502 2000     	 .short 32
 1343 0504 07       	 .byte 7
 1344 0505 01       	 .byte 1
 1345 0506 04       	 .byte 4
 1346 0507 00       	 .zero 1
 1347 0508 01       	 .byte 1
 1348 0509 00       	 .zero 1
 1349 050a 4000     	 .short 64
 1350 050c 08       	 .byte 8
 1351 050d 00       	 .byte 0
 1352 050e 01       	 .byte 1
 1353 050f 00       	 .zero 1
 1354 0510 01       	 .byte 1
 1355 0511 00       	 .zero 1
 1356 0512 2000     	 .short 32
 1357 0514 07       	 .byte 7
 1358 0515 01       	 .byte 1
 1359 0516 04       	 .byte 4
 1360 0517 00       	 .zero 1
 1361 0518 01       	 .byte 1
 1362 0519 00       	 .zero 1
 1363 051a 2000     	 .short 32
 1364 051c 07       	 .byte 7
 1365 051d 01       	 .byte 1
 1366 051e 04       	 .byte 4
 1367 051f 00       	 .zero 1
 1368 0520 01       	 .byte 1
 1369 0521 00       	 .zero 1
 1370 0522 2000     	 .short 32
 1371 0524 07       	 .byte 7
 1372 0525 01       	 .byte 1
 1373 0526 04       	 .byte 4
 1374 0527 00       	 .zero 1
 1375 0528 01       	 .byte 1
 1376 0529 00       	 .zero 1
 1377 052a 2000     	 .short 32
 1378 052c 07       	 .byte 7
 1379 052d 01       	 .byte 1
 1380 052e 04       	 .byte 4
 1381 052f 00       	 .zero 1
 1382 0530 01       	 .byte 1
 1383 0531 00       	 .zero 1
 1384 0532 2000     	 .short 32
 1385 0534 07       	 .byte 7
 1386 0535 01       	 .byte 1
 1387 0536 04       	 .byte 4
 1388 0537 00       	 .zero 1
 1389 0538 01       	 .byte 1
 1390 0539 00       	 .zero 1
 1391 053a 2000     	 .short 32
 1392 053c 07       	 .byte 7
 1393 053d 01       	 .byte 1
 1394 053e 04       	 .byte 4
 1395 053f 00       	 .zero 1
 1396 0540 02       	 .byte 2
 1397 0541 00       	 .zero 1
 1398 0542 2300     	 .short 35
 1399 0544 07       	 .byte 7
 1400 0545 00       	 .byte 0
 1401 0546 01       	 .byte 1
 1402 0547 00       	 .zero 1
 1403 0548 02       	 .byte 2
 1404 0549 00       	 .zero 1
 1405 054a 2300     	 .short 35
 1406 054c 07       	 .byte 7
 1407 054d 00       	 .byte 0
 1408 054e 01       	 .byte 1
 1409 054f 00       	 .zero 1
 1410 0550 02       	 .byte 2
 1411 0551 00       	 .zero 1
 1412 0552 2300     	 .short 35
 1413 0554 07       	 .byte 7
 1414 0555 00       	 .byte 0
 1415 0556 01       	 .byte 1
 1416 0557 00       	 .zero 1
 1417 0558 02       	 .byte 2
 1418 0559 00       	 .zero 1
 1419 055a 2300     	 .short 35
 1420 055c 07       	 .byte 7
 1421 055d 00       	 .byte 0
 1422 055e 01       	 .byte 1
 1423 055f 00       	 .zero 1
 1424 0560 02       	 .byte 2
 1425 0561 00       	 .zero 1
 1426 0562 2300     	 .short 35
 1427 0564 07       	 .byte 7
 1428 0565 00       	 .byte 0
 1429 0566 01       	 .byte 1
 1430 0567 00       	 .zero 1
 1431 0568 02       	 .byte 2
 1432 0569 00       	 .zero 1
 1433 056a 2300     	 .short 35
 1434 056c 07       	 .byte 7
 1435 056d 00       	 .byte 0
 1436 056e 01       	 .byte 1
 1437 056f 00       	 .zero 1
 1438 0570 02       	 .byte 2
 1439 0571 00       	 .zero 1
 1440 0572 2300     	 .short 35
 1441 0574 07       	 .byte 7
 1442 0575 00       	 .byte 0
 1443 0576 01       	 .byte 1
 1444 0577 00       	 .zero 1
 1445 0578 02       	 .byte 2
 1446 0579 00       	 .zero 1
 1447 057a 2300     	 .short 35
 1448 057c 07       	 .byte 7
 1449 057d 00       	 .byte 0
 1450 057e 01       	 .byte 1
 1451 057f 00       	 .zero 1
 1452 0580 02       	 .byte 2
 1453 0581 00       	 .zero 1
 1454 0582 3000     	 .short 48
 1455 0584 08       	 .byte 8
 1456 0585 00       	 .byte 0
 1457 0586 01       	 .byte 1
 1458 0587 00       	 .zero 1
 1459 0588 02       	 .byte 2
 1460 0589 00       	 .zero 1
 1461 058a 3000     	 .short 48
 1462 058c 08       	 .byte 8
 1463 058d 00       	 .byte 0
 1464 058e 01       	 .byte 1
 1465 058f 00       	 .zero 1
 1466 0590 02       	 .byte 2
 1467 0591 00       	 .zero 1
 1468 0592 3000     	 .short 48
 1469 0594 08       	 .byte 8
 1470 0595 00       	 .byte 0
 1471 0596 01       	 .byte 1
 1472 0597 00       	 .zero 1
 1473 0598 02       	 .byte 2
 1474 0599 00       	 .zero 1
 1475 059a 3000     	 .short 48
 1476 059c 08       	 .byte 8
 1477 059d 00       	 .byte 0
 1478 059e 01       	 .byte 1
 1479 059f 00       	 .zero 1
 1480 05a0 01       	 .byte 1
 1481 05a1 00       	 .zero 1
 1482 05a2 1D00     	 .short 29
 1483 05a4 07       	 .byte 7
 1484 05a5 00       	 .byte 0
 1485 05a6 01       	 .byte 1
 1486 05a7 00       	 .zero 1
 1487 05a8 01       	 .byte 1
 1488 05a9 00       	 .zero 1
 1489 05aa 1D00     	 .short 29
 1490 05ac 07       	 .byte 7
 1491 05ad 00       	 .byte 0
 1492 05ae 01       	 .byte 1
 1493 05af 00       	 .zero 1
 1494 05b0 01       	 .byte 1
 1495 05b1 00       	 .zero 1
 1496 05b2 1D00     	 .short 29
 1497 05b4 07       	 .byte 7
 1498 05b5 00       	 .byte 0
 1499 05b6 01       	 .byte 1
 1500 05b7 00       	 .zero 1
 1501 05b8 01       	 .byte 1
 1502 05b9 00       	 .zero 1
 1503 05ba 1D00     	 .short 29
 1504 05bc 07       	 .byte 7
 1505 05bd 00       	 .byte 0
 1506 05be 01       	 .byte 1
 1507 05bf 00       	 .zero 1
 1508 05c0 00       	 .byte 0
 1509 05c1 00       	 .zero 1
 1510 05c2 0000     	 .short 0
 1511 05c4 00       	 .byte 0
 1512 05c5 00       	 .byte 0
 1513 05c6 00       	 .byte 0
 1514 05c7 00       	 .zero 1
 1515 05c8 00       	 .byte 0
 1516 05c9 00       	 .zero 1
 1517 05ca 0000     	 .short 0
 1518 05cc 00       	 .byte 0
 1519 05cd 00       	 .byte 0
 1520 05ce 00       	 .byte 0
 1521 05cf 00       	 .zero 1
 1522 05d0 00       	 .byte 0
 1523 05d1 00       	 .zero 1
 1524 05d2 0000     	 .short 0
 1525 05d4 00       	 .byte 0
 1526 05d5 00       	 .byte 0
 1527 05d6 00       	 .byte 0
 1528 05d7 00       	 .zero 1
 1529 05d8 00       	 .byte 0
 1530 05d9 00       	 .zero 1
 1531 05da 0000     	 .short 0
 1532 05dc 00       	 .byte 0
 1533 05dd 00       	 .byte 0
 1534 05de 00       	 .byte 0
 1535 05df 00       	 .zero 1
 1536 05e0 00       	 .byte 0
 1537 05e1 00       	 .zero 1
 1538 05e2 0000     	 .short 0
 1539 05e4 00       	 .byte 0
 1540 05e5 00       	 .byte 0
 1541 05e6 00       	 .byte 0
 1542 05e7 00       	 .zero 1
 1543 05e8 00       	 .byte 0
 1544 05e9 00       	 .zero 1
 1545 05ea 0000     	 .short 0
 1546 05ec 00       	 .byte 0
 1547 05ed 00       	 .byte 0
 1548 05ee 00       	 .byte 0
 1549 05ef 00       	 .zero 1
 1550 05f0 00       	 .byte 0
 1551 05f1 00       	 .zero 1
 1552 05f2 0000     	 .short 0
 1553 05f4 00       	 .byte 0
 1554 05f5 00       	 .byte 0
 1555 05f6 00       	 .byte 0
 1556 05f7 00       	 .zero 1
 1557 05f8 00       	 .byte 0
 1558 05f9 00       	 .zero 1
 1559 05fa 0000     	 .short 0
 1560 05fc 00       	 .byte 0
 1561 05fd 00       	 .byte 0
 1562 05fe 00       	 .byte 0
 1563 05ff 00       	 .zero 1
 1564 0600 04       	 .byte 4
 1565 0601 00       	 .zero 1
 1566 0602 0800     	 .short 8
 1567 0604 00       	 .byte 0
 1568 0605 00       	 .byte 0
 1569 0606 01       	 .byte 1
 1570 0607 00       	 .zero 1
 1571 0608 00       	 .byte 0
 1572 0609 00       	 .zero 1
 1573 060a 0000     	 .short 0
 1574 060c 00       	 .byte 0
 1575 060d 00       	 .byte 0
 1576 060e 00       	 .byte 0
 1577 060f 00       	 .zero 1
 1578 0610 00       	 .byte 0
 1579 0611 00       	 .zero 1
 1580 0612 0000     	 .short 0
 1581 0614 00       	 .byte 0
 1582 0615 00       	 .byte 0
 1583 0616 00       	 .byte 0
 1584 0617 00       	 .zero 1
 1585 0618 00       	 .byte 0
 1586 0619 00       	 .zero 1
 1587 061a 0000     	 .short 0
 1588 061c 00       	 .byte 0
 1589 061d 00       	 .byte 0
 1590 061e 00       	 .byte 0
 1591 061f 00       	 .zero 1
 1592 0620 00       	 .byte 0
 1593 0621 00       	 .zero 1
 1594 0622 0000     	 .short 0
 1595 0624 00       	 .byte 0
 1596 0625 00       	 .byte 0
 1597 0626 00       	 .byte 0
 1598 0627 00       	 .zero 1
 1599 0628 00       	 .byte 0
 1600 0629 00       	 .zero 1
 1601 062a 0000     	 .short 0
 1602 062c 00       	 .byte 0
 1603 062d 00       	 .byte 0
 1604 062e 00       	 .byte 0
 1605 062f 00       	 .zero 1
 1606 0630 00       	 .byte 0
 1607 0631 00       	 .zero 1
 1608 0632 0000     	 .short 0
 1609 0634 00       	 .byte 0
 1610 0635 00       	 .byte 0
 1611 0636 00       	 .byte 0
 1612 0637 00       	 .zero 1
 1613 0638 00       	 .byte 0
 1614 0639 00       	 .zero 1
 1615 063a 0000     	 .short 0
 1616 063c 00       	 .byte 0
 1617 063d 00       	 .byte 0
 1618 063e 00       	 .byte 0
 1619 063f 00       	 .zero 1
 1620 0640 00       	 .byte 0
 1621 0641 00       	 .zero 1
 1622 0642 0000     	 .short 0
 1623 0644 00       	 .byte 0
 1624 0645 00       	 .byte 0
 1625 0646 00       	 .byte 0
 1626 0647 00       	 .zero 1
 1627 0648 00       	 .byte 0
 1628 0649 00       	 .zero 1
 1629 064a 0000     	 .short 0
 1630 064c 00       	 .byte 0
 1631 064d 00       	 .byte 0
 1632 064e 00       	 .byte 0
 1633 064f 00       	 .zero 1
 1634 0650 00       	 .byte 0
 1635 0651 00       	 .zero 1
 1636 0652 0000     	 .short 0
 1637 0654 00       	 .byte 0
 1638 0655 00       	 .byte 0
 1639 0656 00       	 .byte 0
 1640 0657 00       	 .zero 1
 1641 0658 00       	 .byte 0
 1642 0659 00       	 .zero 1
 1643 065a 0000     	 .short 0
 1644 065c 00       	 .byte 0
 1645 065d 00       	 .byte 0
 1646 065e 00       	 .byte 0
 1647 065f 00       	 .zero 1
 1648 0660 00       	 .byte 0
 1649 0661 00       	 .zero 1
 1650 0662 0000     	 .short 0
 1651 0664 00       	 .byte 0
 1652 0665 00       	 .byte 0
 1653 0666 00       	 .byte 0
 1654 0667 00       	 .zero 1
 1655 0668 00       	 .byte 0
 1656 0669 00       	 .zero 1
 1657 066a 0000     	 .short 0
 1658 066c 00       	 .byte 0
 1659 066d 00       	 .byte 0
 1660 066e 00       	 .byte 0
 1661 066f 00       	 .zero 1
 1662 0670 00       	 .byte 0
 1663 0671 00       	 .zero 1
 1664 0672 0000     	 .short 0
 1665 0674 00       	 .byte 0
 1666 0675 00       	 .byte 0
 1667 0676 00       	 .byte 0
 1668 0677 00       	 .zero 1
 1669 0678 00       	 .byte 0
 1670 0679 00       	 .zero 1
 1671 067a 0000     	 .short 0
 1672 067c 00       	 .byte 0
 1673 067d 00       	 .byte 0
 1674 067e 00       	 .byte 0
 1675 067f 00       	 .zero 1
 1676 0680 00       	 .byte 0
 1677 0681 00       	 .zero 1
 1678 0682 0000     	 .short 0
 1679 0684 00       	 .byte 0
 1680 0685 00       	 .byte 0
 1681 0686 00       	 .byte 0
 1682 0687 00       	 .zero 1
 1683 0688 00       	 .byte 0
 1684 0689 00       	 .zero 1
 1685 068a 0000     	 .short 0
 1686 068c 00       	 .byte 0
 1687 068d 00       	 .byte 0
 1688 068e 00       	 .byte 0
 1689 068f 00       	 .zero 1
 1690 0690 00       	 .byte 0
 1691 0691 00       	 .zero 1
 1692 0692 0000     	 .short 0
 1693 0694 00       	 .byte 0
 1694 0695 00       	 .byte 0
 1695 0696 00       	 .byte 0
 1696 0697 00       	 .zero 1
 1697 0698 00       	 .byte 0
 1698 0699 00       	 .zero 1
 1699 069a 0000     	 .short 0
 1700 069c 00       	 .byte 0
 1701 069d 00       	 .byte 0
 1702 069e 00       	 .byte 0
 1703 069f 00       	 .zero 1
 1704 06a0 00       	 .byte 0
 1705 06a1 00       	 .zero 1
 1706 06a2 0000     	 .short 0
 1707 06a4 00       	 .byte 0
 1708 06a5 00       	 .byte 0
 1709 06a6 00       	 .byte 0
 1710 06a7 00       	 .zero 1
 1711 06a8 00       	 .byte 0
 1712 06a9 00       	 .zero 1
 1713 06aa 0000     	 .short 0
 1714 06ac 00       	 .byte 0
 1715 06ad 00       	 .byte 0
 1716 06ae 00       	 .byte 0
 1717 06af 00       	 .zero 1
 1718 06b0 00       	 .byte 0
 1719 06b1 00       	 .zero 1
 1720 06b2 0000     	 .short 0
 1721 06b4 00       	 .byte 0
 1722 06b5 00       	 .byte 0
 1723 06b6 00       	 .byte 0
 1724 06b7 00       	 .zero 1
 1725 06b8 00       	 .byte 0
 1726 06b9 00       	 .zero 1
 1727 06ba 0000     	 .short 0
 1728 06bc 00       	 .byte 0
 1729 06bd 00       	 .byte 0
 1730 06be 00       	 .byte 0
 1731 06bf 00       	 .zero 1
 1732 06c0 00       	 .byte 0
 1733 06c1 00       	 .zero 1
 1734 06c2 0000     	 .short 0
 1735 06c4 00       	 .byte 0
 1736 06c5 00       	 .byte 0
 1737 06c6 00       	 .byte 0
 1738 06c7 00       	 .zero 1
 1739 06c8 00       	 .byte 0
 1740 06c9 00       	 .zero 1
 1741 06ca 0000     	 .short 0
 1742 06cc 00       	 .byte 0
 1743 06cd 00       	 .byte 0
 1744 06ce 00       	 .byte 0
 1745 06cf 00       	 .zero 1
 1746 06d0 00       	 .byte 0
 1747 06d1 00       	 .zero 1
 1748 06d2 0000     	 .short 0
 1749 06d4 00       	 .byte 0
 1750 06d5 00       	 .byte 0
 1751 06d6 00       	 .byte 0
 1752 06d7 00       	 .zero 1
 1753 06d8 00       	 .byte 0
 1754 06d9 00       	 .zero 1
 1755 06da 0000     	 .short 0
 1756 06dc 00       	 .byte 0
 1757 06dd 00       	 .byte 0
 1758 06de 00       	 .byte 0
 1759 06df 00       	 .zero 1
 1760 06e0 00       	 .byte 0
 1761 06e1 00       	 .zero 1
 1762 06e2 0000     	 .short 0
 1763 06e4 00       	 .byte 0
 1764 06e5 00       	 .byte 0
 1765 06e6 00       	 .byte 0
 1766 06e7 00       	 .zero 1
 1767 06e8 00       	 .byte 0
 1768 06e9 00       	 .zero 1
 1769 06ea 0000     	 .short 0
 1770 06ec 00       	 .byte 0
 1771 06ed 00       	 .byte 0
 1772 06ee 00       	 .byte 0
 1773 06ef 00       	 .zero 1
 1774 06f0 00       	 .byte 0
 1775 06f1 00       	 .zero 1
 1776 06f2 0000     	 .short 0
 1777 06f4 00       	 .byte 0
 1778 06f5 00       	 .byte 0
 1779 06f6 00       	 .byte 0
 1780 06f7 00       	 .zero 1
 1781 06f8 00       	 .byte 0
 1782 06f9 00       	 .zero 1
 1783 06fa 0000     	 .short 0
 1784 06fc 00       	 .byte 0
 1785 06fd 00       	 .byte 0
 1786 06fe 00       	 .byte 0
 1787 06ff 00       	 .zero 1
 1788 0700 00       	 .byte 0
 1789 0701 00       	 .zero 1
 1790 0702 0000     	 .short 0
 1791 0704 00       	 .byte 0
 1792 0705 00       	 .byte 0
 1793 0706 00       	 .byte 0
 1794 0707 00       	 .zero 1
 1795 0708 00       	 .byte 0
 1796 0709 00       	 .zero 1
 1797 070a 0000     	 .short 0
 1798 070c 00       	 .byte 0
 1799 070d 00       	 .byte 0
 1800 070e 00       	 .byte 0
 1801 070f 00       	 .zero 1
 1802 0710 00       	 .byte 0
 1803 0711 00       	 .zero 1
 1804 0712 0000     	 .short 0
 1805 0714 00       	 .byte 0
 1806 0715 00       	 .byte 0
 1807 0716 00       	 .byte 0
 1808 0717 00       	 .zero 1
 1809 0718 00       	 .byte 0
 1810 0719 00       	 .zero 1
 1811 071a 0000     	 .short 0
 1812 071c 00       	 .byte 0
 1813 071d 00       	 .byte 0
 1814 071e 00       	 .byte 0
 1815 071f 00       	 .zero 1
 1816              	.section .text,"ax",@progbits
 1817              	.Letext0:
 1818              	 .file 1 "../Libraries/Infra/Platform/Compilers/Platform_Types.h"
 1819              	 .file 2 "../Libraries/iLLD/TC4xx/Tricore/_Impl/TC4Dx/IfxCpu_cfg_TC4Dx.h"
 1820              	 .file 3 "../Libraries/iLLD/TC4xx/CpuGeneric/Clock/Std/IfxClock.h"
 1821              	 .file 4 "../Libraries/iLLD/TC4xx/Tricore/_Impl/TC4Dx/IfxVmt_cfg_TC4Dx.h"
 1822              	 .file 5 "../Libraries/iLLD/TC4xx/Tricore/_Impl/TC4Dx/IfxVmt_cfg_TC4Dx.c"
DEFINED SYMBOLS
                            *ABS*:00000000 IfxVmt_cfg_TC4Dx.c
                            *ABS*:00000000 IfxVmt_cfg_TC4Dx.c
    {standard input}:10     .rodata.IfxVmt_G2_2Size:00000000 IfxVmt_G2_2Size
    {standard input}:17     .rodata.IfxVmt_sramListG2_2:00000000 IfxVmt_sramListG2_2
    {standard input}:88     .rodata.IfxVmt_G2_1Size:00000000 IfxVmt_G2_1Size
    {standard input}:95     .rodata.IfxVmt_sramListG2_1:00000000 IfxVmt_sramListG2_1
    {standard input}:198    .rodata.IfxVmt_G1Size:00000000 IfxVmt_G1Size
    {standard input}:205    .rodata.IfxVmt_sramListG1:00000000 IfxVmt_sramListG1
    {standard input}:219    .rodata.IfxVmt_sramTable:00000000 IfxVmt_sramTable

NO UNDEFINED SYMBOLS
